Java HotSpot(TM) 64-Bit Server VM (25.261-b12) for bsd-amd64 JRE (1.8.0_261-b12), built on Jun 18 2020 06:38:55 by "java_re" with gcc 4.2.1 Compatible Apple LLVM 10.0.0 (clang-1000.11.45.5)
Memory: 4k page, physical 16777216k(1124768k free)

/proc/meminfo:

CommandLine flags: -XX:InitialHeapSize=1073741824 -XX:MaxHeapSize=1073741824 -XX:+PrintGC -XX:+PrintGCDateStamps -XX:+PrintGCDetails -XX:+PrintGCTimeStamps -XX:+UseCompressedClassPointers -XX:+UseCompressedOops -XX:+UseSerialGC 
2020-11-18T16:21:05.460-0800: 0.202: [GC (Allocation Failure) 2020-11-18T16:21:05.460-0800: 0.202: [DefNew: 279616K->34944K(314560K), 0.0423666 secs] 279616K->85353K(1013632K), 0.0424451 secs] [Times: user=0.03 sys=0.02, real=0.04 secs] 
2020-11-18T16:21:05.537-0800: 0.280: [GC (Allocation Failure) 2020-11-18T16:21:05.537-0800: 0.280: [DefNew: 314560K->34943K(314560K), 0.0557622 secs] 364969K->167440K(1013632K), 0.0558210 secs] [Times: user=0.03 sys=0.03, real=0.06 secs] 
2020-11-18T16:21:05.624-0800: 0.366: [GC (Allocation Failure) 2020-11-18T16:21:05.624-0800: 0.366: [DefNew: 314559K->34944K(314560K), 0.0410235 secs] 447056K->244490K(1013632K), 0.0410831 secs] [Times: user=0.02 sys=0.01, real=0.04 secs] 
2020-11-18T16:21:05.693-0800: 0.435: [GC (Allocation Failure) 2020-11-18T16:21:05.693-0800: 0.435: [DefNew: 314560K->34943K(314560K), 0.0447084 secs] 524106K->330433K(1013632K), 0.0447733 secs] [Times: user=0.03 sys=0.02, real=0.04 secs] 
2020-11-18T16:21:05.767-0800: 0.510: [GC (Allocation Failure) 2020-11-18T16:21:05.767-0800: 0.510: [DefNew: 314559K->34943K(314560K), 0.0440489 secs] 610049K->411034K(1013632K), 0.0441153 secs] [Times: user=0.02 sys=0.02, real=0.05 secs] 
2020-11-18T16:21:05.842-0800: 0.585: [GC (Allocation Failure) 2020-11-18T16:21:05.842-0800: 0.585: [DefNew: 314544K->34943K(314560K), 0.0428110 secs] 690635K->487772K(1013632K), 0.0428685 secs] [Times: user=0.02 sys=0.02, real=0.04 secs] 
2020-11-18T16:21:05.915-0800: 0.658: [GC (Allocation Failure) 2020-11-18T16:21:05.915-0800: 0.658: [DefNew: 314559K->34944K(314560K), 0.0381829 secs] 767388K->556504K(1013632K), 0.0382467 secs] [Times: user=0.02 sys=0.01, real=0.04 secs] 
2020-11-18T16:21:05.983-0800: 0.726: [GC (Allocation Failure) 2020-11-18T16:21:05.983-0800: 0.726: [DefNew: 314560K->34942K(314560K), 0.0394269 secs] 836120K->630659K(1013632K), 0.0394913 secs] [Times: user=0.03 sys=0.02, real=0.04 secs] 
2020-11-18T16:21:06.052-0800: 0.794: [GC (Allocation Failure) 2020-11-18T16:21:06.052-0800: 0.794: [DefNew: 314558K->34942K(314560K), 0.0454777 secs] 910275K->713221K(1013632K), 0.0455450 secs] [Times: user=0.02 sys=0.01, real=0.04 secs] 
2020-11-18T16:21:06.127-0800: 0.870: [GC (Allocation Failure) 2020-11-18T16:21:06.127-0800: 0.870: [DefNew: 314558K->314558K(314560K), 0.0000137 secs]2020-11-18T16:21:06.127-0800: 0.870: [Tenured: 678279K->373035K(699072K), 0.0514182 secs] 992837K->373035K(1013632K), [Metaspace: 2741K->2741K(1056768K)], 0.0515198 secs] [Times: user=0.06 sys=0.00, real=0.05 secs] 
2020-11-18T16:21:06.213-0800: 0.955: [GC (Allocation Failure) 2020-11-18T16:21:06.213-0800: 0.955: [DefNew: 279616K->34943K(314560K), 0.0123234 secs] 652651K->466446K(1013632K), 0.0123934 secs] [Times: user=0.01 sys=0.00, real=0.01 secs] 
2020-11-18T16:21:06.259-0800: 1.002: [GC (Allocation Failure) 2020-11-18T16:21:06.259-0800: 1.002: [DefNew: 314559K->34943K(314560K), 0.0161609 secs] 746062K->553651K(1013632K), 0.0162319 secs] [Times: user=0.01 sys=0.00, real=0.02 secs] 
2020-11-18T16:21:06.309-0800: 1.052: [GC (Allocation Failure) 2020-11-18T16:21:06.309-0800: 1.052: [DefNew: 314194K->34943K(314560K), 0.0144624 secs] 832902K->630519K(1013632K), 0.0145242 secs] [Times: user=0.01 sys=0.00, real=0.02 secs] 
Heap
 def new generation   total 314560K, used 46764K [0x0000000780000000, 0x0000000795550000, 0x0000000795550000)
  eden space 279616K,   4% used [0x0000000780000000, 0x0000000780b8b1f8, 0x0000000791110000)
  from space 34944K,  99% used [0x0000000791110000, 0x000000079332fec8, 0x0000000793330000)
  to   space 34944K,   0% used [0x0000000793330000, 0x0000000793330000, 0x0000000795550000)
 tenured generation   total 699072K, used 595576K [0x0000000795550000, 0x00000007c0000000, 0x00000007c0000000)
   the space 699072K,  85% used [0x0000000795550000, 0x00000007b9aee0a0, 0x00000007b9aee200, 0x00000007c0000000)
 Metaspace       used 2747K, capacity 4486K, committed 4864K, reserved 1056768K
  class space    used 297K, capacity 386K, committed 512K, reserved 1048576K
