Java HotSpot(TM) 64-Bit Server VM (25.261-b12) for bsd-amd64 JRE (1.8.0_261-b12), built on Jun 18 2020 06:38:55 by "java_re" with gcc 4.2.1 Compatible Apple LLVM 10.0.0 (clang-1000.11.45.5)
Memory: 4k page, physical 16777216k(1400484k free)

/proc/meminfo:

CommandLine flags: -XX:InitialHeapSize=1073741824 -XX:MaxHeapSize=1073741824 -XX:MaxNewSize=357916672 -XX:MaxTenuringThreshold=6 -XX:NewSize=357916672 -XX:OldPLABSize=16 -XX:OldSize=715825152 -XX:+PrintGC -XX:+PrintGCDateStamps -XX:+PrintGCDetails -XX:+PrintGCTimeStamps -XX:+UseCompressedClassPointers -XX:+UseCompressedOops -XX:+UseConcMarkSweepGC -XX:+UseParNewGC 
2020-11-18T16:53:38.093-0800: 0.210: [GC (Allocation Failure) 2020-11-18T16:53:38.093-0800: 0.211: [ParNew: 279616K->34944K(314560K), 0.0359352 secs] 279616K->83415K(1013632K), 0.0360467 secs] [Times: user=0.07 sys=0.27, real=0.03 secs] 
2020-11-18T16:53:38.167-0800: 0.284: [GC (Allocation Failure) 2020-11-18T16:53:38.167-0800: 0.284: [ParNew: 314560K->34944K(314560K), 0.0338266 secs] 363031K->154445K(1013632K), 0.0338962 secs] [Times: user=0.07 sys=0.27, real=0.04 secs] 
2020-11-18T16:53:38.229-0800: 0.347: [GC (Allocation Failure) 2020-11-18T16:53:38.229-0800: 0.347: [ParNew: 314560K->34940K(314560K), 0.0384096 secs] 434061K->233345K(1013632K), 0.0384788 secs] [Times: user=0.47 sys=0.02, real=0.04 secs] 
2020-11-18T16:53:38.294-0800: 0.412: [GC (Allocation Failure) 2020-11-18T16:53:38.294-0800: 0.412: [ParNew: 314556K->34943K(314560K), 0.0370492 secs] 512961K->308857K(1013632K), 0.0371387 secs] [Times: user=0.45 sys=0.02, real=0.04 secs] 
2020-11-18T16:53:38.357-0800: 0.475: [GC (Allocation Failure) 2020-11-18T16:53:38.357-0800: 0.475: [ParNew: 314559K->34943K(314560K), 0.0393695 secs] 588473K->388203K(1013632K), 0.0394203 secs] [Times: user=0.47 sys=0.02, real=0.04 secs] 
2020-11-18T16:53:38.397-0800: 0.514: [GC (CMS Initial Mark) [1 CMS-initial-mark: 353259K(699072K)] 394533K(1013632K), 0.0003806 secs] [Times: user=0.00 sys=0.00, real=0.00 secs] 
2020-11-18T16:53:38.397-0800: 0.515: [CMS-concurrent-mark-start]
2020-11-18T16:53:38.400-0800: 0.518: [CMS-concurrent-mark: 0.003/0.003 secs] [Times: user=0.01 sys=0.01, real=0.01 secs] 
2020-11-18T16:53:38.400-0800: 0.518: [CMS-concurrent-preclean-start]
2020-11-18T16:53:38.401-0800: 0.519: [CMS-concurrent-preclean: 0.001/0.001 secs] [Times: user=0.00 sys=0.00, real=0.00 secs] 
2020-11-18T16:53:38.401-0800: 0.519: [CMS-concurrent-abortable-preclean-start]
2020-11-18T16:53:38.424-0800: 0.542: [GC (Allocation Failure) 2020-11-18T16:53:38.424-0800: 0.542: [ParNew: 314559K->34942K(314560K), 0.0390566 secs] 667819K->466994K(1013632K), 0.0391238 secs] [Times: user=0.48 sys=0.02, real=0.04 secs] 
2020-11-18T16:53:38.491-0800: 0.609: [GC (Allocation Failure) 2020-11-18T16:53:38.491-0800: 0.609: [ParNew: 314558K->34942K(314560K), 0.0386961 secs] 746610K->542983K(1013632K), 0.0387993 secs] [Times: user=0.46 sys=0.03, real=0.04 secs] 
2020-11-18T16:53:38.562-0800: 0.679: [GC (Allocation Failure) 2020-11-18T16:53:38.562-0800: 0.679: [ParNew: 314558K->34943K(314560K), 0.0404010 secs] 822599K->618620K(1013632K), 0.0404709 secs] [Times: user=0.48 sys=0.02, real=0.04 secs] 
2020-11-18T16:53:38.636-0800: 0.753: [GC (Allocation Failure) 2020-11-18T16:53:38.636-0800: 0.753: [ParNew: 314473K->34943K(314560K), 0.0519592 secs] 898150K->706945K(1013632K), 0.0520385 secs] [Times: user=0.62 sys=0.03, real=0.05 secs] 
2020-11-18T16:53:38.688-0800: 0.805: [CMS-concurrent-abortable-preclean: 0.007/0.287 secs] [Times: user=2.18 sys=0.10, real=0.28 secs] 
2020-11-18T16:53:38.688-0800: 0.805: [GC (CMS Final Remark) [YG occupancy: 41338 K (314560 K)]2020-11-18T16:53:38.688-0800: 0.805: [Rescan (parallel) , 0.0004633 secs]2020-11-18T16:53:38.688-0800: 0.806: [weak refs processing, 0.0000533 secs]2020-11-18T16:53:38.688-0800: 0.806: [class unloading, 0.0002308 secs]2020-11-18T16:53:38.688-0800: 0.806: [scrub symbol table, 0.0002355 secs]2020-11-18T16:53:38.689-0800: 0.806: [scrub string table, 0.0001096 secs][1 CMS-remark: 672001K(699072K)] 713339K(1013632K), 0.0011433 secs] [Times: user=0.01 sys=0.00, real=0.00 secs] 
2020-11-18T16:53:38.689-0800: 0.807: [CMS-concurrent-sweep-start]
2020-11-18T16:53:38.690-0800: 0.808: [CMS-concurrent-sweep: 0.001/0.001 secs] [Times: user=0.00 sys=0.00, real=0.01 secs] 
2020-11-18T16:53:38.690-0800: 0.808: [CMS-concurrent-reset-start]
2020-11-18T16:53:38.692-0800: 0.809: [CMS-concurrent-reset: 0.001/0.001 secs] [Times: user=0.00 sys=0.00, real=0.00 secs] 
2020-11-18T16:53:38.715-0800: 0.832: [GC (Allocation Failure) 2020-11-18T16:53:38.715-0800: 0.832: [ParNew: 314559K->34943K(314560K), 0.0129602 secs] 869106K->661311K(1013632K), 0.0130814 secs] [Times: user=0.16 sys=0.00, real=0.01 secs] 
2020-11-18T16:53:38.728-0800: 0.845: [GC (CMS Initial Mark) [1 CMS-initial-mark: 626367K(699072K)] 667182K(1013632K), 0.0003241 secs] [Times: user=0.01 sys=0.00, real=0.00 secs] 
2020-11-18T16:53:38.728-0800: 0.846: [CMS-concurrent-mark-start]
2020-11-18T16:53:38.729-0800: 0.847: [CMS-concurrent-mark: 0.001/0.001 secs] [Times: user=0.00 sys=0.01, real=0.00 secs] 
2020-11-18T16:53:38.729-0800: 0.847: [CMS-concurrent-preclean-start]
2020-11-18T16:53:38.730-0800: 0.848: [CMS-concurrent-preclean: 0.001/0.001 secs] [Times: user=0.00 sys=0.00, real=0.01 secs] 
2020-11-18T16:53:38.730-0800: 0.848: [CMS-concurrent-abortable-preclean-start]
2020-11-18T16:53:38.758-0800: 0.876: [GC (Allocation Failure) 2020-11-18T16:53:38.758-0800: 0.876: [ParNew: 314559K->314559K(314560K), 0.0000148 secs]2020-11-18T16:53:38.758-0800: 0.876: [CMS2020-11-18T16:53:38.758-0800: 0.876: [CMS-concurrent-abortable-preclean: 0.001/0.028 secs] [Times: user=0.03 sys=0.00, real=0.02 secs] 
 (concurrent mode failure): 626367K->350316K(699072K), 0.0622047 secs] 940927K->350316K(1013632K), [Metaspace: 2741K->2741K(1056768K)], 0.0623006 secs] [Times: user=0.06 sys=0.00, real=0.07 secs] 
2020-11-18T16:53:38.858-0800: 0.976: [GC (Allocation Failure) 2020-11-18T16:53:38.858-0800: 0.976: [ParNew: 279616K->34941K(314560K), 0.0113852 secs] 629932K->433993K(1013632K), 0.0114594 secs] [Times: user=0.14 sys=0.00, real=0.02 secs] 
2020-11-18T16:53:38.901-0800: 1.019: [GC (Allocation Failure) 2020-11-18T16:53:38.901-0800: 1.019: [ParNew: 314557K->34943K(314560K), 0.0150877 secs] 713609K->512588K(1013632K), 0.0151632 secs] [Times: user=0.20 sys=0.00, real=0.01 secs] 
2020-11-18T16:53:38.916-0800: 1.034: [GC (CMS Initial Mark) [1 CMS-initial-mark: 477644K(699072K)] 518491K(1013632K), 0.0002125 secs] [Times: user=0.00 sys=0.00, real=0.00 secs] 
2020-11-18T16:53:38.917-0800: 1.034: [CMS-concurrent-mark-start]
2020-11-18T16:53:38.917-0800: 1.035: [CMS-concurrent-mark: 0.001/0.001 secs] [Times: user=0.00 sys=0.00, real=0.00 secs] 
2020-11-18T16:53:38.918-0800: 1.035: [CMS-concurrent-preclean-start]
2020-11-18T16:53:38.918-0800: 1.036: [CMS-concurrent-preclean: 0.001/0.001 secs] [Times: user=0.00 sys=0.00, real=0.00 secs] 
2020-11-18T16:53:38.918-0800: 1.036: [CMS-concurrent-abortable-preclean-start]
2020-11-18T16:53:38.944-0800: 1.061: [GC (Allocation Failure) 2020-11-18T16:53:38.944-0800: 1.061: [ParNew: 314502K->34943K(314560K), 0.0144817 secs] 792147K->593857K(1013632K), 0.0145697 secs] [Times: user=0.18 sys=0.00, real=0.01 secs] 
Heap
 par new generation   total 314560K, used 46309K [0x0000000780000000, 0x0000000795550000, 0x0000000795550000)
  eden space 279616K,   4% used [0x0000000780000000, 0x0000000780b197f8, 0x0000000791110000)
  from space 34944K,  99% used [0x0000000793330000, 0x000000079554fe68, 0x0000000795550000)
  to   space 34944K,   0% used [0x0000000791110000, 0x0000000791110000, 0x0000000793330000)
 concurrent mark-sweep generation total 699072K, used 558913K [0x0000000795550000, 0x00000007c0000000, 0x00000007c0000000)
 Metaspace       used 2748K, capacity 4486K, committed 4864K, reserved 1056768K
  class space    used 297K, capacity 386K, committed 512K, reserved 1048576K
