Java HotSpot(TM) 64-Bit Server VM (25.261-b12) for bsd-amd64 JRE (1.8.0_261-b12), built on Jun 18 2020 06:38:55 by "java_re" with gcc 4.2.1 Compatible Apple LLVM 10.0.0 (clang-1000.11.45.5)
Memory: 4k page, physical 16777216k(2488080k free)

/proc/meminfo:

CommandLine flags: -XX:InitialHeapSize=4294967296 -XX:MaxHeapSize=4294967296 -XX:+PrintGC -XX:+PrintGCDateStamps -XX:+PrintGCDetails -XX:+PrintGCTimeStamps -XX:+UseCompressedClassPointers -XX:+UseCompressedOops -XX:+UseG1GC 
2020-11-18T16:55:38.666-0800: 0.180: [GC pause (G1 Evacuation Pause) (young), 0.0301320 secs]
   [Parallel Time: 28.7 ms, GC Workers: 13]
      [GC Worker Start (ms): Min: 179.9, Avg: 180.1, Max: 180.2, Diff: 0.2]
      [Ext Root Scanning (ms): Min: 0.0, Avg: 0.1, Max: 0.3, Diff: 0.3, Sum: 1.6]
      [Update RS (ms): Min: 0.0, Avg: 0.0, Max: 0.0, Diff: 0.0, Sum: 0.0]
         [Processed Buffers: Min: 0, Avg: 0.0, Max: 0, Diff: 0, Sum: 0]
      [Scan RS (ms): Min: 0.0, Avg: 0.0, Max: 0.1, Diff: 0.1, Sum: 0.3]
      [Code Root Scanning (ms): Min: 0.0, Avg: 0.0, Max: 0.1, Diff: 0.1, Sum: 0.3]
      [Object Copy (ms): Min: 27.4, Avg: 27.7, Max: 28.1, Diff: 0.7, Sum: 360.2]
      [Termination (ms): Min: 0.0, Avg: 0.4, Max: 1.0, Diff: 1.0, Sum: 5.8]
         [Termination Attempts: Min: 1, Avg: 1.0, Max: 1, Diff: 0, Sum: 13]
      [GC Worker Other (ms): Min: 0.0, Avg: 0.0, Max: 0.1, Diff: 0.0, Sum: 0.3]
      [GC Worker Total (ms): Min: 28.2, Avg: 28.3, Max: 28.6, Diff: 0.4, Sum: 368.5]
      [GC Worker End (ms): Min: 208.3, Avg: 208.4, Max: 208.6, Diff: 0.3]
   [Code Root Fixup: 0.0 ms]
   [Code Root Purge: 0.0 ms]
   [Clear CT: 0.2 ms]
   [Other: 1.2 ms]
      [Choose CSet: 0.0 ms]
      [Ref Proc: 0.6 ms]
      [Ref Enq: 0.0 ms]
      [Redirty Cards: 0.3 ms]
      [Humongous Register: 0.0 ms]
      [Humongous Reclaim: 0.0 ms]
      [Free CSet: 0.1 ms]
   [Eden: 204.0M(204.0M)->0.0B(178.0M) Survivors: 0.0B->26.0M Heap: 204.0M(4096.0M)->68.7M(4096.0M)]
 [Times: user=0.04 sys=0.24, real=0.03 secs] 
2020-11-18T16:55:38.719-0800: 0.233: [GC pause (G1 Evacuation Pause) (young), 0.0244219 secs]
   [Parallel Time: 23.3 ms, GC Workers: 13]
      [GC Worker Start (ms): Min: 232.6, Avg: 232.8, Max: 232.9, Diff: 0.2]
      [Ext Root Scanning (ms): Min: 0.0, Avg: 0.1, Max: 0.2, Diff: 0.2, Sum: 0.9]
      [Update RS (ms): Min: 0.0, Avg: 0.0, Max: 0.0, Diff: 0.0, Sum: 0.1]
         [Processed Buffers: Min: 0, Avg: 1.1, Max: 3, Diff: 3, Sum: 14]
      [Scan RS (ms): Min: 0.0, Avg: 0.0, Max: 0.0, Diff: 0.0, Sum: 0.1]
      [Code Root Scanning (ms): Min: 0.0, Avg: 0.0, Max: 0.0, Diff: 0.0, Sum: 0.0]
      [Object Copy (ms): Min: 22.6, Avg: 22.8, Max: 22.9, Diff: 0.4, Sum: 296.4]
      [Termination (ms): Min: 0.0, Avg: 0.2, Max: 0.5, Diff: 0.5, Sum: 2.2]
         [Termination Attempts: Min: 1, Avg: 1.0, Max: 1, Diff: 0, Sum: 13]
      [GC Worker Other (ms): Min: 0.0, Avg: 0.0, Max: 0.0, Diff: 0.0, Sum: 0.1]
      [GC Worker Total (ms): Min: 23.0, Avg: 23.1, Max: 23.2, Diff: 0.2, Sum: 300.0]
      [GC Worker End (ms): Min: 255.8, Avg: 255.8, Max: 256.0, Diff: 0.1]
   [Code Root Fixup: 0.0 ms]
   [Code Root Purge: 0.0 ms]
   [Clear CT: 0.2 ms]
   [Other: 0.9 ms]
      [Choose CSet: 0.0 ms]
      [Ref Proc: 0.6 ms]
      [Ref Enq: 0.0 ms]
      [Redirty Cards: 0.1 ms]
      [Humongous Register: 0.0 ms]
      [Humongous Reclaim: 0.0 ms]
      [Free CSet: 0.0 ms]
   [Eden: 178.0M(178.0M)->0.0B(178.0M) Survivors: 26.0M->26.0M Heap: 246.7M(4096.0M)->120.1M(4096.0M)]
 [Times: user=0.03 sys=0.18, real=0.03 secs] 
2020-11-18T16:55:38.762-0800: 0.276: [GC pause (G1 Evacuation Pause) (young), 0.0250794 secs]
   [Parallel Time: 24.2 ms, GC Workers: 13]
      [GC Worker Start (ms): Min: 276.0, Avg: 276.1, Max: 276.2, Diff: 0.2]
      [Ext Root Scanning (ms): Min: 0.0, Avg: 0.1, Max: 0.2, Diff: 0.2, Sum: 0.9]
      [Update RS (ms): Min: 0.0, Avg: 0.1, Max: 0.7, Diff: 0.7, Sum: 1.2]
         [Processed Buffers: Min: 1, Avg: 1.2, Max: 2, Diff: 1, Sum: 15]
      [Scan RS (ms): Min: 0.0, Avg: 0.0, Max: 0.0, Diff: 0.0, Sum: 0.1]
      [Code Root Scanning (ms): Min: 0.0, Avg: 0.0, Max: 0.0, Diff: 0.0, Sum: 0.0]
      [Object Copy (ms): Min: 22.1, Avg: 23.1, Max: 23.7, Diff: 1.6, Sum: 300.6]
      [Termination (ms): Min: 0.0, Avg: 0.6, Max: 1.1, Diff: 1.1, Sum: 8.1]
         [Termination Attempts: Min: 1, Avg: 1.0, Max: 1, Diff: 0, Sum: 13]
      [GC Worker Other (ms): Min: 0.0, Avg: 0.0, Max: 0.0, Diff: 0.0, Sum: 0.1]
      [GC Worker Total (ms): Min: 23.8, Avg: 23.9, Max: 24.1, Diff: 0.4, Sum: 310.9]
      [GC Worker End (ms): Min: 299.9, Avg: 300.0, Max: 300.1, Diff: 0.2]
   [Code Root Fixup: 0.0 ms]
   [Code Root Purge: 0.0 ms]
   [Clear CT: 0.2 ms]
   [Other: 0.7 ms]
      [Choose CSet: 0.0 ms]
      [Ref Proc: 0.3 ms]
      [Ref Enq: 0.0 ms]
      [Redirty Cards: 0.1 ms]
      [Humongous Register: 0.0 ms]
      [Humongous Reclaim: 0.0 ms]
      [Free CSet: 0.0 ms]
   [Eden: 178.0M(178.0M)->0.0B(178.0M) Survivors: 26.0M->26.0M Heap: 298.1M(4096.0M)->179.2M(4096.0M)]
 [Times: user=0.05 sys=0.18, real=0.02 secs] 
2020-11-18T16:55:38.806-0800: 0.319: [GC pause (G1 Evacuation Pause) (young), 0.0243651 secs]
   [Parallel Time: 23.4 ms, GC Workers: 13]
      [GC Worker Start (ms): Min: 319.5, Avg: 319.6, Max: 319.7, Diff: 0.2]
      [Ext Root Scanning (ms): Min: 0.0, Avg: 0.1, Max: 0.2, Diff: 0.2, Sum: 0.8]
      [Update RS (ms): Min: 0.0, Avg: 0.1, Max: 0.2, Diff: 0.2, Sum: 0.8]
         [Processed Buffers: Min: 0, Avg: 1.1, Max: 3, Diff: 3, Sum: 14]
      [Scan RS (ms): Min: 0.0, Avg: 0.0, Max: 0.0, Diff: 0.0, Sum: 0.2]
      [Code Root Scanning (ms): Min: 0.0, Avg: 0.0, Max: 0.0, Diff: 0.0, Sum: 0.0]
      [Object Copy (ms): Min: 21.5, Avg: 22.2, Max: 22.7, Diff: 1.3, Sum: 288.9]
      [Termination (ms): Min: 0.0, Avg: 0.6, Max: 1.2, Diff: 1.2, Sum: 8.0]
         [Termination Attempts: Min: 1, Avg: 1.0, Max: 1, Diff: 0, Sum: 13]
      [GC Worker Other (ms): Min: 0.0, Avg: 0.0, Max: 0.0, Diff: 0.0, Sum: 0.2]
      [GC Worker Total (ms): Min: 22.8, Avg: 23.0, Max: 23.2, Diff: 0.3, Sum: 299.0]
      [GC Worker End (ms): Min: 342.6, Avg: 342.6, Max: 342.8, Diff: 0.2]
   [Code Root Fixup: 0.0 ms]
   [Code Root Purge: 0.0 ms]
   [Clear CT: 0.2 ms]
   [Other: 0.8 ms]
      [Choose CSet: 0.0 ms]
      [Ref Proc: 0.5 ms]
      [Ref Enq: 0.0 ms]
      [Redirty Cards: 0.1 ms]
      [Humongous Register: 0.0 ms]
      [Humongous Reclaim: 0.0 ms]
      [Free CSet: 0.0 ms]
   [Eden: 178.0M(178.0M)->0.0B(178.0M) Survivors: 26.0M->26.0M Heap: 357.2M(4096.0M)->236.8M(4096.0M)]
 [Times: user=0.05 sys=0.18, real=0.03 secs] 
2020-11-18T16:55:38.848-0800: 0.361: [GC pause (G1 Evacuation Pause) (young), 0.0237716 secs]
   [Parallel Time: 22.9 ms, GC Workers: 13]
      [GC Worker Start (ms): Min: 361.3, Avg: 361.4, Max: 361.5, Diff: 0.2]
      [Ext Root Scanning (ms): Min: 0.0, Avg: 0.1, Max: 0.2, Diff: 0.2, Sum: 1.0]
      [Update RS (ms): Min: 0.0, Avg: 0.1, Max: 0.1, Diff: 0.1, Sum: 0.9]
         [Processed Buffers: Min: 0, Avg: 1.2, Max: 3, Diff: 3, Sum: 15]
      [Scan RS (ms): Min: 0.0, Avg: 0.0, Max: 0.1, Diff: 0.1, Sum: 0.3]
      [Code Root Scanning (ms): Min: 0.0, Avg: 0.0, Max: 0.0, Diff: 0.0, Sum: 0.0]
      [Object Copy (ms): Min: 21.9, Avg: 22.1, Max: 22.5, Diff: 0.6, Sum: 287.9]
      [Termination (ms): Min: 0.0, Avg: 0.4, Max: 0.5, Diff: 0.5, Sum: 4.8]
         [Termination Attempts: Min: 1, Avg: 1.0, Max: 1, Diff: 0, Sum: 13]
      [GC Worker Other (ms): Min: 0.0, Avg: 0.0, Max: 0.0, Diff: 0.0, Sum: 0.1]
      [GC Worker Total (ms): Min: 22.6, Avg: 22.7, Max: 22.8, Diff: 0.2, Sum: 295.0]
      [GC Worker End (ms): Min: 384.0, Avg: 384.1, Max: 384.2, Diff: 0.2]
   [Code Root Fixup: 0.0 ms]
   [Code Root Purge: 0.0 ms]
   [Clear CT: 0.2 ms]
   [Other: 0.7 ms]
      [Choose CSet: 0.0 ms]
      [Ref Proc: 0.4 ms]
      [Ref Enq: 0.0 ms]
      [Redirty Cards: 0.1 ms]
      [Humongous Register: 0.0 ms]
      [Humongous Reclaim: 0.0 ms]
      [Free CSet: 0.0 ms]
   [Eden: 178.0M(178.0M)->0.0B(178.0M) Survivors: 26.0M->26.0M Heap: 414.8M(4096.0M)->292.6M(4096.0M)]
 [Times: user=0.04 sys=0.19, real=0.03 secs] 
2020-11-18T16:55:38.890-0800: 0.403: [GC pause (G1 Evacuation Pause) (young), 0.0241902 secs]
   [Parallel Time: 23.3 ms, GC Workers: 13]
      [GC Worker Start (ms): Min: 403.4, Avg: 403.6, Max: 403.7, Diff: 0.2]
      [Ext Root Scanning (ms): Min: 0.0, Avg: 0.1, Max: 0.2, Diff: 0.2, Sum: 0.9]
      [Update RS (ms): Min: 0.0, Avg: 0.0, Max: 0.1, Diff: 0.1, Sum: 0.5]
         [Processed Buffers: Min: 0, Avg: 1.1, Max: 3, Diff: 3, Sum: 14]
      [Scan RS (ms): Min: 0.0, Avg: 0.0, Max: 0.0, Diff: 0.0, Sum: 0.1]
      [Code Root Scanning (ms): Min: 0.0, Avg: 0.0, Max: 0.0, Diff: 0.0, Sum: 0.0]
      [Object Copy (ms): Min: 22.1, Avg: 22.5, Max: 22.9, Diff: 0.8, Sum: 292.2]
      [Termination (ms): Min: 0.0, Avg: 0.5, Max: 0.9, Diff: 0.9, Sum: 5.9]
         [Termination Attempts: Min: 1, Avg: 1.0, Max: 1, Diff: 0, Sum: 13]
      [GC Worker Other (ms): Min: 0.0, Avg: 0.0, Max: 0.0, Diff: 0.0, Sum: 0.1]
      [GC Worker Total (ms): Min: 22.9, Avg: 23.1, Max: 23.1, Diff: 0.2, Sum: 299.7]
      [GC Worker End (ms): Min: 426.6, Avg: 426.6, Max: 426.7, Diff: 0.1]
   [Code Root Fixup: 0.0 ms]
   [Code Root Purge: 0.0 ms]
   [Clear CT: 0.2 ms]
   [Other: 0.7 ms]
      [Choose CSet: 0.0 ms]
      [Ref Proc: 0.4 ms]
      [Ref Enq: 0.0 ms]
      [Redirty Cards: 0.1 ms]
      [Humongous Register: 0.0 ms]
      [Humongous Reclaim: 0.0 ms]
      [Free CSet: 0.0 ms]
   [Eden: 178.0M(178.0M)->0.0B(178.0M) Survivors: 26.0M->26.0M Heap: 470.6M(4096.0M)->344.4M(4096.0M)]
 [Times: user=0.04 sys=0.18, real=0.02 secs] 
2020-11-18T16:55:38.931-0800: 0.444: [GC pause (G1 Evacuation Pause) (young), 0.0264883 secs]
   [Parallel Time: 25.7 ms, GC Workers: 13]
      [GC Worker Start (ms): Min: 444.4, Avg: 444.5, Max: 444.7, Diff: 0.3]
      [Ext Root Scanning (ms): Min: 0.0, Avg: 0.0, Max: 0.2, Diff: 0.2, Sum: 0.6]
      [Update RS (ms): Min: 0.0, Avg: 0.0, Max: 0.1, Diff: 0.1, Sum: 0.5]
         [Processed Buffers: Min: 0, Avg: 1.1, Max: 3, Diff: 3, Sum: 14]
      [Scan RS (ms): Min: 0.0, Avg: 0.0, Max: 0.0, Diff: 0.0, Sum: 0.1]
      [Code Root Scanning (ms): Min: 0.0, Avg: 0.0, Max: 0.0, Diff: 0.0, Sum: 0.0]
      [Object Copy (ms): Min: 24.3, Avg: 24.8, Max: 25.2, Diff: 0.9, Sum: 322.8]
      [Termination (ms): Min: 0.0, Avg: 0.4, Max: 1.0, Diff: 1.0, Sum: 5.3]
         [Termination Attempts: Min: 1, Avg: 1.0, Max: 1, Diff: 0, Sum: 13]
      [GC Worker Other (ms): Min: 0.0, Avg: 0.0, Max: 0.0, Diff: 0.0, Sum: 0.1]
      [GC Worker Total (ms): Min: 25.2, Avg: 25.3, Max: 25.5, Diff: 0.3, Sum: 329.5]
      [GC Worker End (ms): Min: 469.8, Avg: 469.9, Max: 470.0, Diff: 0.2]
   [Code Root Fixup: 0.0 ms]
   [Code Root Purge: 0.0 ms]
   [Clear CT: 0.1 ms]
   [Other: 0.7 ms]
      [Choose CSet: 0.0 ms]
      [Ref Proc: 0.4 ms]
      [Ref Enq: 0.0 ms]
      [Redirty Cards: 0.1 ms]
      [Humongous Register: 0.0 ms]
      [Humongous Reclaim: 0.0 ms]
      [Free CSet: 0.0 ms]
   [Eden: 178.0M(178.0M)->0.0B(204.0M) Survivors: 26.0M->26.0M Heap: 522.4M(4096.0M)->401.4M(4096.0M)]
 [Times: user=0.04 sys=0.20, real=0.02 secs] 
2020-11-18T16:55:38.976-0800: 0.490: [GC pause (G1 Evacuation Pause) (young), 0.0369817 secs]
   [Parallel Time: 35.9 ms, GC Workers: 13]
      [GC Worker Start (ms): Min: 489.7, Avg: 489.8, Max: 489.9, Diff: 0.2]
      [Ext Root Scanning (ms): Min: 0.0, Avg: 0.1, Max: 0.2, Diff: 0.2, Sum: 1.0]
      [Update RS (ms): Min: 0.0, Avg: 0.0, Max: 0.1, Diff: 0.1, Sum: 0.6]
         [Processed Buffers: Min: 0, Avg: 1.1, Max: 2, Diff: 2, Sum: 14]
      [Scan RS (ms): Min: 0.0, Avg: 0.0, Max: 0.0, Diff: 0.0, Sum: 0.1]
      [Code Root Scanning (ms): Min: 0.0, Avg: 0.0, Max: 0.0, Diff: 0.0, Sum: 0.0]
      [Object Copy (ms): Min: 34.4, Avg: 35.0, Max: 35.3, Diff: 0.9, Sum: 455.2]
      [Termination (ms): Min: 0.0, Avg: 0.4, Max: 1.1, Diff: 1.1, Sum: 4.8]
         [Termination Attempts: Min: 1, Avg: 1.0, Max: 1, Diff: 0, Sum: 13]
      [GC Worker Other (ms): Min: 0.0, Avg: 0.0, Max: 0.0, Diff: 0.0, Sum: 0.1]
      [GC Worker Total (ms): Min: 35.4, Avg: 35.5, Max: 35.8, Diff: 0.4, Sum: 461.9]
      [GC Worker End (ms): Min: 525.3, Avg: 525.4, Max: 525.5, Diff: 0.2]
   [Code Root Fixup: 0.0 ms]
   [Code Root Purge: 0.0 ms]
   [Clear CT: 0.2 ms]
   [Other: 0.9 ms]
      [Choose CSet: 0.0 ms]
      [Ref Proc: 0.5 ms]
      [Ref Enq: 0.0 ms]
      [Redirty Cards: 0.1 ms]
      [Humongous Register: 0.0 ms]
      [Humongous Reclaim: 0.0 ms]
      [Free CSet: 0.0 ms]
   [Eden: 204.0M(204.0M)->0.0B(246.0M) Survivors: 26.0M->30.0M Heap: 605.4M(4096.0M)->470.4M(4096.0M)]
 [Times: user=0.05 sys=0.29, real=0.04 secs] 
2020-11-18T16:55:39.042-0800: 0.556: [GC pause (G1 Evacuation Pause) (young), 0.0382489 secs]
   [Parallel Time: 37.5 ms, GC Workers: 13]
      [GC Worker Start (ms): Min: 556.0, Avg: 556.1, Max: 556.2, Diff: 0.2]
      [Ext Root Scanning (ms): Min: 0.0, Avg: 0.1, Max: 0.2, Diff: 0.2, Sum: 0.9]
      [Update RS (ms): Min: 0.0, Avg: 0.0, Max: 0.1, Diff: 0.1, Sum: 0.6]
         [Processed Buffers: Min: 0, Avg: 1.2, Max: 2, Diff: 2, Sum: 15]
      [Scan RS (ms): Min: 0.0, Avg: 0.0, Max: 0.0, Diff: 0.0, Sum: 0.1]
      [Code Root Scanning (ms): Min: 0.0, Avg: 0.0, Max: 0.0, Diff: 0.0, Sum: 0.0]
      [Object Copy (ms): Min: 35.9, Avg: 36.5, Max: 36.9, Diff: 1.0, Sum: 474.6]
      [Termination (ms): Min: 0.0, Avg: 0.5, Max: 1.2, Diff: 1.2, Sum: 6.6]
         [Termination Attempts: Min: 1, Avg: 1.0, Max: 1, Diff: 0, Sum: 13]
      [GC Worker Other (ms): Min: 0.0, Avg: 0.0, Max: 0.0, Diff: 0.0, Sum: 0.1]
      [GC Worker Total (ms): Min: 37.0, Avg: 37.2, Max: 37.3, Diff: 0.3, Sum: 483.0]
      [GC Worker End (ms): Min: 593.2, Avg: 593.3, Max: 593.4, Diff: 0.2]
   [Code Root Fixup: 0.0 ms]
   [Code Root Purge: 0.0 ms]
   [Clear CT: 0.1 ms]
   [Other: 0.7 ms]
      [Choose CSet: 0.0 ms]
      [Ref Proc: 0.3 ms]
      [Ref Enq: 0.0 ms]
      [Redirty Cards: 0.1 ms]
      [Humongous Register: 0.0 ms]
      [Humongous Reclaim: 0.0 ms]
      [Free CSet: 0.0 ms]
   [Eden: 246.0M(246.0M)->0.0B(248.0M) Survivors: 30.0M->36.0M Heap: 716.4M(4096.0M)->546.6M(4096.0M)]
 [Times: user=0.05 sys=0.31, real=0.04 secs] 
2020-11-18T16:55:39.105-0800: 0.619: [GC pause (G1 Evacuation Pause) (young), 0.0327373 secs]
   [Parallel Time: 31.9 ms, GC Workers: 13]
      [GC Worker Start (ms): Min: 619.0, Avg: 619.1, Max: 619.2, Diff: 0.2]
      [Ext Root Scanning (ms): Min: 0.0, Avg: 0.1, Max: 0.2, Diff: 0.2, Sum: 1.0]
      [Update RS (ms): Min: 0.0, Avg: 0.1, Max: 0.1, Diff: 0.0, Sum: 0.7]
         [Processed Buffers: Min: 1, Avg: 1.1, Max: 2, Diff: 1, Sum: 14]
      [Scan RS (ms): Min: 0.0, Avg: 0.0, Max: 0.0, Diff: 0.0, Sum: 0.2]
      [Code Root Scanning (ms): Min: 0.0, Avg: 0.0, Max: 0.0, Diff: 0.0, Sum: 0.0]
      [Object Copy (ms): Min: 30.6, Avg: 31.2, Max: 31.4, Diff: 0.8, Sum: 405.1]
      [Termination (ms): Min: 0.0, Avg: 0.3, Max: 1.0, Diff: 1.0, Sum: 4.5]
         [Termination Attempts: Min: 1, Avg: 1.0, Max: 1, Diff: 0, Sum: 13]
      [GC Worker Other (ms): Min: 0.0, Avg: 0.0, Max: 0.1, Diff: 0.0, Sum: 0.2]
      [GC Worker Total (ms): Min: 31.5, Avg: 31.7, Max: 31.8, Diff: 0.3, Sum: 411.6]
      [GC Worker End (ms): Min: 650.7, Avg: 650.8, Max: 650.9, Diff: 0.2]
   [Code Root Fixup: 0.0 ms]
   [Code Root Purge: 0.0 ms]
   [Clear CT: 0.2 ms]
   [Other: 0.7 ms]
      [Choose CSet: 0.0 ms]
      [Ref Proc: 0.3 ms]
      [Ref Enq: 0.0 ms]
      [Redirty Cards: 0.1 ms]
      [Humongous Register: 0.0 ms]
      [Humongous Reclaim: 0.0 ms]
      [Free CSet: 0.0 ms]
   [Eden: 248.0M(248.0M)->0.0B(336.0M) Survivors: 36.0M->36.0M Heap: 794.6M(4096.0M)->621.8M(4096.0M)]
 [Times: user=0.05 sys=0.26, real=0.03 secs] 
2020-11-18T16:55:39.196-0800: 0.709: [GC pause (G1 Evacuation Pause) (young), 0.0479147 secs]
   [Parallel Time: 46.9 ms, GC Workers: 13]
      [GC Worker Start (ms): Min: 709.5, Avg: 709.7, Max: 709.8, Diff: 0.2]
      [Ext Root Scanning (ms): Min: 0.0, Avg: 0.1, Max: 0.2, Diff: 0.2, Sum: 1.3]
      [Update RS (ms): Min: 0.0, Avg: 0.1, Max: 0.1, Diff: 0.1, Sum: 0.8]
         [Processed Buffers: Min: 0, Avg: 1.1, Max: 2, Diff: 2, Sum: 14]
      [Scan RS (ms): Min: 0.0, Avg: 0.0, Max: 0.0, Diff: 0.0, Sum: 0.2]
      [Code Root Scanning (ms): Min: 0.0, Avg: 0.0, Max: 0.0, Diff: 0.0, Sum: 0.0]
      [Object Copy (ms): Min: 45.6, Avg: 45.9, Max: 46.3, Diff: 0.7, Sum: 597.0]
      [Termination (ms): Min: 0.0, Avg: 0.5, Max: 0.8, Diff: 0.8, Sum: 6.2]
         [Termination Attempts: Min: 1, Avg: 1.0, Max: 1, Diff: 0, Sum: 13]
      [GC Worker Other (ms): Min: 0.0, Avg: 0.0, Max: 0.0, Diff: 0.0, Sum: 0.2]
      [GC Worker Total (ms): Min: 46.5, Avg: 46.6, Max: 46.8, Diff: 0.3, Sum: 605.7]
      [GC Worker End (ms): Min: 756.2, Avg: 756.3, Max: 756.4, Diff: 0.2]
   [Code Root Fixup: 0.0 ms]
   [Code Root Purge: 0.0 ms]
   [Clear CT: 0.2 ms]
   [Other: 0.8 ms]
      [Choose CSet: 0.0 ms]
      [Ref Proc: 0.4 ms]
      [Ref Enq: 0.0 ms]
      [Redirty Cards: 0.2 ms]
      [Humongous Register: 0.0 ms]
      [Humongous Reclaim: 0.0 ms]
      [Free CSet: 0.1 ms]
   [Eden: 336.0M(336.0M)->0.0B(346.0M) Survivors: 36.0M->48.0M Heap: 957.8M(4096.0M)->720.3M(4096.0M)]
 [Times: user=0.06 sys=0.39, real=0.05 secs] 
2020-11-18T16:55:39.280-0800: 0.794: [GC pause (G1 Evacuation Pause) (young), 0.0455069 secs]
   [Parallel Time: 44.4 ms, GC Workers: 13]
      [GC Worker Start (ms): Min: 793.6, Avg: 793.7, Max: 793.8, Diff: 0.2]
      [Ext Root Scanning (ms): Min: 0.0, Avg: 0.1, Max: 0.2, Diff: 0.2, Sum: 0.9]
      [Update RS (ms): Min: 0.0, Avg: 0.1, Max: 0.1, Diff: 0.1, Sum: 0.9]
         [Processed Buffers: Min: 1, Avg: 1.1, Max: 2, Diff: 1, Sum: 14]
      [Scan RS (ms): Min: 0.0, Avg: 0.0, Max: 0.0, Diff: 0.0, Sum: 0.2]
      [Code Root Scanning (ms): Min: 0.0, Avg: 0.0, Max: 0.0, Diff: 0.0, Sum: 0.0]
      [Object Copy (ms): Min: 43.1, Avg: 43.5, Max: 44.0, Diff: 0.9, Sum: 566.1]
      [Termination (ms): Min: 0.0, Avg: 0.5, Max: 0.9, Diff: 0.9, Sum: 6.1]
         [Termination Attempts: Min: 1, Avg: 1.0, Max: 1, Diff: 0, Sum: 13]
      [GC Worker Other (ms): Min: 0.0, Avg: 0.0, Max: 0.0, Diff: 0.0, Sum: 0.1]
      [GC Worker Total (ms): Min: 44.1, Avg: 44.2, Max: 44.3, Diff: 0.2, Sum: 574.3]
      [GC Worker End (ms): Min: 837.8, Avg: 837.9, Max: 838.0, Diff: 0.2]
   [Code Root Fixup: 0.0 ms]
   [Code Root Purge: 0.0 ms]
   [Clear CT: 0.2 ms]
   [Other: 0.9 ms]
      [Choose CSet: 0.0 ms]
      [Ref Proc: 0.5 ms]
      [Ref Enq: 0.0 ms]
      [Redirty Cards: 0.2 ms]
      [Humongous Register: 0.0 ms]
      [Humongous Reclaim: 0.0 ms]
      [Free CSet: 0.1 ms]
   [Eden: 346.0M(346.0M)->0.0B(426.0M) Survivors: 48.0M->50.0M Heap: 1066.3M(4096.0M)->814.7M(4096.0M)]
 [Times: user=0.06 sys=0.36, real=0.04 secs] 
2020-11-18T16:55:39.380-0800: 0.893: [GC pause (G1 Evacuation Pause) (young), 0.0604598 secs]
   [Parallel Time: 59.6 ms, GC Workers: 13]
      [GC Worker Start (ms): Min: 893.3, Avg: 893.4, Max: 893.5, Diff: 0.2]
      [Ext Root Scanning (ms): Min: 0.0, Avg: 0.1, Max: 0.2, Diff: 0.2, Sum: 0.9]
      [Update RS (ms): Min: 0.0, Avg: 0.1, Max: 0.1, Diff: 0.1, Sum: 1.0]
         [Processed Buffers: Min: 1, Avg: 1.1, Max: 2, Diff: 1, Sum: 14]
      [Scan RS (ms): Min: 0.0, Avg: 0.0, Max: 0.0, Diff: 0.0, Sum: 0.2]
      [Code Root Scanning (ms): Min: 0.0, Avg: 0.0, Max: 0.0, Diff: 0.0, Sum: 0.0]
      [Object Copy (ms): Min: 58.3, Avg: 58.7, Max: 59.1, Diff: 0.8, Sum: 763.1]
      [Termination (ms): Min: 0.0, Avg: 0.5, Max: 1.0, Diff: 1.0, Sum: 5.9]
         [Termination Attempts: Min: 1, Avg: 1.0, Max: 1, Diff: 0, Sum: 13]
      [GC Worker Other (ms): Min: 0.0, Avg: 0.0, Max: 0.0, Diff: 0.0, Sum: 0.1]
      [GC Worker Total (ms): Min: 59.2, Avg: 59.3, Max: 59.5, Diff: 0.4, Sum: 771.3]
      [GC Worker End (ms): Min: 952.7, Avg: 952.8, Max: 952.9, Diff: 0.2]
   [Code Root Fixup: 0.0 ms]
   [Code Root Purge: 0.0 ms]
   [Clear CT: 0.2 ms]
   [Other: 0.6 ms]
      [Choose CSet: 0.0 ms]
      [Ref Proc: 0.2 ms]
      [Ref Enq: 0.0 ms]
      [Redirty Cards: 0.1 ms]
      [Humongous Register: 0.0 ms]
      [Humongous Reclaim: 0.0 ms]
      [Free CSet: 0.1 ms]
   [Eden: 426.0M(426.0M)->0.0B(870.0M) Survivors: 50.0M->60.0M Heap: 1240.7M(4096.0M)->933.0M(4096.0M)]
 [Times: user=0.08 sys=0.49, real=0.06 secs] 
Heap
 garbage-first heap   total 4194304K, used 1661971K [0x00000006c0000000, 0x00000006c0204000, 0x00000007c0000000)
  region size 2048K, 376 young (770048K), 30 survivors (61440K)
 Metaspace       used 2747K, capacity 4486K, committed 4864K, reserved 1056768K
  class space    used 297K, capacity 386K, committed 512K, reserved 1048576K
