Java HotSpot(TM) 64-Bit Server VM (25.261-b12) for bsd-amd64 JRE (1.8.0_261-b12), built on Jun 18 2020 06:38:55 by "java_re" with gcc 4.2.1 Compatible Apple LLVM 10.0.0 (clang-1000.11.45.5)
Memory: 4k page, physical 16777216k(1933416k free)

/proc/meminfo:

CommandLine flags: -XX:InitialHeapSize=4294967296 -XX:MaxHeapSize=4294967296 -XX:+PrintGC -XX:+PrintGCDateStamps -XX:+PrintGCDetails -XX:+PrintGCTimeStamps -XX:+UseCompressedClassPointers -XX:+UseCompressedOops -XX:+UseSerialGC 
2020-11-18T16:23:42.233-0800: 0.553: [GC (Allocation Failure) 2020-11-18T16:23:42.233-0800: 0.553: [DefNew: 1118528K->139776K(1258304K), 0.1172587 secs] 1118528K->236705K(4054528K), 0.1173415 secs] [Times: user=0.07 sys=0.05, real=0.12 secs] 
2020-11-18T16:23:42.478-0800: 0.798: [GC (Allocation Failure) 2020-11-18T16:23:42.478-0800: 0.798: [DefNew: 1258304K->139775K(1258304K), 0.1432696 secs] 1355233K->395017K(4054528K), 0.1433359 secs] [Times: user=0.08 sys=0.06, real=0.15 secs] 
2020-11-18T16:23:42.738-0800: 1.058: [GC (Allocation Failure) 2020-11-18T16:23:42.738-0800: 1.058: [DefNew: 1258303K->139775K(1258304K), 0.0941123 secs] 1513545K->532101K(4054528K), 0.0941768 secs] [Times: user=0.06 sys=0.03, real=0.10 secs] 
Heap
 def new generation   total 1258304K, used 184991K [0x00000006c0000000, 0x0000000715550000, 0x0000000715550000)
  eden space 1118528K,   4% used [0x00000006c0000000, 0x00000006c2c27e60, 0x0000000704450000)
  from space 139776K,  99% used [0x000000070ccd0000, 0x000000071554fff8, 0x0000000715550000)
  to   space 139776K,   0% used [0x0000000704450000, 0x0000000704450000, 0x000000070ccd0000)
 tenured generation   total 2796224K, used 392325K [0x0000000715550000, 0x00000007c0000000, 0x00000007c0000000)
   the space 2796224K,  14% used [0x0000000715550000, 0x000000072d471408, 0x000000072d471600, 0x00000007c0000000)
 Metaspace       used 2747K, capacity 4486K, committed 4864K, reserved 1056768K
  class space    used 297K, capacity 386K, committed 512K, reserved 1048576K
