Java HotSpot(TM) 64-Bit Server VM (25.261-b12) for bsd-amd64 JRE (1.8.0_261-b12), built on Jun 18 2020 06:38:55 by "java_re" with gcc 4.2.1 Compatible Apple LLVM 10.0.0 (clang-1000.11.45.5)
Memory: 4k page, physical 16777216k(2039048k free)

/proc/meminfo:

CommandLine flags: -XX:InitialHeapSize=4294967296 -XX:MaxHeapSize=4294967296 -XX:+PrintGC -XX:+PrintGCDateStamps -XX:+PrintGCDetails -XX:+PrintGCTimeStamps -XX:+UseCompressedClassPointers -XX:+UseCompressedOops -XX:+UseParallelGC 
2020-11-18T16:23:56.396-0800: 0.549: [GC (Allocation Failure) [PSYoungGen: 1048576K->174582K(1223168K)] 1048576K->225136K(4019712K), 0.0984885 secs] [Times: user=0.11 sys=0.83, real=0.10 secs] 
2020-11-18T16:23:56.611-0800: 0.765: [GC (Allocation Failure) [PSYoungGen: 1223158K->174576K(1223168K)] 1273712K->353519K(4019712K), 0.1369618 secs] [Times: user=0.14 sys=1.17, real=0.13 secs] 
2020-11-18T16:23:56.848-0800: 1.001: [GC (Allocation Failure) [PSYoungGen: 1223152K->174585K(1223168K)] 1402095K->490860K(4019712K), 0.0848121 secs] [Times: user=0.28 sys=0.56, real=0.09 secs] 
Heap
 PSYoungGen      total 1223168K, used 217063K [0x000000076ab00000, 0x00000007c0000000, 0x00000007c0000000)
  eden space 1048576K, 4% used [0x000000076ab00000,0x000000076d47ba18,0x00000007aab00000)
  from space 174592K, 99% used [0x00000007aab00000,0x00000007b557e428,0x00000007b5580000)
  to   space 174592K, 0% used [0x00000007b5580000,0x00000007b5580000,0x00000007c0000000)
 ParOldGen       total 2796544K, used 316275K [0x00000006c0000000, 0x000000076ab00000, 0x000000076ab00000)
  object space 2796544K, 11% used [0x00000006c0000000,0x00000006d34dcf88,0x000000076ab00000)
 Metaspace       used 2747K, capacity 4486K, committed 4864K, reserved 1056768K
  class space    used 297K, capacity 386K, committed 512K, reserved 1048576K
