Java HotSpot(TM) 64-Bit Server VM (25.261-b12) for bsd-amd64 JRE (1.8.0_261-b12), built on Jun 18 2020 06:38:55 by "java_re" with gcc 4.2.1 Compatible Apple LLVM 10.0.0 (clang-1000.11.45.5)
Memory: 4k page, physical 16777216k(675740k free)

/proc/meminfo:

CommandLine flags: -XX:InitialHeapSize=536870912 -XX:MaxHeapSize=536870912 -XX:MaxNewSize=178958336 -XX:MaxTenuringThreshold=6 -XX:NewSize=178958336 -XX:OldPLABSize=16 -XX:OldSize=357912576 -XX:+PrintGC -XX:+PrintGCDateStamps -XX:+PrintGCDetails -XX:+PrintGCTimeStamps -XX:+UseCompressedClassPointers -XX:+UseCompressedOops -XX:+UseConcMarkSweepGC -XX:+UseParNewGC 
2020-11-18T16:52:13.719-0800: 0.218: [GC (Allocation Failure) 2020-11-18T16:52:13.719-0800: 0.218: [ParNew: 139776K->17471K(157248K), 0.0210767 secs] 139776K->44699K(506816K), 0.0212123 secs] [Times: user=0.04 sys=0.16, real=0.03 secs] 
2020-11-18T16:52:13.756-0800: 0.255: [GC (Allocation Failure) 2020-11-18T16:52:13.756-0800: 0.255: [ParNew: 156751K->17472K(157248K), 0.0250680 secs] 183978K->91418K(506816K), 0.0251422 secs] [Times: user=0.06 sys=0.16, real=0.03 secs] 
2020-11-18T16:52:13.795-0800: 0.295: [GC (Allocation Failure) 2020-11-18T16:52:13.795-0800: 0.295: [ParNew: 157248K->17469K(157248K), 0.0237539 secs] 231194K->138263K(506816K), 0.0238224 secs] [Times: user=0.29 sys=0.02, real=0.02 secs] 
2020-11-18T16:52:13.835-0800: 0.334: [GC (Allocation Failure) 2020-11-18T16:52:13.835-0800: 0.334: [ParNew: 157245K->17468K(157248K), 0.0246045 secs] 278039K->184458K(506816K), 0.0246715 secs] [Times: user=0.30 sys=0.01, real=0.02 secs] 
2020-11-18T16:52:13.873-0800: 0.373: [GC (Allocation Failure) 2020-11-18T16:52:13.874-0800: 0.373: [ParNew: 157244K->17470K(157248K), 0.0233593 secs] 324234K->229801K(506816K), 0.0234349 secs] [Times: user=0.28 sys=0.02, real=0.02 secs] 
2020-11-18T16:52:13.897-0800: 0.396: [GC (CMS Initial Mark) [1 CMS-initial-mark: 212330K(349568K)] 232872K(506816K), 0.0003431 secs] [Times: user=0.00 sys=0.00, real=0.00 secs] 
2020-11-18T16:52:13.898-0800: 0.397: [CMS-concurrent-mark-start]
2020-11-18T16:52:13.899-0800: 0.399: [CMS-concurrent-mark: 0.002/0.002 secs] [Times: user=0.01 sys=0.00, real=0.01 secs] 
2020-11-18T16:52:13.900-0800: 0.399: [CMS-concurrent-preclean-start]
2020-11-18T16:52:13.900-0800: 0.399: [CMS-concurrent-preclean: 0.000/0.000 secs] [Times: user=0.00 sys=0.00, real=0.00 secs] 
2020-11-18T16:52:13.900-0800: 0.399: [CMS-concurrent-abortable-preclean-start]
2020-11-18T16:52:13.912-0800: 0.411: [GC (Allocation Failure) 2020-11-18T16:52:13.912-0800: 0.411: [ParNew: 157246K->17471K(157248K), 0.0236042 secs] 369577K->275661K(506816K), 0.0237266 secs] [Times: user=0.29 sys=0.02, real=0.02 secs] 
2020-11-18T16:52:13.947-0800: 0.447: [GC (Allocation Failure) 2020-11-18T16:52:13.948-0800: 0.447: [ParNew: 157247K->17471K(157248K), 0.0255443 secs] 415437K->322672K(506816K), 0.0256225 secs] [Times: user=0.31 sys=0.01, real=0.03 secs] 
2020-11-18T16:52:13.986-0800: 0.485: [GC (Allocation Failure) 2020-11-18T16:52:13.986-0800: 0.485: [ParNew: 157247K->157247K(157248K), 0.0000178 secs]2020-11-18T16:52:13.986-0800: 0.485: [CMS2020-11-18T16:52:13.986-0800: 0.485: [CMS-concurrent-abortable-preclean: 0.002/0.086 secs] [Times: user=0.64 sys=0.03, real=0.08 secs] 
 (concurrent mode failure): 305200K->249262K(349568K), 0.0468736 secs] 462448K->249262K(506816K), [Metaspace: 2741K->2741K(1056768K)], 0.0469896 secs] [Times: user=0.04 sys=0.00, real=0.05 secs] 
2020-11-18T16:52:14.050-0800: 0.550: [GC (Allocation Failure) 2020-11-18T16:52:14.050-0800: 0.550: [ParNew: 139776K->17471K(157248K), 0.0059958 secs] 389038K->296989K(506816K), 0.0060870 secs] [Times: user=0.07 sys=0.00, real=0.00 secs] 
2020-11-18T16:52:14.057-0800: 0.556: [GC (CMS Initial Mark) [1 CMS-initial-mark: 279517K(349568K)] 299908K(506816K), 0.0002500 secs] [Times: user=0.01 sys=0.00, real=0.00 secs] 
2020-11-18T16:52:14.057-0800: 0.556: [CMS-concurrent-mark-start]
2020-11-18T16:52:14.058-0800: 0.557: [CMS-concurrent-mark: 0.001/0.001 secs] [Times: user=0.00 sys=0.00, real=0.00 secs] 
2020-11-18T16:52:14.058-0800: 0.557: [CMS-concurrent-preclean-start]
2020-11-18T16:52:14.058-0800: 0.557: [CMS-concurrent-preclean: 0.000/0.000 secs] [Times: user=0.00 sys=0.00, real=0.00 secs] 
2020-11-18T16:52:14.058-0800: 0.557: [CMS-concurrent-abortable-preclean-start]
2020-11-18T16:52:14.073-0800: 0.572: [GC (Allocation Failure) 2020-11-18T16:52:14.073-0800: 0.572: [ParNew: 157247K->17471K(157248K), 0.0148275 secs] 436765K->341471K(506816K), 0.0149018 secs] [Times: user=0.19 sys=0.01, real=0.01 secs] 
2020-11-18T16:52:14.103-0800: 0.602: [GC (Allocation Failure) 2020-11-18T16:52:14.103-0800: 0.602: [ParNew: 157243K->157243K(157248K), 0.0000157 secs]2020-11-18T16:52:14.103-0800: 0.602: [CMS2020-11-18T16:52:14.103-0800: 0.602: [CMS-concurrent-abortable-preclean: 0.001/0.045 secs] [Times: user=0.21 sys=0.01, real=0.05 secs] 
 (concurrent mode failure): 324000K->298050K(349568K), 0.0401667 secs] 481244K->298050K(506816K), [Metaspace: 2741K->2741K(1056768K)], 0.0402776 secs] [Times: user=0.04 sys=0.00, real=0.04 secs] 
2020-11-18T16:52:14.163-0800: 0.662: [GC (Allocation Failure) 2020-11-18T16:52:14.163-0800: 0.662: [ParNew: 139776K->17470K(157248K), 0.0056779 secs] 437826K->340483K(506816K), 0.0057633 secs] [Times: user=0.07 sys=0.00, real=0.00 secs] 
2020-11-18T16:52:14.169-0800: 0.668: [GC (CMS Initial Mark) [1 CMS-initial-mark: 323012K(349568K)] 343525K(506816K), 0.0002803 secs] [Times: user=0.00 sys=0.00, real=0.00 secs] 
2020-11-18T16:52:14.169-0800: 0.668: [CMS-concurrent-mark-start]
2020-11-18T16:52:14.170-0800: 0.669: [CMS-concurrent-mark: 0.001/0.001 secs] [Times: user=0.00 sys=0.00, real=0.01 secs] 
2020-11-18T16:52:14.170-0800: 0.669: [CMS-concurrent-preclean-start]
2020-11-18T16:52:14.170-0800: 0.669: [CMS-concurrent-preclean: 0.000/0.000 secs] [Times: user=0.00 sys=0.00, real=0.00 secs] 
2020-11-18T16:52:14.170-0800: 0.669: [CMS-concurrent-abortable-preclean-start]
2020-11-18T16:52:14.170-0800: 0.669: [CMS-concurrent-abortable-preclean: 0.000/0.000 secs] [Times: user=0.00 sys=0.00, real=0.00 secs] 
2020-11-18T16:52:14.170-0800: 0.669: [GC (CMS Final Remark) [YG occupancy: 29480 K (157248 K)]2020-11-18T16:52:14.170-0800: 0.669: [Rescan (parallel) , 0.0002639 secs]2020-11-18T16:52:14.170-0800: 0.670: [weak refs processing, 0.0000142 secs]2020-11-18T16:52:14.170-0800: 0.670: [class unloading, 0.0001748 secs]2020-11-18T16:52:14.171-0800: 0.670: [scrub symbol table, 0.0002875 secs]2020-11-18T16:52:14.171-0800: 0.670: [scrub string table, 0.0001498 secs][1 CMS-remark: 323012K(349568K)] 352492K(506816K), 0.0009480 secs] [Times: user=0.00 sys=0.00, real=0.00 secs] 
2020-11-18T16:52:14.171-0800: 0.670: [CMS-concurrent-sweep-start]
2020-11-18T16:52:14.172-0800: 0.671: [CMS-concurrent-sweep: 0.000/0.000 secs] [Times: user=0.00 sys=0.00, real=0.00 secs] 
2020-11-18T16:52:14.172-0800: 0.671: [CMS-concurrent-reset-start]
2020-11-18T16:52:14.172-0800: 0.671: [CMS-concurrent-reset: 0.000/0.000 secs] [Times: user=0.00 sys=0.00, real=0.00 secs] 
2020-11-18T16:52:14.187-0800: 0.686: [GC (Allocation Failure) 2020-11-18T16:52:14.187-0800: 0.686: [ParNew: 157222K->17470K(157248K), 0.0151210 secs] 447331K->354281K(506816K), 0.0151893 secs] [Times: user=0.19 sys=0.01, real=0.02 secs] 
2020-11-18T16:52:14.202-0800: 0.701: [GC (CMS Initial Mark) [1 CMS-initial-mark: 336811K(349568K)] 357134K(506816K), 0.0002499 secs] [Times: user=0.00 sys=0.00, real=0.00 secs] 
2020-11-18T16:52:14.202-0800: 0.702: [CMS-concurrent-mark-start]
2020-11-18T16:52:14.203-0800: 0.702: [CMS-concurrent-mark: 0.001/0.001 secs] [Times: user=0.00 sys=0.00, real=0.00 secs] 
2020-11-18T16:52:14.203-0800: 0.702: [CMS-concurrent-preclean-start]
2020-11-18T16:52:14.204-0800: 0.703: [CMS-concurrent-preclean: 0.001/0.001 secs] [Times: user=0.00 sys=0.00, real=0.00 secs] 
2020-11-18T16:52:14.204-0800: 0.703: [CMS-concurrent-abortable-preclean-start]
2020-11-18T16:52:14.204-0800: 0.703: [CMS-concurrent-abortable-preclean: 0.000/0.000 secs] [Times: user=0.00 sys=0.00, real=0.00 secs] 
2020-11-18T16:52:14.204-0800: 0.703: [GC (CMS Final Remark) [YG occupancy: 29385 K (157248 K)]2020-11-18T16:52:14.204-0800: 0.703: [Rescan (parallel) , 0.0003010 secs]2020-11-18T16:52:14.204-0800: 0.703: [weak refs processing, 0.0000110 secs]2020-11-18T16:52:14.204-0800: 0.703: [class unloading, 0.0001687 secs]2020-11-18T16:52:14.204-0800: 0.703: [scrub symbol table, 0.0002762 secs]2020-11-18T16:52:14.204-0800: 0.704: [scrub string table, 0.0001556 secs][1 CMS-remark: 336811K(349568K)] 366197K(506816K), 0.0009602 secs] [Times: user=0.01 sys=0.00, real=0.00 secs] 
2020-11-18T16:52:14.205-0800: 0.704: [CMS-concurrent-sweep-start]
2020-11-18T16:52:14.205-0800: 0.704: [CMS-concurrent-sweep: 0.000/0.000 secs] [Times: user=0.00 sys=0.00, real=0.00 secs] 
2020-11-18T16:52:14.205-0800: 0.704: [CMS-concurrent-reset-start]
2020-11-18T16:52:14.205-0800: 0.705: [CMS-concurrent-reset: 0.000/0.000 secs] [Times: user=0.00 sys=0.00, real=0.00 secs] 
2020-11-18T16:52:14.218-0800: 0.717: [GC (Allocation Failure) 2020-11-18T16:52:14.218-0800: 0.717: [ParNew: 157246K->157246K(157248K), 0.0000157 secs]2020-11-18T16:52:14.218-0800: 0.717: [CMS: 300720K->332401K(349568K), 0.0449483 secs] 457967K->332401K(506816K), [Metaspace: 2741K->2741K(1056768K)], 0.0450439 secs] [Times: user=0.04 sys=0.00, real=0.05 secs] 
2020-11-18T16:52:14.263-0800: 0.763: [GC (CMS Initial Mark) [1 CMS-initial-mark: 332401K(349568K)] 335547K(506816K), 0.0003187 secs] [Times: user=0.00 sys=0.00, real=0.00 secs] 
2020-11-18T16:52:14.264-0800: 0.763: [CMS-concurrent-mark-start]
2020-11-18T16:52:14.264-0800: 0.764: [CMS-concurrent-mark: 0.001/0.001 secs] [Times: user=0.01 sys=0.00, real=0.00 secs] 
2020-11-18T16:52:14.264-0800: 0.764: [CMS-concurrent-preclean-start]
2020-11-18T16:52:14.265-0800: 0.764: [CMS-concurrent-preclean: 0.000/0.000 secs] [Times: user=0.00 sys=0.00, real=0.00 secs] 
2020-11-18T16:52:14.265-0800: 0.764: [CMS-concurrent-abortable-preclean-start]
2020-11-18T16:52:14.283-0800: 0.782: [GC (Allocation Failure) 2020-11-18T16:52:14.283-0800: 0.782: [ParNew: 139776K->139776K(157248K), 0.0000205 secs]2020-11-18T16:52:14.283-0800: 0.782: [CMS2020-11-18T16:52:14.283-0800: 0.782: [CMS-concurrent-abortable-preclean: 0.000/0.018 secs] [Times: user=0.02 sys=0.00, real=0.02 secs] 
 (concurrent mode failure): 332401K->337710K(349568K), 0.0462572 secs] 472177K->337710K(506816K), [Metaspace: 2741K->2741K(1056768K)], 0.0463760 secs] [Times: user=0.04 sys=0.00, real=0.04 secs] 
2020-11-18T16:52:14.350-0800: 0.849: [GC (Allocation Failure) 2020-11-18T16:52:14.350-0800: 0.849: [ParNew: 139776K->139776K(157248K), 0.0000221 secs]2020-11-18T16:52:14.350-0800: 0.849: [CMS: 337710K->337712K(349568K), 0.0475199 secs] 477486K->337712K(506816K), [Metaspace: 2741K->2741K(1056768K)], 0.0476560 secs] [Times: user=0.05 sys=0.00, real=0.04 secs] 
2020-11-18T16:52:14.398-0800: 0.897: [GC (CMS Initial Mark) [1 CMS-initial-mark: 337712K(349568K)] 340702K(506816K), 0.0003038 secs] [Times: user=0.00 sys=0.00, real=0.00 secs] 
2020-11-18T16:52:14.398-0800: 0.897: [CMS-concurrent-mark-start]
2020-11-18T16:52:14.399-0800: 0.898: [CMS-concurrent-mark: 0.001/0.001 secs] [Times: user=0.00 sys=0.00, real=0.00 secs] 
2020-11-18T16:52:14.399-0800: 0.898: [CMS-concurrent-preclean-start]
2020-11-18T16:52:14.399-0800: 0.899: [CMS-concurrent-preclean: 0.000/0.000 secs] [Times: user=0.00 sys=0.00, real=0.00 secs] 
2020-11-18T16:52:14.399-0800: 0.899: [CMS-concurrent-abortable-preclean-start]
2020-11-18T16:52:14.417-0800: 0.916: [GC (Allocation Failure) 2020-11-18T16:52:14.417-0800: 0.916: [ParNew: 139776K->139776K(157248K), 0.0000232 secs]2020-11-18T16:52:14.417-0800: 0.916: [CMS2020-11-18T16:52:14.417-0800: 0.917: [CMS-concurrent-abortable-preclean: 0.000/0.018 secs] [Times: user=0.02 sys=0.00, real=0.02 secs] 
 (concurrent mode failure): 337712K->339818K(349568K), 0.0474598 secs] 477488K->339818K(506816K), [Metaspace: 2741K->2741K(1056768K)], 0.0475875 secs] [Times: user=0.05 sys=0.00, real=0.05 secs] 
2020-11-18T16:52:14.484-0800: 0.983: [GC (Allocation Failure) 2020-11-18T16:52:14.484-0800: 0.983: [ParNew: 139776K->139776K(157248K), 0.0000225 secs]2020-11-18T16:52:14.484-0800: 0.983: [CMS: 339818K->336698K(349568K), 0.0460613 secs] 479594K->336698K(506816K), [Metaspace: 2741K->2741K(1056768K)], 0.0462137 secs] [Times: user=0.05 sys=0.00, real=0.05 secs] 
2020-11-18T16:52:14.530-0800: 1.030: [GC (CMS Initial Mark) [1 CMS-initial-mark: 336698K(349568K)] 336986K(506816K), 0.0003363 secs] [Times: user=0.00 sys=0.00, real=0.00 secs] 
2020-11-18T16:52:14.531-0800: 1.030: [CMS-concurrent-mark-start]
2020-11-18T16:52:14.532-0800: 1.031: [CMS-concurrent-mark: 0.001/0.001 secs] [Times: user=0.00 sys=0.00, real=0.00 secs] 
2020-11-18T16:52:14.532-0800: 1.031: [CMS-concurrent-preclean-start]
2020-11-18T16:52:14.532-0800: 1.031: [CMS-concurrent-preclean: 0.001/0.001 secs] [Times: user=0.00 sys=0.00, real=0.00 secs] 
2020-11-18T16:52:14.532-0800: 1.031: [CMS-concurrent-abortable-preclean-start]
2020-11-18T16:52:14.552-0800: 1.052: [GC (Allocation Failure) 2020-11-18T16:52:14.552-0800: 1.052: [ParNew: 139638K->139638K(157248K), 0.0000196 secs]2020-11-18T16:52:14.552-0800: 1.052: [CMS2020-11-18T16:52:14.552-0800: 1.052: [CMS-concurrent-abortable-preclean: 0.000/0.020 secs] [Times: user=0.02 sys=0.00, real=0.02 secs] 
 (concurrent mode failure): 336698K->338086K(349568K), 0.0457241 secs] 476336K->338086K(506816K), [Metaspace: 2741K->2741K(1056768K)], 0.0458458 secs] [Times: user=0.05 sys=0.00, real=0.04 secs] 
2020-11-18T16:52:14.619-0800: 1.118: [GC (Allocation Failure) 2020-11-18T16:52:14.619-0800: 1.118: [ParNew: 139660K->139660K(157248K), 0.0000193 secs]2020-11-18T16:52:14.619-0800: 1.118: [CMS: 338086K->343320K(349568K), 0.0587545 secs] 477746K->343320K(506816K), [Metaspace: 2741K->2741K(1056768K)], 0.0589080 secs] [Times: user=0.05 sys=0.00, real=0.06 secs] 
2020-11-18T16:52:14.678-0800: 1.177: [GC (CMS Initial Mark) [1 CMS-initial-mark: 343320K(349568K)] 346302K(506816K), 0.0004353 secs] [Times: user=0.00 sys=0.00, real=0.00 secs] 
2020-11-18T16:52:14.679-0800: 1.178: [CMS-concurrent-mark-start]
Heap
 par new generation   total 157248K, used 5777K [0x00000007a0000000, 0x00000007aaaa0000, 0x00000007aaaa0000)
  eden space 139776K,   4% used [0x00000007a0000000, 0x00000007a05a4790, 0x00000007a8880000)
  from space 17472K,   0% used [0x00000007a9990000, 0x00000007a9990000, 0x00000007aaaa0000)
  to   space 17472K,   0% used [0x00000007a8880000, 0x00000007a8880000, 0x00000007a9990000)
 concurrent mark-sweep generation total 349568K, used 343320K [0x00000007aaaa0000, 0x00000007c0000000, 0x00000007c0000000)
 Metaspace       used 2748K, capacity 4486K, committed 4864K, reserved 1056768K
  class space    used 297K, capacity 386K, committed 512K, reserved 1048576K
