Java HotSpot(TM) 64-Bit Server VM (25.261-b12) for bsd-amd64 JRE (1.8.0_261-b12), built on Jun 18 2020 06:38:55 by "java_re" with gcc 4.2.1 Compatible Apple LLVM 10.0.0 (clang-1000.11.45.5)
Memory: 4k page, physical 16777216k(568692k free)

/proc/meminfo:

CommandLine flags: -XX:InitialHeapSize=536870912 -XX:MaxHeapSize=536870912 -XX:+PrintGC -XX:+PrintGCDateStamps -XX:+PrintGCDetails -XX:+PrintGCTimeStamps -XX:+UseCompressedClassPointers -XX:+UseCompressedOops -XX:+UseG1GC 
2020-11-18T16:52:21.979-0800: 0.092: [GC pause (G1 Evacuation Pause) (young), 0.0045555 secs]
   [Parallel Time: 3.9 ms, GC Workers: 13]
      [GC Worker Start (ms): Min: 91.8, Avg: 91.9, Max: 91.9, Diff: 0.1]
      [Ext Root Scanning (ms): Min: 0.1, Avg: 0.2, Max: 0.8, Diff: 0.7, Sum: 2.4]
      [Update RS (ms): Min: 0.0, Avg: 0.0, Max: 0.0, Diff: 0.0, Sum: 0.0]
         [Processed Buffers: Min: 0, Avg: 0.0, Max: 0, Diff: 0, Sum: 0]
      [Scan RS (ms): Min: 0.0, Avg: 0.0, Max: 0.0, Diff: 0.0, Sum: 0.0]
      [Code Root Scanning (ms): Min: 0.0, Avg: 0.0, Max: 0.2, Diff: 0.2, Sum: 0.5]
      [Object Copy (ms): Min: 2.6, Avg: 3.2, Max: 3.4, Diff: 0.8, Sum: 41.1]
      [Termination (ms): Min: 0.0, Avg: 0.3, Max: 0.6, Diff: 0.6, Sum: 4.1]
         [Termination Attempts: Min: 1, Avg: 1.0, Max: 1, Diff: 0, Sum: 13]
      [GC Worker Other (ms): Min: 0.0, Avg: 0.0, Max: 0.1, Diff: 0.1, Sum: 0.4]
      [GC Worker Total (ms): Min: 3.6, Avg: 3.7, Max: 3.8, Diff: 0.2, Sum: 48.5]
      [GC Worker End (ms): Min: 95.5, Avg: 95.6, Max: 95.7, Diff: 0.2]
   [Code Root Fixup: 0.0 ms]
   [Code Root Purge: 0.0 ms]
   [Clear CT: 0.1 ms]
   [Other: 0.5 ms]
      [Choose CSet: 0.0 ms]
      [Ref Proc: 0.3 ms]
      [Ref Enq: 0.0 ms]
      [Redirty Cards: 0.1 ms]
      [Humongous Register: 0.0 ms]
      [Humongous Reclaim: 0.0 ms]
      [Free CSet: 0.0 ms]
   [Eden: 25.0M(25.0M)->0.0B(21.0M) Survivors: 0.0B->4096.0K Heap: 33.9M(512.0M)->13.9M(512.0M)]
 [Times: user=0.01 sys=0.03, real=0.01 secs] 
2020-11-18T16:52:21.988-0800: 0.100: [GC pause (G1 Evacuation Pause) (young), 0.0038057 secs]
   [Parallel Time: 3.3 ms, GC Workers: 13]
      [GC Worker Start (ms): Min: 100.4, Avg: 100.5, Max: 100.5, Diff: 0.1]
      [Ext Root Scanning (ms): Min: 0.0, Avg: 0.1, Max: 0.2, Diff: 0.2, Sum: 1.2]
      [Update RS (ms): Min: 0.0, Avg: 0.0, Max: 0.0, Diff: 0.0, Sum: 0.0]
         [Processed Buffers: Min: 0, Avg: 0.1, Max: 1, Diff: 1, Sum: 1]
      [Scan RS (ms): Min: 0.0, Avg: 0.0, Max: 0.0, Diff: 0.0, Sum: 0.0]
      [Code Root Scanning (ms): Min: 0.0, Avg: 0.0, Max: 0.0, Diff: 0.0, Sum: 0.0]
      [Object Copy (ms): Min: 2.3, Avg: 2.7, Max: 2.9, Diff: 0.6, Sum: 34.5]
      [Termination (ms): Min: 0.0, Avg: 0.3, Max: 0.6, Diff: 0.6, Sum: 4.2]
         [Termination Attempts: Min: 1, Avg: 1.2, Max: 2, Diff: 1, Sum: 15]
      [GC Worker Other (ms): Min: 0.0, Avg: 0.0, Max: 0.0, Diff: 0.0, Sum: 0.1]
      [GC Worker Total (ms): Min: 2.9, Avg: 3.1, Max: 3.2, Diff: 0.3, Sum: 40.1]
      [GC Worker End (ms): Min: 103.5, Avg: 103.6, Max: 103.6, Diff: 0.2]
   [Code Root Fixup: 0.0 ms]
   [Code Root Purge: 0.0 ms]
   [Clear CT: 0.1 ms]
   [Other: 0.4 ms]
      [Choose CSet: 0.0 ms]
      [Ref Proc: 0.2 ms]
      [Ref Enq: 0.0 ms]
      [Redirty Cards: 0.1 ms]
      [Humongous Register: 0.0 ms]
      [Humongous Reclaim: 0.0 ms]
      [Free CSet: 0.0 ms]
   [Eden: 21.0M(21.0M)->0.0B(46.0M) Survivors: 4096.0K->4096.0K Heap: 38.7M(512.0M)->22.5M(512.0M)]
 [Times: user=0.01 sys=0.02, real=0.01 secs] 
2020-11-18T16:52:22.011-0800: 0.124: [GC pause (G1 Evacuation Pause) (young), 0.0075694 secs]
   [Parallel Time: 6.8 ms, GC Workers: 13]
      [GC Worker Start (ms): Min: 124.0, Avg: 124.1, Max: 124.2, Diff: 0.2]
      [Ext Root Scanning (ms): Min: 0.0, Avg: 0.1, Max: 0.2, Diff: 0.2, Sum: 0.8]
      [Update RS (ms): Min: 0.1, Avg: 0.2, Max: 0.5, Diff: 0.4, Sum: 2.7]
         [Processed Buffers: Min: 1, Avg: 2.0, Max: 3, Diff: 2, Sum: 26]
      [Scan RS (ms): Min: 0.0, Avg: 0.0, Max: 0.0, Diff: 0.0, Sum: 0.0]
      [Code Root Scanning (ms): Min: 0.0, Avg: 0.0, Max: 0.0, Diff: 0.0, Sum: 0.0]
      [Object Copy (ms): Min: 5.6, Avg: 6.0, Max: 6.2, Diff: 0.6, Sum: 77.7]
      [Termination (ms): Min: 0.0, Avg: 0.3, Max: 0.6, Diff: 0.6, Sum: 3.9]
         [Termination Attempts: Min: 1, Avg: 1.1, Max: 2, Diff: 1, Sum: 14]
      [GC Worker Other (ms): Min: 0.0, Avg: 0.0, Max: 0.0, Diff: 0.0, Sum: 0.1]
      [GC Worker Total (ms): Min: 6.5, Avg: 6.6, Max: 6.7, Diff: 0.3, Sum: 85.3]
      [GC Worker End (ms): Min: 130.6, Avg: 130.6, Max: 130.7, Diff: 0.2]
   [Code Root Fixup: 0.0 ms]
   [Code Root Purge: 0.0 ms]
   [Clear CT: 0.1 ms]
   [Other: 0.7 ms]
      [Choose CSet: 0.0 ms]
      [Ref Proc: 0.4 ms]
      [Ref Enq: 0.0 ms]
      [Redirty Cards: 0.1 ms]
      [Humongous Register: 0.0 ms]
      [Humongous Reclaim: 0.0 ms]
      [Free CSet: 0.0 ms]
   [Eden: 46.0M(46.0M)->0.0B(60.0M) Survivors: 4096.0K->7168.0K Heap: 77.4M(512.0M)->42.5M(512.0M)]
 [Times: user=0.02 sys=0.05, real=0.00 secs] 
2020-11-18T16:52:22.034-0800: 0.146: [GC pause (G1 Evacuation Pause) (young), 0.0093868 secs]
   [Parallel Time: 8.8 ms, GC Workers: 13]
      [GC Worker Start (ms): Min: 146.4, Avg: 146.5, Max: 146.6, Diff: 0.2]
      [Ext Root Scanning (ms): Min: 0.0, Avg: 0.1, Max: 0.2, Diff: 0.2, Sum: 1.1]
      [Update RS (ms): Min: 0.5, Avg: 0.5, Max: 0.5, Diff: 0.1, Sum: 6.9]
         [Processed Buffers: Min: 5, Avg: 6.9, Max: 8, Diff: 3, Sum: 90]
      [Scan RS (ms): Min: 0.0, Avg: 0.0, Max: 0.0, Diff: 0.0, Sum: 0.0]
      [Code Root Scanning (ms): Min: 0.0, Avg: 0.0, Max: 0.0, Diff: 0.0, Sum: 0.0]
      [Object Copy (ms): Min: 7.3, Avg: 7.5, Max: 7.8, Diff: 0.6, Sum: 97.9]
      [Termination (ms): Min: 0.0, Avg: 0.4, Max: 0.6, Diff: 0.6, Sum: 5.3]
         [Termination Attempts: Min: 1, Avg: 1.0, Max: 1, Diff: 0, Sum: 13]
      [GC Worker Other (ms): Min: 0.0, Avg: 0.0, Max: 0.0, Diff: 0.0, Sum: 0.1]
      [GC Worker Total (ms): Min: 8.4, Avg: 8.6, Max: 8.7, Diff: 0.3, Sum: 111.4]
      [GC Worker End (ms): Min: 155.0, Avg: 155.1, Max: 155.2, Diff: 0.2]
   [Code Root Fixup: 0.0 ms]
   [Code Root Purge: 0.0 ms]
   [Clear CT: 0.1 ms]
   [Other: 0.5 ms]
      [Choose CSet: 0.0 ms]
      [Ref Proc: 0.3 ms]
      [Ref Enq: 0.0 ms]
      [Redirty Cards: 0.1 ms]
      [Humongous Register: 0.0 ms]
      [Humongous Reclaim: 0.0 ms]
      [Free CSet: 0.0 ms]
   [Eden: 60.0M(60.0M)->0.0B(164.0M) Survivors: 7168.0K->9216.0K Heap: 115.0M(512.0M)->67.2M(512.0M)]
 [Times: user=0.02 sys=0.07, real=0.01 secs] 
2020-11-18T16:52:22.112-0800: 0.225: [GC pause (G1 Evacuation Pause) (young), 0.0255924 secs]
   [Parallel Time: 24.1 ms, GC Workers: 13]
      [GC Worker Start (ms): Min: 225.0, Avg: 225.1, Max: 225.2, Diff: 0.2]
      [Ext Root Scanning (ms): Min: 0.0, Avg: 0.1, Max: 0.2, Diff: 0.2, Sum: 1.1]
      [Update RS (ms): Min: 0.1, Avg: 0.1, Max: 0.1, Diff: 0.1, Sum: 1.3]
         [Processed Buffers: Min: 1, Avg: 1.4, Max: 2, Diff: 1, Sum: 18]
      [Scan RS (ms): Min: 0.0, Avg: 0.0, Max: 0.0, Diff: 0.0, Sum: 0.2]
      [Code Root Scanning (ms): Min: 0.0, Avg: 0.0, Max: 0.0, Diff: 0.0, Sum: 0.0]
      [Object Copy (ms): Min: 23.0, Avg: 23.2, Max: 23.5, Diff: 0.5, Sum: 301.8]
      [Termination (ms): Min: 0.0, Avg: 0.3, Max: 0.6, Diff: 0.6, Sum: 4.4]
         [Termination Attempts: Min: 1, Avg: 1.0, Max: 1, Diff: 0, Sum: 13]
      [GC Worker Other (ms): Min: 0.0, Avg: 0.0, Max: 0.0, Diff: 0.0, Sum: 0.2]
      [GC Worker Total (ms): Min: 23.6, Avg: 23.8, Max: 23.9, Diff: 0.3, Sum: 309.0]
      [GC Worker End (ms): Min: 248.8, Avg: 248.9, Max: 249.0, Diff: 0.2]
   [Code Root Fixup: 0.0 ms]
   [Code Root Purge: 0.0 ms]
   [Clear CT: 0.3 ms]
   [Other: 1.2 ms]
      [Choose CSet: 0.0 ms]
      [Ref Proc: 0.7 ms]
      [Ref Enq: 0.0 ms]
      [Redirty Cards: 0.2 ms]
      [Humongous Register: 0.0 ms]
      [Humongous Reclaim: 0.1 ms]
      [Free CSet: 0.1 ms]
   [Eden: 163.0M(163.0M)->0.0B(79.0M) Survivors: 9216.0K->22.0M Heap: 268.9M(512.0M)->125.4M(512.0M)]
 [Times: user=0.04 sys=0.18, real=0.02 secs] 
2020-11-18T16:52:22.148-0800: 0.261: [GC pause (G1 Evacuation Pause) (young), 0.0111778 secs]
   [Parallel Time: 10.5 ms, GC Workers: 13]
      [GC Worker Start (ms): Min: 260.6, Avg: 260.8, Max: 260.9, Diff: 0.3]
      [Ext Root Scanning (ms): Min: 0.0, Avg: 0.1, Max: 0.2, Diff: 0.2, Sum: 1.2]
      [Update RS (ms): Min: 0.1, Avg: 0.1, Max: 0.2, Diff: 0.1, Sum: 1.8]
         [Processed Buffers: Min: 0, Avg: 1.8, Max: 2, Diff: 2, Sum: 23]
      [Scan RS (ms): Min: 0.0, Avg: 0.0, Max: 0.0, Diff: 0.0, Sum: 0.1]
      [Code Root Scanning (ms): Min: 0.0, Avg: 0.0, Max: 0.0, Diff: 0.0, Sum: 0.0]
      [Object Copy (ms): Min: 9.5, Avg: 9.7, Max: 9.9, Diff: 0.4, Sum: 125.7]
      [Termination (ms): Min: 0.0, Avg: 0.3, Max: 0.5, Diff: 0.5, Sum: 4.1]
         [Termination Attempts: Min: 1, Avg: 1.1, Max: 2, Diff: 1, Sum: 14]
      [GC Worker Other (ms): Min: 0.0, Avg: 0.0, Max: 0.0, Diff: 0.0, Sum: 0.1]
      [GC Worker Total (ms): Min: 10.1, Avg: 10.2, Max: 10.4, Diff: 0.3, Sum: 133.1]
      [GC Worker End (ms): Min: 271.0, Avg: 271.0, Max: 271.1, Diff: 0.2]
   [Code Root Fixup: 0.0 ms]
   [Code Root Purge: 0.0 ms]
   [Clear CT: 0.1 ms]
   [Other: 0.5 ms]
      [Choose CSet: 0.0 ms]
      [Ref Proc: 0.3 ms]
      [Ref Enq: 0.0 ms]
      [Redirty Cards: 0.1 ms]
      [Humongous Register: 0.0 ms]
      [Humongous Reclaim: 0.0 ms]
      [Free CSet: 0.0 ms]
   [Eden: 79.0M(79.0M)->0.0B(153.0M) Survivors: 22.0M->13.0M Heap: 219.5M(512.0M)->153.2M(512.0M)]
 [Times: user=0.04 sys=0.06, real=0.01 secs] 
2020-11-18T16:52:22.192-0800: 0.305: [GC pause (G1 Evacuation Pause) (young), 0.0160855 secs]
   [Parallel Time: 15.2 ms, GC Workers: 13]
      [GC Worker Start (ms): Min: 305.2, Avg: 305.3, Max: 305.4, Diff: 0.2]
      [Ext Root Scanning (ms): Min: 0.0, Avg: 0.1, Max: 0.2, Diff: 0.2, Sum: 1.2]
      [Update RS (ms): Min: 0.1, Avg: 0.2, Max: 0.2, Diff: 0.1, Sum: 2.0]
         [Processed Buffers: Min: 0, Avg: 1.8, Max: 2, Diff: 2, Sum: 23]
      [Scan RS (ms): Min: 0.0, Avg: 0.0, Max: 0.0, Diff: 0.0, Sum: 0.1]
      [Code Root Scanning (ms): Min: 0.0, Avg: 0.0, Max: 0.0, Diff: 0.0, Sum: 0.0]
      [Object Copy (ms): Min: 14.2, Avg: 14.4, Max: 14.6, Diff: 0.3, Sum: 187.7]
      [Termination (ms): Min: 0.0, Avg: 0.2, Max: 0.4, Diff: 0.4, Sum: 2.9]
         [Termination Attempts: Min: 1, Avg: 1.0, Max: 1, Diff: 0, Sum: 13]
      [GC Worker Other (ms): Min: 0.0, Avg: 0.0, Max: 0.0, Diff: 0.0, Sum: 0.1]
      [GC Worker Total (ms): Min: 14.8, Avg: 14.9, Max: 15.1, Diff: 0.3, Sum: 193.9]
      [GC Worker End (ms): Min: 320.2, Avg: 320.3, Max: 320.3, Diff: 0.1]
   [Code Root Fixup: 0.0 ms]
   [Code Root Purge: 0.0 ms]
   [Clear CT: 0.2 ms]
   [Other: 0.7 ms]
      [Choose CSet: 0.0 ms]
      [Ref Proc: 0.4 ms]
      [Ref Enq: 0.0 ms]
      [Redirty Cards: 0.1 ms]
      [Humongous Register: 0.0 ms]
      [Humongous Reclaim: 0.1 ms]
      [Free CSet: 0.0 ms]
   [Eden: 153.0M(153.0M)->0.0B(166.0M) Survivors: 13.0M->21.0M Heap: 350.0M(512.0M)->211.3M(512.0M)]
 [Times: user=0.03 sys=0.12, real=0.01 secs] 
2020-11-18T16:52:22.212-0800: 0.325: [GC pause (G1 Humongous Allocation) (young) (initial-mark), 0.0039953 secs]
   [Parallel Time: 3.3 ms, GC Workers: 13]
      [GC Worker Start (ms): Min: 324.6, Avg: 324.8, Max: 324.8, Diff: 0.2]
      [Ext Root Scanning (ms): Min: 0.0, Avg: 0.1, Max: 0.2, Diff: 0.2, Sum: 1.0]
      [Update RS (ms): Min: 0.2, Avg: 0.2, Max: 0.2, Diff: 0.0, Sum: 2.2]
         [Processed Buffers: Min: 1, Avg: 2.0, Max: 3, Diff: 2, Sum: 26]
      [Scan RS (ms): Min: 0.0, Avg: 0.0, Max: 0.0, Diff: 0.0, Sum: 0.0]
      [Code Root Scanning (ms): Min: 0.0, Avg: 0.0, Max: 0.0, Diff: 0.0, Sum: 0.0]
      [Object Copy (ms): Min: 2.4, Avg: 2.6, Max: 2.8, Diff: 0.3, Sum: 33.4]
      [Termination (ms): Min: 0.0, Avg: 0.2, Max: 0.4, Diff: 0.4, Sum: 3.1]
         [Termination Attempts: Min: 1, Avg: 1.0, Max: 1, Diff: 0, Sum: 13]
      [GC Worker Other (ms): Min: 0.0, Avg: 0.0, Max: 0.0, Diff: 0.0, Sum: 0.1]
      [GC Worker Total (ms): Min: 3.0, Avg: 3.1, Max: 3.2, Diff: 0.3, Sum: 39.8]
      [GC Worker End (ms): Min: 327.8, Avg: 327.8, Max: 327.9, Diff: 0.2]
   [Code Root Fixup: 0.0 ms]
   [Code Root Purge: 0.0 ms]
   [Clear CT: 0.1 ms]
   [Other: 0.5 ms]
      [Choose CSet: 0.0 ms]
      [Ref Proc: 0.2 ms]
      [Ref Enq: 0.0 ms]
      [Redirty Cards: 0.1 ms]
      [Humongous Register: 0.0 ms]
      [Humongous Reclaim: 0.0 ms]
      [Free CSet: 0.0 ms]
   [Eden: 22.0M(166.0M)->0.0B(163.0M) Survivors: 21.0M->8192.0K Heap: 241.0M(512.0M)->219.6M(512.0M)]
 [Times: user=0.02 sys=0.01, real=0.00 secs] 
2020-11-18T16:52:22.216-0800: 0.329: [GC concurrent-root-region-scan-start]
2020-11-18T16:52:22.216-0800: 0.329: [GC concurrent-root-region-scan-end, 0.0000959 secs]
2020-11-18T16:52:22.216-0800: 0.329: [GC concurrent-mark-start]
2020-11-18T16:52:22.218-0800: 0.331: [GC concurrent-mark-end, 0.0022802 secs]
2020-11-18T16:52:22.218-0800: 0.331: [GC remark 2020-11-18T16:52:22.218-0800: 0.331: [Finalize Marking, 0.0003308 secs] 2020-11-18T16:52:22.219-0800: 0.332: [GC ref-proc, 0.0000536 secs] 2020-11-18T16:52:22.219-0800: 0.332: [Unloading, 0.0004708 secs], 0.0011954 secs]
 [Times: user=0.00 sys=0.01, real=0.01 secs] 
2020-11-18T16:52:22.220-0800: 0.332: [GC cleanup 239M->239M(512M), 0.0006780 secs]
 [Times: user=0.00 sys=0.00, real=0.00 secs] 
2020-11-18T16:52:22.268-0800: 0.381: [GC pause (G1 Evacuation Pause) (young) (to-space exhausted), 0.0045354 secs]
   [Parallel Time: 2.8 ms, GC Workers: 13]
      [GC Worker Start (ms): Min: 380.7, Avg: 380.8, Max: 380.9, Diff: 0.2]
      [Ext Root Scanning (ms): Min: 0.0, Avg: 0.1, Max: 0.2, Diff: 0.2, Sum: 0.8]
      [Update RS (ms): Min: 0.2, Avg: 0.2, Max: 0.3, Diff: 0.1, Sum: 2.3]
         [Processed Buffers: Min: 0, Avg: 2.0, Max: 3, Diff: 3, Sum: 26]
      [Scan RS (ms): Min: 0.0, Avg: 0.0, Max: 0.0, Diff: 0.0, Sum: 0.1]
      [Code Root Scanning (ms): Min: 0.0, Avg: 0.0, Max: 0.0, Diff: 0.0, Sum: 0.0]
      [Object Copy (ms): Min: 2.2, Avg: 2.3, Max: 2.4, Diff: 0.2, Sum: 29.9]
      [Termination (ms): Min: 0.0, Avg: 0.1, Max: 0.1, Diff: 0.1, Sum: 0.8]
         [Termination Attempts: Min: 1, Avg: 1.0, Max: 1, Diff: 0, Sum: 13]
      [GC Worker Other (ms): Min: 0.0, Avg: 0.0, Max: 0.0, Diff: 0.0, Sum: 0.1]
      [GC Worker Total (ms): Min: 2.5, Avg: 2.6, Max: 2.7, Diff: 0.2, Sum: 34.2]
      [GC Worker End (ms): Min: 383.4, Avg: 383.4, Max: 383.4, Diff: 0.0]
   [Code Root Fixup: 0.0 ms]
   [Code Root Purge: 0.0 ms]
   [Clear CT: 0.2 ms]
   [Other: 1.5 ms]
      [Evacuation Failure: 0.9 ms]
      [Choose CSet: 0.0 ms]
      [Ref Proc: 0.3 ms]
      [Ref Enq: 0.0 ms]
      [Redirty Cards: 0.1 ms]
      [Humongous Register: 0.1 ms]
      [Humongous Reclaim: 0.1 ms]
      [Free CSet: 0.0 ms]
   [Eden: 163.0M(163.0M)->0.0B(6144.0K) Survivors: 8192.0K->19.0M Heap: 433.5M(512.0M)->377.8M(512.0M)]
 [Times: user=0.02 sys=0.01, real=0.01 secs] 
2020-11-18T16:52:22.273-0800: 0.386: [GC pause (G1 Evacuation Pause) (mixed), 0.0034260 secs]
   [Parallel Time: 2.8 ms, GC Workers: 13]
      [GC Worker Start (ms): Min: 386.1, Avg: 386.2, Max: 386.3, Diff: 0.2]
      [Ext Root Scanning (ms): Min: 0.0, Avg: 0.1, Max: 0.2, Diff: 0.2, Sum: 0.9]
      [Update RS (ms): Min: 0.0, Avg: 0.1, Max: 0.1, Diff: 0.1, Sum: 0.8]
         [Processed Buffers: Min: 1, Avg: 1.8, Max: 5, Diff: 4, Sum: 23]
      [Scan RS (ms): Min: 0.0, Avg: 0.0, Max: 0.1, Diff: 0.1, Sum: 0.5]
      [Code Root Scanning (ms): Min: 0.0, Avg: 0.0, Max: 0.0, Diff: 0.0, Sum: 0.0]
      [Object Copy (ms): Min: 2.2, Avg: 2.3, Max: 2.4, Diff: 0.2, Sum: 29.8]
      [Termination (ms): Min: 0.0, Avg: 0.1, Max: 0.2, Diff: 0.2, Sum: 1.6]
         [Termination Attempts: Min: 1, Avg: 1.0, Max: 1, Diff: 0, Sum: 13]
      [GC Worker Other (ms): Min: 0.0, Avg: 0.0, Max: 0.0, Diff: 0.0, Sum: 0.1]
      [GC Worker Total (ms): Min: 2.5, Avg: 2.6, Max: 2.7, Diff: 0.2, Sum: 33.7]
      [GC Worker End (ms): Min: 388.8, Avg: 388.8, Max: 388.9, Diff: 0.1]
   [Code Root Fixup: 0.0 ms]
   [Code Root Purge: 0.0 ms]
   [Clear CT: 0.1 ms]
   [Other: 0.5 ms]
      [Choose CSet: 0.0 ms]
      [Ref Proc: 0.3 ms]
      [Ref Enq: 0.0 ms]
      [Redirty Cards: 0.1 ms]
      [Humongous Register: 0.0 ms]
      [Humongous Reclaim: 0.0 ms]
      [Free CSet: 0.0 ms]
   [Eden: 6144.0K(6144.0K)->0.0B(44.0M) Survivors: 19.0M->2048.0K Heap: 384.5M(512.0M)->359.8M(512.0M)]
 [Times: user=0.02 sys=0.01, real=0.00 secs] 
2020-11-18T16:52:22.277-0800: 0.390: [GC pause (G1 Humongous Allocation) (young) (initial-mark), 0.0012536 secs]
   [Parallel Time: 0.5 ms, GC Workers: 13]
      [GC Worker Start (ms): Min: 389.8, Avg: 389.9, Max: 389.9, Diff: 0.2]
      [Ext Root Scanning (ms): Min: 0.0, Avg: 0.1, Max: 0.2, Diff: 0.2, Sum: 1.1]
      [Update RS (ms): Min: 0.0, Avg: 0.1, Max: 0.2, Diff: 0.2, Sum: 0.7]
         [Processed Buffers: Min: 0, Avg: 1.0, Max: 2, Diff: 2, Sum: 13]
      [Scan RS (ms): Min: 0.0, Avg: 0.0, Max: 0.0, Diff: 0.0, Sum: 0.0]
      [Code Root Scanning (ms): Min: 0.0, Avg: 0.0, Max: 0.0, Diff: 0.0, Sum: 0.0]
      [Object Copy (ms): Min: 0.0, Avg: 0.0, Max: 0.1, Diff: 0.1, Sum: 0.5]
      [Termination (ms): Min: 0.0, Avg: 0.1, Max: 0.2, Diff: 0.2, Sum: 1.4]
         [Termination Attempts: Min: 1, Avg: 1.1, Max: 2, Diff: 1, Sum: 14]
      [GC Worker Other (ms): Min: 0.0, Avg: 0.0, Max: 0.0, Diff: 0.0, Sum: 0.1]
      [GC Worker Total (ms): Min: 0.2, Avg: 0.3, Max: 0.4, Diff: 0.1, Sum: 3.9]
      [GC Worker End (ms): Min: 390.1, Avg: 390.2, Max: 390.2, Diff: 0.1]
   [Code Root Fixup: 0.0 ms]
   [Code Root Purge: 0.0 ms]
   [Clear CT: 0.2 ms]
   [Other: 0.6 ms]
      [Choose CSet: 0.0 ms]
      [Ref Proc: 0.4 ms]
      [Ref Enq: 0.0 ms]
      [Redirty Cards: 0.1 ms]
      [Humongous Register: 0.0 ms]
      [Humongous Reclaim: 0.0 ms]
      [Free CSet: 0.0 ms]
   [Eden: 1024.0K(44.0M)->0.0B(44.0M) Survivors: 2048.0K->2048.0K Heap: 360.6M(512.0M)->360.2M(512.0M)]
 [Times: user=0.01 sys=0.00, real=0.00 secs] 
2020-11-18T16:52:22.278-0800: 0.391: [GC concurrent-root-region-scan-start]
2020-11-18T16:52:22.278-0800: 0.391: [GC concurrent-root-region-scan-end, 0.0000815 secs]
2020-11-18T16:52:22.278-0800: 0.391: [GC concurrent-mark-start]
2020-11-18T16:52:22.279-0800: 0.392: [GC concurrent-mark-end, 0.0008667 secs]
2020-11-18T16:52:22.279-0800: 0.392: [GC remark 2020-11-18T16:52:22.279-0800: 0.392: [Finalize Marking, 0.0002934 secs] 2020-11-18T16:52:22.280-0800: 0.392: [GC ref-proc, 0.0000593 secs] 2020-11-18T16:52:22.280-0800: 0.392: [Unloading, 0.0005258 secs], 0.0012390 secs]
 [Times: user=0.01 sys=0.00, real=0.01 secs] 
2020-11-18T16:52:22.281-0800: 0.393: [GC cleanup 367M->366M(512M), 0.0006974 secs]
 [Times: user=0.00 sys=0.00, real=0.00 secs] 
2020-11-18T16:52:22.281-0800: 0.394: [GC concurrent-cleanup-start]
2020-11-18T16:52:22.281-0800: 0.394: [GC concurrent-cleanup-end, 0.0000094 secs]
2020-11-18T16:52:22.289-0800: 0.401: [GC pause (G1 Evacuation Pause) (young), 0.0031295 secs]
   [Parallel Time: 2.3 ms, GC Workers: 13]
      [GC Worker Start (ms): Min: 401.5, Avg: 401.6, Max: 401.7, Diff: 0.2]
      [Ext Root Scanning (ms): Min: 0.0, Avg: 0.1, Max: 0.2, Diff: 0.2, Sum: 0.9]
      [Update RS (ms): Min: 0.3, Avg: 0.3, Max: 0.4, Diff: 0.1, Sum: 4.3]
         [Processed Buffers: Min: 2, Avg: 3.3, Max: 4, Diff: 2, Sum: 43]
      [Scan RS (ms): Min: 0.0, Avg: 0.0, Max: 0.0, Diff: 0.0, Sum: 0.0]
      [Code Root Scanning (ms): Min: 0.0, Avg: 0.0, Max: 0.0, Diff: 0.0, Sum: 0.0]
      [Object Copy (ms): Min: 1.4, Avg: 1.5, Max: 1.6, Diff: 0.2, Sum: 18.9]
      [Termination (ms): Min: 0.0, Avg: 0.2, Max: 0.2, Diff: 0.2, Sum: 2.5]
         [Termination Attempts: Min: 1, Avg: 1.0, Max: 1, Diff: 0, Sum: 13]
      [GC Worker Other (ms): Min: 0.0, Avg: 0.0, Max: 0.0, Diff: 0.0, Sum: 0.1]
      [GC Worker Total (ms): Min: 1.9, Avg: 2.1, Max: 2.2, Diff: 0.3, Sum: 26.8]
      [GC Worker End (ms): Min: 403.6, Avg: 403.7, Max: 403.7, Diff: 0.1]
   [Code Root Fixup: 0.0 ms]
   [Code Root Purge: 0.0 ms]
   [Clear CT: 0.1 ms]
   [Other: 0.7 ms]
      [Choose CSet: 0.0 ms]
      [Ref Proc: 0.3 ms]
      [Ref Enq: 0.0 ms]
      [Redirty Cards: 0.2 ms]
      [Humongous Register: 0.1 ms]
      [Humongous Reclaim: 0.0 ms]
      [Free CSet: 0.0 ms]
   [Eden: 44.0M(44.0M)->0.0B(19.0M) Survivors: 2048.0K->6144.0K Heap: 416.7M(512.0M)->373.9M(512.0M)]
 [Times: user=0.02 sys=0.01, real=0.01 secs] 
2020-11-18T16:52:22.295-0800: 0.408: [GC pause (G1 Evacuation Pause) (mixed), 0.0030323 secs]
   [Parallel Time: 2.2 ms, GC Workers: 13]
      [GC Worker Start (ms): Min: 408.0, Avg: 408.1, Max: 408.2, Diff: 0.2]
      [Ext Root Scanning (ms): Min: 0.0, Avg: 0.1, Max: 0.2, Diff: 0.2, Sum: 1.1]
      [Update RS (ms): Min: 0.2, Avg: 0.3, Max: 0.3, Diff: 0.1, Sum: 3.3]
         [Processed Buffers: Min: 1, Avg: 2.4, Max: 4, Diff: 3, Sum: 31]
      [Scan RS (ms): Min: 0.0, Avg: 0.0, Max: 0.0, Diff: 0.0, Sum: 0.2]
      [Code Root Scanning (ms): Min: 0.0, Avg: 0.0, Max: 0.0, Diff: 0.0, Sum: 0.0]
      [Object Copy (ms): Min: 1.3, Avg: 1.3, Max: 1.5, Diff: 0.2, Sum: 17.5]
      [Termination (ms): Min: 0.0, Avg: 0.2, Max: 0.4, Diff: 0.4, Sum: 2.7]
         [Termination Attempts: Min: 1, Avg: 1.0, Max: 1, Diff: 0, Sum: 13]
      [GC Worker Other (ms): Min: 0.0, Avg: 0.0, Max: 0.0, Diff: 0.0, Sum: 0.1]
      [GC Worker Total (ms): Min: 1.8, Avg: 1.9, Max: 2.2, Diff: 0.4, Sum: 24.8]
      [GC Worker End (ms): Min: 410.0, Avg: 410.0, Max: 410.2, Diff: 0.2]
   [Code Root Fixup: 0.0 ms]
   [Code Root Purge: 0.0 ms]
   [Clear CT: 0.2 ms]
   [Other: 0.7 ms]
      [Choose CSet: 0.0 ms]
      [Ref Proc: 0.4 ms]
      [Ref Enq: 0.0 ms]
      [Redirty Cards: 0.1 ms]
      [Humongous Register: 0.1 ms]
      [Humongous Reclaim: 0.0 ms]
      [Free CSet: 0.0 ms]
   [Eden: 19.0M(19.0M)->0.0B(21.0M) Survivors: 6144.0K->4096.0K Heap: 397.6M(512.0M)->331.4M(512.0M)]
 [Times: user=0.02 sys=0.00, real=0.00 secs] 
2020-11-18T16:52:22.302-0800: 0.415: [GC pause (G1 Evacuation Pause) (mixed), 0.0047025 secs]
   [Parallel Time: 3.7 ms, GC Workers: 13]
      [GC Worker Start (ms): Min: 415.0, Avg: 415.1, Max: 415.2, Diff: 0.2]
      [Ext Root Scanning (ms): Min: 0.0, Avg: 0.1, Max: 0.2, Diff: 0.2, Sum: 1.1]
      [Update RS (ms): Min: 0.2, Avg: 0.2, Max: 0.3, Diff: 0.0, Sum: 3.1]
         [Processed Buffers: Min: 0, Avg: 2.2, Max: 3, Diff: 3, Sum: 28]
      [Scan RS (ms): Min: 0.0, Avg: 0.1, Max: 0.6, Diff: 0.6, Sum: 0.8]
      [Code Root Scanning (ms): Min: 0.0, Avg: 0.0, Max: 0.0, Diff: 0.0, Sum: 0.0]
      [Object Copy (ms): Min: 2.4, Avg: 2.9, Max: 3.1, Diff: 0.6, Sum: 37.4]
      [Termination (ms): Min: 0.0, Avg: 0.2, Max: 0.5, Diff: 0.5, Sum: 2.3]
         [Termination Attempts: Min: 1, Avg: 1.1, Max: 2, Diff: 1, Sum: 14]
      [GC Worker Other (ms): Min: 0.0, Avg: 0.0, Max: 0.0, Diff: 0.0, Sum: 0.1]
      [GC Worker Total (ms): Min: 3.3, Avg: 3.4, Max: 3.7, Diff: 0.4, Sum: 44.8]
      [GC Worker End (ms): Min: 418.5, Avg: 418.6, Max: 418.7, Diff: 0.2]
   [Code Root Fixup: 0.0 ms]
   [Code Root Purge: 0.0 ms]
   [Clear CT: 0.2 ms]
   [Other: 0.8 ms]
      [Choose CSet: 0.0 ms]
      [Ref Proc: 0.4 ms]
      [Ref Enq: 0.0 ms]
      [Redirty Cards: 0.2 ms]
      [Humongous Register: 0.1 ms]
      [Humongous Reclaim: 0.0 ms]
      [Free CSet: 0.0 ms]
   [Eden: 21.0M(21.0M)->0.0B(21.0M) Survivors: 4096.0K->4096.0K Heap: 359.6M(512.0M)->302.6M(512.0M)]
 [Times: user=0.02 sys=0.02, real=0.00 secs] 
2020-11-18T16:52:22.310-0800: 0.423: [GC pause (G1 Evacuation Pause) (mixed), 0.0044728 secs]
   [Parallel Time: 3.3 ms, GC Workers: 13]
      [GC Worker Start (ms): Min: 423.1, Avg: 423.3, Max: 423.4, Diff: 0.2]
      [Ext Root Scanning (ms): Min: 0.0, Avg: 0.1, Max: 0.2, Diff: 0.2, Sum: 1.0]
      [Update RS (ms): Min: 0.2, Avg: 0.2, Max: 0.3, Diff: 0.1, Sum: 3.1]
         [Processed Buffers: Min: 1, Avg: 2.3, Max: 3, Diff: 2, Sum: 30]
      [Scan RS (ms): Min: 0.0, Avg: 0.0, Max: 0.0, Diff: 0.0, Sum: 0.2]
      [Code Root Scanning (ms): Min: 0.0, Avg: 0.0, Max: 0.0, Diff: 0.0, Sum: 0.0]
      [Object Copy (ms): Min: 2.5, Avg: 2.6, Max: 2.7, Diff: 0.1, Sum: 34.1]
      [Termination (ms): Min: 0.0, Avg: 0.1, Max: 0.2, Diff: 0.2, Sum: 1.6]
         [Termination Attempts: Min: 1, Avg: 1.0, Max: 1, Diff: 0, Sum: 13]
      [GC Worker Other (ms): Min: 0.0, Avg: 0.0, Max: 0.0, Diff: 0.0, Sum: 0.1]
      [GC Worker Total (ms): Min: 2.9, Avg: 3.1, Max: 3.2, Diff: 0.3, Sum: 40.0]
      [GC Worker End (ms): Min: 426.3, Avg: 426.3, Max: 426.4, Diff: 0.1]
   [Code Root Fixup: 0.0 ms]
   [Code Root Purge: 0.0 ms]
   [Clear CT: 0.2 ms]
   [Other: 1.0 ms]
      [Choose CSet: 0.0 ms]
      [Ref Proc: 0.6 ms]
      [Ref Enq: 0.0 ms]
      [Redirty Cards: 0.2 ms]
      [Humongous Register: 0.1 ms]
      [Humongous Reclaim: 0.0 ms]
      [Free CSet: 0.0 ms]
   [Eden: 21.0M(21.0M)->0.0B(21.0M) Survivors: 4096.0K->4096.0K Heap: 328.0M(512.0M)->277.6M(512.0M)]
 [Times: user=0.04 sys=0.01, real=0.00 secs] 
2020-11-18T16:52:22.317-0800: 0.430: [GC pause (G1 Evacuation Pause) (mixed), 0.0029261 secs]
   [Parallel Time: 2.0 ms, GC Workers: 13]
      [GC Worker Start (ms): Min: 430.1, Avg: 430.2, Max: 430.3, Diff: 0.3]
      [Ext Root Scanning (ms): Min: 0.0, Avg: 0.1, Max: 0.2, Diff: 0.2, Sum: 0.9]
      [Update RS (ms): Min: 0.2, Avg: 0.3, Max: 0.3, Diff: 0.1, Sum: 3.6]
         [Processed Buffers: Min: 2, Avg: 3.4, Max: 5, Diff: 3, Sum: 44]
      [Scan RS (ms): Min: 0.0, Avg: 0.0, Max: 0.0, Diff: 0.0, Sum: 0.1]
      [Code Root Scanning (ms): Min: 0.0, Avg: 0.0, Max: 0.0, Diff: 0.0, Sum: 0.0]
      [Object Copy (ms): Min: 1.1, Avg: 1.2, Max: 1.3, Diff: 0.2, Sum: 15.7]
      [Termination (ms): Min: 0.0, Avg: 0.1, Max: 0.2, Diff: 0.2, Sum: 1.9]
         [Termination Attempts: Min: 1, Avg: 1.1, Max: 2, Diff: 1, Sum: 14]
      [GC Worker Other (ms): Min: 0.0, Avg: 0.0, Max: 0.0, Diff: 0.0, Sum: 0.1]
      [GC Worker Total (ms): Min: 1.6, Avg: 1.7, Max: 1.9, Diff: 0.3, Sum: 22.4]
      [GC Worker End (ms): Min: 431.9, Avg: 431.9, Max: 432.0, Diff: 0.1]
   [Code Root Fixup: 0.0 ms]
   [Code Root Purge: 0.0 ms]
   [Clear CT: 0.2 ms]
   [Other: 0.8 ms]
      [Choose CSet: 0.0 ms]
      [Ref Proc: 0.5 ms]
      [Ref Enq: 0.0 ms]
      [Redirty Cards: 0.2 ms]
      [Humongous Register: 0.1 ms]
      [Humongous Reclaim: 0.0 ms]
      [Free CSet: 0.0 ms]
   [Eden: 21.0M(21.0M)->0.0B(105.0M) Survivors: 4096.0K->4096.0K Heap: 302.3M(512.0M)->284.4M(512.0M)]
 [Times: user=0.02 sys=0.00, real=0.01 secs] 
2020-11-18T16:52:22.320-0800: 0.433: [GC pause (G1 Humongous Allocation) (young) (initial-mark), 0.0014490 secs]
   [Parallel Time: 0.8 ms, GC Workers: 13]
      [GC Worker Start (ms): Min: 433.2, Avg: 433.4, Max: 433.5, Diff: 0.3]
      [Ext Root Scanning (ms): Min: 0.0, Avg: 0.2, Max: 0.4, Diff: 0.4, Sum: 2.9]
      [Update RS (ms): Min: 0.0, Avg: 0.0, Max: 0.1, Diff: 0.1, Sum: 0.2]
         [Processed Buffers: Min: 0, Avg: 0.9, Max: 4, Diff: 4, Sum: 12]
      [Scan RS (ms): Min: 0.0, Avg: 0.0, Max: 0.0, Diff: 0.0, Sum: 0.0]
      [Code Root Scanning (ms): Min: 0.0, Avg: 0.0, Max: 0.0, Diff: 0.0, Sum: 0.0]
      [Object Copy (ms): Min: 0.0, Avg: 0.1, Max: 0.2, Diff: 0.2, Sum: 1.6]
      [Termination (ms): Min: 0.0, Avg: 0.1, Max: 0.2, Diff: 0.2, Sum: 1.5]
         [Termination Attempts: Min: 1, Avg: 1.0, Max: 1, Diff: 0, Sum: 13]
      [GC Worker Other (ms): Min: 0.0, Avg: 0.0, Max: 0.0, Diff: 0.0, Sum: 0.1]
      [GC Worker Total (ms): Min: 0.4, Avg: 0.5, Max: 0.6, Diff: 0.3, Sum: 6.3]
      [GC Worker End (ms): Min: 433.9, Avg: 433.9, Max: 434.0, Diff: 0.1]
   [Code Root Fixup: 0.0 ms]
   [Code Root Purge: 0.0 ms]
   [Clear CT: 0.1 ms]
   [Other: 0.5 ms]
      [Choose CSet: 0.0 ms]
      [Ref Proc: 0.3 ms]
      [Ref Enq: 0.0 ms]
      [Redirty Cards: 0.1 ms]
      [Humongous Register: 0.0 ms]
      [Humongous Reclaim: 0.0 ms]
      [Free CSet: 0.0 ms]
   [Eden: 1024.0K(105.0M)->0.0B(110.0M) Survivors: 4096.0K->4096.0K Heap: 285.2M(512.0M)->283.9M(512.0M)]
 [Times: user=0.00 sys=0.00, real=0.00 secs] 
2020-11-18T16:52:22.322-0800: 0.435: [GC concurrent-root-region-scan-start]
2020-11-18T16:52:22.322-0800: 0.435: [GC concurrent-root-region-scan-end, 0.0000707 secs]
2020-11-18T16:52:22.322-0800: 0.435: [GC concurrent-mark-start]
2020-11-18T16:52:22.323-0800: 0.436: [GC concurrent-mark-end, 0.0009018 secs]
2020-11-18T16:52:22.323-0800: 0.436: [GC remark 2020-11-18T16:52:22.323-0800: 0.436: [Finalize Marking, 0.0002076 secs] 2020-11-18T16:52:22.323-0800: 0.436: [GC ref-proc, 0.0000603 secs] 2020-11-18T16:52:22.323-0800: 0.436: [Unloading, 0.0004241 secs], 0.0010269 secs]
 [Times: user=0.00 sys=0.00, real=0.00 secs] 
2020-11-18T16:52:22.324-0800: 0.437: [GC cleanup 292M->291M(512M), 0.0007950 secs]
 [Times: user=0.01 sys=0.00, real=0.00 secs] 
2020-11-18T16:52:22.325-0800: 0.438: [GC concurrent-cleanup-start]
2020-11-18T16:52:22.325-0800: 0.438: [GC concurrent-cleanup-end, 0.0000081 secs]
2020-11-18T16:52:22.342-0800: 0.455: [GC pause (G1 Evacuation Pause) (young), 0.0041896 secs]
   [Parallel Time: 3.3 ms, GC Workers: 13]
      [GC Worker Start (ms): Min: 454.8, Avg: 454.9, Max: 454.9, Diff: 0.1]
      [Ext Root Scanning (ms): Min: 0.0, Avg: 0.1, Max: 0.2, Diff: 0.1, Sum: 1.4]
      [Update RS (ms): Min: 0.2, Avg: 0.3, Max: 0.3, Diff: 0.1, Sum: 3.8]
         [Processed Buffers: Min: 0, Avg: 2.7, Max: 3, Diff: 3, Sum: 35]
      [Scan RS (ms): Min: 0.0, Avg: 0.0, Max: 0.0, Diff: 0.0, Sum: 0.1]
      [Code Root Scanning (ms): Min: 0.0, Avg: 0.0, Max: 0.0, Diff: 0.0, Sum: 0.0]
      [Object Copy (ms): Min: 2.5, Avg: 2.6, Max: 2.7, Diff: 0.2, Sum: 33.8]
      [Termination (ms): Min: 0.0, Avg: 0.1, Max: 0.2, Diff: 0.2, Sum: 1.6]
         [Termination Attempts: Min: 1, Avg: 1.1, Max: 2, Diff: 1, Sum: 14]
      [GC Worker Other (ms): Min: 0.0, Avg: 0.0, Max: 0.0, Diff: 0.0, Sum: 0.2]
      [GC Worker Total (ms): Min: 3.1, Avg: 3.1, Max: 3.2, Diff: 0.2, Sum: 40.8]
      [GC Worker End (ms): Min: 458.0, Avg: 458.0, Max: 458.1, Diff: 0.1]
   [Code Root Fixup: 0.0 ms]
   [Code Root Purge: 0.0 ms]
   [Clear CT: 0.2 ms]
   [Other: 0.7 ms]
      [Choose CSet: 0.0 ms]
      [Ref Proc: 0.3 ms]
      [Ref Enq: 0.0 ms]
      [Redirty Cards: 0.2 ms]
      [Humongous Register: 0.1 ms]
      [Humongous Reclaim: 0.0 ms]
      [Free CSet: 0.1 ms]
   [Eden: 110.0M(110.0M)->0.0B(10.0M) Survivors: 4096.0K->15.0M Heap: 417.7M(512.0M)->317.2M(512.0M)]
 [Times: user=0.04 sys=0.00, real=0.00 secs] 
2020-11-18T16:52:22.347-0800: 0.460: [GC pause (G1 Evacuation Pause) (mixed), 0.0053264 secs]
   [Parallel Time: 4.6 ms, GC Workers: 13]
      [GC Worker Start (ms): Min: 460.4, Avg: 460.5, Max: 460.6, Diff: 0.2]
      [Ext Root Scanning (ms): Min: 0.0, Avg: 0.1, Max: 0.2, Diff: 0.2, Sum: 1.3]
      [Update RS (ms): Min: 0.1, Avg: 0.2, Max: 0.2, Diff: 0.1, Sum: 2.4]
         [Processed Buffers: Min: 1, Avg: 2.5, Max: 4, Diff: 3, Sum: 33]
      [Scan RS (ms): Min: 0.0, Avg: 0.0, Max: 0.1, Diff: 0.1, Sum: 0.5]
      [Code Root Scanning (ms): Min: 0.0, Avg: 0.0, Max: 0.1, Diff: 0.1, Sum: 0.1]
      [Object Copy (ms): Min: 3.7, Avg: 3.8, Max: 3.9, Diff: 0.2, Sum: 49.8]
      [Termination (ms): Min: 0.0, Avg: 0.1, Max: 0.2, Diff: 0.2, Sum: 1.7]
         [Termination Attempts: Min: 1, Avg: 1.0, Max: 1, Diff: 0, Sum: 13]
      [GC Worker Other (ms): Min: 0.0, Avg: 0.0, Max: 0.0, Diff: 0.0, Sum: 0.1]
      [GC Worker Total (ms): Min: 4.2, Avg: 4.3, Max: 4.4, Diff: 0.3, Sum: 56.0]
      [GC Worker End (ms): Min: 464.8, Avg: 464.8, Max: 464.9, Diff: 0.1]
   [Code Root Fixup: 0.0 ms]
   [Code Root Purge: 0.0 ms]
   [Clear CT: 0.2 ms]
   [Other: 0.6 ms]
      [Choose CSet: 0.0 ms]
      [Ref Proc: 0.2 ms]
      [Ref Enq: 0.0 ms]
      [Redirty Cards: 0.2 ms]
      [Humongous Register: 0.1 ms]
      [Humongous Reclaim: 0.0 ms]
      [Free CSet: 0.0 ms]
   [Eden: 10.0M(10.0M)->0.0B(95.0M) Survivors: 15.0M->4096.0K Heap: 329.9M(512.0M)->297.1M(512.0M)]
 [Times: user=0.04 sys=0.01, real=0.01 secs] 
2020-11-18T16:52:22.354-0800: 0.466: [GC pause (G1 Humongous Allocation) (young) (initial-mark), 0.0017168 secs]
   [Parallel Time: 0.9 ms, GC Workers: 13]
      [GC Worker Start (ms): Min: 466.4, Avg: 466.6, Max: 466.7, Diff: 0.3]
      [Ext Root Scanning (ms): Min: 0.0, Avg: 0.1, Max: 0.3, Diff: 0.3, Sum: 1.9]
      [Update RS (ms): Min: 0.0, Avg: 0.1, Max: 0.4, Diff: 0.4, Sum: 1.4]
         [Processed Buffers: Min: 0, Avg: 1.1, Max: 2, Diff: 2, Sum: 14]
      [Scan RS (ms): Min: 0.0, Avg: 0.0, Max: 0.0, Diff: 0.0, Sum: 0.0]
      [Code Root Scanning (ms): Min: 0.0, Avg: 0.0, Max: 0.0, Diff: 0.0, Sum: 0.0]
      [Object Copy (ms): Min: 0.0, Avg: 0.2, Max: 0.3, Diff: 0.3, Sum: 2.7]
      [Termination (ms): Min: 0.0, Avg: 0.1, Max: 0.2, Diff: 0.2, Sum: 1.3]
         [Termination Attempts: Min: 1, Avg: 1.0, Max: 1, Diff: 0, Sum: 13]
      [GC Worker Other (ms): Min: 0.0, Avg: 0.0, Max: 0.0, Diff: 0.0, Sum: 0.1]
      [GC Worker Total (ms): Min: 0.5, Avg: 0.6, Max: 0.8, Diff: 0.3, Sum: 7.4]
      [GC Worker End (ms): Min: 467.2, Avg: 467.2, Max: 467.2, Diff: 0.1]
   [Code Root Fixup: 0.0 ms]
   [Code Root Purge: 0.0 ms]
   [Clear CT: 0.2 ms]
   [Other: 0.6 ms]
      [Choose CSet: 0.0 ms]
      [Ref Proc: 0.3 ms]
      [Ref Enq: 0.0 ms]
      [Redirty Cards: 0.2 ms]
      [Humongous Register: 0.0 ms]
      [Humongous Reclaim: 0.0 ms]
      [Free CSet: 0.0 ms]
   [Eden: 3072.0K(95.0M)->0.0B(98.0M) Survivors: 4096.0K->5120.0K Heap: 300.0M(512.0M)->298.4M(512.0M)]
 [Times: user=0.01 sys=0.00, real=0.00 secs] 
2020-11-18T16:52:22.355-0800: 0.468: [GC concurrent-root-region-scan-start]
2020-11-18T16:52:22.355-0800: 0.468: [GC concurrent-root-region-scan-end, 0.0000698 secs]
2020-11-18T16:52:22.355-0800: 0.468: [GC concurrent-mark-start]
2020-11-18T16:52:22.356-0800: 0.469: [GC concurrent-mark-end, 0.0009607 secs]
2020-11-18T16:52:22.356-0800: 0.469: [GC remark 2020-11-18T16:52:22.357-0800: 0.469: [Finalize Marking, 0.0002839 secs] 2020-11-18T16:52:22.357-0800: 0.470: [GC ref-proc, 0.0000660 secs] 2020-11-18T16:52:22.357-0800: 0.470: [Unloading, 0.0005959 secs], 0.0014856 secs]
 [Times: user=0.01 sys=0.00, real=0.00 secs] 
2020-11-18T16:52:22.358-0800: 0.471: [GC cleanup 308M->307M(512M), 0.0008622 secs]
 [Times: user=0.00 sys=0.00, real=0.00 secs] 
2020-11-18T16:52:22.359-0800: 0.472: [GC concurrent-cleanup-start]
2020-11-18T16:52:22.359-0800: 0.472: [GC concurrent-cleanup-end, 0.0000098 secs]
2020-11-18T16:52:22.374-0800: 0.487: [GC pause (G1 Evacuation Pause) (young) (to-space exhausted), 0.0041346 secs]
   [Parallel Time: 3.0 ms, GC Workers: 13]
      [GC Worker Start (ms): Min: 486.8, Avg: 486.9, Max: 487.0, Diff: 0.2]
      [Ext Root Scanning (ms): Min: 0.0, Avg: 0.1, Max: 0.2, Diff: 0.2, Sum: 1.1]
      [Update RS (ms): Min: 0.4, Avg: 0.5, Max: 0.5, Diff: 0.1, Sum: 6.2]
         [Processed Buffers: Min: 4, Avg: 4.8, Max: 6, Diff: 2, Sum: 63]
      [Scan RS (ms): Min: 0.0, Avg: 0.0, Max: 0.0, Diff: 0.0, Sum: 0.2]
      [Code Root Scanning (ms): Min: 0.0, Avg: 0.0, Max: 0.0, Diff: 0.0, Sum: 0.0]
      [Object Copy (ms): Min: 2.1, Avg: 2.2, Max: 2.2, Diff: 0.1, Sum: 28.1]
      [Termination (ms): Min: 0.0, Avg: 0.1, Max: 0.1, Diff: 0.1, Sum: 0.7]
         [Termination Attempts: Min: 1, Avg: 1.0, Max: 1, Diff: 0, Sum: 13]
      [GC Worker Other (ms): Min: 0.0, Avg: 0.0, Max: 0.1, Diff: 0.0, Sum: 0.3]
      [GC Worker Total (ms): Min: 2.7, Avg: 2.8, Max: 2.9, Diff: 0.2, Sum: 36.6]
      [GC Worker End (ms): Min: 489.7, Avg: 489.7, Max: 489.7, Diff: 0.0]
   [Code Root Fixup: 0.0 ms]
   [Code Root Purge: 0.0 ms]
   [Clear CT: 0.2 ms]
   [Other: 0.9 ms]
      [Evacuation Failure: 0.2 ms]
      [Choose CSet: 0.0 ms]
      [Ref Proc: 0.3 ms]
      [Ref Enq: 0.0 ms]
      [Redirty Cards: 0.2 ms]
      [Humongous Register: 0.1 ms]
      [Humongous Reclaim: 0.0 ms]
      [Free CSet: 0.0 ms]
   [Eden: 98.0M(98.0M)->0.0B(12.0M) Survivors: 5120.0K->13.0M Heap: 423.7M(512.0M)->357.1M(512.0M)]
 [Times: user=0.04 sys=0.00, real=0.00 secs] 
2020-11-18T16:52:22.380-0800: 0.493: [GC pause (G1 Evacuation Pause) (mixed), 0.0052916 secs]
   [Parallel Time: 4.4 ms, GC Workers: 13]
      [GC Worker Start (ms): Min: 493.1, Avg: 493.2, Max: 493.3, Diff: 0.2]
      [Ext Root Scanning (ms): Min: 0.0, Avg: 0.1, Max: 0.2, Diff: 0.2, Sum: 1.2]
      [Update RS (ms): Min: 0.1, Avg: 0.2, Max: 0.2, Diff: 0.1, Sum: 2.4]
         [Processed Buffers: Min: 2, Avg: 2.8, Max: 5, Diff: 3, Sum: 36]
      [Scan RS (ms): Min: 0.0, Avg: 0.0, Max: 0.0, Diff: 0.0, Sum: 0.2]
      [Code Root Scanning (ms): Min: 0.0, Avg: 0.0, Max: 0.0, Diff: 0.0, Sum: 0.0]
      [Object Copy (ms): Min: 3.4, Avg: 3.5, Max: 3.7, Diff: 0.3, Sum: 45.6]
      [Termination (ms): Min: 0.0, Avg: 0.2, Max: 0.5, Diff: 0.5, Sum: 2.8]
         [Termination Attempts: Min: 1, Avg: 1.0, Max: 1, Diff: 0, Sum: 13]
      [GC Worker Other (ms): Min: 0.0, Avg: 0.0, Max: 0.0, Diff: 0.0, Sum: 0.1]
      [GC Worker Total (ms): Min: 3.9, Avg: 4.0, Max: 4.2, Diff: 0.3, Sum: 52.4]
      [GC Worker End (ms): Min: 497.2, Avg: 497.2, Max: 497.4, Diff: 0.2]
   [Code Root Fixup: 0.0 ms]
   [Code Root Purge: 0.0 ms]
   [Clear CT: 0.2 ms]
   [Other: 0.7 ms]
      [Choose CSet: 0.0 ms]
      [Ref Proc: 0.3 ms]
      [Ref Enq: 0.0 ms]
      [Redirty Cards: 0.2 ms]
      [Humongous Register: 0.1 ms]
      [Humongous Reclaim: 0.0 ms]
      [Free CSet: 0.1 ms]
   [Eden: 12.0M(12.0M)->0.0B(59.0M) Survivors: 13.0M->4096.0K Heap: 371.5M(512.0M)->338.9M(512.0M)]
 [Times: user=0.04 sys=0.02, real=0.00 secs] 
2020-11-18T16:52:22.386-0800: 0.499: [GC pause (G1 Humongous Allocation) (young) (initial-mark), 0.0015979 secs]
   [Parallel Time: 0.8 ms, GC Workers: 13]
      [GC Worker Start (ms): Min: 499.4, Avg: 499.5, Max: 499.5, Diff: 0.2]
      [Ext Root Scanning (ms): Min: 0.0, Avg: 0.1, Max: 0.2, Diff: 0.2, Sum: 1.4]
      [Update RS (ms): Min: 0.0, Avg: 0.1, Max: 0.3, Diff: 0.3, Sum: 0.8]
         [Processed Buffers: Min: 1, Avg: 1.1, Max: 2, Diff: 1, Sum: 14]
      [Scan RS (ms): Min: 0.0, Avg: 0.0, Max: 0.0, Diff: 0.0, Sum: 0.0]
      [Code Root Scanning (ms): Min: 0.0, Avg: 0.0, Max: 0.0, Diff: 0.0, Sum: 0.0]
      [Object Copy (ms): Min: 0.0, Avg: 0.3, Max: 0.4, Diff: 0.4, Sum: 3.6]
      [Termination (ms): Min: 0.0, Avg: 0.1, Max: 0.2, Diff: 0.2, Sum: 1.2]
         [Termination Attempts: Min: 1, Avg: 1.2, Max: 2, Diff: 1, Sum: 15]
      [GC Worker Other (ms): Min: 0.0, Avg: 0.0, Max: 0.0, Diff: 0.0, Sum: 0.1]
      [GC Worker Total (ms): Min: 0.5, Avg: 0.6, Max: 0.7, Diff: 0.2, Sum: 7.2]
      [GC Worker End (ms): Min: 500.0, Avg: 500.0, Max: 500.1, Diff: 0.1]
   [Code Root Fixup: 0.0 ms]
   [Code Root Purge: 0.0 ms]
   [Clear CT: 0.2 ms]
   [Other: 0.6 ms]
      [Choose CSet: 0.0 ms]
      [Ref Proc: 0.3 ms]
      [Ref Enq: 0.0 ms]
      [Redirty Cards: 0.2 ms]
      [Humongous Register: 0.1 ms]
      [Humongous Reclaim: 0.0 ms]
      [Free CSet: 0.0 ms]
   [Eden: 5120.0K(59.0M)->0.0B(59.0M) Survivors: 4096.0K->5120.0K Heap: 343.4M(512.0M)->339.5M(512.0M)]
 [Times: user=0.01 sys=0.00, real=0.00 secs] 
2020-11-18T16:52:22.388-0800: 0.501: [GC concurrent-root-region-scan-start]
2020-11-18T16:52:22.388-0800: 0.501: [GC concurrent-root-region-scan-end, 0.0000801 secs]
2020-11-18T16:52:22.388-0800: 0.501: [GC concurrent-mark-start]
2020-11-18T16:52:22.389-0800: 0.502: [GC concurrent-mark-end, 0.0009797 secs]
2020-11-18T16:52:22.389-0800: 0.502: [GC remark 2020-11-18T16:52:22.389-0800: 0.502: [Finalize Marking, 0.0005312 secs] 2020-11-18T16:52:22.390-0800: 0.503: [GC ref-proc, 0.0000639 secs] 2020-11-18T16:52:22.390-0800: 0.503: [Unloading, 0.0005663 secs], 0.0015970 secs]
 [Times: user=0.01 sys=0.00, real=0.01 secs] 
2020-11-18T16:52:22.391-0800: 0.504: [GC cleanup 347M->347M(512M), 0.0007984 secs]
 [Times: user=0.00 sys=0.00, real=0.00 secs] 
2020-11-18T16:52:22.399-0800: 0.512: [GC pause (G1 Evacuation Pause) (young), 0.0040381 secs]
   [Parallel Time: 3.1 ms, GC Workers: 13]
      [GC Worker Start (ms): Min: 512.2, Avg: 512.3, Max: 512.4, Diff: 0.2]
      [Ext Root Scanning (ms): Min: 0.0, Avg: 0.1, Max: 0.2, Diff: 0.2, Sum: 1.0]
      [Update RS (ms): Min: 0.3, Avg: 0.4, Max: 0.4, Diff: 0.1, Sum: 5.2]
         [Processed Buffers: Min: 2, Avg: 3.4, Max: 4, Diff: 2, Sum: 44]
      [Scan RS (ms): Min: 0.0, Avg: 0.0, Max: 0.0, Diff: 0.0, Sum: 0.1]
      [Code Root Scanning (ms): Min: 0.0, Avg: 0.0, Max: 0.0, Diff: 0.0, Sum: 0.0]
      [Object Copy (ms): Min: 2.1, Avg: 2.2, Max: 2.3, Diff: 0.2, Sum: 28.9]
      [Termination (ms): Min: 0.0, Avg: 0.2, Max: 0.2, Diff: 0.2, Sum: 2.1]
         [Termination Attempts: Min: 1, Avg: 1.0, Max: 1, Diff: 0, Sum: 13]
      [GC Worker Other (ms): Min: 0.0, Avg: 0.0, Max: 0.0, Diff: 0.0, Sum: 0.1]
      [GC Worker Total (ms): Min: 2.7, Avg: 2.9, Max: 3.0, Diff: 0.3, Sum: 37.5]
      [GC Worker End (ms): Min: 515.2, Avg: 515.2, Max: 515.3, Diff: 0.1]
   [Code Root Fixup: 0.0 ms]
   [Code Root Purge: 0.0 ms]
   [Clear CT: 0.2 ms]
   [Other: 0.7 ms]
      [Choose CSet: 0.0 ms]
      [Ref Proc: 0.3 ms]
      [Ref Enq: 0.0 ms]
      [Redirty Cards: 0.2 ms]
      [Humongous Register: 0.1 ms]
      [Humongous Reclaim: 0.0 ms]
      [Free CSet: 0.0 ms]
   [Eden: 59.0M(59.0M)->0.0B(17.0M) Survivors: 5120.0K->8192.0K Heap: 408.9M(512.0M)->361.6M(512.0M)]
 [Times: user=0.04 sys=0.00, real=0.01 secs] 
2020-11-18T16:52:22.407-0800: 0.519: [GC pause (G1 Evacuation Pause) (mixed), 0.0034580 secs]
   [Parallel Time: 2.7 ms, GC Workers: 13]
      [GC Worker Start (ms): Min: 519.5, Avg: 519.6, Max: 519.7, Diff: 0.2]
      [Ext Root Scanning (ms): Min: 0.0, Avg: 0.1, Max: 0.2, Diff: 0.2, Sum: 0.9]
      [Update RS (ms): Min: 0.2, Avg: 0.2, Max: 0.3, Diff: 0.1, Sum: 2.9]
         [Processed Buffers: Min: 2, Avg: 2.8, Max: 4, Diff: 2, Sum: 37]
      [Scan RS (ms): Min: 0.0, Avg: 0.0, Max: 0.0, Diff: 0.0, Sum: 0.2]
      [Code Root Scanning (ms): Min: 0.0, Avg: 0.0, Max: 0.0, Diff: 0.0, Sum: 0.0]
      [Object Copy (ms): Min: 1.9, Avg: 1.9, Max: 2.0, Diff: 0.1, Sum: 25.0]
      [Termination (ms): Min: 0.0, Avg: 0.1, Max: 0.2, Diff: 0.2, Sum: 1.4]
         [Termination Attempts: Min: 1, Avg: 1.0, Max: 1, Diff: 0, Sum: 13]
      [GC Worker Other (ms): Min: 0.0, Avg: 0.0, Max: 0.0, Diff: 0.0, Sum: 0.1]
      [GC Worker Total (ms): Min: 2.2, Avg: 2.4, Max: 2.6, Diff: 0.3, Sum: 30.6]
      [GC Worker End (ms): Min: 521.9, Avg: 522.0, Max: 522.1, Diff: 0.1]
   [Code Root Fixup: 0.0 ms]
   [Code Root Purge: 0.0 ms]
   [Clear CT: 0.1 ms]
   [Other: 0.7 ms]
      [Choose CSet: 0.0 ms]
      [Ref Proc: 0.4 ms]
      [Ref Enq: 0.0 ms]
      [Redirty Cards: 0.1 ms]
      [Humongous Register: 0.1 ms]
      [Humongous Reclaim: 0.0 ms]
      [Free CSet: 0.0 ms]
   [Eden: 17.0M(17.0M)->0.0B(21.0M) Survivors: 8192.0K->4096.0K Heap: 381.4M(512.0M)->329.8M(512.0M)]
 [Times: user=0.03 sys=0.01, real=0.01 secs] 
2020-11-18T16:52:22.414-0800: 0.526: [GC pause (G1 Evacuation Pause) (mixed), 0.0043838 secs]
   [Parallel Time: 3.3 ms, GC Workers: 13]
      [GC Worker Start (ms): Min: 526.4, Avg: 526.6, Max: 526.7, Diff: 0.2]
      [Ext Root Scanning (ms): Min: 0.0, Avg: 0.1, Max: 0.2, Diff: 0.2, Sum: 1.0]
      [Update RS (ms): Min: 0.4, Avg: 0.5, Max: 0.5, Diff: 0.1, Sum: 5.9]
         [Processed Buffers: Min: 3, Avg: 4.2, Max: 5, Diff: 2, Sum: 54]
      [Scan RS (ms): Min: 0.0, Avg: 0.0, Max: 0.1, Diff: 0.1, Sum: 0.4]
      [Code Root Scanning (ms): Min: 0.0, Avg: 0.0, Max: 0.0, Diff: 0.0, Sum: 0.0]
      [Object Copy (ms): Min: 2.4, Avg: 2.5, Max: 2.5, Diff: 0.1, Sum: 31.9]
      [Termination (ms): Min: 0.0, Avg: 0.1, Max: 0.1, Diff: 0.1, Sum: 1.3]
         [Termination Attempts: Min: 1, Avg: 1.0, Max: 1, Diff: 0, Sum: 13]
      [GC Worker Other (ms): Min: 0.0, Avg: 0.0, Max: 0.0, Diff: 0.0, Sum: 0.1]
      [GC Worker Total (ms): Min: 3.0, Avg: 3.1, Max: 3.2, Diff: 0.2, Sum: 40.7]
      [GC Worker End (ms): Min: 529.7, Avg: 529.7, Max: 529.7, Diff: 0.1]
   [Code Root Fixup: 0.0 ms]
   [Code Root Purge: 0.0 ms]
   [Clear CT: 0.2 ms]
   [Other: 0.8 ms]
      [Choose CSet: 0.0 ms]
      [Ref Proc: 0.5 ms]
      [Ref Enq: 0.0 ms]
      [Redirty Cards: 0.2 ms]
      [Humongous Register: 0.1 ms]
      [Humongous Reclaim: 0.0 ms]
      [Free CSet: 0.0 ms]
   [Eden: 21.0M(21.0M)->0.0B(70.0M) Survivors: 4096.0K->4096.0K Heap: 359.4M(512.0M)->323.7M(512.0M)]
 [Times: user=0.04 sys=0.00, real=0.00 secs] 
2020-11-18T16:52:22.419-0800: 0.532: [GC pause (G1 Humongous Allocation) (young) (initial-mark), 0.0016827 secs]
   [Parallel Time: 0.9 ms, GC Workers: 13]
      [GC Worker Start (ms): Min: 531.6, Avg: 531.7, Max: 531.8, Diff: 0.2]
      [Ext Root Scanning (ms): Min: 0.0, Avg: 0.2, Max: 0.3, Diff: 0.3, Sum: 2.0]
      [Update RS (ms): Min: 0.0, Avg: 0.0, Max: 0.1, Diff: 0.1, Sum: 0.5]
         [Processed Buffers: Min: 0, Avg: 1.1, Max: 3, Diff: 3, Sum: 14]
      [Scan RS (ms): Min: 0.0, Avg: 0.0, Max: 0.0, Diff: 0.0, Sum: 0.0]
      [Code Root Scanning (ms): Min: 0.0, Avg: 0.0, Max: 0.0, Diff: 0.0, Sum: 0.0]
      [Object Copy (ms): Min: 0.3, Avg: 0.4, Max: 0.4, Diff: 0.1, Sum: 4.9]
      [Termination (ms): Min: 0.0, Avg: 0.1, Max: 0.2, Diff: 0.2, Sum: 1.2]
         [Termination Attempts: Min: 1, Avg: 1.0, Max: 1, Diff: 0, Sum: 13]
      [GC Worker Other (ms): Min: 0.0, Avg: 0.0, Max: 0.0, Diff: 0.0, Sum: 0.1]
      [GC Worker Total (ms): Min: 0.6, Avg: 0.7, Max: 0.8, Diff: 0.2, Sum: 8.7]
      [GC Worker End (ms): Min: 532.3, Avg: 532.4, Max: 532.4, Diff: 0.1]
   [Code Root Fixup: 0.0 ms]
   [Code Root Purge: 0.0 ms]
   [Clear CT: 0.2 ms]
   [Other: 0.6 ms]
      [Choose CSet: 0.0 ms]
      [Ref Proc: 0.3 ms]
      [Ref Enq: 0.0 ms]
      [Redirty Cards: 0.1 ms]
      [Humongous Register: 0.1 ms]
      [Humongous Reclaim: 0.0 ms]
      [Free CSet: 0.0 ms]
   [Eden: 4096.0K(70.0M)->0.0B(69.0M) Survivors: 4096.0K->6144.0K Heap: 327.3M(512.0M)->325.2M(512.0M)]
 [Times: user=0.00 sys=0.00, real=0.01 secs] 
2020-11-18T16:52:22.420-0800: 0.533: [GC concurrent-root-region-scan-start]
2020-11-18T16:52:22.421-0800: 0.533: [GC concurrent-root-region-scan-end, 0.0000711 secs]
2020-11-18T16:52:22.421-0800: 0.533: [GC concurrent-mark-start]
2020-11-18T16:52:22.422-0800: 0.534: [GC concurrent-mark-end, 0.0010074 secs]
2020-11-18T16:52:22.422-0800: 0.534: [GC remark 2020-11-18T16:52:22.422-0800: 0.534: [Finalize Marking, 0.0003561 secs] 2020-11-18T16:52:22.422-0800: 0.535: [GC ref-proc, 0.0000631 secs] 2020-11-18T16:52:22.422-0800: 0.535: [Unloading, 0.0005377 secs], 0.0014263 secs]
 [Times: user=0.01 sys=0.00, real=0.00 secs] 
2020-11-18T16:52:22.423-0800: 0.536: [GC cleanup 335M->335M(512M), 0.0008059 secs]
 [Times: user=0.00 sys=0.00, real=0.00 secs] 
2020-11-18T16:52:22.435-0800: 0.547: [GC pause (G1 Evacuation Pause) (young), 0.0039715 secs]
   [Parallel Time: 3.0 ms, GC Workers: 13]
      [GC Worker Start (ms): Min: 547.5, Avg: 547.6, Max: 547.8, Diff: 0.3]
      [Ext Root Scanning (ms): Min: 0.0, Avg: 0.1, Max: 0.2, Diff: 0.2, Sum: 0.8]
      [Update RS (ms): Min: 0.5, Avg: 0.6, Max: 0.6, Diff: 0.1, Sum: 7.2]
         [Processed Buffers: Min: 3, Avg: 5.1, Max: 6, Diff: 3, Sum: 66]
      [Scan RS (ms): Min: 0.0, Avg: 0.0, Max: 0.0, Diff: 0.0, Sum: 0.1]
      [Code Root Scanning (ms): Min: 0.0, Avg: 0.0, Max: 0.0, Diff: 0.0, Sum: 0.0]
      [Object Copy (ms): Min: 2.0, Avg: 2.1, Max: 2.2, Diff: 0.2, Sum: 27.2]
      [Termination (ms): Min: 0.0, Avg: 0.1, Max: 0.1, Diff: 0.1, Sum: 1.1]
         [Termination Attempts: Min: 1, Avg: 1.0, Max: 1, Diff: 0, Sum: 13]
      [GC Worker Other (ms): Min: 0.0, Avg: 0.0, Max: 0.0, Diff: 0.0, Sum: 0.1]
      [GC Worker Total (ms): Min: 2.7, Avg: 2.8, Max: 3.0, Diff: 0.3, Sum: 36.5]
      [GC Worker End (ms): Min: 550.4, Avg: 550.5, Max: 550.5, Diff: 0.0]
   [Code Root Fixup: 0.0 ms]
   [Code Root Purge: 0.0 ms]
   [Clear CT: 0.2 ms]
   [Other: 0.7 ms]
      [Choose CSet: 0.0 ms]
      [Ref Proc: 0.4 ms]
      [Ref Enq: 0.0 ms]
      [Redirty Cards: 0.2 ms]
      [Humongous Register: 0.1 ms]
      [Humongous Reclaim: 0.0 ms]
      [Free CSet: 0.0 ms]
   [Eden: 69.0M(69.0M)->0.0B(15.0M) Survivors: 6144.0K->10.0M Heap: 410.4M(512.0M)->348.0M(512.0M)]
 [Times: user=0.03 sys=0.01, real=0.00 secs] 
2020-11-18T16:52:22.441-0800: 0.554: [GC pause (G1 Evacuation Pause) (mixed), 0.0050457 secs]
   [Parallel Time: 4.2 ms, GC Workers: 13]
      [GC Worker Start (ms): Min: 554.0, Avg: 554.1, Max: 554.2, Diff: 0.2]
      [Ext Root Scanning (ms): Min: 0.0, Avg: 0.1, Max: 0.2, Diff: 0.2, Sum: 1.1]
      [Update RS (ms): Min: 0.3, Avg: 0.3, Max: 0.3, Diff: 0.1, Sum: 3.9]
         [Processed Buffers: Min: 3, Avg: 3.4, Max: 4, Diff: 1, Sum: 44]
      [Scan RS (ms): Min: 0.0, Avg: 0.0, Max: 0.1, Diff: 0.1, Sum: 0.3]
      [Code Root Scanning (ms): Min: 0.0, Avg: 0.0, Max: 0.0, Diff: 0.0, Sum: 0.0]
      [Object Copy (ms): Min: 3.3, Avg: 3.4, Max: 3.5, Diff: 0.1, Sum: 44.1]
      [Termination (ms): Min: 0.0, Avg: 0.1, Max: 0.2, Diff: 0.2, Sum: 1.9]
         [Termination Attempts: Min: 1, Avg: 1.2, Max: 3, Diff: 2, Sum: 16]
      [GC Worker Other (ms): Min: 0.0, Avg: 0.0, Max: 0.0, Diff: 0.0, Sum: 0.1]
      [GC Worker Total (ms): Min: 3.8, Avg: 4.0, Max: 4.1, Diff: 0.2, Sum: 51.5]
      [GC Worker End (ms): Min: 558.0, Avg: 558.1, Max: 558.1, Diff: 0.1]
   [Code Root Fixup: 0.0 ms]
   [Code Root Purge: 0.0 ms]
   [Clear CT: 0.2 ms]
   [Other: 0.7 ms]
      [Choose CSet: 0.0 ms]
      [Ref Proc: 0.3 ms]
      [Ref Enq: 0.0 ms]
      [Redirty Cards: 0.2 ms]
      [Humongous Register: 0.1 ms]
      [Humongous Reclaim: 0.0 ms]
      [Free CSet: 0.1 ms]
   [Eden: 15.0M(15.0M)->0.0B(21.0M) Survivors: 10.0M->4096.0K Heap: 366.9M(512.0M)->329.4M(512.0M)]
 [Times: user=0.05 sys=0.00, real=0.00 secs] 
2020-11-18T16:52:22.450-0800: 0.562: [GC pause (G1 Evacuation Pause) (mixed), 0.0031520 secs]
   [Parallel Time: 2.2 ms, GC Workers: 13]
      [GC Worker Start (ms): Min: 562.5, Avg: 562.6, Max: 562.7, Diff: 0.2]
      [Ext Root Scanning (ms): Min: 0.0, Avg: 0.1, Max: 0.2, Diff: 0.2, Sum: 1.1]
      [Update RS (ms): Min: 0.5, Avg: 0.5, Max: 0.6, Diff: 0.1, Sum: 7.1]
         [Processed Buffers: Min: 4, Avg: 5.3, Max: 7, Diff: 3, Sum: 69]
      [Scan RS (ms): Min: 0.0, Avg: 0.0, Max: 0.0, Diff: 0.0, Sum: 0.1]
      [Code Root Scanning (ms): Min: 0.0, Avg: 0.0, Max: 0.0, Diff: 0.0, Sum: 0.0]
      [Object Copy (ms): Min: 1.2, Avg: 1.2, Max: 1.3, Diff: 0.2, Sum: 16.2]
      [Termination (ms): Min: 0.0, Avg: 0.1, Max: 0.2, Diff: 0.2, Sum: 1.9]
         [Termination Attempts: Min: 1, Avg: 1.0, Max: 1, Diff: 0, Sum: 13]
      [GC Worker Other (ms): Min: 0.0, Avg: 0.0, Max: 0.0, Diff: 0.0, Sum: 0.1]
      [GC Worker Total (ms): Min: 2.0, Avg: 2.0, Max: 2.1, Diff: 0.2, Sum: 26.5]
      [GC Worker End (ms): Min: 564.6, Avg: 564.7, Max: 564.7, Diff: 0.1]
   [Code Root Fixup: 0.0 ms]
   [Code Root Purge: 0.0 ms]
   [Clear CT: 0.2 ms]
   [Other: 0.7 ms]
      [Choose CSet: 0.0 ms]
      [Ref Proc: 0.3 ms]
      [Ref Enq: 0.0 ms]
      [Redirty Cards: 0.2 ms]
      [Humongous Register: 0.1 ms]
      [Humongous Reclaim: 0.0 ms]
      [Free CSet: 0.0 ms]
   [Eden: 21.0M(21.0M)->0.0B(56.0M) Survivors: 4096.0K->4096.0K Heap: 357.3M(512.0M)->337.2M(512.0M)]
 [Times: user=0.03 sys=0.00, real=0.00 secs] 
2020-11-18T16:52:22.453-0800: 0.566: [GC pause (G1 Humongous Allocation) (young) (initial-mark), 0.0016179 secs]
   [Parallel Time: 0.6 ms, GC Workers: 13]
      [GC Worker Start (ms): Min: 565.8, Avg: 565.9, Max: 566.0, Diff: 0.2]
      [Ext Root Scanning (ms): Min: 0.0, Avg: 0.1, Max: 0.2, Diff: 0.2, Sum: 1.1]
      [Update RS (ms): Min: 0.0, Avg: 0.0, Max: 0.1, Diff: 0.1, Sum: 0.6]
         [Processed Buffers: Min: 0, Avg: 1.0, Max: 2, Diff: 2, Sum: 13]
      [Scan RS (ms): Min: 0.0, Avg: 0.0, Max: 0.0, Diff: 0.0, Sum: 0.0]
      [Code Root Scanning (ms): Min: 0.0, Avg: 0.0, Max: 0.0, Diff: 0.0, Sum: 0.0]
      [Object Copy (ms): Min: 0.0, Avg: 0.2, Max: 0.3, Diff: 0.3, Sum: 2.2]
      [Termination (ms): Min: 0.0, Avg: 0.1, Max: 0.2, Diff: 0.2, Sum: 1.3]
         [Termination Attempts: Min: 1, Avg: 1.5, Max: 3, Diff: 2, Sum: 19]
      [GC Worker Other (ms): Min: 0.0, Avg: 0.0, Max: 0.0, Diff: 0.0, Sum: 0.1]
      [GC Worker Total (ms): Min: 0.3, Avg: 0.4, Max: 0.6, Diff: 0.2, Sum: 5.3]
      [GC Worker End (ms): Min: 566.3, Avg: 566.3, Max: 566.4, Diff: 0.1]
   [Code Root Fixup: 0.0 ms]
   [Code Root Purge: 0.0 ms]
   [Clear CT: 0.2 ms]
   [Other: 0.8 ms]
      [Choose CSet: 0.0 ms]
      [Ref Proc: 0.6 ms]
      [Ref Enq: 0.0 ms]
      [Redirty Cards: 0.1 ms]
      [Humongous Register: 0.0 ms]
      [Humongous Reclaim: 0.0 ms]
      [Free CSet: 0.0 ms]
   [Eden: 1024.0K(56.0M)->0.0B(60.0M) Survivors: 4096.0K->4096.0K Heap: 338.1M(512.0M)->336.3M(512.0M)]
 [Times: user=0.01 sys=0.00, real=0.00 secs] 
2020-11-18T16:52:22.455-0800: 0.567: [GC concurrent-root-region-scan-start]
2020-11-18T16:52:22.455-0800: 0.568: [GC concurrent-root-region-scan-end, 0.0000741 secs]
2020-11-18T16:52:22.455-0800: 0.568: [GC concurrent-mark-start]
2020-11-18T16:52:22.456-0800: 0.569: [GC concurrent-mark-end, 0.0010478 secs]
2020-11-18T16:52:22.456-0800: 0.569: [GC remark 2020-11-18T16:52:22.456-0800: 0.569: [Finalize Marking, 0.0001695 secs] 2020-11-18T16:52:22.456-0800: 0.569: [GC ref-proc, 0.0000635 secs] 2020-11-18T16:52:22.456-0800: 0.569: [Unloading, 0.0005497 secs], 0.0012638 secs]
 [Times: user=0.01 sys=0.00, real=0.00 secs] 
2020-11-18T16:52:22.457-0800: 0.570: [GC cleanup 345M->345M(512M), 0.0008541 secs]
 [Times: user=0.00 sys=0.01, real=0.00 secs] 
2020-11-18T16:52:22.466-0800: 0.579: [GC pause (G1 Evacuation Pause) (young), 0.0041157 secs]
   [Parallel Time: 3.0 ms, GC Workers: 13]
      [GC Worker Start (ms): Min: 579.2, Avg: 579.3, Max: 579.4, Diff: 0.2]
      [Ext Root Scanning (ms): Min: 0.0, Avg: 0.1, Max: 0.2, Diff: 0.2, Sum: 1.0]
      [Update RS (ms): Min: 0.5, Avg: 0.6, Max: 0.7, Diff: 0.1, Sum: 8.0]
         [Processed Buffers: Min: 4, Avg: 5.8, Max: 7, Diff: 3, Sum: 76]
      [Scan RS (ms): Min: 0.0, Avg: 0.0, Max: 0.0, Diff: 0.0, Sum: 0.1]
      [Code Root Scanning (ms): Min: 0.0, Avg: 0.0, Max: 0.0, Diff: 0.0, Sum: 0.0]
      [Object Copy (ms): Min: 1.9, Avg: 2.0, Max: 2.1, Diff: 0.2, Sum: 25.9]
      [Termination (ms): Min: 0.0, Avg: 0.1, Max: 0.2, Diff: 0.2, Sum: 1.3]
         [Termination Attempts: Min: 1, Avg: 1.0, Max: 1, Diff: 0, Sum: 13]
      [GC Worker Other (ms): Min: 0.0, Avg: 0.0, Max: 0.0, Diff: 0.0, Sum: 0.1]
      [GC Worker Total (ms): Min: 2.7, Avg: 2.8, Max: 3.0, Diff: 0.3, Sum: 36.4]
      [GC Worker End (ms): Min: 582.1, Avg: 582.1, Max: 582.2, Diff: 0.1]
   [Code Root Fixup: 0.0 ms]
   [Code Root Purge: 0.0 ms]
   [Clear CT: 0.2 ms]
   [Other: 0.9 ms]
      [Choose CSet: 0.0 ms]
      [Ref Proc: 0.5 ms]
      [Ref Enq: 0.0 ms]
      [Redirty Cards: 0.2 ms]
      [Humongous Register: 0.1 ms]
      [Humongous Reclaim: 0.0 ms]
      [Free CSet: 0.0 ms]
   [Eden: 60.0M(60.0M)->0.0B(17.0M) Survivors: 4096.0K->8192.0K Heap: 410.8M(512.0M)->356.2M(512.0M)]
 [Times: user=0.04 sys=0.00, real=0.01 secs] 
2020-11-18T16:52:22.473-0800: 0.586: [GC pause (G1 Evacuation Pause) (mixed), 0.0047428 secs]
   [Parallel Time: 3.8 ms, GC Workers: 13]
      [GC Worker Start (ms): Min: 585.9, Avg: 586.0, Max: 586.1, Diff: 0.1]
      [Ext Root Scanning (ms): Min: 0.1, Avg: 0.1, Max: 0.2, Diff: 0.1, Sum: 1.5]
      [Update RS (ms): Min: 0.1, Avg: 0.2, Max: 0.2, Diff: 0.1, Sum: 2.2]
         [Processed Buffers: Min: 2, Avg: 2.3, Max: 3, Diff: 1, Sum: 30]
      [Scan RS (ms): Min: 0.0, Avg: 0.0, Max: 0.1, Diff: 0.1, Sum: 0.3]
      [Code Root Scanning (ms): Min: 0.0, Avg: 0.0, Max: 0.0, Diff: 0.0, Sum: 0.0]
      [Object Copy (ms): Min: 3.2, Avg: 3.2, Max: 3.3, Diff: 0.1, Sum: 42.2]
      [Termination (ms): Min: 0.0, Avg: 0.1, Max: 0.1, Diff: 0.1, Sum: 1.0]
         [Termination Attempts: Min: 1, Avg: 1.0, Max: 1, Diff: 0, Sum: 13]
      [GC Worker Other (ms): Min: 0.0, Avg: 0.0, Max: 0.0, Diff: 0.0, Sum: 0.1]
      [GC Worker Total (ms): Min: 3.6, Avg: 3.6, Max: 3.7, Diff: 0.1, Sum: 47.4]
      [GC Worker End (ms): Min: 589.7, Avg: 589.7, Max: 589.7, Diff: 0.0]
   [Code Root Fixup: 0.0 ms]
   [Code Root Purge: 0.0 ms]
   [Clear CT: 0.2 ms]
   [Other: 0.7 ms]
      [Choose CSet: 0.0 ms]
      [Ref Proc: 0.3 ms]
      [Ref Enq: 0.0 ms]
      [Redirty Cards: 0.2 ms]
      [Humongous Register: 0.1 ms]
      [Humongous Reclaim: 0.0 ms]
      [Free CSet: 0.0 ms]
   [Eden: 17.0M(17.0M)->0.0B(21.0M) Survivors: 8192.0K->4096.0K Heap: 375.2M(512.0M)->333.3M(512.0M)]
 [Times: user=0.03 sys=0.01, real=0.00 secs] 
2020-11-18T16:52:22.481-0800: 0.594: [GC pause (G1 Evacuation Pause) (mixed), 0.0039296 secs]
   [Parallel Time: 3.0 ms, GC Workers: 13]
      [GC Worker Start (ms): Min: 593.8, Avg: 593.9, Max: 594.0, Diff: 0.2]
      [Ext Root Scanning (ms): Min: 0.0, Avg: 0.1, Max: 0.2, Diff: 0.2, Sum: 1.2]
      [Update RS (ms): Min: 0.3, Avg: 0.4, Max: 0.4, Diff: 0.1, Sum: 5.1]
         [Processed Buffers: Min: 3, Avg: 4.1, Max: 5, Diff: 2, Sum: 53]
      [Scan RS (ms): Min: 0.0, Avg: 0.0, Max: 0.1, Diff: 0.1, Sum: 0.3]
      [Code Root Scanning (ms): Min: 0.0, Avg: 0.0, Max: 0.0, Diff: 0.0, Sum: 0.0]
      [Object Copy (ms): Min: 2.1, Avg: 2.2, Max: 2.3, Diff: 0.1, Sum: 28.3]
      [Termination (ms): Min: 0.0, Avg: 0.1, Max: 0.2, Diff: 0.2, Sum: 1.7]
         [Termination Attempts: Min: 1, Avg: 1.0, Max: 1, Diff: 0, Sum: 13]
      [GC Worker Other (ms): Min: 0.0, Avg: 0.0, Max: 0.0, Diff: 0.0, Sum: 0.1]
      [GC Worker Total (ms): Min: 2.7, Avg: 2.8, Max: 3.0, Diff: 0.2, Sum: 36.8]
      [GC Worker End (ms): Min: 596.7, Avg: 596.7, Max: 596.8, Diff: 0.1]
   [Code Root Fixup: 0.0 ms]
   [Code Root Purge: 0.0 ms]
   [Clear CT: 0.2 ms]
   [Other: 0.7 ms]
      [Choose CSet: 0.0 ms]
      [Ref Proc: 0.3 ms]
      [Ref Enq: 0.0 ms]
      [Redirty Cards: 0.2 ms]
      [Humongous Register: 0.1 ms]
      [Humongous Reclaim: 0.0 ms]
      [Free CSet: 0.0 ms]
   [Eden: 21.0M(21.0M)->0.0B(58.0M) Survivors: 4096.0K->4096.0K Heap: 359.2M(512.0M)->336.2M(512.0M)]
 [Times: user=0.03 sys=0.00, real=0.00 secs] 
2020-11-18T16:52:22.486-0800: 0.599: [GC pause (G1 Humongous Allocation) (young) (initial-mark), 0.0017224 secs]
   [Parallel Time: 1.0 ms, GC Workers: 13]
      [GC Worker Start (ms): Min: 598.8, Avg: 598.9, Max: 599.0, Diff: 0.3]
      [Ext Root Scanning (ms): Min: 0.0, Avg: 0.2, Max: 0.5, Diff: 0.5, Sum: 3.2]
      [Update RS (ms): Min: 0.0, Avg: 0.0, Max: 0.1, Diff: 0.1, Sum: 0.4]
         [Processed Buffers: Min: 0, Avg: 1.1, Max: 5, Diff: 5, Sum: 14]
      [Scan RS (ms): Min: 0.0, Avg: 0.0, Max: 0.0, Diff: 0.0, Sum: 0.0]
      [Code Root Scanning (ms): Min: 0.0, Avg: 0.0, Max: 0.0, Diff: 0.0, Sum: 0.0]
      [Object Copy (ms): Min: 0.3, Avg: 0.4, Max: 0.4, Diff: 0.2, Sum: 4.8]
      [Termination (ms): Min: 0.0, Avg: 0.1, Max: 0.2, Diff: 0.2, Sum: 1.2]
         [Termination Attempts: Min: 1, Avg: 1.0, Max: 1, Diff: 0, Sum: 13]
      [GC Worker Other (ms): Min: 0.0, Avg: 0.0, Max: 0.0, Diff: 0.0, Sum: 0.1]
      [GC Worker Total (ms): Min: 0.6, Avg: 0.7, Max: 0.9, Diff: 0.3, Sum: 9.7]
      [GC Worker End (ms): Min: 599.6, Avg: 599.7, Max: 599.7, Diff: 0.1]
   [Code Root Fixup: 0.0 ms]
   [Code Root Purge: 0.0 ms]
   [Clear CT: 0.1 ms]
   [Other: 0.6 ms]
      [Choose CSet: 0.0 ms]
      [Ref Proc: 0.3 ms]
      [Ref Enq: 0.0 ms]
      [Redirty Cards: 0.1 ms]
      [Humongous Register: 0.1 ms]
      [Humongous Reclaim: 0.0 ms]
      [Free CSet: 0.0 ms]
   [Eden: 7168.0K(58.0M)->0.0B(55.0M) Survivors: 4096.0K->7168.0K Heap: 342.8M(512.0M)->338.2M(512.0M)]
 [Times: user=0.01 sys=0.00, real=0.00 secs] 
2020-11-18T16:52:22.488-0800: 0.600: [GC concurrent-root-region-scan-start]
2020-11-18T16:52:22.488-0800: 0.601: [GC concurrent-root-region-scan-end, 0.0000746 secs]
2020-11-18T16:52:22.488-0800: 0.601: [GC concurrent-mark-start]
2020-11-18T16:52:22.489-0800: 0.602: [GC concurrent-mark-end, 0.0009981 secs]
2020-11-18T16:52:22.489-0800: 0.602: [GC remark 2020-11-18T16:52:22.489-0800: 0.602: [Finalize Marking, 0.0003108 secs] 2020-11-18T16:52:22.489-0800: 0.602: [GC ref-proc, 0.0000631 secs] 2020-11-18T16:52:22.489-0800: 0.602: [Unloading, 0.0004608 secs], 0.0013464 secs]
 [Times: user=0.01 sys=0.00, real=0.01 secs] 
2020-11-18T16:52:22.490-0800: 0.603: [GC cleanup 348M->348M(512M), 0.0007786 secs]
 [Times: user=0.01 sys=0.00, real=0.00 secs] 
2020-11-18T16:52:22.499-0800: 0.612: [GC pause (G1 Evacuation Pause) (young), 0.0040596 secs]
   [Parallel Time: 3.1 ms, GC Workers: 13]
      [GC Worker Start (ms): Min: 611.8, Avg: 611.9, Max: 611.9, Diff: 0.1]
      [Ext Root Scanning (ms): Min: 0.1, Avg: 0.1, Max: 0.2, Diff: 0.1, Sum: 1.6]
      [Update RS (ms): Min: 0.7, Avg: 0.8, Max: 0.8, Diff: 0.1, Sum: 9.9]
         [Processed Buffers: Min: 5, Avg: 6.8, Max: 7, Diff: 2, Sum: 88]
      [Scan RS (ms): Min: 0.0, Avg: 0.0, Max: 0.0, Diff: 0.0, Sum: 0.1]
      [Code Root Scanning (ms): Min: 0.0, Avg: 0.0, Max: 0.0, Diff: 0.0, Sum: 0.0]
      [Object Copy (ms): Min: 1.9, Avg: 2.0, Max: 2.0, Diff: 0.1, Sum: 25.6]
      [Termination (ms): Min: 0.0, Avg: 0.1, Max: 0.2, Diff: 0.2, Sum: 1.2]
         [Termination Attempts: Min: 1, Avg: 1.0, Max: 1, Diff: 0, Sum: 13]
      [GC Worker Other (ms): Min: 0.0, Avg: 0.0, Max: 0.0, Diff: 0.0, Sum: 0.1]
      [GC Worker Total (ms): Min: 2.9, Avg: 3.0, Max: 3.1, Diff: 0.2, Sum: 38.5]
      [GC Worker End (ms): Min: 614.8, Avg: 614.8, Max: 614.9, Diff: 0.1]
   [Code Root Fixup: 0.0 ms]
   [Code Root Purge: 0.0 ms]
   [Clear CT: 0.2 ms]
   [Other: 0.8 ms]
      [Choose CSet: 0.0 ms]
      [Ref Proc: 0.3 ms]
      [Ref Enq: 0.0 ms]
      [Redirty Cards: 0.2 ms]
      [Humongous Register: 0.1 ms]
      [Humongous Reclaim: 0.0 ms]
      [Free CSet: 0.0 ms]
   [Eden: 55.0M(55.0M)->0.0B(17.0M) Survivors: 7168.0K->8192.0K Heap: 409.6M(512.0M)->356.0M(512.0M)]
 [Times: user=0.03 sys=0.01, real=0.01 secs] 
2020-11-18T16:52:22.506-0800: 0.619: [GC pause (G1 Evacuation Pause) (mixed), 0.0053136 secs]
   [Parallel Time: 4.3 ms, GC Workers: 13]
      [GC Worker Start (ms): Min: 619.3, Avg: 619.5, Max: 619.6, Diff: 0.2]
      [Ext Root Scanning (ms): Min: 0.0, Avg: 0.1, Max: 0.2, Diff: 0.2, Sum: 1.0]
      [Update RS (ms): Min: 0.4, Avg: 0.4, Max: 0.5, Diff: 0.1, Sum: 5.6]
         [Processed Buffers: Min: 4, Avg: 4.5, Max: 5, Diff: 1, Sum: 58]
      [Scan RS (ms): Min: 0.0, Avg: 0.0, Max: 0.1, Diff: 0.1, Sum: 0.2]
      [Code Root Scanning (ms): Min: 0.0, Avg: 0.0, Max: 0.0, Diff: 0.0, Sum: 0.0]
      [Object Copy (ms): Min: 3.4, Avg: 3.4, Max: 3.5, Diff: 0.1, Sum: 44.7]
      [Termination (ms): Min: 0.0, Avg: 0.1, Max: 0.1, Diff: 0.1, Sum: 0.9]
         [Termination Attempts: Min: 1, Avg: 1.2, Max: 2, Diff: 1, Sum: 15]
      [GC Worker Other (ms): Min: 0.0, Avg: 0.0, Max: 0.0, Diff: 0.0, Sum: 0.1]
      [GC Worker Total (ms): Min: 3.9, Avg: 4.0, Max: 4.2, Diff: 0.2, Sum: 52.6]
      [GC Worker End (ms): Min: 623.5, Avg: 623.5, Max: 623.6, Diff: 0.1]
   [Code Root Fixup: 0.0 ms]
   [Code Root Purge: 0.0 ms]
   [Clear CT: 0.2 ms]
   [Other: 0.8 ms]
      [Choose CSet: 0.0 ms]
      [Ref Proc: 0.3 ms]
      [Ref Enq: 0.0 ms]
      [Redirty Cards: 0.2 ms]
      [Humongous Register: 0.1 ms]
      [Humongous Reclaim: 0.0 ms]
      [Free CSet: 0.1 ms]
   [Eden: 17.0M(17.0M)->0.0B(21.0M) Survivors: 8192.0K->4096.0K Heap: 379.0M(512.0M)->338.3M(512.0M)]
 [Times: user=0.05 sys=0.00, real=0.01 secs] 
2020-11-18T16:52:22.515-0800: 0.628: [GC pause (G1 Evacuation Pause) (mixed), 0.0029346 secs]
   [Parallel Time: 2.2 ms, GC Workers: 13]
      [GC Worker Start (ms): Min: 628.0, Avg: 628.1, Max: 628.2, Diff: 0.2]
      [Ext Root Scanning (ms): Min: 0.0, Avg: 0.1, Max: 0.2, Diff: 0.2, Sum: 1.3]
      [Update RS (ms): Min: 0.5, Avg: 0.5, Max: 0.6, Diff: 0.1, Sum: 6.8]
         [Processed Buffers: Min: 5, Avg: 5.5, Max: 6, Diff: 1, Sum: 71]
      [Scan RS (ms): Min: 0.0, Avg: 0.0, Max: 0.2, Diff: 0.1, Sum: 0.3]
      [Code Root Scanning (ms): Min: 0.0, Avg: 0.0, Max: 0.0, Diff: 0.0, Sum: 0.0]
      [Object Copy (ms): Min: 1.2, Avg: 1.2, Max: 1.3, Diff: 0.2, Sum: 16.2]
      [Termination (ms): Min: 0.0, Avg: 0.1, Max: 0.2, Diff: 0.2, Sum: 1.7]
         [Termination Attempts: Min: 1, Avg: 1.1, Max: 2, Diff: 1, Sum: 14]
      [GC Worker Other (ms): Min: 0.0, Avg: 0.0, Max: 0.0, Diff: 0.0, Sum: 0.2]
      [GC Worker Total (ms): Min: 1.9, Avg: 2.0, Max: 2.1, Diff: 0.2, Sum: 26.4]
      [GC Worker End (ms): Min: 630.1, Avg: 630.1, Max: 630.1, Diff: 0.1]
   [Code Root Fixup: 0.0 ms]
   [Code Root Purge: 0.0 ms]
   [Clear CT: 0.2 ms]
   [Other: 0.6 ms]
      [Choose CSet: 0.0 ms]
      [Ref Proc: 0.3 ms]
      [Ref Enq: 0.0 ms]
      [Redirty Cards: 0.1 ms]
      [Humongous Register: 0.1 ms]
      [Humongous Reclaim: 0.0 ms]
      [Free CSet: 0.0 ms]
   [Eden: 21.0M(21.0M)->0.0B(46.0M) Survivors: 4096.0K->4096.0K Heap: 366.4M(512.0M)->345.8M(512.0M)]
 [Times: user=0.03 sys=0.00, real=0.00 secs] 
2020-11-18T16:52:22.519-0800: 0.632: [GC pause (G1 Humongous Allocation) (young) (initial-mark), 0.0016623 secs]
   [Parallel Time: 0.9 ms, GC Workers: 13]
      [GC Worker Start (ms): Min: 631.9, Avg: 632.0, Max: 632.1, Diff: 0.2]
      [Ext Root Scanning (ms): Min: 0.0, Avg: 0.2, Max: 0.3, Diff: 0.3, Sum: 2.6]
      [Update RS (ms): Min: 0.0, Avg: 0.0, Max: 0.1, Diff: 0.1, Sum: 0.4]
         [Processed Buffers: Min: 0, Avg: 1.2, Max: 4, Diff: 4, Sum: 15]
      [Scan RS (ms): Min: 0.0, Avg: 0.0, Max: 0.0, Diff: 0.0, Sum: 0.0]
      [Code Root Scanning (ms): Min: 0.0, Avg: 0.0, Max: 0.0, Diff: 0.0, Sum: 0.0]
      [Object Copy (ms): Min: 0.2, Avg: 0.3, Max: 0.4, Diff: 0.2, Sum: 4.0]
      [Termination (ms): Min: 0.0, Avg: 0.1, Max: 0.2, Diff: 0.2, Sum: 1.5]
         [Termination Attempts: Min: 1, Avg: 1.0, Max: 1, Diff: 0, Sum: 13]
      [GC Worker Other (ms): Min: 0.0, Avg: 0.0, Max: 0.0, Diff: 0.0, Sum: 0.1]
      [GC Worker Total (ms): Min: 0.5, Avg: 0.7, Max: 0.8, Diff: 0.3, Sum: 8.5]
      [GC Worker End (ms): Min: 632.6, Avg: 632.6, Max: 632.7, Diff: 0.1]
   [Code Root Fixup: 0.0 ms]
   [Code Root Purge: 0.0 ms]
   [Clear CT: 0.1 ms]
   [Other: 0.7 ms]
      [Choose CSet: 0.0 ms]
      [Ref Proc: 0.4 ms]
      [Ref Enq: 0.0 ms]
      [Redirty Cards: 0.1 ms]
      [Humongous Register: 0.1 ms]
      [Humongous Reclaim: 0.0 ms]
      [Free CSet: 0.0 ms]
   [Eden: 4096.0K(46.0M)->0.0B(47.0M) Survivors: 4096.0K->5120.0K Heap: 349.8M(512.0M)->346.2M(512.0M)]
 [Times: user=0.01 sys=0.00, real=0.01 secs] 
2020-11-18T16:52:22.521-0800: 0.634: [GC concurrent-root-region-scan-start]
2020-11-18T16:52:22.521-0800: 0.634: [GC concurrent-root-region-scan-end, 0.0000770 secs]
2020-11-18T16:52:22.521-0800: 0.634: [GC concurrent-mark-start]
2020-11-18T16:52:22.522-0800: 0.635: [GC concurrent-mark-end, 0.0014021 secs]
2020-11-18T16:52:22.522-0800: 0.635: [GC remark 2020-11-18T16:52:22.522-0800: 0.635: [Finalize Marking, 0.0002360 secs] 2020-11-18T16:52:22.523-0800: 0.635: [GC ref-proc, 0.0000655 secs] 2020-11-18T16:52:22.523-0800: 0.635: [Unloading, 0.0005559 secs], 0.0013983 secs]
 [Times: user=0.01 sys=0.01, real=0.00 secs] 
2020-11-18T16:52:22.524-0800: 0.637: [GC cleanup 354M->354M(512M), 0.0007623 secs]
 [Times: user=0.00 sys=0.00, real=0.00 secs] 
2020-11-18T16:52:22.531-0800: 0.644: [GC pause (G1 Evacuation Pause) (young), 0.0035825 secs]
   [Parallel Time: 2.7 ms, GC Workers: 13]
      [GC Worker Start (ms): Min: 644.1, Avg: 644.2, Max: 644.3, Diff: 0.2]
      [Ext Root Scanning (ms): Min: 0.0, Avg: 0.1, Max: 0.2, Diff: 0.2, Sum: 1.3]
      [Update RS (ms): Min: 0.7, Avg: 0.8, Max: 0.8, Diff: 0.1, Sum: 9.8]
         [Processed Buffers: Min: 4, Avg: 6.5, Max: 7, Diff: 3, Sum: 85]
      [Scan RS (ms): Min: 0.0, Avg: 0.0, Max: 0.0, Diff: 0.0, Sum: 0.1]
      [Code Root Scanning (ms): Min: 0.0, Avg: 0.0, Max: 0.0, Diff: 0.0, Sum: 0.0]
      [Object Copy (ms): Min: 1.4, Avg: 1.5, Max: 1.6, Diff: 0.2, Sum: 19.2]
      [Termination (ms): Min: 0.0, Avg: 0.1, Max: 0.2, Diff: 0.2, Sum: 1.6]
         [Termination Attempts: Min: 1, Avg: 1.0, Max: 1, Diff: 0, Sum: 13]
      [GC Worker Other (ms): Min: 0.0, Avg: 0.0, Max: 0.0, Diff: 0.0, Sum: 0.1]
      [GC Worker Total (ms): Min: 2.4, Avg: 2.5, Max: 2.6, Diff: 0.3, Sum: 32.2]
      [GC Worker End (ms): Min: 646.7, Avg: 646.7, Max: 646.8, Diff: 0.1]
   [Code Root Fixup: 0.0 ms]
   [Code Root Purge: 0.0 ms]
   [Clear CT: 0.2 ms]
   [Other: 0.7 ms]
      [Choose CSet: 0.0 ms]
      [Ref Proc: 0.3 ms]
      [Ref Enq: 0.0 ms]
      [Redirty Cards: 0.2 ms]
      [Humongous Register: 0.1 ms]
      [Humongous Reclaim: 0.0 ms]
      [Free CSet: 0.0 ms]
   [Eden: 47.0M(47.0M)->0.0B(18.0M) Survivors: 5120.0K->7168.0K Heap: 407.4M(512.0M)->362.5M(512.0M)]
 [Times: user=0.03 sys=0.00, real=0.00 secs] 
2020-11-18T16:52:22.538-0800: 0.651: [GC pause (G1 Evacuation Pause) (mixed), 0.0056296 secs]
   [Parallel Time: 4.7 ms, GC Workers: 13]
      [GC Worker Start (ms): Min: 650.7, Avg: 650.8, Max: 650.9, Diff: 0.2]
      [Ext Root Scanning (ms): Min: 0.0, Avg: 0.1, Max: 0.2, Diff: 0.2, Sum: 1.2]
      [Update RS (ms): Min: 0.4, Avg: 0.5, Max: 0.5, Diff: 0.1, Sum: 6.7]
         [Processed Buffers: Min: 4, Avg: 4.8, Max: 6, Diff: 2, Sum: 63]
      [Scan RS (ms): Min: 0.0, Avg: 0.0, Max: 0.1, Diff: 0.0, Sum: 0.4]
      [Code Root Scanning (ms): Min: 0.0, Avg: 0.0, Max: 0.0, Diff: 0.0, Sum: 0.0]
      [Object Copy (ms): Min: 3.6, Avg: 3.7, Max: 3.7, Diff: 0.1, Sum: 47.6]
      [Termination (ms): Min: 0.0, Avg: 0.1, Max: 0.3, Diff: 0.3, Sum: 1.9]
         [Termination Attempts: Min: 1, Avg: 1.0, Max: 1, Diff: 0, Sum: 13]
      [GC Worker Other (ms): Min: 0.0, Avg: 0.0, Max: 0.0, Diff: 0.0, Sum: 0.1]
      [GC Worker Total (ms): Min: 4.4, Avg: 4.5, Max: 4.6, Diff: 0.3, Sum: 57.9]
      [GC Worker End (ms): Min: 655.2, Avg: 655.3, Max: 655.3, Diff: 0.1]
   [Code Root Fixup: 0.0 ms]
   [Code Root Purge: 0.0 ms]
   [Clear CT: 0.3 ms]
   [Other: 0.7 ms]
      [Choose CSet: 0.0 ms]
      [Ref Proc: 0.3 ms]
      [Ref Enq: 0.0 ms]
      [Redirty Cards: 0.2 ms]
      [Humongous Register: 0.1 ms]
      [Humongous Reclaim: 0.0 ms]
      [Free CSet: 0.1 ms]
   [Eden: 18.0M(18.0M)->0.0B(21.0M) Survivors: 7168.0K->4096.0K Heap: 387.0M(512.0M)->349.1M(512.0M)]
 [Times: user=0.06 sys=0.00, real=0.01 secs] 
2020-11-18T16:52:22.547-0800: 0.660: [GC pause (G1 Evacuation Pause) (mixed), 0.0036281 secs]
   [Parallel Time: 2.6 ms, GC Workers: 13]
      [GC Worker Start (ms): Min: 659.8, Avg: 659.9, Max: 660.0, Diff: 0.2]
      [Ext Root Scanning (ms): Min: 0.0, Avg: 0.1, Max: 0.2, Diff: 0.2, Sum: 1.2]
      [Update RS (ms): Min: 0.7, Avg: 0.7, Max: 0.8, Diff: 0.1, Sum: 9.5]
         [Processed Buffers: Min: 6, Avg: 7.0, Max: 8, Diff: 2, Sum: 91]
      [Scan RS (ms): Min: 0.0, Avg: 0.0, Max: 0.1, Diff: 0.1, Sum: 0.2]
      [Code Root Scanning (ms): Min: 0.0, Avg: 0.0, Max: 0.0, Diff: 0.0, Sum: 0.0]
      [Object Copy (ms): Min: 1.3, Avg: 1.4, Max: 1.5, Diff: 0.2, Sum: 18.4]
      [Termination (ms): Min: 0.0, Avg: 0.1, Max: 0.2, Diff: 0.2, Sum: 1.6]
         [Termination Attempts: Min: 1, Avg: 1.0, Max: 1, Diff: 0, Sum: 13]
      [GC Worker Other (ms): Min: 0.0, Avg: 0.0, Max: 0.0, Diff: 0.0, Sum: 0.1]
      [GC Worker Total (ms): Min: 2.3, Avg: 2.4, Max: 2.5, Diff: 0.2, Sum: 31.0]
      [GC Worker End (ms): Min: 662.2, Avg: 662.3, Max: 662.3, Diff: 0.1]
   [Code Root Fixup: 0.0 ms]
   [Code Root Purge: 0.0 ms]
   [Clear CT: 0.2 ms]
   [Other: 0.8 ms]
      [Choose CSet: 0.0 ms]
      [Ref Proc: 0.3 ms]
      [Ref Enq: 0.0 ms]
      [Redirty Cards: 0.2 ms]
      [Humongous Register: 0.1 ms]
      [Humongous Reclaim: 0.0 ms]
      [Free CSet: 0.0 ms]
   [Eden: 21.0M(21.0M)->0.0B(33.0M) Survivors: 4096.0K->4096.0K Heap: 379.7M(512.0M)->359.6M(512.0M)]
 [Times: user=0.03 sys=0.00, real=0.01 secs] 
2020-11-18T16:52:22.551-0800: 0.664: [GC pause (G1 Humongous Allocation) (young) (initial-mark), 0.0022663 secs]
   [Parallel Time: 1.4 ms, GC Workers: 13]
      [GC Worker Start (ms): Min: 664.2, Avg: 664.3, Max: 664.4, Diff: 0.2]
      [Ext Root Scanning (ms): Min: 0.0, Avg: 0.1, Max: 0.2, Diff: 0.2, Sum: 1.4]
      [Update RS (ms): Min: 0.0, Avg: 0.1, Max: 0.1, Diff: 0.1, Sum: 0.7]
         [Processed Buffers: Min: 1, Avg: 1.1, Max: 2, Diff: 1, Sum: 14]
      [Scan RS (ms): Min: 0.0, Avg: 0.0, Max: 0.0, Diff: 0.0, Sum: 0.0]
      [Code Root Scanning (ms): Min: 0.0, Avg: 0.0, Max: 0.0, Diff: 0.0, Sum: 0.0]
      [Object Copy (ms): Min: 0.4, Avg: 0.6, Max: 0.8, Diff: 0.4, Sum: 7.5]
      [Termination (ms): Min: 0.0, Avg: 0.3, Max: 0.5, Diff: 0.5, Sum: 3.9]
         [Termination Attempts: Min: 1, Avg: 1.0, Max: 1, Diff: 0, Sum: 13]
      [GC Worker Other (ms): Min: 0.0, Avg: 0.0, Max: 0.0, Diff: 0.0, Sum: 0.1]
      [GC Worker Total (ms): Min: 0.9, Avg: 1.1, Max: 1.2, Diff: 0.3, Sum: 13.7]
      [GC Worker End (ms): Min: 665.3, Avg: 665.4, Max: 665.5, Diff: 0.2]
   [Code Root Fixup: 0.0 ms]
   [Code Root Purge: 0.0 ms]
   [Clear CT: 0.2 ms]
   [Other: 0.7 ms]
      [Choose CSet: 0.0 ms]
      [Ref Proc: 0.4 ms]
      [Ref Enq: 0.0 ms]
      [Redirty Cards: 0.2 ms]
      [Humongous Register: 0.1 ms]
      [Humongous Reclaim: 0.0 ms]
      [Free CSet: 0.0 ms]
   [Eden: 3072.0K(33.0M)->0.0B(32.0M) Survivors: 4096.0K->1024.0K Heap: 362.6M(512.0M)->360.2M(512.0M)]
 [Times: user=0.02 sys=0.01, real=0.00 secs] 
2020-11-18T16:52:22.554-0800: 0.666: [GC concurrent-root-region-scan-start]
2020-11-18T16:52:22.554-0800: 0.667: [GC concurrent-root-region-scan-end, 0.0000985 secs]
2020-11-18T16:52:22.554-0800: 0.667: [GC concurrent-mark-start]
2020-11-18T16:52:22.555-0800: 0.668: [GC concurrent-mark-end, 0.0012867 secs]
2020-11-18T16:52:22.555-0800: 0.668: [GC remark 2020-11-18T16:52:22.555-0800: 0.668: [Finalize Marking, 0.0003595 secs] 2020-11-18T16:52:22.556-0800: 0.668: [GC ref-proc, 0.0000639 secs] 2020-11-18T16:52:22.556-0800: 0.668: [Unloading, 0.0005306 secs], 0.0014408 secs]
 [Times: user=0.01 sys=0.00, real=0.00 secs] 
2020-11-18T16:52:22.557-0800: 0.670: [GC cleanup 370M->370M(512M), 0.0008397 secs]
 [Times: user=0.00 sys=0.00, real=0.00 secs] 
2020-11-18T16:52:22.563-0800: 0.675: [GC pause (G1 Evacuation Pause) (young), 0.0040210 secs]
   [Parallel Time: 3.1 ms, GC Workers: 13]
      [GC Worker Start (ms): Min: 675.6, Avg: 675.7, Max: 675.7, Diff: 0.1]
      [Ext Root Scanning (ms): Min: 0.0, Avg: 0.1, Max: 0.2, Diff: 0.2, Sum: 1.6]
      [Update RS (ms): Min: 0.8, Avg: 0.8, Max: 0.9, Diff: 0.1, Sum: 10.9]
         [Processed Buffers: Min: 7, Avg: 7.8, Max: 9, Diff: 2, Sum: 101]
      [Scan RS (ms): Min: 0.0, Avg: 0.0, Max: 0.0, Diff: 0.0, Sum: 0.0]
      [Code Root Scanning (ms): Min: 0.0, Avg: 0.0, Max: 0.0, Diff: 0.0, Sum: 0.0]
      [Object Copy (ms): Min: 1.6, Avg: 1.7, Max: 1.8, Diff: 0.2, Sum: 22.1]
      [Termination (ms): Min: 0.0, Avg: 0.2, Max: 0.4, Diff: 0.4, Sum: 2.4]
         [Termination Attempts: Min: 1, Avg: 1.0, Max: 1, Diff: 0, Sum: 13]
      [GC Worker Other (ms): Min: 0.0, Avg: 0.0, Max: 0.0, Diff: 0.0, Sum: 0.1]
      [GC Worker Total (ms): Min: 2.7, Avg: 2.9, Max: 3.1, Diff: 0.3, Sum: 37.1]
      [GC Worker End (ms): Min: 678.5, Avg: 678.5, Max: 678.7, Diff: 0.2]
   [Code Root Fixup: 0.0 ms]
   [Code Root Purge: 0.0 ms]
   [Clear CT: 0.2 ms]
   [Other: 0.7 ms]
      [Choose CSet: 0.0 ms]
      [Ref Proc: 0.4 ms]
      [Ref Enq: 0.0 ms]
      [Redirty Cards: 0.1 ms]
      [Humongous Register: 0.1 ms]
      [Humongous Reclaim: 0.0 ms]
      [Free CSet: 0.0 ms]
   [Eden: 32.0M(32.0M)->0.0B(20.0M) Survivors: 1024.0K->5120.0K Heap: 403.3M(512.0M)->370.3M(512.0M)]
 [Times: user=0.04 sys=0.00, real=0.00 secs] 
2020-11-18T16:52:22.570-0800: 0.683: [GC pause (G1 Evacuation Pause) (mixed), 0.0072861 secs]
   [Parallel Time: 6.1 ms, GC Workers: 13]
      [GC Worker Start (ms): Min: 683.4, Avg: 683.6, Max: 683.8, Diff: 0.4]
      [Ext Root Scanning (ms): Min: 0.0, Avg: 0.1, Max: 0.3, Diff: 0.3, Sum: 1.3]
      [Update RS (ms): Min: 0.1, Avg: 0.3, Max: 0.3, Diff: 0.2, Sum: 3.3]
         [Processed Buffers: Min: 2, Avg: 2.5, Max: 4, Diff: 2, Sum: 32]
      [Scan RS (ms): Min: 0.0, Avg: 0.0, Max: 0.2, Diff: 0.2, Sum: 0.6]
      [Code Root Scanning (ms): Min: 0.0, Avg: 0.0, Max: 0.0, Diff: 0.0, Sum: 0.0]
      [Object Copy (ms): Min: 5.0, Avg: 5.1, Max: 5.2, Diff: 0.2, Sum: 65.9]
      [Termination (ms): Min: 0.0, Avg: 0.1, Max: 0.3, Diff: 0.3, Sum: 1.8]
         [Termination Attempts: Min: 1, Avg: 1.0, Max: 1, Diff: 0, Sum: 13]
      [GC Worker Other (ms): Min: 0.0, Avg: 0.0, Max: 0.0, Diff: 0.0, Sum: 0.2]
      [GC Worker Total (ms): Min: 5.5, Avg: 5.6, Max: 5.8, Diff: 0.3, Sum: 73.2]
      [GC Worker End (ms): Min: 689.2, Avg: 689.3, Max: 689.3, Diff: 0.1]
   [Code Root Fixup: 0.0 ms]
   [Code Root Purge: 0.0 ms]
   [Clear CT: 0.2 ms]
   [Other: 0.9 ms]
      [Choose CSet: 0.0 ms]
      [Ref Proc: 0.4 ms]
      [Ref Enq: 0.0 ms]
      [Redirty Cards: 0.2 ms]
      [Humongous Register: 0.1 ms]
      [Humongous Reclaim: 0.0 ms]
      [Free CSet: 0.1 ms]
   [Eden: 20.0M(20.0M)->0.0B(21.0M) Survivors: 5120.0K->4096.0K Heap: 393.0M(512.0M)->349.2M(512.0M)]
 [Times: user=0.07 sys=0.01, real=0.00 secs] 
2020-11-18T16:52:22.582-0800: 0.695: [GC pause (G1 Evacuation Pause) (mixed), 0.0034303 secs]
   [Parallel Time: 2.4 ms, GC Workers: 13]
      [GC Worker Start (ms): Min: 694.7, Avg: 694.8, Max: 694.9, Diff: 0.2]
      [Ext Root Scanning (ms): Min: 0.0, Avg: 0.1, Max: 0.2, Diff: 0.2, Sum: 1.5]
      [Update RS (ms): Min: 0.3, Avg: 0.4, Max: 0.4, Diff: 0.1, Sum: 4.9]
         [Processed Buffers: Min: 2, Avg: 3.5, Max: 5, Diff: 3, Sum: 46]
      [Scan RS (ms): Min: 0.0, Avg: 0.0, Max: 0.1, Diff: 0.1, Sum: 0.3]
      [Code Root Scanning (ms): Min: 0.0, Avg: 0.0, Max: 0.0, Diff: 0.0, Sum: 0.0]
      [Object Copy (ms): Min: 1.5, Avg: 1.5, Max: 1.6, Diff: 0.2, Sum: 20.1]
      [Termination (ms): Min: 0.0, Avg: 0.1, Max: 0.2, Diff: 0.2, Sum: 1.7]
         [Termination Attempts: Min: 1, Avg: 1.0, Max: 1, Diff: 0, Sum: 13]
      [GC Worker Other (ms): Min: 0.0, Avg: 0.0, Max: 0.0, Diff: 0.0, Sum: 0.2]
      [GC Worker Total (ms): Min: 2.1, Avg: 2.2, Max: 2.3, Diff: 0.3, Sum: 28.6]
      [GC Worker End (ms): Min: 697.0, Avg: 697.0, Max: 697.1, Diff: 0.1]
   [Code Root Fixup: 0.0 ms]
   [Code Root Purge: 0.0 ms]
   [Clear CT: 0.2 ms]
   [Other: 0.8 ms]
      [Choose CSet: 0.0 ms]
      [Ref Proc: 0.4 ms]
      [Ref Enq: 0.0 ms]
      [Redirty Cards: 0.2 ms]
      [Humongous Register: 0.1 ms]
      [Humongous Reclaim: 0.0 ms]
      [Free CSet: 0.0 ms]
   [Eden: 21.0M(21.0M)->0.0B(39.0M) Survivors: 4096.0K->4096.0K Heap: 374.2M(512.0M)->353.1M(512.0M)]
 [Times: user=0.03 sys=0.00, real=0.00 secs] 
2020-11-18T16:52:22.586-0800: 0.699: [GC pause (G1 Humongous Allocation) (young) (initial-mark), 0.0017643 secs]
   [Parallel Time: 0.9 ms, GC Workers: 13]
      [GC Worker Start (ms): Min: 698.7, Avg: 698.8, Max: 698.9, Diff: 0.2]
      [Ext Root Scanning (ms): Min: 0.0, Avg: 0.1, Max: 0.2, Diff: 0.2, Sum: 1.3]
      [Update RS (ms): Min: 0.0, Avg: 0.1, Max: 0.2, Diff: 0.1, Sum: 0.9]
         [Processed Buffers: Min: 0, Avg: 1.1, Max: 2, Diff: 2, Sum: 14]
      [Scan RS (ms): Min: 0.0, Avg: 0.0, Max: 0.0, Diff: 0.0, Sum: 0.0]
      [Code Root Scanning (ms): Min: 0.0, Avg: 0.0, Max: 0.0, Diff: 0.0, Sum: 0.0]
      [Object Copy (ms): Min: 0.2, Avg: 0.3, Max: 0.4, Diff: 0.2, Sum: 4.4]
      [Termination (ms): Min: 0.0, Avg: 0.2, Max: 0.2, Diff: 0.2, Sum: 2.1]
         [Termination Attempts: Min: 1, Avg: 1.0, Max: 1, Diff: 0, Sum: 13]
      [GC Worker Other (ms): Min: 0.0, Avg: 0.0, Max: 0.0, Diff: 0.0, Sum: 0.1]
      [GC Worker Total (ms): Min: 0.6, Avg: 0.7, Max: 0.8, Diff: 0.2, Sum: 8.8]
      [GC Worker End (ms): Min: 699.5, Avg: 699.5, Max: 699.6, Diff: 0.1]
   [Code Root Fixup: 0.0 ms]
   [Code Root Purge: 0.0 ms]
   [Clear CT: 0.2 ms]
   [Other: 0.6 ms]
      [Choose CSet: 0.0 ms]
      [Ref Proc: 0.4 ms]
      [Ref Enq: 0.0 ms]
      [Redirty Cards: 0.1 ms]
      [Humongous Register: 0.1 ms]
      [Humongous Reclaim: 0.0 ms]
      [Free CSet: 0.0 ms]
   [Eden: 5120.0K(39.0M)->0.0B(40.0M) Survivors: 4096.0K->1024.0K Heap: 357.7M(512.0M)->354.0M(512.0M)]
 [Times: user=0.01 sys=0.00, real=0.00 secs] 
2020-11-18T16:52:22.588-0800: 0.700: [GC concurrent-root-region-scan-start]
2020-11-18T16:52:22.588-0800: 0.701: [GC concurrent-root-region-scan-end, 0.0000530 secs]
2020-11-18T16:52:22.588-0800: 0.701: [GC concurrent-mark-start]
2020-11-18T16:52:22.589-0800: 0.702: [GC concurrent-mark-end, 0.0011926 secs]
2020-11-18T16:52:22.589-0800: 0.702: [GC remark 2020-11-18T16:52:22.589-0800: 0.702: [Finalize Marking, 0.0005399 secs] 2020-11-18T16:52:22.590-0800: 0.702: [GC ref-proc, 0.0000646 secs] 2020-11-18T16:52:22.590-0800: 0.703: [Unloading, 0.0005526 secs], 0.0017806 secs]
 [Times: user=0.01 sys=0.00, real=0.01 secs] 
2020-11-18T16:52:22.591-0800: 0.704: [GC cleanup 362M->362M(512M), 0.0008043 secs]
 [Times: user=0.01 sys=0.00, real=0.00 secs] 
2020-11-18T16:52:22.596-0800: 0.709: [GC pause (G1 Evacuation Pause) (young), 0.0033373 secs]
   [Parallel Time: 2.5 ms, GC Workers: 13]
      [GC Worker Start (ms): Min: 709.4, Avg: 709.4, Max: 709.5, Diff: 0.1]
      [Ext Root Scanning (ms): Min: 0.1, Avg: 0.1, Max: 0.2, Diff: 0.1, Sum: 1.5]
      [Update RS (ms): Min: 0.7, Avg: 0.7, Max: 0.8, Diff: 0.1, Sum: 9.5]
         [Processed Buffers: Min: 6, Avg: 6.9, Max: 8, Diff: 2, Sum: 90]
      [Scan RS (ms): Min: 0.0, Avg: 0.0, Max: 0.0, Diff: 0.0, Sum: 0.0]
      [Code Root Scanning (ms): Min: 0.0, Avg: 0.0, Max: 0.0, Diff: 0.0, Sum: 0.0]
      [Object Copy (ms): Min: 1.3, Avg: 1.4, Max: 1.5, Diff: 0.2, Sum: 18.0]
      [Termination (ms): Min: 0.0, Avg: 0.1, Max: 0.2, Diff: 0.2, Sum: 1.6]
         [Termination Attempts: Min: 1, Avg: 1.0, Max: 1, Diff: 0, Sum: 13]
      [GC Worker Other (ms): Min: 0.0, Avg: 0.0, Max: 0.0, Diff: 0.0, Sum: 0.1]
      [GC Worker Total (ms): Min: 2.3, Avg: 2.4, Max: 2.4, Diff: 0.1, Sum: 30.9]
      [GC Worker End (ms): Min: 711.8, Avg: 711.8, Max: 711.9, Diff: 0.1]
   [Code Root Fixup: 0.0 ms]
   [Code Root Purge: 0.0 ms]
   [Clear CT: 0.1 ms]
   [Other: 0.7 ms]
      [Choose CSet: 0.0 ms]
      [Ref Proc: 0.4 ms]
      [Ref Enq: 0.0 ms]
      [Redirty Cards: 0.1 ms]
      [Humongous Register: 0.1 ms]
      [Humongous Reclaim: 0.0 ms]
      [Free CSet: 0.0 ms]
   [Eden: 40.0M(40.0M)->0.0B(19.0M) Survivors: 1024.0K->6144.0K Heap: 403.9M(512.0M)->373.1M(512.0M)]
 [Times: user=0.03 sys=0.01, real=0.01 secs] 
2020-11-18T16:52:22.603-0800: 0.716: [GC pause (G1 Evacuation Pause) (mixed), 0.0052993 secs]
   [Parallel Time: 4.3 ms, GC Workers: 13]
      [GC Worker Start (ms): Min: 716.3, Avg: 716.4, Max: 716.5, Diff: 0.2]
      [Ext Root Scanning (ms): Min: 0.0, Avg: 0.1, Max: 0.2, Diff: 0.2, Sum: 1.3]
      [Update RS (ms): Min: 0.4, Avg: 0.4, Max: 0.4, Diff: 0.0, Sum: 5.3]
         [Processed Buffers: Min: 4, Avg: 4.3, Max: 5, Diff: 1, Sum: 56]
      [Scan RS (ms): Min: 0.0, Avg: 0.0, Max: 0.0, Diff: 0.0, Sum: 0.3]
      [Code Root Scanning (ms): Min: 0.0, Avg: 0.0, Max: 0.0, Diff: 0.0, Sum: 0.0]
      [Object Copy (ms): Min: 3.5, Avg: 3.5, Max: 3.6, Diff: 0.2, Sum: 46.0]
      [Termination (ms): Min: 0.0, Avg: 0.1, Max: 0.1, Diff: 0.1, Sum: 1.0]
         [Termination Attempts: Min: 1, Avg: 1.0, Max: 1, Diff: 0, Sum: 13]
      [GC Worker Other (ms): Min: 0.0, Avg: 0.0, Max: 0.0, Diff: 0.0, Sum: 0.1]
      [GC Worker Total (ms): Min: 4.1, Avg: 4.2, Max: 4.3, Diff: 0.2, Sum: 54.1]
      [GC Worker End (ms): Min: 720.5, Avg: 720.6, Max: 720.6, Diff: 0.0]
   [Code Root Fixup: 0.0 ms]
   [Code Root Purge: 0.0 ms]
   [Clear CT: 0.2 ms]
   [Other: 0.7 ms]
      [Choose CSet: 0.0 ms]
      [Ref Proc: 0.4 ms]
      [Ref Enq: 0.0 ms]
      [Redirty Cards: 0.2 ms]
      [Humongous Register: 0.1 ms]
      [Humongous Reclaim: 0.0 ms]
      [Free CSet: 0.0 ms]
   [Eden: 19.0M(19.0M)->0.0B(35.0M) Survivors: 6144.0K->4096.0K Heap: 397.3M(512.0M)->356.7M(512.0M)]
 [Times: user=0.05 sys=0.00, real=0.00 secs] 
2020-11-18T16:52:22.610-0800: 0.723: [GC pause (G1 Humongous Allocation) (young) (initial-mark), 0.0019916 secs]
   [Parallel Time: 1.2 ms, GC Workers: 13]
      [GC Worker Start (ms): Min: 722.8, Avg: 722.9, Max: 723.0, Diff: 0.2]
      [Ext Root Scanning (ms): Min: 0.0, Avg: 0.1, Max: 0.2, Diff: 0.2, Sum: 1.5]
      [Update RS (ms): Min: 0.0, Avg: 0.1, Max: 0.1, Diff: 0.1, Sum: 0.8]
         [Processed Buffers: Min: 0, Avg: 1.1, Max: 2, Diff: 2, Sum: 14]
      [Scan RS (ms): Min: 0.0, Avg: 0.0, Max: 0.0, Diff: 0.0, Sum: 0.0]
      [Code Root Scanning (ms): Min: 0.0, Avg: 0.0, Max: 0.0, Diff: 0.0, Sum: 0.0]
      [Object Copy (ms): Min: 0.3, Avg: 0.4, Max: 0.7, Diff: 0.3, Sum: 5.8]
      [Termination (ms): Min: 0.0, Avg: 0.3, Max: 0.5, Diff: 0.5, Sum: 3.8]
         [Termination Attempts: Min: 1, Avg: 1.1, Max: 2, Diff: 1, Sum: 14]
      [GC Worker Other (ms): Min: 0.0, Avg: 0.0, Max: 0.0, Diff: 0.0, Sum: 0.1]
      [GC Worker Total (ms): Min: 0.8, Avg: 0.9, Max: 1.2, Diff: 0.4, Sum: 12.0]
      [GC Worker End (ms): Min: 723.7, Avg: 723.8, Max: 724.0, Diff: 0.2]
   [Code Root Fixup: 0.0 ms]
   [Code Root Purge: 0.0 ms]
   [Clear CT: 0.2 ms]
   [Other: 0.6 ms]
      [Choose CSet: 0.0 ms]
      [Ref Proc: 0.3 ms]
      [Ref Enq: 0.0 ms]
      [Redirty Cards: 0.1 ms]
      [Humongous Register: 0.1 ms]
      [Humongous Reclaim: 0.0 ms]
      [Free CSet: 0.0 ms]
   [Eden: 6144.0K(35.0M)->0.0B(38.0M) Survivors: 4096.0K->2048.0K Heap: 362.1M(512.0M)->356.5M(512.0M)]
 [Times: user=0.01 sys=0.00, real=0.00 secs] 
2020-11-18T16:52:22.612-0800: 0.725: [GC concurrent-root-region-scan-start]
2020-11-18T16:52:22.612-0800: 0.725: [GC concurrent-root-region-scan-end, 0.0000840 secs]
2020-11-18T16:52:22.612-0800: 0.725: [GC concurrent-mark-start]
2020-11-18T16:52:22.613-0800: 0.726: [GC concurrent-mark-end, 0.0011973 secs]
2020-11-18T16:52:22.613-0800: 0.726: [GC remark 2020-11-18T16:52:22.613-0800: 0.726: [Finalize Marking, 0.0002417 secs] 2020-11-18T16:52:22.614-0800: 0.726: [GC ref-proc, 0.0000834 secs] 2020-11-18T16:52:22.614-0800: 0.727: [Unloading, 0.0004866 secs], 0.0013357 secs]
 [Times: user=0.01 sys=0.00, real=0.00 secs] 
2020-11-18T16:52:22.615-0800: 0.728: [GC cleanup 364M->364M(512M), 0.0007958 secs]
 [Times: user=0.00 sys=0.00, real=0.00 secs] 
2020-11-18T16:52:22.620-0800: 0.733: [GC pause (G1 Evacuation Pause) (young), 0.0030965 secs]
   [Parallel Time: 2.2 ms, GC Workers: 13]
      [GC Worker Start (ms): Min: 733.2, Avg: 733.3, Max: 733.3, Diff: 0.1]
      [Ext Root Scanning (ms): Min: 0.1, Avg: 0.1, Max: 0.2, Diff: 0.1, Sum: 1.5]
      [Update RS (ms): Min: 0.5, Avg: 0.6, Max: 0.6, Diff: 0.1, Sum: 7.5]
         [Processed Buffers: Min: 4, Avg: 5.5, Max: 7, Diff: 3, Sum: 71]
      [Scan RS (ms): Min: 0.0, Avg: 0.0, Max: 0.0, Diff: 0.0, Sum: 0.1]
      [Code Root Scanning (ms): Min: 0.0, Avg: 0.0, Max: 0.0, Diff: 0.0, Sum: 0.0]
      [Object Copy (ms): Min: 1.0, Avg: 1.1, Max: 1.2, Diff: 0.2, Sum: 14.0]
      [Termination (ms): Min: 0.0, Avg: 0.2, Max: 0.2, Diff: 0.2, Sum: 2.4]
         [Termination Attempts: Min: 1, Avg: 1.0, Max: 1, Diff: 0, Sum: 13]
      [GC Worker Other (ms): Min: 0.0, Avg: 0.0, Max: 0.0, Diff: 0.0, Sum: 0.1]
      [GC Worker Total (ms): Min: 1.9, Avg: 2.0, Max: 2.1, Diff: 0.2, Sum: 25.6]
      [GC Worker End (ms): Min: 735.2, Avg: 735.2, Max: 735.3, Diff: 0.1]
   [Code Root Fixup: 0.0 ms]
   [Code Root Purge: 0.0 ms]
   [Clear CT: 0.2 ms]
   [Other: 0.8 ms]
      [Choose CSet: 0.0 ms]
      [Ref Proc: 0.4 ms]
      [Ref Enq: 0.0 ms]
      [Redirty Cards: 0.2 ms]
      [Humongous Register: 0.1 ms]
      [Humongous Reclaim: 0.0 ms]
      [Free CSet: 0.0 ms]
   [Eden: 38.0M(38.0M)->0.0B(20.0M) Survivors: 2048.0K->5120.0K Heap: 401.7M(512.0M)->370.2M(512.0M)]
 [Times: user=0.03 sys=0.00, real=0.00 secs] 
2020-11-18T16:52:22.627-0800: 0.739: [GC pause (G1 Evacuation Pause) (mixed), 0.0054626 secs]
   [Parallel Time: 4.5 ms, GC Workers: 13]
      [GC Worker Start (ms): Min: 739.5, Avg: 739.6, Max: 739.7, Diff: 0.2]
      [Ext Root Scanning (ms): Min: 0.0, Avg: 0.1, Max: 0.2, Diff: 0.2, Sum: 1.1]
      [Update RS (ms): Min: 0.2, Avg: 0.2, Max: 0.3, Diff: 0.1, Sum: 3.0]
         [Processed Buffers: Min: 2, Avg: 2.7, Max: 3, Diff: 1, Sum: 35]
      [Scan RS (ms): Min: 0.0, Avg: 0.0, Max: 0.1, Diff: 0.1, Sum: 0.4]
      [Code Root Scanning (ms): Min: 0.0, Avg: 0.0, Max: 0.0, Diff: 0.0, Sum: 0.0]
      [Object Copy (ms): Min: 3.7, Avg: 3.8, Max: 3.9, Diff: 0.2, Sum: 49.1]
      [Termination (ms): Min: 0.0, Avg: 0.1, Max: 0.3, Diff: 0.3, Sum: 1.5]
         [Termination Attempts: Min: 1, Avg: 1.1, Max: 2, Diff: 1, Sum: 14]
      [GC Worker Other (ms): Min: 0.0, Avg: 0.0, Max: 0.0, Diff: 0.0, Sum: 0.1]
      [GC Worker Total (ms): Min: 4.2, Avg: 4.3, Max: 4.4, Diff: 0.3, Sum: 55.3]
      [GC Worker End (ms): Min: 743.8, Avg: 743.8, Max: 743.9, Diff: 0.1]
   [Code Root Fixup: 0.0 ms]
   [Code Root Purge: 0.0 ms]
   [Clear CT: 0.2 ms]
   [Other: 0.7 ms]
      [Choose CSet: 0.0 ms]
      [Ref Proc: 0.3 ms]
      [Ref Enq: 0.0 ms]
      [Redirty Cards: 0.2 ms]
      [Humongous Register: 0.1 ms]
      [Humongous Reclaim: 0.0 ms]
      [Free CSet: 0.1 ms]
   [Eden: 20.0M(20.0M)->0.0B(35.0M) Survivors: 5120.0K->4096.0K Heap: 393.0M(512.0M)->359.6M(512.0M)]
 [Times: user=0.06 sys=0.01, real=0.01 secs] 
2020-11-18T16:52:22.633-0800: 0.746: [GC pause (G1 Humongous Allocation) (young) (initial-mark), 0.0020543 secs]
   [Parallel Time: 1.1 ms, GC Workers: 13]
      [GC Worker Start (ms): Min: 745.9, Avg: 746.0, Max: 746.1, Diff: 0.2]
      [Ext Root Scanning (ms): Min: 0.0, Avg: 0.1, Max: 0.2, Diff: 0.2, Sum: 1.4]
      [Update RS (ms): Min: 0.0, Avg: 0.1, Max: 0.2, Diff: 0.1, Sum: 0.8]
         [Processed Buffers: Min: 1, Avg: 1.1, Max: 2, Diff: 1, Sum: 14]
      [Scan RS (ms): Min: 0.0, Avg: 0.0, Max: 0.0, Diff: 0.0, Sum: 0.0]
      [Code Root Scanning (ms): Min: 0.0, Avg: 0.0, Max: 0.0, Diff: 0.0, Sum: 0.0]
      [Object Copy (ms): Min: 0.4, Avg: 0.5, Max: 0.6, Diff: 0.2, Sum: 6.8]
      [Termination (ms): Min: 0.0, Avg: 0.1, Max: 0.3, Diff: 0.3, Sum: 1.4]
         [Termination Attempts: Min: 1, Avg: 1.0, Max: 1, Diff: 0, Sum: 13]
      [GC Worker Other (ms): Min: 0.0, Avg: 0.0, Max: 0.0, Diff: 0.0, Sum: 0.1]
      [GC Worker Total (ms): Min: 0.7, Avg: 0.8, Max: 0.9, Diff: 0.2, Sum: 10.6]
      [GC Worker End (ms): Min: 746.7, Avg: 746.8, Max: 746.9, Diff: 0.1]
   [Code Root Fixup: 0.0 ms]
   [Code Root Purge: 0.0 ms]
   [Clear CT: 0.3 ms]
   [Other: 0.7 ms]
      [Choose CSet: 0.0 ms]
      [Ref Proc: 0.3 ms]
      [Ref Enq: 0.0 ms]
      [Redirty Cards: 0.2 ms]
      [Humongous Register: 0.1 ms]
      [Humongous Reclaim: 0.0 ms]
      [Free CSet: 0.0 ms]
   [Eden: 7168.0K(35.0M)->0.0B(27.0M) Survivors: 4096.0K->4096.0K Heap: 366.1M(512.0M)->362.2M(512.0M)]
 [Times: user=0.01 sys=0.00, real=0.00 secs] 
2020-11-18T16:52:22.635-0800: 0.748: [GC concurrent-root-region-scan-start]
2020-11-18T16:52:22.635-0800: 0.748: [GC concurrent-root-region-scan-end, 0.0000789 secs]
2020-11-18T16:52:22.635-0800: 0.748: [GC concurrent-mark-start]
2020-11-18T16:52:22.636-0800: 0.749: [GC concurrent-mark-end, 0.0011997 secs]
2020-11-18T16:52:22.636-0800: 0.749: [GC remark 2020-11-18T16:52:22.636-0800: 0.749: [Finalize Marking, 0.0003659 secs] 2020-11-18T16:52:22.637-0800: 0.750: [GC ref-proc, 0.0000666 secs] 2020-11-18T16:52:22.637-0800: 0.750: [Unloading, 0.0005953 secs], 0.0016054 secs]
 [Times: user=0.01 sys=0.00, real=0.00 secs] 
2020-11-18T16:52:22.638-0800: 0.751: [GC cleanup 374M->374M(512M), 0.0008644 secs]
 [Times: user=0.01 sys=0.00, real=0.00 secs] 
2020-11-18T16:52:22.642-0800: 0.755: [GC pause (G1 Evacuation Pause) (young), 0.0024466 secs]
   [Parallel Time: 1.7 ms, GC Workers: 13]
      [GC Worker Start (ms): Min: 755.3, Avg: 755.4, Max: 755.5, Diff: 0.2]
      [Ext Root Scanning (ms): Min: 0.0, Avg: 0.1, Max: 0.2, Diff: 0.2, Sum: 1.1]
      [Update RS (ms): Min: 0.3, Avg: 0.4, Max: 0.4, Diff: 0.1, Sum: 4.7]
         [Processed Buffers: Min: 3, Avg: 3.9, Max: 4, Diff: 1, Sum: 51]
      [Scan RS (ms): Min: 0.0, Avg: 0.0, Max: 0.0, Diff: 0.0, Sum: 0.0]
      [Code Root Scanning (ms): Min: 0.0, Avg: 0.0, Max: 0.0, Diff: 0.0, Sum: 0.0]
      [Object Copy (ms): Min: 0.8, Avg: 0.9, Max: 1.0, Diff: 0.2, Sum: 11.4]
      [Termination (ms): Min: 0.0, Avg: 0.1, Max: 0.2, Diff: 0.2, Sum: 1.3]
         [Termination Attempts: Min: 1, Avg: 1.0, Max: 1, Diff: 0, Sum: 13]
      [GC Worker Other (ms): Min: 0.0, Avg: 0.0, Max: 0.0, Diff: 0.0, Sum: 0.1]
      [GC Worker Total (ms): Min: 1.4, Avg: 1.4, Max: 1.5, Diff: 0.2, Sum: 18.7]
      [GC Worker End (ms): Min: 756.8, Avg: 756.8, Max: 756.9, Diff: 0.1]
   [Code Root Fixup: 0.0 ms]
   [Code Root Purge: 0.0 ms]
   [Clear CT: 0.2 ms]
   [Other: 0.6 ms]
      [Choose CSet: 0.0 ms]
      [Ref Proc: 0.3 ms]
      [Ref Enq: 0.0 ms]
      [Redirty Cards: 0.1 ms]
      [Humongous Register: 0.1 ms]
      [Humongous Reclaim: 0.0 ms]
      [Free CSet: 0.0 ms]
   [Eden: 27.0M(27.0M)->0.0B(21.0M) Survivors: 4096.0K->4096.0K Heap: 393.9M(512.0M)->372.6M(512.0M)]
 [Times: user=0.02 sys=0.00, real=0.00 secs] 
2020-11-18T16:52:22.648-0800: 0.760: [GC pause (G1 Evacuation Pause) (mixed), 0.0052585 secs]
   [Parallel Time: 4.3 ms, GC Workers: 13]
      [GC Worker Start (ms): Min: 760.6, Avg: 760.7, Max: 760.8, Diff: 0.2]
      [Ext Root Scanning (ms): Min: 0.0, Avg: 0.1, Max: 0.2, Diff: 0.2, Sum: 1.0]
      [Update RS (ms): Min: 0.7, Avg: 0.8, Max: 0.8, Diff: 0.1, Sum: 10.0]
         [Processed Buffers: Min: 6, Avg: 7.5, Max: 9, Diff: 3, Sum: 97]
      [Scan RS (ms): Min: 0.0, Avg: 0.0, Max: 0.1, Diff: 0.1, Sum: 0.4]
      [Code Root Scanning (ms): Min: 0.0, Avg: 0.0, Max: 0.0, Diff: 0.0, Sum: 0.0]
      [Object Copy (ms): Min: 3.0, Avg: 3.1, Max: 3.2, Diff: 0.2, Sum: 40.2]
      [Termination (ms): Min: 0.0, Avg: 0.1, Max: 0.2, Diff: 0.2, Sum: 1.5]
         [Termination Attempts: Min: 1, Avg: 1.0, Max: 1, Diff: 0, Sum: 13]
      [GC Worker Other (ms): Min: 0.0, Avg: 0.0, Max: 0.0, Diff: 0.0, Sum: 0.1]
      [GC Worker Total (ms): Min: 4.0, Avg: 4.1, Max: 4.2, Diff: 0.2, Sum: 53.3]
      [GC Worker End (ms): Min: 764.8, Avg: 764.8, Max: 764.9, Diff: 0.1]
   [Code Root Fixup: 0.0 ms]
   [Code Root Purge: 0.0 ms]
   [Clear CT: 0.2 ms]
   [Other: 0.7 ms]
      [Choose CSet: 0.0 ms]
      [Ref Proc: 0.3 ms]
      [Ref Enq: 0.0 ms]
      [Redirty Cards: 0.2 ms]
      [Humongous Register: 0.1 ms]
      [Humongous Reclaim: 0.0 ms]
      [Free CSet: 0.0 ms]
   [Eden: 21.0M(21.0M)->0.0B(21.0M) Survivors: 4096.0K->4096.0K Heap: 404.1M(512.0M)->369.2M(512.0M)]
 [Times: user=0.06 sys=0.00, real=0.01 secs] 
2020-11-18T16:52:22.654-0800: 0.767: [GC pause (G1 Humongous Allocation) (young) (initial-mark), 0.0019378 secs]
   [Parallel Time: 1.1 ms, GC Workers: 13]
      [GC Worker Start (ms): Min: 766.7, Avg: 766.8, Max: 766.9, Diff: 0.3]
      [Ext Root Scanning (ms): Min: 0.0, Avg: 0.2, Max: 0.4, Diff: 0.4, Sum: 2.6]
      [Update RS (ms): Min: 0.0, Avg: 0.1, Max: 0.3, Diff: 0.3, Sum: 0.9]
         [Processed Buffers: Min: 0, Avg: 1.1, Max: 4, Diff: 4, Sum: 14]
      [Scan RS (ms): Min: 0.0, Avg: 0.0, Max: 0.0, Diff: 0.0, Sum: 0.0]
      [Code Root Scanning (ms): Min: 0.0, Avg: 0.0, Max: 0.0, Diff: 0.0, Sum: 0.0]
      [Object Copy (ms): Min: 0.1, Avg: 0.3, Max: 0.4, Diff: 0.3, Sum: 4.5]
      [Termination (ms): Min: 0.0, Avg: 0.1, Max: 0.5, Diff: 0.5, Sum: 1.9]
         [Termination Attempts: Min: 1, Avg: 1.0, Max: 1, Diff: 0, Sum: 13]
      [GC Worker Other (ms): Min: 0.0, Avg: 0.0, Max: 0.0, Diff: 0.0, Sum: 0.1]
      [GC Worker Total (ms): Min: 0.6, Avg: 0.8, Max: 0.9, Diff: 0.2, Sum: 10.0]
      [GC Worker End (ms): Min: 767.5, Avg: 767.6, Max: 767.8, Diff: 0.2]
   [Code Root Fixup: 0.0 ms]
   [Code Root Purge: 0.0 ms]
   [Clear CT: 0.1 ms]
   [Other: 0.6 ms]
      [Choose CSet: 0.0 ms]
      [Ref Proc: 0.3 ms]
      [Ref Enq: 0.0 ms]
      [Redirty Cards: 0.1 ms]
      [Humongous Register: 0.1 ms]
      [Humongous Reclaim: 0.0 ms]
      [Free CSet: 0.0 ms]
   [Eden: 5120.0K(21.0M)->0.0B(23.0M) Survivors: 4096.0K->2048.0K Heap: 373.7M(512.0M)->370.1M(512.0M)]
 [Times: user=0.01 sys=0.01, real=0.00 secs] 
2020-11-18T16:52:22.656-0800: 0.769: [GC concurrent-root-region-scan-start]
2020-11-18T16:52:22.656-0800: 0.769: [GC concurrent-root-region-scan-end, 0.0000901 secs]
2020-11-18T16:52:22.656-0800: 0.769: [GC concurrent-mark-start]
2020-11-18T16:52:22.657-0800: 0.770: [GC concurrent-mark-end, 0.0011226 secs]
2020-11-18T16:52:22.657-0800: 0.770: [GC remark 2020-11-18T16:52:22.657-0800: 0.770: [Finalize Marking, 0.0003228 secs] 2020-11-18T16:52:22.657-0800: 0.770: [GC ref-proc, 0.0000609 secs] 2020-11-18T16:52:22.658-0800: 0.770: [Unloading, 0.0005233 secs], 0.0013799 secs]
 [Times: user=0.01 sys=0.00, real=0.00 secs] 
2020-11-18T16:52:22.659-0800: 0.771: [GC cleanup 381M->381M(512M), 0.0007340 secs]
 [Times: user=0.00 sys=0.00, real=0.00 secs] 
2020-11-18T16:52:22.662-0800: 0.775: [GC pause (G1 Evacuation Pause) (young), 0.0026418 secs]
   [Parallel Time: 1.9 ms, GC Workers: 13]
      [GC Worker Start (ms): Min: 775.3, Avg: 775.4, Max: 775.4, Diff: 0.1]
      [Ext Root Scanning (ms): Min: 0.1, Avg: 0.1, Max: 0.2, Diff: 0.1, Sum: 1.6]
      [Update RS (ms): Min: 0.8, Avg: 0.8, Max: 0.9, Diff: 0.1, Sum: 10.6]
         [Processed Buffers: Min: 7, Avg: 7.9, Max: 9, Diff: 2, Sum: 103]
      [Scan RS (ms): Min: 0.0, Avg: 0.0, Max: 0.0, Diff: 0.0, Sum: 0.0]
      [Code Root Scanning (ms): Min: 0.0, Avg: 0.0, Max: 0.0, Diff: 0.0, Sum: 0.0]
      [Object Copy (ms): Min: 0.5, Avg: 0.6, Max: 0.8, Diff: 0.2, Sum: 8.3]
      [Termination (ms): Min: 0.0, Avg: 0.1, Max: 0.2, Diff: 0.2, Sum: 1.8]
         [Termination Attempts: Min: 1, Avg: 1.0, Max: 1, Diff: 0, Sum: 13]
      [GC Worker Other (ms): Min: 0.0, Avg: 0.0, Max: 0.0, Diff: 0.0, Sum: 0.1]
      [GC Worker Total (ms): Min: 1.6, Avg: 1.7, Max: 1.8, Diff: 0.2, Sum: 22.4]
      [GC Worker End (ms): Min: 777.1, Avg: 777.1, Max: 777.2, Diff: 0.1]
   [Code Root Fixup: 0.0 ms]
   [Code Root Purge: 0.0 ms]
   [Clear CT: 0.1 ms]
   [Other: 0.6 ms]
      [Choose CSet: 0.0 ms]
      [Ref Proc: 0.3 ms]
      [Ref Enq: 0.0 ms]
      [Redirty Cards: 0.1 ms]
      [Humongous Register: 0.1 ms]
      [Humongous Reclaim: 0.0 ms]
      [Free CSet: 0.0 ms]
   [Eden: 23.0M(23.0M)->0.0B(21.0M) Survivors: 2048.0K->4096.0K Heap: 404.3M(512.0M)->375.8M(512.0M)]
 [Times: user=0.02 sys=0.00, real=0.00 secs] 
2020-11-18T16:52:22.669-0800: 0.781: [GC pause (G1 Evacuation Pause) (mixed), 0.0051196 secs]
   [Parallel Time: 4.1 ms, GC Workers: 13]
      [GC Worker Start (ms): Min: 781.6, Avg: 781.7, Max: 781.8, Diff: 0.2]
      [Ext Root Scanning (ms): Min: 0.0, Avg: 0.1, Max: 0.2, Diff: 0.2, Sum: 1.0]
      [Update RS (ms): Min: 0.4, Avg: 0.4, Max: 0.5, Diff: 0.1, Sum: 5.6]
         [Processed Buffers: Min: 4, Avg: 4.5, Max: 6, Diff: 2, Sum: 59]
      [Scan RS (ms): Min: 0.0, Avg: 0.0, Max: 0.1, Diff: 0.1, Sum: 0.3]
      [Code Root Scanning (ms): Min: 0.0, Avg: 0.0, Max: 0.0, Diff: 0.0, Sum: 0.0]
      [Object Copy (ms): Min: 3.2, Avg: 3.3, Max: 3.3, Diff: 0.1, Sum: 42.4]
      [Termination (ms): Min: 0.0, Avg: 0.1, Max: 0.1, Diff: 0.1, Sum: 0.8]
         [Termination Attempts: Min: 1, Avg: 1.0, Max: 1, Diff: 0, Sum: 13]
      [GC Worker Other (ms): Min: 0.0, Avg: 0.0, Max: 0.0, Diff: 0.0, Sum: 0.1]
      [GC Worker Total (ms): Min: 3.8, Avg: 3.9, Max: 4.0, Diff: 0.2, Sum: 50.2]
      [GC Worker End (ms): Min: 785.5, Avg: 785.5, Max: 785.6, Diff: 0.1]
   [Code Root Fixup: 0.0 ms]
   [Code Root Purge: 0.0 ms]
   [Clear CT: 0.2 ms]
   [Other: 0.8 ms]
      [Choose CSet: 0.0 ms]
      [Ref Proc: 0.3 ms]
      [Ref Enq: 0.0 ms]
      [Redirty Cards: 0.2 ms]
      [Humongous Register: 0.1 ms]
      [Humongous Reclaim: 0.0 ms]
      [Free CSet: 0.0 ms]
   [Eden: 21.0M(21.0M)->0.0B(24.0M) Survivors: 4096.0K->4096.0K Heap: 402.5M(512.0M)->367.0M(512.0M)]
 [Times: user=0.05 sys=0.00, real=0.01 secs] 
2020-11-18T16:52:22.674-0800: 0.787: [GC pause (G1 Humongous Allocation) (young) (initial-mark), 0.0019651 secs]
   [Parallel Time: 1.1 ms, GC Workers: 13]
      [GC Worker Start (ms): Min: 786.9, Avg: 787.1, Max: 787.2, Diff: 0.3]
      [Ext Root Scanning (ms): Min: 0.0, Avg: 0.3, Max: 0.5, Diff: 0.5, Sum: 3.3]
      [Update RS (ms): Min: 0.0, Avg: 0.0, Max: 0.1, Diff: 0.1, Sum: 0.4]
         [Processed Buffers: Min: 0, Avg: 1.1, Max: 4, Diff: 4, Sum: 14]
      [Scan RS (ms): Min: 0.0, Avg: 0.0, Max: 0.0, Diff: 0.0, Sum: 0.0]
      [Code Root Scanning (ms): Min: 0.0, Avg: 0.0, Max: 0.0, Diff: 0.0, Sum: 0.0]
      [Object Copy (ms): Min: 0.1, Avg: 0.2, Max: 0.3, Diff: 0.2, Sum: 3.1]
      [Termination (ms): Min: 0.0, Avg: 0.2, Max: 0.4, Diff: 0.4, Sum: 2.8]
         [Termination Attempts: Min: 1, Avg: 1.0, Max: 1, Diff: 0, Sum: 13]
      [GC Worker Other (ms): Min: 0.0, Avg: 0.0, Max: 0.0, Diff: 0.0, Sum: 0.1]
      [GC Worker Total (ms): Min: 0.6, Avg: 0.7, Max: 0.9, Diff: 0.3, Sum: 9.7]
      [GC Worker End (ms): Min: 787.7, Avg: 787.8, Max: 787.9, Diff: 0.2]
   [Code Root Fixup: 0.0 ms]
   [Code Root Purge: 0.0 ms]
   [Clear CT: 0.1 ms]
   [Other: 0.8 ms]
      [Choose CSet: 0.0 ms]
      [Ref Proc: 0.5 ms]
      [Ref Enq: 0.0 ms]
      [Redirty Cards: 0.1 ms]
      [Humongous Register: 0.1 ms]
      [Humongous Reclaim: 0.0 ms]
      [Free CSet: 0.0 ms]
   [Eden: 2048.0K(24.0M)->0.0B(24.0M) Survivors: 4096.0K->1024.0K Heap: 368.2M(512.0M)->367.4M(512.0M)]
 [Times: user=0.01 sys=0.00, real=0.00 secs] 
2020-11-18T16:52:22.676-0800: 0.789: [GC concurrent-root-region-scan-start]
2020-11-18T16:52:22.676-0800: 0.789: [GC concurrent-root-region-scan-end, 0.0000480 secs]
2020-11-18T16:52:22.676-0800: 0.789: [GC concurrent-mark-start]
2020-11-18T16:52:22.677-0800: 0.790: [GC concurrent-mark-end, 0.0010740 secs]
2020-11-18T16:52:22.677-0800: 0.790: [GC remark 2020-11-18T16:52:22.677-0800: 0.790: [Finalize Marking, 0.0003542 secs] 2020-11-18T16:52:22.678-0800: 0.790: [GC ref-proc, 0.0000638 secs] 2020-11-18T16:52:22.678-0800: 0.791: [Unloading, 0.0005386 secs], 0.0015253 secs]
 [Times: user=0.01 sys=0.01, real=0.00 secs] 
2020-11-18T16:52:22.679-0800: 0.792: [GC cleanup 377M->377M(512M), 0.0008755 secs]
 [Times: user=0.00 sys=0.00, real=0.01 secs] 
2020-11-18T16:52:22.682-0800: 0.795: [GC pause (G1 Evacuation Pause) (young), 0.0018647 secs]
   [Parallel Time: 1.3 ms, GC Workers: 13]
      [GC Worker Start (ms): Min: 795.2, Avg: 795.2, Max: 795.3, Diff: 0.1]
      [Ext Root Scanning (ms): Min: 0.1, Avg: 0.1, Max: 0.2, Diff: 0.1, Sum: 1.6]
      [Update RS (ms): Min: 0.2, Avg: 0.3, Max: 0.3, Diff: 0.1, Sum: 3.7]
         [Processed Buffers: Min: 2, Avg: 3.2, Max: 4, Diff: 2, Sum: 41]
      [Scan RS (ms): Min: 0.0, Avg: 0.0, Max: 0.0, Diff: 0.0, Sum: 0.0]
      [Code Root Scanning (ms): Min: 0.0, Avg: 0.0, Max: 0.0, Diff: 0.0, Sum: 0.0]
      [Object Copy (ms): Min: 0.5, Avg: 0.6, Max: 0.6, Diff: 0.2, Sum: 7.4]
      [Termination (ms): Min: 0.0, Avg: 0.1, Max: 0.2, Diff: 0.2, Sum: 1.0]
         [Termination Attempts: Min: 1, Avg: 1.0, Max: 1, Diff: 0, Sum: 13]
      [GC Worker Other (ms): Min: 0.0, Avg: 0.0, Max: 0.0, Diff: 0.0, Sum: 0.1]
      [GC Worker Total (ms): Min: 1.0, Avg: 1.1, Max: 1.1, Diff: 0.2, Sum: 13.9]
      [GC Worker End (ms): Min: 796.3, Avg: 796.3, Max: 796.4, Diff: 0.1]
   [Code Root Fixup: 0.0 ms]
   [Code Root Purge: 0.0 ms]
   [Clear CT: 0.2 ms]
   [Other: 0.4 ms]
      [Choose CSet: 0.0 ms]
      [Ref Proc: 0.2 ms]
      [Ref Enq: 0.0 ms]
      [Redirty Cards: 0.1 ms]
      [Humongous Register: 0.1 ms]
      [Humongous Reclaim: 0.0 ms]
      [Free CSet: 0.0 ms]
   [Eden: 24.0M(24.0M)->0.0B(21.0M) Survivors: 1024.0K->4096.0K Heap: 394.9M(512.0M)->375.0M(512.0M)]
 [Times: user=0.02 sys=0.00, real=0.00 secs] 
2020-11-18T16:52:22.688-0800: 0.801: [GC pause (G1 Evacuation Pause) (mixed), 0.0042875 secs]
   [Parallel Time: 3.4 ms, GC Workers: 13]
      [GC Worker Start (ms): Min: 800.7, Avg: 800.8, Max: 800.9, Diff: 0.1]
      [Ext Root Scanning (ms): Min: 0.0, Avg: 0.1, Max: 0.2, Diff: 0.1, Sum: 1.4]
      [Update RS (ms): Min: 0.4, Avg: 0.5, Max: 0.5, Diff: 0.1, Sum: 6.4]
         [Processed Buffers: Min: 4, Avg: 5.1, Max: 6, Diff: 2, Sum: 66]
      [Scan RS (ms): Min: 0.0, Avg: 0.0, Max: 0.1, Diff: 0.1, Sum: 0.2]
      [Code Root Scanning (ms): Min: 0.0, Avg: 0.0, Max: 0.0, Diff: 0.0, Sum: 0.0]
      [Object Copy (ms): Min: 2.5, Avg: 2.6, Max: 2.6, Diff: 0.1, Sum: 33.2]
      [Termination (ms): Min: 0.0, Avg: 0.0, Max: 0.1, Diff: 0.1, Sum: 0.6]
         [Termination Attempts: Min: 1, Avg: 1.0, Max: 1, Diff: 0, Sum: 13]
      [GC Worker Other (ms): Min: 0.0, Avg: 0.0, Max: 0.0, Diff: 0.0, Sum: 0.1]
      [GC Worker Total (ms): Min: 3.1, Avg: 3.2, Max: 3.3, Diff: 0.2, Sum: 42.0]
      [GC Worker End (ms): Min: 804.0, Avg: 804.0, Max: 804.0, Diff: 0.0]
   [Code Root Fixup: 0.0 ms]
   [Code Root Purge: 0.0 ms]
   [Clear CT: 0.2 ms]
   [Other: 0.7 ms]
      [Choose CSet: 0.0 ms]
      [Ref Proc: 0.3 ms]
      [Ref Enq: 0.0 ms]
      [Redirty Cards: 0.2 ms]
      [Humongous Register: 0.1 ms]
      [Humongous Reclaim: 0.0 ms]
      [Free CSet: 0.0 ms]
   [Eden: 21.0M(21.0M)->0.0B(23.0M) Survivors: 4096.0K->4096.0K Heap: 402.6M(512.0M)->368.9M(512.0M)]
 [Times: user=0.04 sys=0.00, real=0.01 secs] 
2020-11-18T16:52:22.692-0800: 0.805: [GC pause (G1 Humongous Allocation) (young) (initial-mark), 0.0014590 secs]
   [Parallel Time: 0.7 ms, GC Workers: 13]
      [GC Worker Start (ms): Min: 805.3, Avg: 805.4, Max: 805.5, Diff: 0.2]
      [Ext Root Scanning (ms): Min: 0.0, Avg: 0.1, Max: 0.2, Diff: 0.2, Sum: 1.3]
      [Update RS (ms): Min: 0.0, Avg: 0.1, Max: 0.2, Diff: 0.2, Sum: 0.8]
         [Processed Buffers: Min: 1, Avg: 1.1, Max: 2, Diff: 1, Sum: 14]
      [Scan RS (ms): Min: 0.0, Avg: 0.0, Max: 0.0, Diff: 0.0, Sum: 0.0]
      [Code Root Scanning (ms): Min: 0.0, Avg: 0.0, Max: 0.0, Diff: 0.0, Sum: 0.0]
      [Object Copy (ms): Min: 0.0, Avg: 0.2, Max: 0.3, Diff: 0.3, Sum: 2.6]
      [Termination (ms): Min: 0.0, Avg: 0.1, Max: 0.2, Diff: 0.2, Sum: 1.4]
         [Termination Attempts: Min: 1, Avg: 1.0, Max: 1, Diff: 0, Sum: 13]
      [GC Worker Other (ms): Min: 0.0, Avg: 0.0, Max: 0.0, Diff: 0.0, Sum: 0.1]
      [GC Worker Total (ms): Min: 0.4, Avg: 0.5, Max: 0.6, Diff: 0.2, Sum: 6.1]
      [GC Worker End (ms): Min: 805.8, Avg: 805.9, Max: 805.9, Diff: 0.1]
   [Code Root Fixup: 0.0 ms]
   [Code Root Purge: 0.0 ms]
   [Clear CT: 0.2 ms]
   [Other: 0.6 ms]
      [Choose CSet: 0.0 ms]
      [Ref Proc: 0.3 ms]
      [Ref Enq: 0.0 ms]
      [Redirty Cards: 0.1 ms]
      [Humongous Register: 0.1 ms]
      [Humongous Reclaim: 0.0 ms]
      [Free CSet: 0.0 ms]
   [Eden: 1024.0K(23.0M)->0.0B(24.0M) Survivors: 4096.0K->1024.0K Heap: 369.8M(512.0M)->366.9M(512.0M)]
 [Times: user=0.01 sys=0.00, real=0.00 secs] 
2020-11-18T16:52:22.694-0800: 0.807: [GC concurrent-root-region-scan-start]
2020-11-18T16:52:22.694-0800: 0.807: [GC concurrent-root-region-scan-end, 0.0000887 secs]
2020-11-18T16:52:22.694-0800: 0.807: [GC concurrent-mark-start]
2020-11-18T16:52:22.695-0800: 0.808: [GC concurrent-mark-end, 0.0012136 secs]
2020-11-18T16:52:22.695-0800: 0.808: [GC remark 2020-11-18T16:52:22.695-0800: 0.808: [Finalize Marking, 0.0002378 secs] 2020-11-18T16:52:22.696-0800: 0.808: [GC ref-proc, 0.0000642 secs] 2020-11-18T16:52:22.696-0800: 0.808: [Unloading, 0.0005645 secs], 0.0013851 secs]
 [Times: user=0.01 sys=0.00, real=0.00 secs] 
2020-11-18T16:52:22.697-0800: 0.810: [GC cleanup 382M->382M(512M), 0.0007450 secs]
 [Times: user=0.00 sys=0.00, real=0.00 secs] 
2020-11-18T16:52:22.700-0800: 0.812: [GC pause (G1 Evacuation Pause) (young), 0.0027163 secs]
   [Parallel Time: 2.0 ms, GC Workers: 13]
      [GC Worker Start (ms): Min: 812.5, Avg: 812.5, Max: 812.6, Diff: 0.1]
      [Ext Root Scanning (ms): Min: 0.1, Avg: 0.1, Max: 0.2, Diff: 0.1, Sum: 1.5]
      [Update RS (ms): Min: 0.7, Avg: 0.8, Max: 0.8, Diff: 0.1, Sum: 9.9]
         [Processed Buffers: Min: 6, Avg: 7.3, Max: 10, Diff: 4, Sum: 95]
      [Scan RS (ms): Min: 0.0, Avg: 0.0, Max: 0.0, Diff: 0.0, Sum: 0.0]
      [Code Root Scanning (ms): Min: 0.0, Avg: 0.0, Max: 0.0, Diff: 0.0, Sum: 0.0]
      [Object Copy (ms): Min: 0.7, Avg: 0.8, Max: 0.8, Diff: 0.2, Sum: 10.0]
      [Termination (ms): Min: 0.0, Avg: 0.1, Max: 0.2, Diff: 0.2, Sum: 1.5]
         [Termination Attempts: Min: 1, Avg: 1.0, Max: 1, Diff: 0, Sum: 13]
      [GC Worker Other (ms): Min: 0.0, Avg: 0.0, Max: 0.0, Diff: 0.0, Sum: 0.1]
      [GC Worker Total (ms): Min: 1.7, Avg: 1.8, Max: 1.9, Diff: 0.2, Sum: 23.2]
      [GC Worker End (ms): Min: 814.3, Avg: 814.3, Max: 814.4, Diff: 0.1]
   [Code Root Fixup: 0.0 ms]
   [Code Root Purge: 0.0 ms]
   [Clear CT: 0.1 ms]
   [Other: 0.6 ms]
      [Choose CSet: 0.0 ms]
      [Ref Proc: 0.3 ms]
      [Ref Enq: 0.0 ms]
      [Redirty Cards: 0.1 ms]
      [Humongous Register: 0.1 ms]
      [Humongous Reclaim: 0.0 ms]
      [Free CSet: 0.0 ms]
   [Eden: 24.0M(24.0M)->0.0B(21.0M) Survivors: 1024.0K->4096.0K Heap: 401.3M(512.0M)->381.2M(512.0M)]
 [Times: user=0.03 sys=0.00, real=0.00 secs] 
2020-11-18T16:52:22.706-0800: 0.819: [GC pause (G1 Evacuation Pause) (mixed), 0.0045273 secs]
   [Parallel Time: 3.4 ms, GC Workers: 13]
      [GC Worker Start (ms): Min: 818.8, Avg: 818.9, Max: 818.9, Diff: 0.1]
      [Ext Root Scanning (ms): Min: 0.1, Avg: 0.1, Max: 0.2, Diff: 0.1, Sum: 1.5]
      [Update RS (ms): Min: 0.5, Avg: 0.6, Max: 0.6, Diff: 0.1, Sum: 7.5]
         [Processed Buffers: Min: 4, Avg: 5.8, Max: 7, Diff: 3, Sum: 75]
      [Scan RS (ms): Min: 0.0, Avg: 0.0, Max: 0.0, Diff: 0.0, Sum: 0.2]
      [Code Root Scanning (ms): Min: 0.0, Avg: 0.0, Max: 0.0, Diff: 0.0, Sum: 0.0]
      [Object Copy (ms): Min: 2.5, Avg: 2.5, Max: 2.5, Diff: 0.1, Sum: 32.6]
      [Termination (ms): Min: 0.0, Avg: 0.0, Max: 0.1, Diff: 0.1, Sum: 0.6]
         [Termination Attempts: Min: 1, Avg: 1.0, Max: 1, Diff: 0, Sum: 13]
      [GC Worker Other (ms): Min: 0.0, Avg: 0.0, Max: 0.0, Diff: 0.0, Sum: 0.2]
      [GC Worker Total (ms): Min: 3.2, Avg: 3.3, Max: 3.3, Diff: 0.1, Sum: 42.6]
      [GC Worker End (ms): Min: 822.1, Avg: 822.1, Max: 822.1, Diff: 0.0]
   [Code Root Fixup: 0.0 ms]
   [Code Root Purge: 0.0 ms]
   [Clear CT: 0.1 ms]
   [Other: 1.0 ms]
      [Choose CSet: 0.0 ms]
      [Ref Proc: 0.6 ms]
      [Ref Enq: 0.0 ms]
      [Redirty Cards: 0.2 ms]
      [Humongous Register: 0.1 ms]
      [Humongous Reclaim: 0.0 ms]
      [Free CSet: 0.0 ms]
   [Eden: 21.0M(21.0M)->0.0B(21.0M) Survivors: 4096.0K->4096.0K Heap: 409.9M(512.0M)->374.6M(512.0M)]
 [Times: user=0.04 sys=0.01, real=0.01 secs] 
2020-11-18T16:52:22.711-0800: 0.823: [GC pause (G1 Humongous Allocation) (young) (initial-mark), 0.0015777 secs]
   [Parallel Time: 0.9 ms, GC Workers: 13]
      [GC Worker Start (ms): Min: 823.5, Avg: 823.6, Max: 823.7, Diff: 0.2]
      [Ext Root Scanning (ms): Min: 0.0, Avg: 0.2, Max: 0.3, Diff: 0.3, Sum: 2.0]
      [Update RS (ms): Min: 0.0, Avg: 0.0, Max: 0.1, Diff: 0.1, Sum: 0.5]
         [Processed Buffers: Min: 0, Avg: 1.1, Max: 3, Diff: 3, Sum: 14]
      [Scan RS (ms): Min: 0.0, Avg: 0.0, Max: 0.0, Diff: 0.0, Sum: 0.0]
      [Code Root Scanning (ms): Min: 0.0, Avg: 0.0, Max: 0.0, Diff: 0.0, Sum: 0.0]
      [Object Copy (ms): Min: 0.2, Avg: 0.3, Max: 0.4, Diff: 0.2, Sum: 4.2]
      [Termination (ms): Min: 0.0, Avg: 0.1, Max: 0.2, Diff: 0.2, Sum: 1.5]
         [Termination Attempts: Min: 1, Avg: 1.0, Max: 1, Diff: 0, Sum: 13]
      [GC Worker Other (ms): Min: 0.0, Avg: 0.0, Max: 0.0, Diff: 0.0, Sum: 0.1]
      [GC Worker Total (ms): Min: 0.5, Avg: 0.6, Max: 0.7, Diff: 0.2, Sum: 8.2]
      [GC Worker End (ms): Min: 824.2, Avg: 824.3, Max: 824.3, Diff: 0.1]
   [Code Root Fixup: 0.0 ms]
   [Code Root Purge: 0.0 ms]
   [Clear CT: 0.1 ms]
   [Other: 0.6 ms]
      [Choose CSet: 0.0 ms]
      [Ref Proc: 0.3 ms]
      [Ref Enq: 0.0 ms]
      [Redirty Cards: 0.1 ms]
      [Humongous Register: 0.1 ms]
      [Humongous Reclaim: 0.0 ms]
      [Free CSet: 0.0 ms]
   [Eden: 1024.0K(21.0M)->0.0B(24.0M) Survivors: 4096.0K->1024.0K Heap: 375.3M(512.0M)->374.9M(512.0M)]
 [Times: user=0.01 sys=0.00, real=0.00 secs] 
2020-11-18T16:52:22.712-0800: 0.825: [GC concurrent-root-region-scan-start]
2020-11-18T16:52:22.712-0800: 0.825: [GC concurrent-root-region-scan-end, 0.0000470 secs]
2020-11-18T16:52:22.712-0800: 0.825: [GC concurrent-mark-start]
2020-11-18T16:52:22.714-0800: 0.826: [GC concurrent-mark-end, 0.0012512 secs]
2020-11-18T16:52:22.714-0800: 0.826: [GC remark 2020-11-18T16:52:22.714-0800: 0.826: [Finalize Marking, 0.0002186 secs] 2020-11-18T16:52:22.714-0800: 0.827: [GC ref-proc, 0.0000642 secs] 2020-11-18T16:52:22.714-0800: 0.827: [Unloading, 0.0004832 secs], 0.0012219 secs]
 [Times: user=0.01 sys=0.00, real=0.00 secs] 
2020-11-18T16:52:22.715-0800: 0.828: [GC cleanup 386M->386M(512M), 0.0007962 secs]
 [Times: user=0.00 sys=0.00, real=0.00 secs] 
2020-11-18T16:52:22.719-0800: 0.831: [GC pause (G1 Evacuation Pause) (young), 0.0021406 secs]
   [Parallel Time: 1.4 ms, GC Workers: 13]
      [GC Worker Start (ms): Min: 831.5, Avg: 831.5, Max: 831.6, Diff: 0.1]
      [Ext Root Scanning (ms): Min: 0.1, Avg: 0.1, Max: 0.2, Diff: 0.1, Sum: 1.6]
      [Update RS (ms): Min: 0.4, Avg: 0.4, Max: 0.5, Diff: 0.1, Sum: 5.4]
         [Processed Buffers: Min: 3, Avg: 4.2, Max: 6, Diff: 3, Sum: 54]
      [Scan RS (ms): Min: 0.0, Avg: 0.0, Max: 0.0, Diff: 0.0, Sum: 0.0]
      [Code Root Scanning (ms): Min: 0.0, Avg: 0.0, Max: 0.0, Diff: 0.0, Sum: 0.0]
      [Object Copy (ms): Min: 0.5, Avg: 0.5, Max: 0.6, Diff: 0.1, Sum: 7.1]
      [Termination (ms): Min: 0.0, Avg: 0.1, Max: 0.2, Diff: 0.2, Sum: 1.3]
         [Termination Attempts: Min: 1, Avg: 1.0, Max: 1, Diff: 0, Sum: 13]
      [GC Worker Other (ms): Min: 0.0, Avg: 0.0, Max: 0.0, Diff: 0.0, Sum: 0.1]
      [GC Worker Total (ms): Min: 1.1, Avg: 1.2, Max: 1.3, Diff: 0.1, Sum: 15.6]
      [GC Worker End (ms): Min: 832.7, Avg: 832.7, Max: 832.8, Diff: 0.1]
   [Code Root Fixup: 0.0 ms]
   [Code Root Purge: 0.0 ms]
   [Clear CT: 0.1 ms]
   [Other: 0.6 ms]
      [Choose CSet: 0.0 ms]
      [Ref Proc: 0.4 ms]
      [Ref Enq: 0.0 ms]
      [Redirty Cards: 0.1 ms]
      [Humongous Register: 0.1 ms]
      [Humongous Reclaim: 0.0 ms]
      [Free CSet: 0.0 ms]
   [Eden: 24.0M(24.0M)->0.0B(21.0M) Survivors: 1024.0K->4096.0K Heap: 404.3M(512.0M)->383.8M(512.0M)]
 [Times: user=0.02 sys=0.00, real=0.01 secs] 
2020-11-18T16:52:22.724-0800: 0.837: [GC pause (G1 Evacuation Pause) (mixed) (to-space exhausted), 0.0046970 secs]
   [Parallel Time: 3.7 ms, GC Workers: 13]
      [GC Worker Start (ms): Min: 837.2, Avg: 837.3, Max: 837.3, Diff: 0.1]
      [Ext Root Scanning (ms): Min: 0.0, Avg: 0.1, Max: 0.2, Diff: 0.1, Sum: 1.4]
      [Update RS (ms): Min: 0.5, Avg: 0.6, Max: 0.6, Diff: 0.1, Sum: 7.6]
         [Processed Buffers: Min: 5, Avg: 5.8, Max: 7, Diff: 2, Sum: 75]
      [Scan RS (ms): Min: 0.0, Avg: 0.0, Max: 0.1, Diff: 0.1, Sum: 0.3]
      [Code Root Scanning (ms): Min: 0.0, Avg: 0.0, Max: 0.0, Diff: 0.0, Sum: 0.0]
      [Object Copy (ms): Min: 2.8, Avg: 2.8, Max: 2.8, Diff: 0.1, Sum: 36.2]
      [Termination (ms): Min: 0.0, Avg: 0.0, Max: 0.0, Diff: 0.0, Sum: 0.3]
         [Termination Attempts: Min: 1, Avg: 1.6, Max: 3, Diff: 2, Sum: 21]
      [GC Worker Other (ms): Min: 0.0, Avg: 0.0, Max: 0.0, Diff: 0.0, Sum: 0.2]
      [GC Worker Total (ms): Min: 3.5, Avg: 3.5, Max: 3.6, Diff: 0.1, Sum: 45.9]
      [GC Worker End (ms): Min: 840.8, Avg: 840.8, Max: 840.8, Diff: 0.0]
   [Code Root Fixup: 0.0 ms]
   [Code Root Purge: 0.0 ms]
   [Clear CT: 0.1 ms]
   [Other: 0.8 ms]
      [Evacuation Failure: 0.1 ms]
      [Choose CSet: 0.0 ms]
      [Ref Proc: 0.4 ms]
      [Ref Enq: 0.0 ms]
      [Redirty Cards: 0.1 ms]
      [Humongous Register: 0.1 ms]
      [Humongous Reclaim: 0.0 ms]
      [Free CSet: 0.0 ms]
   [Eden: 21.0M(21.0M)->0.0B(21.0M) Survivors: 4096.0K->4096.0K Heap: 412.6M(512.0M)->378.1M(512.0M)]
 [Times: user=0.04 sys=0.00, real=0.00 secs] 
2020-11-18T16:52:22.729-0800: 0.842: [GC pause (G1 Humongous Allocation) (young) (initial-mark), 0.0013486 secs]
   [Parallel Time: 0.8 ms, GC Workers: 13]
      [GC Worker Start (ms): Min: 842.1, Avg: 842.2, Max: 842.2, Diff: 0.2]
      [Ext Root Scanning (ms): Min: 0.0, Avg: 0.1, Max: 0.2, Diff: 0.2, Sum: 1.2]
      [Update RS (ms): Min: 0.0, Avg: 0.1, Max: 0.2, Diff: 0.1, Sum: 0.7]
         [Processed Buffers: Min: 1, Avg: 1.9, Max: 5, Diff: 4, Sum: 25]
      [Scan RS (ms): Min: 0.0, Avg: 0.0, Max: 0.0, Diff: 0.0, Sum: 0.0]
      [Code Root Scanning (ms): Min: 0.0, Avg: 0.0, Max: 0.0, Diff: 0.0, Sum: 0.0]
      [Object Copy (ms): Min: 0.2, Avg: 0.3, Max: 0.4, Diff: 0.2, Sum: 3.9]
      [Termination (ms): Min: 0.0, Avg: 0.1, Max: 0.2, Diff: 0.2, Sum: 1.3]
         [Termination Attempts: Min: 1, Avg: 1.0, Max: 1, Diff: 0, Sum: 13]
      [GC Worker Other (ms): Min: 0.0, Avg: 0.0, Max: 0.0, Diff: 0.0, Sum: 0.1]
      [GC Worker Total (ms): Min: 0.4, Avg: 0.6, Max: 0.7, Diff: 0.2, Sum: 7.3]
      [GC Worker End (ms): Min: 842.7, Avg: 842.7, Max: 842.8, Diff: 0.1]
   [Code Root Fixup: 0.0 ms]
   [Code Root Purge: 0.0 ms]
   [Clear CT: 0.1 ms]
   [Other: 0.5 ms]
      [Choose CSet: 0.0 ms]
      [Ref Proc: 0.2 ms]
      [Ref Enq: 0.0 ms]
      [Redirty Cards: 0.1 ms]
      [Humongous Register: 0.1 ms]
      [Humongous Reclaim: 0.0 ms]
      [Free CSet: 0.0 ms]
   [Eden: 1024.0K(21.0M)->0.0B(24.0M) Survivors: 4096.0K->1024.0K Heap: 378.7M(512.0M)->378.2M(512.0M)]
 [Times: user=0.01 sys=0.00, real=0.01 secs] 
2020-11-18T16:52:22.731-0800: 0.843: [GC concurrent-root-region-scan-start]
2020-11-18T16:52:22.731-0800: 0.843: [GC concurrent-root-region-scan-end, 0.0000696 secs]
2020-11-18T16:52:22.731-0800: 0.843: [GC concurrent-mark-start]
2020-11-18T16:52:22.732-0800: 0.845: [GC concurrent-mark-end, 0.0010876 secs]
2020-11-18T16:52:22.732-0800: 0.845: [GC remark 2020-11-18T16:52:22.732-0800: 0.845: [Finalize Marking, 0.0001793 secs] 2020-11-18T16:52:22.732-0800: 0.845: [GC ref-proc, 0.0000630 secs] 2020-11-18T16:52:22.732-0800: 0.845: [Unloading, 0.0005741 secs], 0.0013119 secs]
 [Times: user=0.01 sys=0.00, real=0.00 secs] 
2020-11-18T16:52:22.733-0800: 0.846: [GC cleanup 388M->388M(512M), 0.0007689 secs]
 [Times: user=0.01 sys=0.01, real=0.00 secs] 
2020-11-18T16:52:22.737-0800: 0.850: [GC pause (G1 Evacuation Pause) (young), 0.0028565 secs]
   [Parallel Time: 2.0 ms, GC Workers: 13]
      [GC Worker Start (ms): Min: 850.2, Avg: 850.3, Max: 850.4, Diff: 0.2]
      [Ext Root Scanning (ms): Min: 0.0, Avg: 0.1, Max: 0.2, Diff: 0.2, Sum: 1.2]
      [Update RS (ms): Min: 0.9, Avg: 0.9, Max: 1.0, Diff: 0.1, Sum: 11.9]
         [Processed Buffers: Min: 8, Avg: 8.5, Max: 10, Diff: 2, Sum: 111]
      [Scan RS (ms): Min: 0.0, Avg: 0.0, Max: 0.0, Diff: 0.0, Sum: 0.0]
      [Code Root Scanning (ms): Min: 0.0, Avg: 0.0, Max: 0.0, Diff: 0.0, Sum: 0.0]
      [Object Copy (ms): Min: 0.6, Avg: 0.7, Max: 0.8, Diff: 0.2, Sum: 8.6]
      [Termination (ms): Min: 0.0, Avg: 0.1, Max: 0.2, Diff: 0.2, Sum: 1.8]
         [Termination Attempts: Min: 1, Avg: 1.0, Max: 1, Diff: 0, Sum: 13]
      [GC Worker Other (ms): Min: 0.0, Avg: 0.0, Max: 0.0, Diff: 0.0, Sum: 0.1]
      [GC Worker Total (ms): Min: 1.7, Avg: 1.8, Max: 2.0, Diff: 0.2, Sum: 23.6]
      [GC Worker End (ms): Min: 852.1, Avg: 852.1, Max: 852.2, Diff: 0.1]
   [Code Root Fixup: 0.0 ms]
   [Code Root Purge: 0.0 ms]
   [Clear CT: 0.2 ms]
   [Other: 0.7 ms]
      [Choose CSet: 0.0 ms]
      [Ref Proc: 0.3 ms]
      [Ref Enq: 0.0 ms]
      [Redirty Cards: 0.2 ms]
      [Humongous Register: 0.1 ms]
      [Humongous Reclaim: 0.0 ms]
      [Free CSet: 0.0 ms]
   [Eden: 24.0M(24.0M)->0.0B(21.0M) Survivors: 1024.0K->4096.0K Heap: 414.6M(512.0M)->391.2M(512.0M)]
 [Times: user=0.03 sys=0.00, real=0.01 secs] 
2020-11-18T16:52:22.743-0800: 0.856: [GC pause (G1 Evacuation Pause) (mixed) (to-space exhausted), 0.0043883 secs]
   [Parallel Time: 3.1 ms, GC Workers: 13]
      [GC Worker Start (ms): Min: 856.4, Avg: 856.4, Max: 856.5, Diff: 0.1]
      [Ext Root Scanning (ms): Min: 0.1, Avg: 0.1, Max: 0.2, Diff: 0.1, Sum: 1.5]
      [Update RS (ms): Min: 0.3, Avg: 0.3, Max: 0.3, Diff: 0.1, Sum: 3.6]
         [Processed Buffers: Min: 3, Avg: 3.2, Max: 4, Diff: 1, Sum: 41]
      [Scan RS (ms): Min: 0.0, Avg: 0.0, Max: 0.1, Diff: 0.1, Sum: 0.3]
      [Code Root Scanning (ms): Min: 0.0, Avg: 0.0, Max: 0.0, Diff: 0.0, Sum: 0.0]
      [Object Copy (ms): Min: 2.3, Avg: 2.4, Max: 2.5, Diff: 0.2, Sum: 31.3]
      [Termination (ms): Min: 0.0, Avg: 0.1, Max: 0.2, Diff: 0.2, Sum: 1.8]
         [Termination Attempts: Min: 1, Avg: 1.0, Max: 1, Diff: 0, Sum: 13]
      [GC Worker Other (ms): Min: 0.0, Avg: 0.0, Max: 0.0, Diff: 0.0, Sum: 0.2]
      [GC Worker Total (ms): Min: 2.9, Avg: 3.0, Max: 3.1, Diff: 0.2, Sum: 38.6]
      [GC Worker End (ms): Min: 859.3, Avg: 859.4, Max: 859.5, Diff: 0.1]
   [Code Root Fixup: 0.0 ms]
   [Code Root Purge: 0.0 ms]
   [Clear CT: 0.3 ms]
   [Other: 1.0 ms]
      [Evacuation Failure: 0.2 ms]
      [Choose CSet: 0.0 ms]
      [Ref Proc: 0.3 ms]
      [Ref Enq: 0.0 ms]
      [Redirty Cards: 0.3 ms]
      [Humongous Register: 0.1 ms]
      [Humongous Reclaim: 0.0 ms]
      [Free CSet: 0.0 ms]
   [Eden: 21.0M(21.0M)->0.0B(21.0M) Survivors: 4096.0K->4096.0K Heap: 415.7M(512.0M)->390.5M(512.0M)]
 [Times: user=0.04 sys=0.00, real=0.00 secs] 
2020-11-18T16:52:22.749-0800: 0.862: [GC pause (G1 Humongous Allocation) (young) (initial-mark), 0.0016582 secs]
   [Parallel Time: 0.9 ms, GC Workers: 13]
      [GC Worker Start (ms): Min: 861.7, Avg: 861.8, Max: 861.9, Diff: 0.2]
      [Ext Root Scanning (ms): Min: 0.0, Avg: 0.1, Max: 0.2, Diff: 0.2, Sum: 1.2]
      [Update RS (ms): Min: 0.0, Avg: 0.1, Max: 0.1, Diff: 0.0, Sum: 0.7]
         [Processed Buffers: Min: 1, Avg: 2.0, Max: 5, Diff: 4, Sum: 26]
      [Scan RS (ms): Min: 0.0, Avg: 0.0, Max: 0.0, Diff: 0.0, Sum: 0.0]
      [Code Root Scanning (ms): Min: 0.0, Avg: 0.0, Max: 0.0, Diff: 0.0, Sum: 0.0]
      [Object Copy (ms): Min: 0.3, Avg: 0.4, Max: 0.5, Diff: 0.2, Sum: 5.2]
      [Termination (ms): Min: 0.0, Avg: 0.1, Max: 0.2, Diff: 0.2, Sum: 1.5]
         [Termination Attempts: Min: 1, Avg: 1.0, Max: 1, Diff: 0, Sum: 13]
      [GC Worker Other (ms): Min: 0.0, Avg: 0.0, Max: 0.0, Diff: 0.0, Sum: 0.1]
      [GC Worker Total (ms): Min: 0.6, Avg: 0.7, Max: 0.8, Diff: 0.2, Sum: 8.6]
      [GC Worker End (ms): Min: 862.5, Avg: 862.5, Max: 862.6, Diff: 0.1]
   [Code Root Fixup: 0.0 ms]
   [Code Root Purge: 0.0 ms]
   [Clear CT: 0.2 ms]
   [Other: 0.6 ms]
      [Choose CSet: 0.0 ms]
      [Ref Proc: 0.3 ms]
      [Ref Enq: 0.0 ms]
      [Redirty Cards: 0.1 ms]
      [Humongous Register: 0.1 ms]
      [Humongous Reclaim: 0.0 ms]
      [Free CSet: 0.0 ms]
   [Eden: 6144.0K(21.0M)->0.0B(23.0M) Survivors: 4096.0K->2048.0K Heap: 396.5M(512.0M)->392.2M(512.0M)]
 [Times: user=0.01 sys=0.00, real=0.01 secs] 
2020-11-18T16:52:22.751-0800: 0.863: [GC concurrent-root-region-scan-start]
2020-11-18T16:52:22.751-0800: 0.863: [GC concurrent-root-region-scan-end, 0.0000903 secs]
2020-11-18T16:52:22.751-0800: 0.863: [GC concurrent-mark-start]
2020-11-18T16:52:22.752-0800: 0.865: [GC concurrent-mark-end, 0.0011303 secs]
2020-11-18T16:52:22.752-0800: 0.865: [GC remark 2020-11-18T16:52:22.752-0800: 0.865: [Finalize Marking, 0.0001952 secs] 2020-11-18T16:52:22.752-0800: 0.865: [GC ref-proc, 0.0000625 secs] 2020-11-18T16:52:22.752-0800: 0.865: [Unloading, 0.0005151 secs], 0.0013349 secs]
 [Times: user=0.01 sys=0.00, real=0.00 secs] 
2020-11-18T16:52:22.753-0800: 0.866: [GC cleanup 401M->401M(512M), 0.0008755 secs]
 [Times: user=0.01 sys=0.00, real=0.00 secs] 
2020-11-18T16:52:22.756-0800: 0.869: [GC pause (G1 Evacuation Pause) (young), 0.0017412 secs]
   [Parallel Time: 1.1 ms, GC Workers: 13]
      [GC Worker Start (ms): Min: 869.2, Avg: 869.3, Max: 869.3, Diff: 0.1]
      [Ext Root Scanning (ms): Min: 0.1, Avg: 0.1, Max: 0.2, Diff: 0.1, Sum: 1.5]
      [Update RS (ms): Min: 0.1, Avg: 0.2, Max: 0.2, Diff: 0.1, Sum: 2.6]
         [Processed Buffers: Min: 2, Avg: 2.4, Max: 3, Diff: 1, Sum: 31]
      [Scan RS (ms): Min: 0.0, Avg: 0.0, Max: 0.0, Diff: 0.0, Sum: 0.0]
      [Code Root Scanning (ms): Min: 0.0, Avg: 0.0, Max: 0.0, Diff: 0.0, Sum: 0.0]
      [Object Copy (ms): Min: 0.4, Avg: 0.5, Max: 0.6, Diff: 0.2, Sum: 6.9]
      [Termination (ms): Min: 0.0, Avg: 0.1, Max: 0.2, Diff: 0.2, Sum: 1.1]
         [Termination Attempts: Min: 1, Avg: 1.0, Max: 1, Diff: 0, Sum: 13]
      [GC Worker Other (ms): Min: 0.0, Avg: 0.0, Max: 0.0, Diff: 0.0, Sum: 0.1]
      [GC Worker Total (ms): Min: 0.9, Avg: 0.9, Max: 1.0, Diff: 0.2, Sum: 12.3]
      [GC Worker End (ms): Min: 870.2, Avg: 870.2, Max: 870.3, Diff: 0.1]
   [Code Root Fixup: 0.0 ms]
   [Code Root Purge: 0.0 ms]
   [Clear CT: 0.1 ms]
   [Other: 0.5 ms]
      [Choose CSet: 0.0 ms]
      [Ref Proc: 0.2 ms]
      [Ref Enq: 0.0 ms]
      [Redirty Cards: 0.1 ms]
      [Humongous Register: 0.1 ms]
      [Humongous Reclaim: 0.0 ms]
      [Free CSet: 0.0 ms]
   [Eden: 23.0M(23.0M)->0.0B(21.0M) Survivors: 2048.0K->4096.0K Heap: 417.7M(512.0M)->397.1M(512.0M)]
 [Times: user=0.01 sys=0.00, real=0.00 secs] 
2020-11-18T16:52:22.761-0800: 0.874: [GC pause (G1 Evacuation Pause) (mixed) (to-space exhausted), 0.0041412 secs]
   [Parallel Time: 2.8 ms, GC Workers: 13]
      [GC Worker Start (ms): Min: 874.3, Avg: 874.4, Max: 874.5, Diff: 0.2]
      [Ext Root Scanning (ms): Min: 0.0, Avg: 0.1, Max: 0.2, Diff: 0.2, Sum: 1.2]
      [Update RS (ms): Min: 0.3, Avg: 0.4, Max: 0.4, Diff: 0.1, Sum: 4.9]
         [Processed Buffers: Min: 3, Avg: 4.5, Max: 6, Diff: 3, Sum: 58]
      [Scan RS (ms): Min: 0.0, Avg: 0.0, Max: 0.2, Diff: 0.1, Sum: 0.6]
      [Code Root Scanning (ms): Min: 0.0, Avg: 0.0, Max: 0.1, Diff: 0.1, Sum: 0.1]
      [Object Copy (ms): Min: 2.0, Avg: 2.0, Max: 2.1, Diff: 0.1, Sum: 26.6]
      [Termination (ms): Min: 0.0, Avg: 0.1, Max: 0.1, Diff: 0.1, Sum: 1.0]
         [Termination Attempts: Min: 1, Avg: 1.0, Max: 1, Diff: 0, Sum: 13]
      [GC Worker Other (ms): Min: 0.0, Avg: 0.0, Max: 0.0, Diff: 0.0, Sum: 0.1]
      [GC Worker Total (ms): Min: 2.6, Avg: 2.7, Max: 2.8, Diff: 0.2, Sum: 34.5]
      [GC Worker End (ms): Min: 877.1, Avg: 877.1, Max: 877.1, Diff: 0.1]
   [Code Root Fixup: 0.0 ms]
   [Code Root Purge: 0.0 ms]
   [Clear CT: 0.2 ms]
   [Other: 1.1 ms]
      [Evacuation Failure: 0.3 ms]
      [Choose CSet: 0.0 ms]
      [Ref Proc: 0.3 ms]
      [Ref Enq: 0.0 ms]
      [Redirty Cards: 0.2 ms]
      [Humongous Register: 0.1 ms]
      [Humongous Reclaim: 0.0 ms]
      [Free CSet: 0.0 ms]
   [Eden: 21.0M(21.0M)->0.0B(22.0M) Survivors: 4096.0K->3072.0K Heap: 423.8M(512.0M)->427.3M(512.0M)]
 [Times: user=0.03 sys=0.01, real=0.00 secs] 
2020-11-18T16:52:22.766-0800: 0.879: [GC pause (G1 Humongous Allocation) (young) (initial-mark), 0.0014119 secs]
   [Parallel Time: 0.7 ms, GC Workers: 13]
      [GC Worker Start (ms): Min: 878.6, Avg: 878.7, Max: 878.7, Diff: 0.1]
      [Ext Root Scanning (ms): Min: 0.1, Avg: 0.1, Max: 0.2, Diff: 0.1, Sum: 1.6]
      [Update RS (ms): Min: 0.0, Avg: 0.1, Max: 0.3, Diff: 0.3, Sum: 1.8]
         [Processed Buffers: Min: 1, Avg: 1.1, Max: 2, Diff: 1, Sum: 14]
      [Scan RS (ms): Min: 0.0, Avg: 0.0, Max: 0.0, Diff: 0.0, Sum: 0.0]
      [Code Root Scanning (ms): Min: 0.0, Avg: 0.0, Max: 0.0, Diff: 0.0, Sum: 0.0]
      [Object Copy (ms): Min: 0.0, Avg: 0.1, Max: 0.2, Diff: 0.2, Sum: 1.1]
      [Termination (ms): Min: 0.0, Avg: 0.1, Max: 0.2, Diff: 0.2, Sum: 1.3]
         [Termination Attempts: Min: 1, Avg: 1.0, Max: 1, Diff: 0, Sum: 13]
      [GC Worker Other (ms): Min: 0.0, Avg: 0.0, Max: 0.0, Diff: 0.0, Sum: 0.1]
      [GC Worker Total (ms): Min: 0.4, Avg: 0.5, Max: 0.6, Diff: 0.2, Sum: 5.9]
      [GC Worker End (ms): Min: 879.1, Avg: 879.1, Max: 879.2, Diff: 0.1]
   [Code Root Fixup: 0.0 ms]
   [Code Root Purge: 0.0 ms]
   [Clear CT: 0.2 ms]
   [Other: 0.6 ms]
      [Choose CSet: 0.0 ms]
      [Ref Proc: 0.3 ms]
      [Ref Enq: 0.0 ms]
      [Redirty Cards: 0.1 ms]
      [Humongous Register: 0.0 ms]
      [Humongous Reclaim: 0.0 ms]
      [Free CSet: 0.0 ms]
   [Eden: 1024.0K(22.0M)->0.0B(24.0M) Survivors: 3072.0K->1024.0K Heap: 428.0M(512.0M)->426.9M(512.0M)]
 [Times: user=0.00 sys=0.00, real=0.00 secs] 
2020-11-18T16:52:22.767-0800: 0.880: [GC concurrent-root-region-scan-start]
2020-11-18T16:52:22.767-0800: 0.880: [GC concurrent-root-region-scan-end, 0.0000556 secs]
2020-11-18T16:52:22.767-0800: 0.880: [GC concurrent-mark-start]
2020-11-18T16:52:22.768-0800: 0.881: [GC concurrent-mark-end, 0.0010446 secs]
2020-11-18T16:52:22.768-0800: 0.881: [GC remark 2020-11-18T16:52:22.768-0800: 0.881: [Finalize Marking, 0.0003976 secs] 2020-11-18T16:52:22.769-0800: 0.882: [GC ref-proc, 0.0000642 secs] 2020-11-18T16:52:22.769-0800: 0.882: [Unloading, 0.0005916 secs], 0.0016842 secs]
 [Times: user=0.01 sys=0.00, real=0.01 secs] 
2020-11-18T16:52:22.770-0800: 0.883: [GC cleanup 436M->436M(512M), 0.0008446 secs]
 [Times: user=0.00 sys=0.00, real=0.00 secs] 
2020-11-18T16:52:22.772-0800: 0.885: [GC pause (G1 Evacuation Pause) (young) (to-space exhausted), 0.0014963 secs]
   [Parallel Time: 0.7 ms, GC Workers: 13]
      [GC Worker Start (ms): Min: 885.2, Avg: 885.3, Max: 885.4, Diff: 0.2]
      [Ext Root Scanning (ms): Min: 0.0, Avg: 0.1, Max: 0.2, Diff: 0.2, Sum: 1.0]
      [Update RS (ms): Min: 0.2, Avg: 0.3, Max: 0.3, Diff: 0.1, Sum: 3.3]
         [Processed Buffers: Min: 1, Avg: 2.4, Max: 3, Diff: 2, Sum: 31]
      [Scan RS (ms): Min: 0.0, Avg: 0.0, Max: 0.0, Diff: 0.0, Sum: 0.0]
      [Code Root Scanning (ms): Min: 0.0, Avg: 0.0, Max: 0.0, Diff: 0.0, Sum: 0.0]
      [Object Copy (ms): Min: 0.0, Avg: 0.1, Max: 0.2, Diff: 0.1, Sum: 1.2]
      [Termination (ms): Min: 0.0, Avg: 0.1, Max: 0.1, Diff: 0.1, Sum: 0.9]
         [Termination Attempts: Min: 1, Avg: 1.0, Max: 1, Diff: 0, Sum: 13]
      [GC Worker Other (ms): Min: 0.0, Avg: 0.0, Max: 0.0, Diff: 0.0, Sum: 0.1]
      [GC Worker Total (ms): Min: 0.4, Avg: 0.5, Max: 0.6, Diff: 0.2, Sum: 6.6]
      [GC Worker End (ms): Min: 885.8, Avg: 885.8, Max: 885.9, Diff: 0.1]
   [Code Root Fixup: 0.0 ms]
   [Code Root Purge: 0.0 ms]
   [Clear CT: 0.1 ms]
   [Other: 0.7 ms]
      [Evacuation Failure: 0.2 ms]
      [Choose CSet: 0.0 ms]
      [Ref Proc: 0.2 ms]
      [Ref Enq: 0.0 ms]
      [Redirty Cards: 0.1 ms]
      [Humongous Register: 0.1 ms]
      [Humongous Reclaim: 0.0 ms]
      [Free CSet: 0.0 ms]
   [Eden: 15.0M(24.0M)->0.0B(25.0M) Survivors: 1024.0K->0.0B Heap: 445.1M(512.0M)->440.2M(512.0M)]
 [Times: user=0.01 sys=0.00, real=0.00 secs] 
2020-11-18T16:52:22.775-0800: 0.887: [GC pause (G1 Evacuation Pause) (mixed) (to-space exhausted), 0.0012963 secs]
   [Parallel Time: 0.5 ms, GC Workers: 13]
      [GC Worker Start (ms): Min: 887.6, Avg: 887.6, Max: 887.7, Diff: 0.1]
      [Ext Root Scanning (ms): Min: 0.0, Avg: 0.1, Max: 0.2, Diff: 0.1, Sum: 1.4]
      [Update RS (ms): Min: 0.1, Avg: 0.1, Max: 0.1, Diff: 0.1, Sum: 1.6]
         [Processed Buffers: Min: 1, Avg: 2.2, Max: 3, Diff: 2, Sum: 28]
      [Scan RS (ms): Min: 0.0, Avg: 0.0, Max: 0.1, Diff: 0.1, Sum: 0.4]
      [Code Root Scanning (ms): Min: 0.0, Avg: 0.0, Max: 0.0, Diff: 0.0, Sum: 0.0]
      [Object Copy (ms): Min: 0.1, Avg: 0.1, Max: 0.1, Diff: 0.0, Sum: 1.0]
      [Termination (ms): Min: 0.0, Avg: 0.0, Max: 0.1, Diff: 0.1, Sum: 0.5]
         [Termination Attempts: Min: 1, Avg: 1.0, Max: 1, Diff: 0, Sum: 13]
      [GC Worker Other (ms): Min: 0.0, Avg: 0.0, Max: 0.0, Diff: 0.0, Sum: 0.1]
      [GC Worker Total (ms): Min: 0.3, Avg: 0.4, Max: 0.5, Diff: 0.1, Sum: 5.0]
      [GC Worker End (ms): Min: 888.0, Avg: 888.0, Max: 888.0, Diff: 0.0]
   [Code Root Fixup: 0.0 ms]
   [Code Root Purge: 0.0 ms]
   [Clear CT: 0.1 ms]
   [Other: 0.6 ms]
      [Evacuation Failure: 0.2 ms]
      [Choose CSet: 0.0 ms]
      [Ref Proc: 0.2 ms]
      [Ref Enq: 0.0 ms]
      [Redirty Cards: 0.1 ms]
      [Humongous Register: 0.1 ms]
      [Humongous Reclaim: 0.0 ms]
      [Free CSet: 0.0 ms]
   [Eden: 6144.0K(25.0M)->0.0B(25.0M) Survivors: 0.0B->0.0B Heap: 447.6M(512.0M)->444.8M(512.0M)]
 [Times: user=0.01 sys=0.00, real=0.00 secs] 
2020-11-18T16:52:22.777-0800: 0.890: [GC pause (G1 Evacuation Pause) (mixed) (to-space exhausted), 0.0013156 secs]
   [Parallel Time: 0.6 ms, GC Workers: 13]
      [GC Worker Start (ms): Min: 889.6, Avg: 889.7, Max: 889.7, Diff: 0.1]
      [Ext Root Scanning (ms): Min: 0.1, Avg: 0.1, Max: 0.2, Diff: 0.1, Sum: 1.4]
      [Update RS (ms): Min: 0.0, Avg: 0.0, Max: 0.0, Diff: 0.0, Sum: 0.4]
         [Processed Buffers: Min: 1, Avg: 1.8, Max: 6, Diff: 5, Sum: 23]
      [Scan RS (ms): Min: 0.0, Avg: 0.0, Max: 0.1, Diff: 0.0, Sum: 0.4]
      [Code Root Scanning (ms): Min: 0.0, Avg: 0.0, Max: 0.0, Diff: 0.0, Sum: 0.0]
      [Object Copy (ms): Min: 0.2, Avg: 0.2, Max: 0.3, Diff: 0.1, Sum: 3.0]
      [Termination (ms): Min: 0.0, Avg: 0.1, Max: 0.1, Diff: 0.1, Sum: 0.7]
         [Termination Attempts: Min: 1, Avg: 1.0, Max: 1, Diff: 0, Sum: 13]
      [GC Worker Other (ms): Min: 0.0, Avg: 0.0, Max: 0.0, Diff: 0.0, Sum: 0.1]
      [GC Worker Total (ms): Min: 0.4, Avg: 0.5, Max: 0.5, Diff: 0.1, Sum: 6.1]
      [GC Worker End (ms): Min: 890.1, Avg: 890.2, Max: 890.2, Diff: 0.1]
   [Code Root Fixup: 0.0 ms]
   [Code Root Purge: 0.0 ms]
   [Clear CT: 0.1 ms]
   [Other: 0.6 ms]
      [Evacuation Failure: 0.2 ms]
      [Choose CSet: 0.0 ms]
      [Ref Proc: 0.2 ms]
      [Ref Enq: 0.0 ms]
      [Redirty Cards: 0.1 ms]
      [Humongous Register: 0.1 ms]
      [Humongous Reclaim: 0.0 ms]
      [Free CSet: 0.0 ms]
   [Eden: 3072.0K(25.0M)->0.0B(25.0M) Survivors: 0.0B->0.0B Heap: 447.8M(512.0M)->447.8M(512.0M)]
 [Times: user=0.00 sys=0.00, real=0.00 secs] 
2020-11-18T16:52:22.778-0800: 0.891: [Full GC (Allocation Failure)  447M->334M(512M), 0.0343209 secs]
   [Eden: 0.0B(25.0M)->0.0B(25.0M) Survivors: 0.0B->0.0B Heap: 447.8M(512.0M)->334.7M(512.0M)], [Metaspace: 2741K->2741K(1056768K)]
 [Times: user=0.04 sys=0.00, real=0.04 secs] 
2020-11-18T16:52:22.813-0800: 0.926: [GC pause (G1 Humongous Allocation) (young) (initial-mark), 0.0012553 secs]
   [Parallel Time: 0.5 ms, GC Workers: 13]
      [GC Worker Start (ms): Min: 926.3, Avg: 926.5, Max: 926.6, Diff: 0.2]
      [Ext Root Scanning (ms): Min: 0.0, Avg: 0.2, Max: 0.3, Diff: 0.3, Sum: 2.6]
      [Update RS (ms): Min: 0.0, Avg: 0.0, Max: 0.1, Diff: 0.1, Sum: 0.2]
         [Processed Buffers: Min: 0, Avg: 0.2, Max: 1, Diff: 1, Sum: 2]
      [Scan RS (ms): Min: 0.0, Avg: 0.0, Max: 0.0, Diff: 0.0, Sum: 0.0]
      [Code Root Scanning (ms): Min: 0.0, Avg: 0.0, Max: 0.0, Diff: 0.0, Sum: 0.0]
      [Object Copy (ms): Min: 0.0, Avg: 0.0, Max: 0.0, Diff: 0.0, Sum: 0.1]
      [Termination (ms): Min: 0.0, Avg: 0.1, Max: 0.2, Diff: 0.2, Sum: 0.8]
         [Termination Attempts: Min: 1, Avg: 1.4, Max: 4, Diff: 3, Sum: 18]
      [GC Worker Other (ms): Min: 0.0, Avg: 0.0, Max: 0.0, Diff: 0.0, Sum: 0.1]
      [GC Worker Total (ms): Min: 0.2, Avg: 0.3, Max: 0.4, Diff: 0.2, Sum: 3.8]
      [GC Worker End (ms): Min: 926.7, Avg: 926.7, Max: 926.8, Diff: 0.0]
   [Code Root Fixup: 0.0 ms]
   [Code Root Purge: 0.0 ms]
   [Clear CT: 0.2 ms]
   [Other: 0.6 ms]
      [Choose CSet: 0.0 ms]
      [Ref Proc: 0.3 ms]
      [Ref Enq: 0.0 ms]
      [Redirty Cards: 0.2 ms]
      [Humongous Register: 0.1 ms]
      [Humongous Reclaim: 0.0 ms]
      [Free CSet: 0.0 ms]
   [Eden: 5120.0K(25.0M)->0.0B(24.0M) Survivors: 0.0B->1024.0K Heap: 339.0M(512.0M)->334.1M(512.0M)]
 [Times: user=0.00 sys=0.00, real=0.00 secs] 
2020-11-18T16:52:22.815-0800: 0.928: [GC concurrent-root-region-scan-start]
2020-11-18T16:52:22.815-0800: 0.928: [GC concurrent-root-region-scan-end, 0.0000667 secs]
2020-11-18T16:52:22.815-0800: 0.928: [GC concurrent-mark-start]
2020-11-18T16:52:22.816-0800: 0.929: [GC concurrent-mark-end, 0.0009492 secs]
2020-11-18T16:52:22.816-0800: 0.929: [GC remark 2020-11-18T16:52:22.816-0800: 0.929: [Finalize Marking, 0.0003122 secs] 2020-11-18T16:52:22.816-0800: 0.929: [GC ref-proc, 0.0000639 secs] 2020-11-18T16:52:22.816-0800: 0.929: [Unloading, 0.0004750 secs], 0.0013449 secs]
 [Times: user=0.01 sys=0.00, real=0.00 secs] 
2020-11-18T16:52:22.817-0800: 0.930: [GC cleanup 341M->341M(512M), 0.0008799 secs]
 [Times: user=0.00 sys=0.00, real=0.00 secs] 
2020-11-18T16:52:22.821-0800: 0.934: [GC pause (G1 Evacuation Pause) (young), 0.0021635 secs]
   [Parallel Time: 1.5 ms, GC Workers: 13]
      [GC Worker Start (ms): Min: 934.4, Avg: 934.5, Max: 934.6, Diff: 0.1]
      [Ext Root Scanning (ms): Min: 0.0, Avg: 0.1, Max: 0.2, Diff: 0.1, Sum: 1.3]
      [Update RS (ms): Min: 0.5, Avg: 0.5, Max: 0.6, Diff: 0.1, Sum: 6.7]
         [Processed Buffers: Min: 4, Avg: 4.7, Max: 6, Diff: 2, Sum: 61]
      [Scan RS (ms): Min: 0.0, Avg: 0.0, Max: 0.0, Diff: 0.0, Sum: 0.0]
      [Code Root Scanning (ms): Min: 0.0, Avg: 0.0, Max: 0.0, Diff: 0.0, Sum: 0.0]
      [Object Copy (ms): Min: 0.4, Avg: 0.5, Max: 0.6, Diff: 0.2, Sum: 6.6]
      [Termination (ms): Min: 0.0, Avg: 0.1, Max: 0.2, Diff: 0.2, Sum: 1.7]
         [Termination Attempts: Min: 1, Avg: 1.0, Max: 1, Diff: 0, Sum: 13]
      [GC Worker Other (ms): Min: 0.0, Avg: 0.0, Max: 0.0, Diff: 0.0, Sum: 0.1]
      [GC Worker Total (ms): Min: 1.2, Avg: 1.3, Max: 1.4, Diff: 0.2, Sum: 16.5]
      [GC Worker End (ms): Min: 935.7, Avg: 935.8, Max: 935.8, Diff: 0.1]
   [Code Root Fixup: 0.0 ms]
   [Code Root Purge: 0.0 ms]
   [Clear CT: 0.2 ms]
   [Other: 0.5 ms]
      [Choose CSet: 0.0 ms]
      [Ref Proc: 0.3 ms]
      [Ref Enq: 0.0 ms]
      [Redirty Cards: 0.1 ms]
      [Humongous Register: 0.1 ms]
      [Humongous Reclaim: 0.0 ms]
      [Free CSet: 0.0 ms]
   [Eden: 24.0M(24.0M)->0.0B(21.0M) Survivors: 1024.0K->4096.0K Heap: 365.0M(512.0M)->340.0M(512.0M)]
 [Times: user=0.02 sys=0.00, real=0.00 secs] 
2020-11-18T16:52:22.825-0800: 0.938: [GC pause (G1 Humongous Allocation) (young) (initial-mark), 0.0015319 secs]
   [Parallel Time: 0.9 ms, GC Workers: 13]
      [GC Worker Start (ms): Min: 938.1, Avg: 938.1, Max: 938.2, Diff: 0.1]
      [Ext Root Scanning (ms): Min: 0.1, Avg: 0.1, Max: 0.2, Diff: 0.1, Sum: 1.5]
      [Update RS (ms): Min: 0.0, Avg: 0.0, Max: 0.1, Diff: 0.1, Sum: 0.6]
         [Processed Buffers: Min: 0, Avg: 0.8, Max: 1, Diff: 1, Sum: 11]
      [Scan RS (ms): Min: 0.0, Avg: 0.0, Max: 0.0, Diff: 0.0, Sum: 0.0]
      [Code Root Scanning (ms): Min: 0.0, Avg: 0.0, Max: 0.0, Diff: 0.0, Sum: 0.0]
      [Object Copy (ms): Min: 0.4, Avg: 0.5, Max: 0.6, Diff: 0.1, Sum: 6.5]
      [Termination (ms): Min: 0.0, Avg: 0.1, Max: 0.1, Diff: 0.1, Sum: 0.8]
         [Termination Attempts: Min: 1, Avg: 1.0, Max: 1, Diff: 0, Sum: 13]
      [GC Worker Other (ms): Min: 0.0, Avg: 0.0, Max: 0.0, Diff: 0.0, Sum: 0.1]
      [GC Worker Total (ms): Min: 0.7, Avg: 0.7, Max: 0.8, Diff: 0.1, Sum: 9.5]
      [GC Worker End (ms): Min: 938.8, Avg: 938.9, Max: 938.9, Diff: 0.0]
   [Code Root Fixup: 0.0 ms]
   [Code Root Purge: 0.0 ms]
   [Clear CT: 0.2 ms]
   [Other: 0.4 ms]
      [Choose CSet: 0.0 ms]
      [Ref Proc: 0.2 ms]
      [Ref Enq: 0.0 ms]
      [Redirty Cards: 0.1 ms]
      [Humongous Register: 0.1 ms]
      [Humongous Reclaim: 0.0 ms]
      [Free CSet: 0.0 ms]
   [Eden: 10.0M(21.0M)->0.0B(21.0M) Survivors: 4096.0K->4096.0K Heap: 350.0M(512.0M)->340.8M(512.0M)]
 [Times: user=0.01 sys=0.00, real=0.00 secs] 
2020-11-18T16:52:22.827-0800: 0.940: [GC concurrent-root-region-scan-start]
2020-11-18T16:52:22.827-0800: 0.940: [GC concurrent-root-region-scan-end, 0.0000766 secs]
2020-11-18T16:52:22.827-0800: 0.940: [GC concurrent-mark-start]
2020-11-18T16:52:22.828-0800: 0.941: [GC concurrent-mark-end, 0.0010138 secs]
2020-11-18T16:52:22.828-0800: 0.941: [GC remark 2020-11-18T16:52:22.828-0800: 0.941: [Finalize Marking, 0.0002478 secs] 2020-11-18T16:52:22.828-0800: 0.941: [GC ref-proc, 0.0000611 secs] 2020-11-18T16:52:22.828-0800: 0.941: [Unloading, 0.0004786 secs], 0.0012413 secs]
 [Times: user=0.01 sys=0.00, real=0.00 secs] 
2020-11-18T16:52:22.829-0800: 0.942: [GC cleanup 351M->351M(512M), 0.0007549 secs]
 [Times: user=0.00 sys=0.00, real=0.01 secs] 
2020-11-18T16:52:22.832-0800: 0.945: [GC pause (G1 Evacuation Pause) (young), 0.0021536 secs]
   [Parallel Time: 1.5 ms, GC Workers: 13]
      [GC Worker Start (ms): Min: 945.3, Avg: 945.3, Max: 945.4, Diff: 0.1]
      [Ext Root Scanning (ms): Min: 0.1, Avg: 0.1, Max: 0.2, Diff: 0.1, Sum: 1.5]
      [Update RS (ms): Min: 0.4, Avg: 0.4, Max: 0.4, Diff: 0.1, Sum: 5.1]
         [Processed Buffers: Min: 3, Avg: 4.3, Max: 7, Diff: 4, Sum: 56]
      [Scan RS (ms): Min: 0.0, Avg: 0.0, Max: 0.0, Diff: 0.0, Sum: 0.0]
      [Code Root Scanning (ms): Min: 0.0, Avg: 0.0, Max: 0.0, Diff: 0.0, Sum: 0.0]
      [Object Copy (ms): Min: 0.6, Avg: 0.7, Max: 0.8, Diff: 0.2, Sum: 9.2]
      [Termination (ms): Min: 0.0, Avg: 0.1, Max: 0.2, Diff: 0.2, Sum: 1.4]
         [Termination Attempts: Min: 1, Avg: 1.0, Max: 1, Diff: 0, Sum: 13]
      [GC Worker Other (ms): Min: 0.0, Avg: 0.0, Max: 0.0, Diff: 0.0, Sum: 0.1]
      [GC Worker Total (ms): Min: 1.3, Avg: 1.3, Max: 1.4, Diff: 0.2, Sum: 17.3]
      [GC Worker End (ms): Min: 946.6, Avg: 946.7, Max: 946.7, Diff: 0.1]
   [Code Root Fixup: 0.0 ms]
   [Code Root Purge: 0.0 ms]
   [Clear CT: 0.1 ms]
   [Other: 0.5 ms]
      [Choose CSet: 0.0 ms]
      [Ref Proc: 0.3 ms]
      [Ref Enq: 0.0 ms]
      [Redirty Cards: 0.1 ms]
      [Humongous Register: 0.1 ms]
      [Humongous Reclaim: 0.0 ms]
      [Free CSet: 0.0 ms]
   [Eden: 21.0M(21.0M)->0.0B(21.0M) Survivors: 4096.0K->4096.0K Heap: 367.1M(512.0M)->349.6M(512.0M)]
 [Times: user=0.02 sys=0.00, real=0.00 secs] 
2020-11-18T16:52:22.838-0800: 0.951: [GC pause (G1 Evacuation Pause) (mixed), 0.0024605 secs]
   [Parallel Time: 1.8 ms, GC Workers: 13]
      [GC Worker Start (ms): Min: 950.9, Avg: 951.0, Max: 951.0, Diff: 0.1]
      [Ext Root Scanning (ms): Min: 0.0, Avg: 0.1, Max: 0.2, Diff: 0.1, Sum: 1.4]
      [Update RS (ms): Min: 0.2, Avg: 0.3, Max: 0.3, Diff: 0.1, Sum: 3.3]
         [Processed Buffers: Min: 2, Avg: 3.0, Max: 4, Diff: 2, Sum: 39]
      [Scan RS (ms): Min: 0.0, Avg: 0.0, Max: 0.0, Diff: 0.0, Sum: 0.1]
      [Code Root Scanning (ms): Min: 0.0, Avg: 0.0, Max: 0.0, Diff: 0.0, Sum: 0.0]
      [Object Copy (ms): Min: 1.0, Avg: 1.0, Max: 1.1, Diff: 0.1, Sum: 13.6]
      [Termination (ms): Min: 0.0, Avg: 0.1, Max: 0.2, Diff: 0.2, Sum: 1.7]
         [Termination Attempts: Min: 1, Avg: 1.2, Max: 2, Diff: 1, Sum: 15]
      [GC Worker Other (ms): Min: 0.0, Avg: 0.0, Max: 0.0, Diff: 0.0, Sum: 0.1]
      [GC Worker Total (ms): Min: 1.5, Avg: 1.6, Max: 1.6, Diff: 0.2, Sum: 20.2]
      [GC Worker End (ms): Min: 952.5, Avg: 952.5, Max: 952.6, Diff: 0.1]
   [Code Root Fixup: 0.0 ms]
   [Code Root Purge: 0.0 ms]
   [Clear CT: 0.1 ms]
   [Other: 0.5 ms]
      [Choose CSet: 0.0 ms]
      [Ref Proc: 0.2 ms]
      [Ref Enq: 0.0 ms]
      [Redirty Cards: 0.1 ms]
      [Humongous Register: 0.1 ms]
      [Humongous Reclaim: 0.0 ms]
      [Free CSet: 0.0 ms]
   [Eden: 21.0M(21.0M)->0.0B(21.0M) Survivors: 4096.0K->4096.0K Heap: 373.7M(512.0M)->353.0M(512.0M)]
 [Times: user=0.03 sys=0.00, real=0.01 secs] 
2020-11-18T16:52:22.841-0800: 0.954: [GC pause (G1 Humongous Allocation) (young) (initial-mark), 0.0018982 secs]
   [Parallel Time: 1.2 ms, GC Workers: 13]
      [GC Worker Start (ms): Min: 954.0, Avg: 954.1, Max: 954.2, Diff: 0.2]
      [Ext Root Scanning (ms): Min: 0.0, Avg: 0.2, Max: 0.3, Diff: 0.3, Sum: 2.4]
      [Update RS (ms): Min: 0.0, Avg: 0.0, Max: 0.1, Diff: 0.1, Sum: 0.3]
         [Processed Buffers: Min: 0, Avg: 1.0, Max: 3, Diff: 3, Sum: 13]
      [Scan RS (ms): Min: 0.0, Avg: 0.0, Max: 0.0, Diff: 0.0, Sum: 0.0]
      [Code Root Scanning (ms): Min: 0.0, Avg: 0.0, Max: 0.0, Diff: 0.0, Sum: 0.0]
      [Object Copy (ms): Min: 0.2, Avg: 0.4, Max: 0.6, Diff: 0.3, Sum: 4.8]
      [Termination (ms): Min: 0.0, Avg: 0.4, Max: 0.5, Diff: 0.5, Sum: 4.7]
         [Termination Attempts: Min: 1, Avg: 1.0, Max: 1, Diff: 0, Sum: 13]
      [GC Worker Other (ms): Min: 0.0, Avg: 0.0, Max: 0.0, Diff: 0.0, Sum: 0.1]
      [GC Worker Total (ms): Min: 0.8, Avg: 0.9, Max: 1.1, Diff: 0.3, Sum: 12.2]
      [GC Worker End (ms): Min: 954.9, Avg: 955.1, Max: 955.2, Diff: 0.2]
   [Code Root Fixup: 0.0 ms]
   [Code Root Purge: 0.0 ms]
   [Clear CT: 0.1 ms]
   [Other: 0.6 ms]
      [Choose CSet: 0.0 ms]
      [Ref Proc: 0.3 ms]
      [Ref Enq: 0.0 ms]
      [Redirty Cards: 0.1 ms]
      [Humongous Register: 0.1 ms]
      [Humongous Reclaim: 0.0 ms]
      [Free CSet: 0.0 ms]
   [Eden: 5120.0K(21.0M)->0.0B(23.0M) Survivors: 4096.0K->2048.0K Heap: 357.3M(512.0M)->353.7M(512.0M)]
 [Times: user=0.01 sys=0.01, real=0.00 secs] 
2020-11-18T16:52:22.843-0800: 0.956: [GC concurrent-root-region-scan-start]
2020-11-18T16:52:22.843-0800: 0.956: [GC concurrent-root-region-scan-end, 0.0000395 secs]
2020-11-18T16:52:22.843-0800: 0.956: [GC concurrent-mark-start]
2020-11-18T16:52:22.844-0800: 0.957: [GC concurrent-mark-end, 0.0012028 secs]
2020-11-18T16:52:22.844-0800: 0.957: [GC remark 2020-11-18T16:52:22.844-0800: 0.957: [Finalize Marking, 0.0001933 secs] 2020-11-18T16:52:22.845-0800: 0.958: [GC ref-proc, 0.0000648 secs] 2020-11-18T16:52:22.845-0800: 0.958: [Unloading, 0.0004976 secs], 0.0012837 secs]
 [Times: user=0.01 sys=0.00, real=0.00 secs] 
2020-11-18T16:52:22.846-0800: 0.959: [GC cleanup 362M->362M(512M), 0.0007575 secs]
 [Times: user=0.01 sys=0.00, real=0.00 secs] 
2020-11-18T16:52:22.849-0800: 0.962: [GC pause (G1 Evacuation Pause) (young), 0.0024677 secs]
   [Parallel Time: 1.6 ms, GC Workers: 13]
      [GC Worker Start (ms): Min: 962.1, Avg: 962.2, Max: 962.2, Diff: 0.1]
      [Ext Root Scanning (ms): Min: 0.1, Avg: 0.1, Max: 0.2, Diff: 0.1, Sum: 1.5]
      [Update RS (ms): Min: 0.6, Avg: 0.7, Max: 0.7, Diff: 0.1, Sum: 8.6]
         [Processed Buffers: Min: 5, Avg: 6.6, Max: 8, Diff: 3, Sum: 86]
      [Scan RS (ms): Min: 0.0, Avg: 0.0, Max: 0.0, Diff: 0.0, Sum: 0.0]
      [Code Root Scanning (ms): Min: 0.0, Avg: 0.0, Max: 0.0, Diff: 0.0, Sum: 0.0]
      [Object Copy (ms): Min: 0.5, Avg: 0.6, Max: 0.7, Diff: 0.2, Sum: 8.1]
      [Termination (ms): Min: 0.0, Avg: 0.1, Max: 0.2, Diff: 0.2, Sum: 1.1]
         [Termination Attempts: Min: 1, Avg: 1.0, Max: 1, Diff: 0, Sum: 13]
      [GC Worker Other (ms): Min: 0.0, Avg: 0.0, Max: 0.0, Diff: 0.0, Sum: 0.1]
      [GC Worker Total (ms): Min: 1.4, Avg: 1.5, Max: 1.6, Diff: 0.2, Sum: 19.4]
      [GC Worker End (ms): Min: 963.7, Avg: 963.7, Max: 963.8, Diff: 0.1]
   [Code Root Fixup: 0.0 ms]
   [Code Root Purge: 0.0 ms]
   [Clear CT: 0.1 ms]
   [Other: 0.7 ms]
      [Choose CSet: 0.0 ms]
      [Ref Proc: 0.4 ms]
      [Ref Enq: 0.0 ms]
      [Redirty Cards: 0.2 ms]
      [Humongous Register: 0.1 ms]
      [Humongous Reclaim: 0.0 ms]
      [Free CSet: 0.0 ms]
   [Eden: 23.0M(23.0M)->0.0B(21.0M) Survivors: 2048.0K->4096.0K Heap: 385.9M(512.0M)->364.4M(512.0M)]
 [Times: user=0.02 sys=0.00, real=0.01 secs] 
2020-11-18T16:52:22.855-0800: 0.968: [GC pause (G1 Evacuation Pause) (mixed) (to-space exhausted), 0.0037117 secs]
   [Parallel Time: 2.9 ms, GC Workers: 13]
      [GC Worker Start (ms): Min: 968.1, Avg: 968.1, Max: 968.2, Diff: 0.1]
      [Ext Root Scanning (ms): Min: 0.0, Avg: 0.1, Max: 0.2, Diff: 0.1, Sum: 1.3]
      [Update RS (ms): Min: 0.3, Avg: 0.4, Max: 0.4, Diff: 0.1, Sum: 4.8]
         [Processed Buffers: Min: 3, Avg: 3.9, Max: 5, Diff: 2, Sum: 51]
      [Scan RS (ms): Min: 0.0, Avg: 0.0, Max: 0.1, Diff: 0.0, Sum: 0.2]
      [Code Root Scanning (ms): Min: 0.0, Avg: 0.0, Max: 0.0, Diff: 0.0, Sum: 0.0]
      [Object Copy (ms): Min: 2.0, Avg: 2.1, Max: 2.2, Diff: 0.1, Sum: 27.3]
      [Termination (ms): Min: 0.0, Avg: 0.1, Max: 0.2, Diff: 0.2, Sum: 1.6]
         [Termination Attempts: Min: 1, Avg: 1.1, Max: 2, Diff: 1, Sum: 14]
      [GC Worker Other (ms): Min: 0.0, Avg: 0.0, Max: 0.0, Diff: 0.0, Sum: 0.1]
      [GC Worker Total (ms): Min: 2.6, Avg: 2.7, Max: 2.8, Diff: 0.2, Sum: 35.3]
      [GC Worker End (ms): Min: 970.8, Avg: 970.8, Max: 970.9, Diff: 0.1]
   [Code Root Fixup: 0.0 ms]
   [Code Root Purge: 0.0 ms]
   [Clear CT: 0.1 ms]
   [Other: 0.7 ms]
      [Evacuation Failure: 0.2 ms]
      [Choose CSet: 0.0 ms]
      [Ref Proc: 0.2 ms]
      [Ref Enq: 0.0 ms]
      [Redirty Cards: 0.1 ms]
      [Humongous Register: 0.1 ms]
      [Humongous Reclaim: 0.0 ms]
      [Free CSet: 0.0 ms]
   [Eden: 21.0M(21.0M)->0.0B(21.0M) Survivors: 4096.0K->4096.0K Heap: 390.2M(512.0M)->381.4M(512.0M)]
 [Times: user=0.04 sys=0.00, real=0.00 secs] 
2020-11-18T16:52:22.859-0800: 0.972: [GC pause (G1 Humongous Allocation) (young) (initial-mark), 0.0012924 secs]
   [Parallel Time: 0.7 ms, GC Workers: 13]
      [GC Worker Start (ms): Min: 972.2, Avg: 972.3, Max: 972.3, Diff: 0.1]
      [Ext Root Scanning (ms): Min: 0.0, Avg: 0.1, Max: 0.2, Diff: 0.1, Sum: 1.4]
      [Update RS (ms): Min: 0.0, Avg: 0.1, Max: 0.1, Diff: 0.1, Sum: 0.7]
         [Processed Buffers: Min: 1, Avg: 1.8, Max: 3, Diff: 2, Sum: 24]
      [Scan RS (ms): Min: 0.0, Avg: 0.0, Max: 0.0, Diff: 0.0, Sum: 0.0]
      [Code Root Scanning (ms): Min: 0.0, Avg: 0.0, Max: 0.0, Diff: 0.0, Sum: 0.0]
      [Object Copy (ms): Min: 0.3, Avg: 0.3, Max: 0.4, Diff: 0.1, Sum: 4.3]
      [Termination (ms): Min: 0.0, Avg: 0.1, Max: 0.1, Diff: 0.1, Sum: 0.8]
         [Termination Attempts: Min: 1, Avg: 1.0, Max: 1, Diff: 0, Sum: 13]
      [GC Worker Other (ms): Min: 0.0, Avg: 0.0, Max: 0.0, Diff: 0.0, Sum: 0.1]
      [GC Worker Total (ms): Min: 0.5, Avg: 0.6, Max: 0.6, Diff: 0.1, Sum: 7.4]
      [GC Worker End (ms): Min: 972.8, Avg: 972.9, Max: 972.9, Diff: 0.0]
   [Code Root Fixup: 0.0 ms]
   [Code Root Purge: 0.0 ms]
   [Clear CT: 0.2 ms]
   [Other: 0.4 ms]
      [Choose CSet: 0.0 ms]
      [Ref Proc: 0.2 ms]
      [Ref Enq: 0.0 ms]
      [Redirty Cards: 0.1 ms]
      [Humongous Register: 0.1 ms]
      [Humongous Reclaim: 0.0 ms]
      [Free CSet: 0.0 ms]
   [Eden: 2048.0K(21.0M)->0.0B(24.0M) Survivors: 4096.0K->1024.0K Heap: 383.3M(512.0M)->381.9M(512.0M)]
 [Times: user=0.01 sys=0.00, real=0.01 secs] 
2020-11-18T16:52:22.861-0800: 0.973: [GC concurrent-root-region-scan-start]
2020-11-18T16:52:22.861-0800: 0.974: [GC concurrent-root-region-scan-end, 0.0000405 secs]
2020-11-18T16:52:22.861-0800: 0.974: [GC concurrent-mark-start]
2020-11-18T16:52:22.862-0800: 0.975: [GC concurrent-mark-end, 0.0010360 secs]
2020-11-18T16:52:22.862-0800: 0.975: [GC remark 2020-11-18T16:52:22.862-0800: 0.975: [Finalize Marking, 0.0002575 secs] 2020-11-18T16:52:22.862-0800: 0.975: [GC ref-proc, 0.0000642 secs] 2020-11-18T16:52:22.862-0800: 0.975: [Unloading, 0.0005200 secs], 0.0014086 secs]
 [Times: user=0.01 sys=0.00, real=0.00 secs] 
2020-11-18T16:52:22.863-0800: 0.976: [GC cleanup 391M->391M(512M), 0.0008132 secs]
 [Times: user=0.00 sys=0.00, real=0.00 secs] 
2020-11-18T16:52:22.867-0800: 0.979: [GC pause (G1 Evacuation Pause) (young) (to-space exhausted), 0.0022789 secs]
   [Parallel Time: 1.4 ms, GC Workers: 13]
      [GC Worker Start (ms): Min: 979.6, Avg: 979.7, Max: 979.9, Diff: 0.3]
      [Ext Root Scanning (ms): Min: 0.0, Avg: 0.1, Max: 0.2, Diff: 0.2, Sum: 0.8]
      [Update RS (ms): Min: 0.2, Avg: 0.3, Max: 0.4, Diff: 0.2, Sum: 3.5]
         [Processed Buffers: Min: 2, Avg: 3.2, Max: 5, Diff: 3, Sum: 42]
      [Scan RS (ms): Min: 0.0, Avg: 0.0, Max: 0.0, Diff: 0.0, Sum: 0.0]
      [Code Root Scanning (ms): Min: 0.0, Avg: 0.0, Max: 0.0, Diff: 0.0, Sum: 0.0]
      [Object Copy (ms): Min: 0.7, Avg: 0.7, Max: 0.8, Diff: 0.1, Sum: 9.6]
      [Termination (ms): Min: 0.0, Avg: 0.1, Max: 0.1, Diff: 0.1, Sum: 0.8]
         [Termination Attempts: Min: 1, Avg: 1.0, Max: 1, Diff: 0, Sum: 13]
      [GC Worker Other (ms): Min: 0.0, Avg: 0.0, Max: 0.0, Diff: 0.0, Sum: 0.1]
      [GC Worker Total (ms): Min: 1.0, Avg: 1.1, Max: 1.3, Diff: 0.3, Sum: 14.9]
      [GC Worker End (ms): Min: 980.9, Avg: 980.9, Max: 980.9, Diff: 0.0]
   [Code Root Fixup: 0.0 ms]
   [Code Root Purge: 0.0 ms]
   [Clear CT: 0.1 ms]
   [Other: 0.8 ms]
      [Evacuation Failure: 0.2 ms]
      [Choose CSet: 0.0 ms]
      [Ref Proc: 0.3 ms]
      [Ref Enq: 0.0 ms]
      [Redirty Cards: 0.1 ms]
      [Humongous Register: 0.1 ms]
      [Humongous Reclaim: 0.0 ms]
      [Free CSet: 0.0 ms]
   [Eden: 24.0M(24.0M)->0.0B(21.0M) Survivors: 1024.0K->4096.0K Heap: 409.6M(512.0M)->394.6M(512.0M)]
 [Times: user=0.01 sys=0.00, real=0.00 secs] 
2020-11-18T16:52:22.872-0800: 0.985: [GC pause (G1 Humongous Allocation) (mixed) (to-space exhausted), 0.0022677 secs]
   [Parallel Time: 1.3 ms, GC Workers: 13]
      [GC Worker Start (ms): Min: 985.1, Avg: 985.2, Max: 985.3, Diff: 0.2]
      [Ext Root Scanning (ms): Min: 0.0, Avg: 0.1, Max: 0.2, Diff: 0.2, Sum: 1.1]
      [Update RS (ms): Min: 0.4, Avg: 0.5, Max: 0.5, Diff: 0.1, Sum: 6.0]
         [Processed Buffers: Min: 4, Avg: 5.2, Max: 8, Diff: 4, Sum: 67]
      [Scan RS (ms): Min: 0.0, Avg: 0.0, Max: 0.1, Diff: 0.1, Sum: 0.3]
      [Code Root Scanning (ms): Min: 0.0, Avg: 0.0, Max: 0.0, Diff: 0.0, Sum: 0.0]
      [Object Copy (ms): Min: 0.3, Avg: 0.4, Max: 0.5, Diff: 0.1, Sum: 5.3]
      [Termination (ms): Min: 0.0, Avg: 0.1, Max: 0.2, Diff: 0.2, Sum: 1.0]
         [Termination Attempts: Min: 1, Avg: 1.0, Max: 1, Diff: 0, Sum: 13]
      [GC Worker Other (ms): Min: 0.0, Avg: 0.0, Max: 0.0, Diff: 0.0, Sum: 0.1]
      [GC Worker Total (ms): Min: 0.9, Avg: 1.1, Max: 1.1, Diff: 0.2, Sum: 13.8]
      [GC Worker End (ms): Min: 986.3, Avg: 986.3, Max: 986.4, Diff: 0.1]
   [Code Root Fixup: 0.0 ms]
   [Code Root Purge: 0.0 ms]
   [Clear CT: 0.2 ms]
   [Other: 0.8 ms]
      [Evacuation Failure: 0.2 ms]
      [Choose CSet: 0.0 ms]
      [Ref Proc: 0.3 ms]
      [Ref Enq: 0.0 ms]
      [Redirty Cards: 0.1 ms]
      [Humongous Register: 0.1 ms]
      [Humongous Reclaim: 0.0 ms]
      [Free CSet: 0.0 ms]
   [Eden: 20.0M(21.0M)->0.0B(25.0M) Survivors: 4096.0K->0.0B Heap: 420.2M(512.0M)->412.6M(512.0M)]
 [Times: user=0.01 sys=0.01, real=0.00 secs] 
2020-11-18T16:52:22.876-0800: 0.989: [GC pause (G1 Evacuation Pause) (mixed) (to-space exhausted), 0.0013382 secs]
   [Parallel Time: 0.5 ms, GC Workers: 13]
      [GC Worker Start (ms): Min: 989.3, Avg: 989.4, Max: 989.5, Diff: 0.2]
      [Ext Root Scanning (ms): Min: 0.0, Avg: 0.1, Max: 0.2, Diff: 0.2, Sum: 0.9]
      [Update RS (ms): Min: 0.2, Avg: 0.2, Max: 0.3, Diff: 0.1, Sum: 2.9]
         [Processed Buffers: Min: 2, Avg: 4.1, Max: 5, Diff: 3, Sum: 53]
      [Scan RS (ms): Min: 0.0, Avg: 0.0, Max: 0.0, Diff: 0.0, Sum: 0.1]
      [Code Root Scanning (ms): Min: 0.0, Avg: 0.0, Max: 0.0, Diff: 0.0, Sum: 0.0]
      [Object Copy (ms): Min: 0.0, Avg: 0.0, Max: 0.0, Diff: 0.0, Sum: 0.2]
      [Termination (ms): Min: 0.0, Avg: 0.0, Max: 0.0, Diff: 0.0, Sum: 0.2]
         [Termination Attempts: Min: 1, Avg: 1.0, Max: 1, Diff: 0, Sum: 13]
      [GC Worker Other (ms): Min: 0.0, Avg: 0.0, Max: 0.0, Diff: 0.0, Sum: 0.1]
      [GC Worker Total (ms): Min: 0.3, Avg: 0.3, Max: 0.4, Diff: 0.2, Sum: 4.4]
      [GC Worker End (ms): Min: 989.7, Avg: 989.7, Max: 989.7, Diff: 0.0]
   [Code Root Fixup: 0.0 ms]
   [Code Root Purge: 0.0 ms]
   [Clear CT: 0.2 ms]
   [Other: 0.7 ms]
      [Evacuation Failure: 0.1 ms]
      [Choose CSet: 0.0 ms]
      [Ref Proc: 0.3 ms]
      [Ref Enq: 0.0 ms]
      [Redirty Cards: 0.1 ms]
      [Humongous Register: 0.1 ms]
      [Humongous Reclaim: 0.0 ms]
      [Free CSet: 0.0 ms]
   [Eden: 7168.0K(25.0M)->0.0B(25.0M) Survivors: 0.0B->0.0B Heap: 422.3M(512.0M)->419.2M(512.0M)]
 [Times: user=0.01 sys=0.00, real=0.00 secs] 
2020-11-18T16:52:22.878-0800: 0.991: [GC pause (G1 Humongous Allocation) (young) (initial-mark) (to-space exhausted), 0.0011917 secs]
   [Parallel Time: 0.4 ms, GC Workers: 13]
      [GC Worker Start (ms): Min: 991.1, Avg: 991.2, Max: 991.3, Diff: 0.2]
      [Ext Root Scanning (ms): Min: 0.0, Avg: 0.2, Max: 0.3, Diff: 0.3, Sum: 2.2]
      [Update RS (ms): Min: 0.0, Avg: 0.0, Max: 0.1, Diff: 0.1, Sum: 0.2]
         [Processed Buffers: Min: 0, Avg: 1.4, Max: 5, Diff: 5, Sum: 18]
      [Scan RS (ms): Min: 0.0, Avg: 0.0, Max: 0.0, Diff: 0.0, Sum: 0.0]
      [Code Root Scanning (ms): Min: 0.0, Avg: 0.0, Max: 0.0, Diff: 0.0, Sum: 0.0]
      [Object Copy (ms): Min: 0.0, Avg: 0.0, Max: 0.0, Diff: 0.0, Sum: 0.1]
      [Termination (ms): Min: 0.0, Avg: 0.0, Max: 0.1, Diff: 0.1, Sum: 0.5]
         [Termination Attempts: Min: 1, Avg: 1.0, Max: 1, Diff: 0, Sum: 13]
      [GC Worker Other (ms): Min: 0.0, Avg: 0.0, Max: 0.0, Diff: 0.0, Sum: 0.1]
      [GC Worker Total (ms): Min: 0.1, Avg: 0.2, Max: 0.3, Diff: 0.2, Sum: 3.1]
      [GC Worker End (ms): Min: 991.4, Avg: 991.4, Max: 991.4, Diff: 0.0]
   [Code Root Fixup: 0.0 ms]
   [Code Root Purge: 0.0 ms]
   [Clear CT: 0.1 ms]
   [Other: 0.6 ms]
      [Evacuation Failure: 0.1 ms]
      [Choose CSet: 0.0 ms]
      [Ref Proc: 0.3 ms]
      [Ref Enq: 0.0 ms]
      [Redirty Cards: 0.1 ms]
      [Humongous Register: 0.1 ms]
      [Humongous Reclaim: 0.0 ms]
      [Free CSet: 0.0 ms]
   [Eden: 4096.0K(25.0M)->0.0B(25.0M) Survivors: 0.0B->0.0B Heap: 422.6M(512.0M)->422.2M(512.0M)]
 [Times: user=0.00 sys=0.00, real=0.00 secs] 
2020-11-18T16:52:22.879-0800: 0.992: [GC concurrent-root-region-scan-start]
2020-11-18T16:52:22.879-0800: 0.992: [GC concurrent-root-region-scan-end, 0.0000075 secs]
2020-11-18T16:52:22.879-0800: 0.992: [GC concurrent-mark-start]
2020-11-18T16:52:22.880-0800: 0.992: [GC pause (G1 Evacuation Pause) (young), 0.0010117 secs]
   [Parallel Time: 0.4 ms, GC Workers: 13]
      [GC Worker Start (ms): Min: 992.5, Avg: 992.5, Max: 992.6, Diff: 0.1]
      [Ext Root Scanning (ms): Min: 0.0, Avg: 0.1, Max: 0.2, Diff: 0.1, Sum: 1.2]
      [Update RS (ms): Min: 0.0, Avg: 0.1, Max: 0.1, Diff: 0.1, Sum: 0.8]
         [Processed Buffers: Min: 1, Avg: 1.3, Max: 2, Diff: 1, Sum: 17]
      [Scan RS (ms): Min: 0.0, Avg: 0.0, Max: 0.0, Diff: 0.0, Sum: 0.0]
      [Code Root Scanning (ms): Min: 0.0, Avg: 0.0, Max: 0.0, Diff: 0.0, Sum: 0.0]
      [Object Copy (ms): Min: 0.0, Avg: 0.0, Max: 0.0, Diff: 0.0, Sum: 0.0]
      [Termination (ms): Min: 0.0, Avg: 0.1, Max: 0.1, Diff: 0.1, Sum: 0.8]
         [Termination Attempts: Min: 1, Avg: 1.0, Max: 1, Diff: 0, Sum: 13]
      [GC Worker Other (ms): Min: 0.0, Avg: 0.0, Max: 0.0, Diff: 0.0, Sum: 0.1]
      [GC Worker Total (ms): Min: 0.2, Avg: 0.2, Max: 0.3, Diff: 0.1, Sum: 3.0]
      [GC Worker End (ms): Min: 992.7, Avg: 992.8, Max: 992.8, Diff: 0.1]
   [Code Root Fixup: 0.0 ms]
   [Code Root Purge: 0.0 ms]
   [Clear CT: 0.1 ms]
   [Other: 0.5 ms]
      [Choose CSet: 0.0 ms]
      [Ref Proc: 0.3 ms]
      [Ref Enq: 0.0 ms]
      [Redirty Cards: 0.1 ms]
      [Humongous Register: 0.1 ms]
      [Humongous Reclaim: 0.0 ms]
      [Free CSet: 0.0 ms]
   [Eden: 0.0B(25.0M)->0.0B(25.0M) Survivors: 0.0B->0.0B Heap: 422.9M(512.0M)->422.2M(512.0M)]
 [Times: user=0.00 sys=0.00, real=0.00 secs] 
2020-11-18T16:52:22.881-0800: 0.994: [GC pause (G1 Evacuation Pause) (young) (to-space exhausted), 0.0011430 secs]
   [Parallel Time: 0.5 ms, GC Workers: 13]
      [GC Worker Start (ms): Min: 993.8, Avg: 993.9, Max: 993.9, Diff: 0.1]
      [Ext Root Scanning (ms): Min: 0.0, Avg: 0.1, Max: 0.2, Diff: 0.1, Sum: 1.3]
      [Update RS (ms): Min: 0.0, Avg: 0.0, Max: 0.2, Diff: 0.2, Sum: 0.3]
         [Processed Buffers: Min: 0, Avg: 0.2, Max: 1, Diff: 1, Sum: 3]
      [Scan RS (ms): Min: 0.0, Avg: 0.0, Max: 0.0, Diff: 0.0, Sum: 0.0]
      [Code Root Scanning (ms): Min: 0.0, Avg: 0.0, Max: 0.0, Diff: 0.0, Sum: 0.0]
      [Object Copy (ms): Min: 0.0, Avg: 0.0, Max: 0.0, Diff: 0.0, Sum: 0.1]
      [Termination (ms): Min: 0.0, Avg: 0.2, Max: 0.2, Diff: 0.2, Sum: 2.6]
         [Termination Attempts: Min: 1, Avg: 1.3, Max: 2, Diff: 1, Sum: 17]
      [GC Worker Other (ms): Min: 0.0, Avg: 0.0, Max: 0.0, Diff: 0.0, Sum: 0.1]
      [GC Worker Total (ms): Min: 0.2, Avg: 0.3, Max: 0.4, Diff: 0.2, Sum: 4.4]
      [GC Worker End (ms): Min: 994.2, Avg: 994.2, Max: 994.2, Diff: 0.1]
   [Code Root Fixup: 0.0 ms]
   [Code Root Purge: 0.0 ms]
   [Clear CT: 0.1 ms]
   [Other: 0.5 ms]
      [Evacuation Failure: 0.1 ms]
      [Choose CSet: 0.0 ms]
      [Ref Proc: 0.2 ms]
      [Ref Enq: 0.0 ms]
      [Redirty Cards: 0.1 ms]
      [Humongous Register: 0.1 ms]
      [Humongous Reclaim: 0.0 ms]
      [Free CSet: 0.0 ms]
   [Eden: 1024.0K(25.0M)->0.0B(25.0M) Survivors: 0.0B->0.0B Heap: 423.2M(512.0M)->423.2M(512.0M)]
 [Times: user=0.00 sys=0.00, real=0.00 secs] 
2020-11-18T16:52:22.882-0800: 0.995: [Full GC (Allocation Failure)  423M->341M(512M), 0.0332929 secs]
   [Eden: 0.0B(25.0M)->0.0B(25.0M) Survivors: 0.0B->0.0B Heap: 423.2M(512.0M)->341.9M(512.0M)], [Metaspace: 2741K->2741K(1056768K)]
 [Times: user=0.04 sys=0.00, real=0.03 secs] 
2020-11-18T16:52:22.916-0800: 1.028: [GC concurrent-mark-abort]
2020-11-18T16:52:22.916-0800: 1.029: [GC pause (G1 Humongous Allocation) (young) (initial-mark), 0.0013386 secs]
   [Parallel Time: 0.5 ms, GC Workers: 13]
      [GC Worker Start (ms): Min: 1028.7, Avg: 1028.8, Max: 1028.9, Diff: 0.2]
      [Ext Root Scanning (ms): Min: 0.0, Avg: 0.1, Max: 0.2, Diff: 0.2, Sum: 1.4]
      [Update RS (ms): Min: 0.0, Avg: 0.0, Max: 0.2, Diff: 0.2, Sum: 0.3]
         [Processed Buffers: Min: 0, Avg: 0.2, Max: 1, Diff: 1, Sum: 2]
      [Scan RS (ms): Min: 0.0, Avg: 0.0, Max: 0.0, Diff: 0.0, Sum: 0.0]
      [Code Root Scanning (ms): Min: 0.0, Avg: 0.0, Max: 0.0, Diff: 0.0, Sum: 0.0]
      [Object Copy (ms): Min: 0.0, Avg: 0.0, Max: 0.0, Diff: 0.0, Sum: 0.1]
      [Termination (ms): Min: 0.0, Avg: 0.2, Max: 0.3, Diff: 0.3, Sum: 2.8]
         [Termination Attempts: Min: 1, Avg: 1.2, Max: 2, Diff: 1, Sum: 16]
      [GC Worker Other (ms): Min: 0.0, Avg: 0.0, Max: 0.0, Diff: 0.0, Sum: 0.1]
      [GC Worker Total (ms): Min: 0.3, Avg: 0.4, Max: 0.5, Diff: 0.2, Sum: 4.7]
      [GC Worker End (ms): Min: 1029.1, Avg: 1029.2, Max: 1029.2, Diff: 0.1]
   [Code Root Fixup: 0.0 ms]
   [Code Root Purge: 0.0 ms]
   [Clear CT: 0.2 ms]
   [Other: 0.6 ms]
      [Choose CSet: 0.0 ms]
      [Ref Proc: 0.3 ms]
      [Ref Enq: 0.0 ms]
      [Redirty Cards: 0.2 ms]
      [Humongous Register: 0.1 ms]
      [Humongous Reclaim: 0.0 ms]
      [Free CSet: 0.0 ms]
   [Eden: 1024.0K(25.0M)->0.0B(24.0M) Survivors: 0.0B->1024.0K Heap: 342.8M(512.0M)->342.5M(512.0M)]
 [Times: user=0.00 sys=0.00, real=0.00 secs] 
2020-11-18T16:52:22.917-0800: 1.030: [GC concurrent-root-region-scan-start]
2020-11-18T16:52:22.917-0800: 1.030: [GC concurrent-root-region-scan-end, 0.0000633 secs]
2020-11-18T16:52:22.917-0800: 1.030: [GC concurrent-mark-start]
2020-11-18T16:52:22.918-0800: 1.031: [GC concurrent-mark-end, 0.0008148 secs]
2020-11-18T16:52:22.918-0800: 1.031: [GC remark 2020-11-18T16:52:22.918-0800: 1.031: [Finalize Marking, 0.0003374 secs] 2020-11-18T16:52:22.919-0800: 1.031: [GC ref-proc, 0.0000653 secs] 2020-11-18T16:52:22.919-0800: 1.031: [Unloading, 0.0005250 secs], 0.0014107 secs]
 [Times: user=0.01 sys=0.00, real=0.01 secs] 
2020-11-18T16:52:22.920-0800: 1.033: [GC cleanup 349M->349M(512M), 0.0007373 secs]
 [Times: user=0.00 sys=0.00, real=0.00 secs] 
2020-11-18T16:52:22.923-0800: 1.036: [GC pause (G1 Evacuation Pause) (young), 0.0019684 secs]
   [Parallel Time: 1.3 ms, GC Workers: 13]
      [GC Worker Start (ms): Min: 1035.9, Avg: 1035.9, Max: 1036.0, Diff: 0.1]
      [Ext Root Scanning (ms): Min: 0.1, Avg: 0.1, Max: 0.2, Diff: 0.1, Sum: 1.6]
      [Update RS (ms): Min: 0.2, Avg: 0.3, Max: 0.5, Diff: 0.2, Sum: 3.4]
         [Processed Buffers: Min: 1, Avg: 2.3, Max: 4, Diff: 3, Sum: 30]
      [Scan RS (ms): Min: 0.0, Avg: 0.0, Max: 0.0, Diff: 0.0, Sum: 0.0]
      [Code Root Scanning (ms): Min: 0.0, Avg: 0.0, Max: 0.0, Diff: 0.0, Sum: 0.0]
      [Object Copy (ms): Min: 0.4, Avg: 0.6, Max: 0.7, Diff: 0.3, Sum: 8.4]
      [Termination (ms): Min: 0.0, Avg: 0.1, Max: 0.1, Diff: 0.1, Sum: 1.0]
         [Termination Attempts: Min: 1, Avg: 1.0, Max: 1, Diff: 0, Sum: 13]
      [GC Worker Other (ms): Min: 0.0, Avg: 0.0, Max: 0.0, Diff: 0.0, Sum: 0.1]
      [GC Worker Total (ms): Min: 1.1, Avg: 1.1, Max: 1.2, Diff: 0.1, Sum: 14.6]
      [GC Worker End (ms): Min: 1037.0, Avg: 1037.0, Max: 1037.0, Diff: 0.0]
   [Code Root Fixup: 0.0 ms]
   [Code Root Purge: 0.0 ms]
   [Clear CT: 0.1 ms]
   [Other: 0.5 ms]
      [Choose CSet: 0.0 ms]
      [Ref Proc: 0.2 ms]
      [Ref Enq: 0.0 ms]
      [Redirty Cards: 0.1 ms]
      [Humongous Register: 0.1 ms]
      [Humongous Reclaim: 0.0 ms]
      [Free CSet: 0.0 ms]
   [Eden: 24.0M(24.0M)->0.0B(21.0M) Survivors: 1024.0K->4096.0K Heap: 369.7M(512.0M)->352.0M(512.0M)]
 [Times: user=0.02 sys=0.01, real=0.00 secs] 
2020-11-18T16:52:22.925-0800: 1.038: [GC pause (G1 Humongous Allocation) (young) (initial-mark), 0.0014177 secs]
   [Parallel Time: 0.9 ms, GC Workers: 13]
      [GC Worker Start (ms): Min: 1038.3, Avg: 1038.4, Max: 1038.4, Diff: 0.1]
      [Ext Root Scanning (ms): Min: 0.0, Avg: 0.1, Max: 0.2, Diff: 0.1, Sum: 1.4]
      [Update RS (ms): Min: 0.0, Avg: 0.1, Max: 0.2, Diff: 0.2, Sum: 0.7]
         [Processed Buffers: Min: 0, Avg: 0.8, Max: 1, Diff: 1, Sum: 10]
      [Scan RS (ms): Min: 0.0, Avg: 0.0, Max: 0.0, Diff: 0.0, Sum: 0.0]
      [Code Root Scanning (ms): Min: 0.0, Avg: 0.0, Max: 0.0, Diff: 0.0, Sum: 0.0]
      [Object Copy (ms): Min: 0.2, Avg: 0.3, Max: 0.5, Diff: 0.3, Sum: 4.1]
      [Termination (ms): Min: 0.0, Avg: 0.2, Max: 0.2, Diff: 0.2, Sum: 2.1]
         [Termination Attempts: Min: 1, Avg: 1.2, Max: 2, Diff: 1, Sum: 15]
      [GC Worker Other (ms): Min: 0.0, Avg: 0.0, Max: 0.0, Diff: 0.0, Sum: 0.1]
      [GC Worker Total (ms): Min: 0.6, Avg: 0.6, Max: 0.8, Diff: 0.2, Sum: 8.4]
      [GC Worker End (ms): Min: 1039.0, Avg: 1039.0, Max: 1039.1, Diff: 0.1]
   [Code Root Fixup: 0.0 ms]
   [Code Root Purge: 0.0 ms]
   [Clear CT: 0.1 ms]
   [Other: 0.4 ms]
      [Choose CSet: 0.0 ms]
      [Ref Proc: 0.2 ms]
      [Ref Enq: 0.0 ms]
      [Redirty Cards: 0.1 ms]
      [Humongous Register: 0.1 ms]
      [Humongous Reclaim: 0.0 ms]
      [Free CSet: 0.0 ms]
   [Eden: 4096.0K(21.0M)->0.0B(23.0M) Survivors: 4096.0K->2048.0K Heap: 355.4M(512.0M)->353.3M(512.0M)]
 [Times: user=0.01 sys=0.00, real=0.00 secs] 
2020-11-18T16:52:22.927-0800: 1.040: [GC concurrent-root-region-scan-start]
2020-11-18T16:52:22.927-0800: 1.040: [GC concurrent-root-region-scan-end, 0.0000397 secs]
2020-11-18T16:52:22.927-0800: 1.040: [GC concurrent-mark-start]
2020-11-18T16:52:22.928-0800: 1.041: [GC concurrent-mark-end, 0.0008500 secs]
2020-11-18T16:52:22.928-0800: 1.041: [GC remark 2020-11-18T16:52:22.928-0800: 1.041: [Finalize Marking, 0.0002277 secs] 2020-11-18T16:52:22.928-0800: 1.041: [GC ref-proc, 0.0000629 secs] 2020-11-18T16:52:22.928-0800: 1.041: [Unloading, 0.0004676 secs], 0.0012830 secs]
 [Times: user=0.01 sys=0.00, real=0.00 secs] 
2020-11-18T16:52:22.929-0800: 1.042: [GC cleanup 362M->362M(512M), 0.0008223 secs]
 [Times: user=0.00 sys=0.00, real=0.01 secs] 
2020-11-18T16:52:22.933-0800: 1.045: [GC pause (G1 Evacuation Pause) (young), 0.0030854 secs]
   [Parallel Time: 1.8 ms, GC Workers: 13]
      [GC Worker Start (ms): Min: 1045.4, Avg: 1045.5, Max: 1045.5, Diff: 0.1]
      [Ext Root Scanning (ms): Min: 0.1, Avg: 0.1, Max: 0.2, Diff: 0.1, Sum: 1.6]
      [Update RS (ms): Min: 0.5, Avg: 0.6, Max: 0.6, Diff: 0.1, Sum: 7.3]
         [Processed Buffers: Min: 5, Avg: 5.6, Max: 7, Diff: 2, Sum: 73]
      [Scan RS (ms): Min: 0.0, Avg: 0.0, Max: 0.0, Diff: 0.0, Sum: 0.0]
      [Code Root Scanning (ms): Min: 0.0, Avg: 0.0, Max: 0.0, Diff: 0.0, Sum: 0.0]
      [Object Copy (ms): Min: 0.6, Avg: 0.7, Max: 0.8, Diff: 0.3, Sum: 9.2]
      [Termination (ms): Min: 0.0, Avg: 0.1, Max: 0.4, Diff: 0.4, Sum: 1.7]
         [Termination Attempts: Min: 1, Avg: 1.0, Max: 1, Diff: 0, Sum: 13]
      [GC Worker Other (ms): Min: 0.0, Avg: 0.0, Max: 0.0, Diff: 0.0, Sum: 0.1]
      [GC Worker Total (ms): Min: 1.5, Avg: 1.5, Max: 1.7, Diff: 0.3, Sum: 20.0]
      [GC Worker End (ms): Min: 1047.0, Avg: 1047.0, Max: 1047.2, Diff: 0.2]
   [Code Root Fixup: 0.0 ms]
   [Code Root Purge: 0.0 ms]
   [Clear CT: 0.2 ms]
   [Other: 1.1 ms]
      [Choose CSet: 0.0 ms]
      [Ref Proc: 0.8 ms]
      [Ref Enq: 0.0 ms]
      [Redirty Cards: 0.1 ms]
      [Humongous Register: 0.1 ms]
      [Humongous Reclaim: 0.0 ms]
      [Free CSet: 0.0 ms]
   [Eden: 23.0M(23.0M)->0.0B(21.0M) Survivors: 2048.0K->4096.0K Heap: 384.1M(512.0M)->365.4M(512.0M)]
 [Times: user=0.02 sys=0.00, real=0.00 secs] 
2020-11-18T16:52:22.939-0800: 1.052: [GC pause (G1 Evacuation Pause) (mixed), 0.0021662 secs]
   [Parallel Time: 1.5 ms, GC Workers: 13]
      [GC Worker Start (ms): Min: 1052.1, Avg: 1052.2, Max: 1052.3, Diff: 0.2]
      [Ext Root Scanning (ms): Min: 0.0, Avg: 0.1, Max: 0.2, Diff: 0.2, Sum: 1.2]
      [Update RS (ms): Min: 0.4, Avg: 0.4, Max: 0.4, Diff: 0.0, Sum: 5.0]
         [Processed Buffers: Min: 3, Avg: 3.9, Max: 5, Diff: 2, Sum: 51]
      [Scan RS (ms): Min: 0.0, Avg: 0.0, Max: 0.0, Diff: 0.0, Sum: 0.1]
      [Code Root Scanning (ms): Min: 0.0, Avg: 0.0, Max: 0.0, Diff: 0.0, Sum: 0.0]
      [Object Copy (ms): Min: 0.8, Avg: 0.8, Max: 0.8, Diff: 0.1, Sum: 10.4]
      [Termination (ms): Min: 0.0, Avg: 0.0, Max: 0.1, Diff: 0.1, Sum: 0.4]
         [Termination Attempts: Min: 1, Avg: 1.0, Max: 1, Diff: 0, Sum: 13]
      [GC Worker Other (ms): Min: 0.0, Avg: 0.0, Max: 0.0, Diff: 0.0, Sum: 0.1]
      [GC Worker Total (ms): Min: 1.2, Avg: 1.3, Max: 1.4, Diff: 0.2, Sum: 17.3]
      [GC Worker End (ms): Min: 1053.5, Avg: 1053.5, Max: 1053.5, Diff: 0.0]
   [Code Root Fixup: 0.0 ms]
   [Code Root Purge: 0.0 ms]
   [Clear CT: 0.2 ms]
   [Other: 0.5 ms]
      [Choose CSet: 0.0 ms]
      [Ref Proc: 0.2 ms]
      [Ref Enq: 0.0 ms]
      [Redirty Cards: 0.1 ms]
      [Humongous Register: 0.1 ms]
      [Humongous Reclaim: 0.0 ms]
      [Free CSet: 0.0 ms]
   [Eden: 21.0M(21.0M)->0.0B(21.0M) Survivors: 4096.0K->4096.0K Heap: 391.4M(512.0M)->370.6M(512.0M)]
 [Times: user=0.02 sys=0.00, real=0.01 secs] 
2020-11-18T16:52:22.942-0800: 1.055: [GC pause (G1 Humongous Allocation) (young) (initial-mark), 0.0013026 secs]
   [Parallel Time: 0.6 ms, GC Workers: 13]
      [GC Worker Start (ms): Min: 1055.0, Avg: 1055.1, Max: 1055.2, Diff: 0.1]
      [Ext Root Scanning (ms): Min: 0.0, Avg: 0.1, Max: 0.2, Diff: 0.1, Sum: 1.2]
      [Update RS (ms): Min: 0.0, Avg: 0.0, Max: 0.1, Diff: 0.1, Sum: 0.6]
         [Processed Buffers: Min: 0, Avg: 0.8, Max: 1, Diff: 1, Sum: 10]
      [Scan RS (ms): Min: 0.0, Avg: 0.0, Max: 0.0, Diff: 0.0, Sum: 0.0]
      [Code Root Scanning (ms): Min: 0.0, Avg: 0.0, Max: 0.0, Diff: 0.0, Sum: 0.0]
      [Object Copy (ms): Min: 0.2, Avg: 0.3, Max: 0.4, Diff: 0.1, Sum: 4.0]
      [Termination (ms): Min: 0.0, Avg: 0.1, Max: 0.1, Diff: 0.1, Sum: 0.9]
         [Termination Attempts: Min: 1, Avg: 1.0, Max: 1, Diff: 0, Sum: 13]
      [GC Worker Other (ms): Min: 0.0, Avg: 0.0, Max: 0.0, Diff: 0.0, Sum: 0.1]
      [GC Worker Total (ms): Min: 0.4, Avg: 0.5, Max: 0.6, Diff: 0.2, Sum: 6.8]
      [GC Worker End (ms): Min: 1055.6, Avg: 1055.6, Max: 1055.7, Diff: 0.0]
   [Code Root Fixup: 0.0 ms]
   [Code Root Purge: 0.0 ms]
   [Clear CT: 0.1 ms]
   [Other: 0.5 ms]
      [Choose CSet: 0.0 ms]
      [Ref Proc: 0.3 ms]
      [Ref Enq: 0.0 ms]
      [Redirty Cards: 0.1 ms]
      [Humongous Register: 0.1 ms]
      [Humongous Reclaim: 0.0 ms]
      [Free CSet: 0.0 ms]
   [Eden: 5120.0K(21.0M)->0.0B(24.0M) Survivors: 4096.0K->1024.0K Heap: 374.8M(512.0M)->370.3M(512.0M)]
 [Times: user=0.01 sys=0.00, real=0.00 secs] 
2020-11-18T16:52:22.943-0800: 1.056: [GC concurrent-root-region-scan-start]
2020-11-18T16:52:22.944-0800: 1.056: [GC concurrent-root-region-scan-end, 0.0000721 secs]
2020-11-18T16:52:22.944-0800: 1.056: [GC concurrent-mark-start]
2020-11-18T16:52:22.944-0800: 1.057: [GC concurrent-mark-end, 0.0008152 secs]
2020-11-18T16:52:22.944-0800: 1.057: [GC remark 2020-11-18T16:52:22.944-0800: 1.057: [Finalize Marking, 0.0002259 secs] 2020-11-18T16:52:22.945-0800: 1.058: [GC ref-proc, 0.0000601 secs] 2020-11-18T16:52:22.945-0800: 1.058: [Unloading, 0.0004797 secs], 0.0013111 secs]
 [Times: user=0.00 sys=0.00, real=0.00 secs] 
2020-11-18T16:52:22.946-0800: 1.059: [GC cleanup 381M->381M(512M), 0.0007497 secs]
 [Times: user=0.00 sys=0.00, real=0.00 secs] 
2020-11-18T16:52:22.949-0800: 1.062: [GC pause (G1 Evacuation Pause) (young) (to-space exhausted), 0.0025421 secs]
   [Parallel Time: 1.5 ms, GC Workers: 13]
      [GC Worker Start (ms): Min: 1062.3, Avg: 1062.4, Max: 1062.4, Diff: 0.1]
      [Ext Root Scanning (ms): Min: 0.1, Avg: 0.1, Max: 0.2, Diff: 0.1, Sum: 1.5]
      [Update RS (ms): Min: 0.6, Avg: 0.6, Max: 0.6, Diff: 0.1, Sum: 7.9]
         [Processed Buffers: Min: 5, Avg: 6.1, Max: 7, Diff: 2, Sum: 79]
      [Scan RS (ms): Min: 0.0, Avg: 0.0, Max: 0.0, Diff: 0.0, Sum: 0.0]
      [Code Root Scanning (ms): Min: 0.0, Avg: 0.0, Max: 0.0, Diff: 0.0, Sum: 0.0]
      [Object Copy (ms): Min: 0.5, Avg: 0.6, Max: 0.7, Diff: 0.1, Sum: 7.7]
      [Termination (ms): Min: 0.0, Avg: 0.1, Max: 0.1, Diff: 0.1, Sum: 0.9]
         [Termination Attempts: Min: 1, Avg: 1.0, Max: 1, Diff: 0, Sum: 13]
      [GC Worker Other (ms): Min: 0.0, Avg: 0.0, Max: 0.0, Diff: 0.0, Sum: 0.1]
      [GC Worker Total (ms): Min: 1.3, Avg: 1.4, Max: 1.5, Diff: 0.1, Sum: 18.1]
      [GC Worker End (ms): Min: 1063.7, Avg: 1063.7, Max: 1063.8, Diff: 0.0]
   [Code Root Fixup: 0.0 ms]
   [Code Root Purge: 0.0 ms]
   [Clear CT: 0.2 ms]
   [Other: 0.8 ms]
      [Evacuation Failure: 0.2 ms]
      [Choose CSet: 0.0 ms]
      [Ref Proc: 0.3 ms]
      [Ref Enq: 0.0 ms]
      [Redirty Cards: 0.1 ms]
      [Humongous Register: 0.1 ms]
      [Humongous Reclaim: 0.0 ms]
      [Free CSet: 0.0 ms]
   [Eden: 24.0M(24.0M)->0.0B(21.0M) Survivors: 1024.0K->4096.0K Heap: 402.8M(512.0M)->380.8M(512.0M)]
 [Times: user=0.02 sys=0.00, real=0.01 secs] 
Heap
 garbage-first heap   total 524288K, used 409242K [0x00000007a0000000, 0x00000007a0101000, 0x00000007c0000000)
  region size 1024K, 21 young (21504K), 4 survivors (4096K)
 Metaspace       used 2748K, capacity 4486K, committed 4864K, reserved 1056768K
  class space    used 297K, capacity 386K, committed 512K, reserved 1048576K
