Java HotSpot(TM) 64-Bit Server VM (25.261-b12) for bsd-amd64 JRE (1.8.0_261-b12), built on Jun 18 2020 06:38:55 by "java_re" with gcc 4.2.1 Compatible Apple LLVM 10.0.0 (clang-1000.11.45.5)
Memory: 4k page, physical 16777216k(830904k free)

/proc/meminfo:

CommandLine flags: -XX:InitialHeapSize=4294967296 -XX:MaxHeapSize=4294967296 -XX:+PrintGC -XX:+PrintGCDateStamps -XX:+PrintGCDetails -XX:+PrintGCTimeStamps -XX:+UseCompressedClassPointers -XX:+UseCompressedOops -XX:+UseG1GC 
2020-11-19T15:30:01.301-0800: 1.261: [GC pause (Metadata GC Threshold) (young) (initial-mark), 0.0236587 secs]
   [Parallel Time: 11.1 ms, GC Workers: 13]
      [GC Worker Start (ms): Min: 1260.7, Avg: 1260.9, Max: 1261.0, Diff: 0.2]
      [Ext Root Scanning (ms): Min: 1.6, Avg: 1.7, Max: 1.9, Diff: 0.3, Sum: 22.0]
      [Update RS (ms): Min: 0.0, Avg: 0.0, Max: 0.0, Diff: 0.0, Sum: 0.0]
         [Processed Buffers: Min: 0, Avg: 0.0, Max: 0, Diff: 0, Sum: 0]
      [Scan RS (ms): Min: 0.0, Avg: 0.0, Max: 0.0, Diff: 0.0, Sum: 0.1]
      [Code Root Scanning (ms): Min: 0.1, Avg: 0.3, Max: 1.0, Diff: 0.9, Sum: 3.9]
      [Object Copy (ms): Min: 6.4, Avg: 7.0, Max: 7.5, Diff: 1.2, Sum: 91.4]
      [Termination (ms): Min: 1.3, Avg: 1.8, Max: 2.2, Diff: 0.9, Sum: 23.3]
         [Termination Attempts: Min: 393, Avg: 501.1, Max: 550, Diff: 157, Sum: 6514]
      [GC Worker Other (ms): Min: 0.0, Avg: 0.0, Max: 0.0, Diff: 0.0, Sum: 0.2]
      [GC Worker Total (ms): Min: 10.7, Avg: 10.8, Max: 11.0, Diff: 0.2, Sum: 140.9]
      [GC Worker End (ms): Min: 1271.7, Avg: 1271.7, Max: 1271.7, Diff: 0.1]
   [Code Root Fixup: 0.1 ms]
   [Code Root Purge: 0.0 ms]
   [Clear CT: 0.2 ms]
   [Other: 12.2 ms]
      [Choose CSet: 0.0 ms]
      [Ref Proc: 11.5 ms]
      [Ref Enq: 0.1 ms]
      [Redirty Cards: 0.2 ms]
      [Humongous Register: 0.0 ms]
      [Humongous Reclaim: 0.0 ms]
      [Free CSet: 0.2 ms]
   [Eden: 180.0M(204.0M)->0.0B(192.0M) Survivors: 0.0B->12.0M Heap: 180.0M(4096.0M)->11.1M(4096.0M)]
 [Times: user=0.17 sys=0.01, real=0.02 secs] 
2020-11-19T15:30:01.325-0800: 1.284: [GC concurrent-root-region-scan-start]
2020-11-19T15:30:01.330-0800: 1.289: [GC concurrent-root-region-scan-end, 0.0049915 secs]
2020-11-19T15:30:01.330-0800: 1.289: [GC concurrent-mark-start]
2020-11-19T15:30:01.330-0800: 1.290: [GC concurrent-mark-end, 0.0003895 secs]
2020-11-19T15:30:01.331-0800: 1.290: [GC remark 2020-11-19T15:30:01.331-0800: 1.290: [Finalize Marking, 0.0003061 secs] 2020-11-19T15:30:01.331-0800: 1.290: [GC ref-proc, 0.0001007 secs] 2020-11-19T15:30:01.331-0800: 1.290: [Unloading, 0.0019766 secs], 0.0027171 secs]
 [Times: user=0.02 sys=0.00, real=0.00 secs] 
2020-11-19T15:30:01.334-0800: 1.293: [GC cleanup 13M->13M(4096M), 0.0015089 secs]
 [Times: user=0.01 sys=0.00, real=0.00 secs] 
2020-11-19T15:31:30.440-0800: 90.399: [GC pause (G1 Evacuation Pause) (young), 0.0182862 secs]
   [Parallel Time: 10.0 ms, GC Workers: 13]
      [GC Worker Start (ms): Min: 90398.7, Avg: 90398.8, Max: 90398.9, Diff: 0.2]
      [Ext Root Scanning (ms): Min: 0.9, Avg: 1.2, Max: 4.2, Diff: 3.3, Sum: 15.6]
      [Update RS (ms): Min: 0.0, Avg: 0.0, Max: 0.0, Diff: 0.0, Sum: 0.0]
         [Processed Buffers: Min: 0, Avg: 0.0, Max: 0, Diff: 0, Sum: 0]
      [Scan RS (ms): Min: 0.0, Avg: 0.0, Max: 0.0, Diff: 0.0, Sum: 0.1]
      [Code Root Scanning (ms): Min: 0.0, Avg: 0.4, Max: 4.0, Diff: 4.0, Sum: 5.3]
      [Object Copy (ms): Min: 4.7, Avg: 8.0, Max: 8.6, Diff: 3.9, Sum: 104.1]
      [Termination (ms): Min: 0.0, Avg: 0.0, Max: 0.0, Diff: 0.0, Sum: 0.3]
         [Termination Attempts: Min: 11, Avg: 18.3, Max: 26, Diff: 15, Sum: 238]
      [GC Worker Other (ms): Min: 0.0, Avg: 0.0, Max: 0.1, Diff: 0.1, Sum: 0.3]
      [GC Worker Total (ms): Min: 9.6, Avg: 9.7, Max: 9.8, Diff: 0.2, Sum: 125.8]
      [GC Worker End (ms): Min: 90408.4, Avg: 90408.4, Max: 90408.5, Diff: 0.1]
   [Code Root Fixup: 0.1 ms]
   [Code Root Purge: 0.0 ms]
   [Clear CT: 0.2 ms]
   [Other: 7.9 ms]
      [Choose CSet: 0.0 ms]
      [Ref Proc: 7.0 ms]
      [Ref Enq: 0.1 ms]
      [Redirty Cards: 0.2 ms]
      [Humongous Register: 0.1 ms]
      [Humongous Reclaim: 0.0 ms]
      [Free CSet: 0.3 ms]
   [Eden: 192.0M(192.0M)->0.0B(328.0M) Survivors: 12.0M->26.0M Heap: 203.1M(4096.0M)->28.4M(4096.0M)]
 [Times: user=0.11 sys=0.03, real=0.01 secs] 
2020-11-19T15:31:30.861-0800: 90.819: [GC pause (G1 Evacuation Pause) (young), 0.0156199 secs]
   [Parallel Time: 12.0 ms, GC Workers: 13]
      [GC Worker Start (ms): Min: 90818.9, Avg: 90819.1, Max: 90819.2, Diff: 0.3]
      [Ext Root Scanning (ms): Min: 1.7, Avg: 1.9, Max: 3.2, Diff: 1.5, Sum: 25.0]
      [Update RS (ms): Min: 0.0, Avg: 0.3, Max: 0.3, Diff: 0.3, Sum: 3.5]
         [Processed Buffers: Min: 0, Avg: 1.0, Max: 2, Diff: 2, Sum: 13]
      [Scan RS (ms): Min: 0.0, Avg: 0.2, Max: 0.3, Diff: 0.3, Sum: 2.8]
      [Code Root Scanning (ms): Min: 0.0, Avg: 0.6, Max: 2.0, Diff: 2.0, Sum: 7.9]
      [Object Copy (ms): Min: 7.3, Avg: 8.4, Max: 8.9, Diff: 1.6, Sum: 109.5]
      [Termination (ms): Min: 0.0, Avg: 0.0, Max: 0.0, Diff: 0.0, Sum: 0.3]
         [Termination Attempts: Min: 1, Avg: 40.6, Max: 53, Diff: 52, Sum: 528]
      [GC Worker Other (ms): Min: 0.0, Avg: 0.1, Max: 0.2, Diff: 0.2, Sum: 1.0]
      [GC Worker Total (ms): Min: 11.4, Avg: 11.5, Max: 11.7, Diff: 0.3, Sum: 150.0]
      [GC Worker End (ms): Min: 90830.6, Avg: 90830.6, Max: 90830.8, Diff: 0.2]
   [Code Root Fixup: 0.3 ms]
   [Code Root Purge: 0.0 ms]
   [Clear CT: 0.3 ms]
   [Other: 3.0 ms]
      [Choose CSet: 0.0 ms]
      [Ref Proc: 2.0 ms]
      [Ref Enq: 0.0 ms]
      [Redirty Cards: 0.3 ms]
      [Humongous Register: 0.0 ms]
      [Humongous Reclaim: 0.0 ms]
      [Free CSet: 0.4 ms]
   [Eden: 178.0M(178.0M)->0.0B(178.0M) Survivors: 26.0M->26.0M Heap: 206.4M(4096.0M)->37.4M(4096.0M)]
 [Times: user=0.15 sys=0.03, real=0.01 secs] 
2020-11-19T15:31:31.133-0800: 91.091: [GC pause (G1 Evacuation Pause) (young), 0.0148504 secs]
   [Parallel Time: 11.7 ms, GC Workers: 13]
      [GC Worker Start (ms): Min: 91091.2, Avg: 91091.5, Max: 91091.7, Diff: 0.5]
      [Ext Root Scanning (ms): Min: 1.5, Avg: 2.3, Max: 3.1, Diff: 1.7, Sum: 30.0]
      [Update RS (ms): Min: 0.0, Avg: 0.2, Max: 0.4, Diff: 0.4, Sum: 3.0]
         [Processed Buffers: Min: 0, Avg: 6.9, Max: 32, Diff: 32, Sum: 90]
      [Scan RS (ms): Min: 0.0, Avg: 0.3, Max: 0.5, Diff: 0.5, Sum: 3.7]
      [Code Root Scanning (ms): Min: 0.0, Avg: 0.1, Max: 0.3, Diff: 0.3, Sum: 1.0]
      [Object Copy (ms): Min: 8.0, Avg: 8.2, Max: 8.5, Diff: 0.5, Sum: 107.2]
      [Termination (ms): Min: 0.0, Avg: 0.0, Max: 0.0, Diff: 0.0, Sum: 0.1]
         [Termination Attempts: Min: 1, Avg: 1.1, Max: 2, Diff: 1, Sum: 14]
      [GC Worker Other (ms): Min: 0.0, Avg: 0.0, Max: 0.1, Diff: 0.1, Sum: 0.6]
      [GC Worker Total (ms): Min: 10.9, Avg: 11.2, Max: 11.4, Diff: 0.5, Sum: 145.6]
      [GC Worker End (ms): Min: 91102.6, Avg: 91102.7, Max: 91102.7, Diff: 0.1]
   [Code Root Fixup: 0.1 ms]
   [Code Root Purge: 0.0 ms]
   [Clear CT: 0.6 ms]
   [Other: 2.5 ms]
      [Choose CSet: 0.0 ms]
      [Ref Proc: 1.6 ms]
      [Ref Enq: 0.0 ms]
      [Redirty Cards: 0.4 ms]
      [Humongous Register: 0.0 ms]
      [Humongous Reclaim: 0.0 ms]
      [Free CSet: 0.1 ms]
   [Eden: 178.0M(178.0M)->0.0B(520.0M) Survivors: 26.0M->14.0M Heap: 215.4M(4096.0M)->54.9M(4096.0M)]
 [Times: user=0.09 sys=0.06, real=0.01 secs] 
2020-11-19T15:31:31.463-0800: 91.421: [GC pause (Metadata GC Threshold) (young) (initial-mark), 0.0058981 secs]
   [Parallel Time: 3.2 ms, GC Workers: 13]
      [GC Worker Start (ms): Min: 91421.6, Avg: 91422.1, Max: 91422.2, Diff: 0.6]
      [Ext Root Scanning (ms): Min: 0.5, Avg: 1.5, Max: 2.4, Diff: 1.8, Sum: 19.1]
      [Update RS (ms): Min: 0.0, Avg: 0.6, Max: 1.3, Diff: 1.3, Sum: 7.4]
         [Processed Buffers: Min: 0, Avg: 16.8, Max: 43, Diff: 43, Sum: 219]
      [Scan RS (ms): Min: 0.0, Avg: 0.1, Max: 0.2, Diff: 0.2, Sum: 1.8]
      [Code Root Scanning (ms): Min: 0.0, Avg: 0.0, Max: 0.0, Diff: 0.0, Sum: 0.1]
      [Object Copy (ms): Min: 0.2, Avg: 0.3, Max: 0.4, Diff: 0.3, Sum: 4.5]
      [Termination (ms): Min: 0.0, Avg: 0.0, Max: 0.0, Diff: 0.0, Sum: 0.0]
         [Termination Attempts: Min: 1, Avg: 1.0, Max: 1, Diff: 0, Sum: 13]
      [GC Worker Other (ms): Min: 0.0, Avg: 0.0, Max: 0.1, Diff: 0.1, Sum: 0.2]
      [GC Worker Total (ms): Min: 2.4, Avg: 2.5, Max: 3.0, Diff: 0.6, Sum: 33.1]
      [GC Worker End (ms): Min: 91424.6, Avg: 91424.6, Max: 91424.6, Diff: 0.0]
   [Code Root Fixup: 0.0 ms]
   [Code Root Purge: 0.0 ms]
   [Clear CT: 0.3 ms]
   [Other: 2.3 ms]
      [Choose CSet: 0.0 ms]
      [Ref Proc: 1.4 ms]
      [Ref Enq: 0.0 ms]
      [Redirty Cards: 0.3 ms]
      [Humongous Register: 0.0 ms]
      [Humongous Reclaim: 0.0 ms]
      [Free CSet: 0.1 ms]
   [Eden: 268.0M(520.0M)->0.0B(2366.0M) Survivors: 14.0M->8192.0K Heap: 322.7M(4096.0M)->47.4M(4096.0M)]
 [Times: user=0.05 sys=0.00, real=0.00 secs] 
2020-11-19T15:31:31.469-0800: 91.427: [GC concurrent-root-region-scan-start]
2020-11-19T15:31:31.470-0800: 91.428: [GC concurrent-root-region-scan-end, 0.0008279 secs]
2020-11-19T15:31:31.470-0800: 91.428: [GC concurrent-mark-start]
2020-11-19T15:31:31.480-0800: 91.438: [GC concurrent-mark-end, 0.0101495 secs]
2020-11-19T15:31:31.481-0800: 91.439: [GC remark 2020-11-19T15:31:31.481-0800: 91.439: [Finalize Marking, 0.0013786 secs] 2020-11-19T15:31:31.482-0800: 91.440: [GC ref-proc, 0.0002053 secs] 2020-11-19T15:31:31.482-0800: 91.441: [Unloading, 0.0040245 secs], 0.0061300 secs]
 [Times: user=0.05 sys=0.00, real=0.00 secs] 
2020-11-19T15:31:31.487-0800: 91.446: [GC cleanup 84M->82M(4096M), 0.0019165 secs]
 [Times: user=0.01 sys=0.00, real=0.00 secs] 
2020-11-19T15:31:31.489-0800: 91.448: [GC concurrent-cleanup-start]
2020-11-19T15:31:31.489-0800: 91.448: [GC concurrent-cleanup-end, 0.0000090 secs]
2020-11-19T15:31:34.490-0800: 94.448: [GC pause (G1 Evacuation Pause) (young), 0.0129242 secs]
   [Parallel Time: 3.5 ms, GC Workers: 13]
      [GC Worker Start (ms): Min: 94450.3, Avg: 94450.5, Max: 94450.7, Diff: 0.4]
      [Ext Root Scanning (ms): Min: 0.3, Avg: 0.7, Max: 2.4, Diff: 2.1, Sum: 8.7]
      [Update RS (ms): Min: 0.0, Avg: 1.1, Max: 1.4, Diff: 1.4, Sum: 14.7]
         [Processed Buffers: Min: 0, Avg: 17.0, Max: 32, Diff: 32, Sum: 221]
      [Scan RS (ms): Min: 0.0, Avg: 0.1, Max: 0.2, Diff: 0.2, Sum: 1.7]
      [Code Root Scanning (ms): Min: 0.0, Avg: 0.1, Max: 0.2, Diff: 0.2, Sum: 0.8]
      [Object Copy (ms): Min: 0.3, Avg: 0.6, Max: 1.2, Diff: 0.8, Sum: 8.0]
      [Termination (ms): Min: 0.0, Avg: 0.5, Max: 0.5, Diff: 0.5, Sum: 6.5]
         [Termination Attempts: Min: 1, Avg: 1.2, Max: 2, Diff: 1, Sum: 16]
      [GC Worker Other (ms): Min: 0.0, Avg: 0.1, Max: 0.1, Diff: 0.1, Sum: 0.7]
      [GC Worker Total (ms): Min: 2.9, Avg: 3.2, Max: 3.4, Diff: 0.5, Sum: 41.1]
      [GC Worker End (ms): Min: 94453.6, Avg: 94453.7, Max: 94453.7, Diff: 0.1]
   [Code Root Fixup: 0.0 ms]
   [Code Root Purge: 0.0 ms]
   [Clear CT: 3.0 ms]
   [Other: 6.3 ms]
      [Choose CSet: 0.0 ms]
      [Ref Proc: 0.3 ms]
      [Ref Enq: 0.0 ms]
      [Redirty Cards: 0.2 ms]
      [Humongous Register: 1.3 ms]
      [Humongous Reclaim: 0.0 ms]
      [Free CSet: 3.5 ms]
   [Eden: 2366.0M(2366.0M)->0.0B(2454.0M) Survivors: 8192.0K->2048.0K Heap: 2411.4M(4096.0M)->40.6M(4096.0M)]
 [Times: user=0.08 sys=0.02, real=0.01 secs] 
2020-11-19T15:31:36.852-0800: 96.810: [GC pause (G1 Evacuation Pause) (young), 0.0032761 secs]
   [Parallel Time: 1.7 ms, GC Workers: 13]
      [GC Worker Start (ms): Min: 96810.0, Avg: 96810.0, Max: 96810.1, Diff: 0.1]
      [Ext Root Scanning (ms): Min: 0.3, Avg: 0.4, Max: 0.6, Diff: 0.3, Sum: 4.6]
      [Update RS (ms): Min: 0.2, Avg: 0.4, Max: 0.5, Diff: 0.2, Sum: 5.3]
         [Processed Buffers: Min: 10, Avg: 17.0, Max: 25, Diff: 15, Sum: 221]
      [Scan RS (ms): Min: 0.1, Avg: 0.1, Max: 0.2, Diff: 0.1, Sum: 1.9]
      [Code Root Scanning (ms): Min: 0.0, Avg: 0.1, Max: 0.5, Diff: 0.5, Sum: 0.7]
      [Object Copy (ms): Min: 0.0, Avg: 0.4, Max: 0.5, Diff: 0.4, Sum: 5.7]
      [Termination (ms): Min: 0.0, Avg: 0.1, Max: 0.1, Diff: 0.1, Sum: 1.0]
         [Termination Attempts: Min: 1, Avg: 2.5, Max: 4, Diff: 3, Sum: 33]
      [GC Worker Other (ms): Min: 0.0, Avg: 0.1, Max: 0.1, Diff: 0.1, Sum: 0.7]
      [GC Worker Total (ms): Min: 1.4, Avg: 1.5, Max: 1.6, Diff: 0.2, Sum: 19.9]
      [GC Worker End (ms): Min: 96811.5, Avg: 96811.5, Max: 96811.6, Diff: 0.1]
   [Code Root Fixup: 0.0 ms]
   [Code Root Purge: 0.0 ms]
   [Clear CT: 0.4 ms]
   [Other: 1.2 ms]
      [Choose CSet: 0.0 ms]
      [Ref Proc: 0.2 ms]
      [Ref Enq: 0.0 ms]
      [Redirty Cards: 0.1 ms]
      [Humongous Register: 0.0 ms]
      [Humongous Reclaim: 0.0 ms]
      [Free CSet: 0.5 ms]
   [Eden: 2454.0M(2454.0M)->0.0B(2454.0M) Survivors: 2048.0K->2048.0K Heap: 2494.6M(4096.0M)->40.2M(4096.0M)]
 [Times: user=0.04 sys=0.00, real=0.00 secs] 
2020-11-19T15:31:38.238-0800: 98.196: [GC pause (G1 Evacuation Pause) (young), 0.0047409 secs]
   [Parallel Time: 2.4 ms, GC Workers: 13]
      [GC Worker Start (ms): Min: 98196.3, Avg: 98196.3, Max: 98196.4, Diff: 0.1]
      [Ext Root Scanning (ms): Min: 0.3, Avg: 0.4, Max: 0.6, Diff: 0.3, Sum: 5.2]
      [Update RS (ms): Min: 0.1, Avg: 0.3, Max: 0.4, Diff: 0.2, Sum: 4.0]
         [Processed Buffers: Min: 8, Avg: 16.7, Max: 30, Diff: 22, Sum: 217]
      [Scan RS (ms): Min: 0.1, Avg: 0.2, Max: 0.2, Diff: 0.1, Sum: 2.0]
      [Code Root Scanning (ms): Min: 0.0, Avg: 0.1, Max: 1.1, Diff: 1.1, Sum: 1.2]
      [Object Copy (ms): Min: 0.0, Avg: 0.4, Max: 0.4, Diff: 0.4, Sum: 4.7]
      [Termination (ms): Min: 0.0, Avg: 0.7, Max: 1.0, Diff: 1.0, Sum: 9.1]
         [Termination Attempts: Min: 1, Avg: 1.5, Max: 2, Diff: 1, Sum: 20]
      [GC Worker Other (ms): Min: 0.0, Avg: 0.0, Max: 0.1, Diff: 0.1, Sum: 0.6]
      [GC Worker Total (ms): Min: 1.9, Avg: 2.1, Max: 2.2, Diff: 0.3, Sum: 26.9]
      [GC Worker End (ms): Min: 98198.3, Avg: 98198.4, Max: 98198.6, Diff: 0.3]
   [Code Root Fixup: 0.0 ms]
   [Code Root Purge: 0.1 ms]
   [Clear CT: 0.6 ms]
   [Other: 1.6 ms]
      [Choose CSet: 0.0 ms]
      [Ref Proc: 0.4 ms]
      [Ref Enq: 0.0 ms]
      [Redirty Cards: 0.4 ms]
      [Humongous Register: 0.1 ms]
      [Humongous Reclaim: 0.0 ms]
      [Free CSet: 0.4 ms]
   [Eden: 2454.0M(2454.0M)->0.0B(2454.0M) Survivors: 2048.0K->2048.0K Heap: 2494.2M(4096.0M)->39.9M(4096.0M)]
 [Times: user=0.04 sys=0.01, real=0.01 secs] 
2020-11-19T15:31:39.527-0800: 99.485: [GC pause (G1 Evacuation Pause) (young), 0.0047283 secs]
   [Parallel Time: 1.7 ms, GC Workers: 13]
      [GC Worker Start (ms): Min: 99485.5, Avg: 99485.7, Max: 99485.8, Diff: 0.3]
      [Ext Root Scanning (ms): Min: 0.5, Avg: 0.6, Max: 1.0, Diff: 0.5, Sum: 7.5]
      [Update RS (ms): Min: 0.1, Avg: 0.3, Max: 0.4, Diff: 0.3, Sum: 3.7]
         [Processed Buffers: Min: 7, Avg: 16.7, Max: 27, Diff: 20, Sum: 217]
      [Scan RS (ms): Min: 0.1, Avg: 0.1, Max: 0.2, Diff: 0.1, Sum: 1.9]
      [Code Root Scanning (ms): Min: 0.0, Avg: 0.0, Max: 0.3, Diff: 0.3, Sum: 0.5]
      [Object Copy (ms): Min: 0.0, Avg: 0.3, Max: 0.4, Diff: 0.4, Sum: 3.5]
      [Termination (ms): Min: 0.0, Avg: 0.1, Max: 0.1, Diff: 0.1, Sum: 1.0]
         [Termination Attempts: Min: 1, Avg: 1.3, Max: 2, Diff: 1, Sum: 17]
      [GC Worker Other (ms): Min: 0.0, Avg: 0.1, Max: 0.1, Diff: 0.1, Sum: 0.7]
      [GC Worker Total (ms): Min: 1.3, Avg: 1.4, Max: 1.6, Diff: 0.3, Sum: 18.8]
      [GC Worker End (ms): Min: 99487.1, Avg: 99487.2, Max: 99487.2, Diff: 0.1]
   [Code Root Fixup: 0.0 ms]
   [Code Root Purge: 0.0 ms]
   [Clear CT: 0.6 ms]
   [Other: 2.3 ms]
      [Choose CSet: 0.0 ms]
      [Ref Proc: 0.8 ms]
      [Ref Enq: 0.0 ms]
      [Redirty Cards: 0.7 ms]
      [Humongous Register: 0.1 ms]
      [Humongous Reclaim: 0.0 ms]
      [Free CSet: 0.3 ms]
   [Eden: 2454.0M(2454.0M)->0.0B(2454.0M) Survivors: 2048.0K->2048.0K Heap: 2493.9M(4096.0M)->39.9M(4096.0M)]
 [Times: user=0.03 sys=0.00, real=0.01 secs] 
2020-11-19T15:31:40.817-0800: 100.776: [GC pause (G1 Evacuation Pause) (young), 0.0039897 secs]
   [Parallel Time: 1.6 ms, GC Workers: 13]
      [GC Worker Start (ms): Min: 100775.9, Avg: 100776.0, Max: 100776.0, Diff: 0.1]
      [Ext Root Scanning (ms): Min: 0.4, Avg: 0.5, Max: 0.7, Diff: 0.3, Sum: 6.4]
      [Update RS (ms): Min: 0.3, Avg: 0.3, Max: 0.3, Diff: 0.1, Sum: 3.6]
         [Processed Buffers: Min: 2, Avg: 16.6, Max: 26, Diff: 24, Sum: 216]
      [Scan RS (ms): Min: 0.0, Avg: 0.2, Max: 0.2, Diff: 0.1, Sum: 2.0]
      [Code Root Scanning (ms): Min: 0.0, Avg: 0.0, Max: 0.3, Diff: 0.3, Sum: 0.4]
      [Object Copy (ms): Min: 0.0, Avg: 0.2, Max: 0.3, Diff: 0.3, Sum: 3.1]
      [Termination (ms): Min: 0.0, Avg: 0.0, Max: 0.0, Diff: 0.0, Sum: 0.0]
         [Termination Attempts: Min: 1, Avg: 1.2, Max: 2, Diff: 1, Sum: 15]
      [GC Worker Other (ms): Min: 0.0, Avg: 0.1, Max: 0.2, Diff: 0.2, Sum: 1.3]
      [GC Worker Total (ms): Min: 1.2, Avg: 1.3, Max: 1.4, Diff: 0.2, Sum: 16.9]
      [GC Worker End (ms): Min: 100777.2, Avg: 100777.2, Max: 100777.3, Diff: 0.2]
   [Code Root Fixup: 0.0 ms]
   [Code Root Purge: 0.0 ms]
   [Clear CT: 0.6 ms]
   [Other: 1.8 ms]
      [Choose CSet: 0.0 ms]
      [Ref Proc: 0.6 ms]
      [Ref Enq: 0.0 ms]
      [Redirty Cards: 0.4 ms]
      [Humongous Register: 0.1 ms]
      [Humongous Reclaim: 0.0 ms]
      [Free CSet: 0.3 ms]
   [Eden: 2454.0M(2454.0M)->0.0B(2454.0M) Survivors: 2048.0K->2048.0K Heap: 2493.9M(4096.0M)->39.9M(4096.0M)]
 [Times: user=0.02 sys=0.01, real=0.01 secs] 
2020-11-19T15:31:42.097-0800: 102.055: [GC pause (G1 Evacuation Pause) (young), 0.0032844 secs]
   [Parallel Time: 1.4 ms, GC Workers: 13]
      [GC Worker Start (ms): Min: 102054.8, Avg: 102054.9, Max: 102055.0, Diff: 0.1]
      [Ext Root Scanning (ms): Min: 0.3, Avg: 0.3, Max: 0.6, Diff: 0.3, Sum: 4.4]
      [Update RS (ms): Min: 0.1, Avg: 0.3, Max: 0.4, Diff: 0.3, Sum: 3.6]
         [Processed Buffers: Min: 6, Avg: 16.8, Max: 26, Diff: 20, Sum: 218]
      [Scan RS (ms): Min: 0.0, Avg: 0.2, Max: 0.2, Diff: 0.1, Sum: 2.0]
      [Code Root Scanning (ms): Min: 0.0, Avg: 0.0, Max: 0.2, Diff: 0.2, Sum: 0.4]
      [Object Copy (ms): Min: 0.1, Avg: 0.3, Max: 0.4, Diff: 0.3, Sum: 3.6]
      [Termination (ms): Min: 0.0, Avg: 0.1, Max: 0.1, Diff: 0.1, Sum: 0.8]
         [Termination Attempts: Min: 1, Avg: 2.8, Max: 4, Diff: 3, Sum: 37]
      [GC Worker Other (ms): Min: 0.0, Avg: 0.1, Max: 0.2, Diff: 0.2, Sum: 1.4]
      [GC Worker Total (ms): Min: 1.1, Avg: 1.2, Max: 1.4, Diff: 0.3, Sum: 16.0]
      [GC Worker End (ms): Min: 102056.0, Avg: 102056.1, Max: 102056.2, Diff: 0.2]
   [Code Root Fixup: 0.0 ms]
   [Code Root Purge: 0.0 ms]
   [Clear CT: 0.5 ms]
   [Other: 1.3 ms]
      [Choose CSet: 0.0 ms]
      [Ref Proc: 0.5 ms]
      [Ref Enq: 0.0 ms]
      [Redirty Cards: 0.2 ms]
      [Humongous Register: 0.0 ms]
      [Humongous Reclaim: 0.0 ms]
      [Free CSet: 0.3 ms]
   [Eden: 2454.0M(2454.0M)->0.0B(2454.0M) Survivors: 2048.0K->2048.0K Heap: 2493.9M(4096.0M)->40.0M(4096.0M)]
 [Times: user=0.01 sys=0.00, real=0.01 secs] 
2020-11-19T15:31:43.330-0800: 103.288: [GC pause (G1 Evacuation Pause) (young), 0.0028474 secs]
   [Parallel Time: 1.3 ms, GC Workers: 13]
      [GC Worker Start (ms): Min: 103288.2, Avg: 103288.3, Max: 103288.4, Diff: 0.2]
      [Ext Root Scanning (ms): Min: 0.2, Avg: 0.3, Max: 0.6, Diff: 0.3, Sum: 4.1]
      [Update RS (ms): Min: 0.3, Avg: 0.3, Max: 0.3, Diff: 0.0, Sum: 3.8]
         [Processed Buffers: Min: 1, Avg: 16.7, Max: 33, Diff: 32, Sum: 217]
      [Scan RS (ms): Min: 0.0, Avg: 0.2, Max: 0.2, Diff: 0.1, Sum: 2.0]
      [Code Root Scanning (ms): Min: 0.0, Avg: 0.0, Max: 0.3, Diff: 0.3, Sum: 0.5]
      [Object Copy (ms): Min: 0.1, Avg: 0.3, Max: 0.3, Diff: 0.3, Sum: 3.5]
      [Termination (ms): Min: 0.0, Avg: 0.0, Max: 0.0, Diff: 0.0, Sum: 0.0]
         [Termination Attempts: Min: 1, Avg: 1.1, Max: 2, Diff: 1, Sum: 14]
      [GC Worker Other (ms): Min: 0.0, Avg: 0.1, Max: 0.1, Diff: 0.1, Sum: 0.8]
      [GC Worker Total (ms): Min: 1.0, Avg: 1.1, Max: 1.2, Diff: 0.2, Sum: 14.7]
      [GC Worker End (ms): Min: 103289.4, Avg: 103289.4, Max: 103289.5, Diff: 0.1]
   [Code Root Fixup: 0.0 ms]
   [Code Root Purge: 0.0 ms]
   [Clear CT: 0.4 ms]
   [Other: 1.1 ms]
      [Choose CSet: 0.0 ms]
      [Ref Proc: 0.4 ms]
      [Ref Enq: 0.0 ms]
      [Redirty Cards: 0.2 ms]
      [Humongous Register: 0.0 ms]
      [Humongous Reclaim: 0.0 ms]
      [Free CSet: 0.3 ms]
   [Eden: 2454.0M(2454.0M)->0.0B(2454.0M) Survivors: 2048.0K->2048.0K Heap: 2494.0M(4096.0M)->39.9M(4096.0M)]
 [Times: user=0.02 sys=0.00, real=0.00 secs] 
2020-11-19T15:31:44.602-0800: 104.560: [GC pause (G1 Evacuation Pause) (young), 0.0028739 secs]
   [Parallel Time: 1.3 ms, GC Workers: 13]
      [GC Worker Start (ms): Min: 104560.4, Avg: 104560.5, Max: 104560.6, Diff: 0.2]
      [Ext Root Scanning (ms): Min: 0.2, Avg: 0.3, Max: 0.6, Diff: 0.3, Sum: 4.0]
      [Update RS (ms): Min: 0.1, Avg: 0.3, Max: 0.5, Diff: 0.3, Sum: 3.6]
         [Processed Buffers: Min: 1, Avg: 16.8, Max: 30, Diff: 29, Sum: 218]
      [Scan RS (ms): Min: 0.0, Avg: 0.1, Max: 0.2, Diff: 0.1, Sum: 1.9]
      [Code Root Scanning (ms): Min: 0.0, Avg: 0.0, Max: 0.3, Diff: 0.3, Sum: 0.5]
      [Object Copy (ms): Min: 0.0, Avg: 0.3, Max: 0.3, Diff: 0.3, Sum: 3.5]
      [Termination (ms): Min: 0.0, Avg: 0.0, Max: 0.0, Diff: 0.0, Sum: 0.5]
         [Termination Attempts: Min: 1, Avg: 1.2, Max: 2, Diff: 1, Sum: 16]
      [GC Worker Other (ms): Min: 0.0, Avg: 0.1, Max: 0.1, Diff: 0.1, Sum: 0.7]
      [GC Worker Total (ms): Min: 1.1, Avg: 1.1, Max: 1.2, Diff: 0.2, Sum: 14.7]
      [GC Worker End (ms): Min: 104561.6, Avg: 104561.6, Max: 104561.7, Diff: 0.1]
   [Code Root Fixup: 0.0 ms]
   [Code Root Purge: 0.0 ms]
   [Clear CT: 0.4 ms]
   [Other: 1.1 ms]
      [Choose CSet: 0.0 ms]
      [Ref Proc: 0.3 ms]
      [Ref Enq: 0.0 ms]
      [Redirty Cards: 0.1 ms]
      [Humongous Register: 0.0 ms]
      [Humongous Reclaim: 0.0 ms]
      [Free CSet: 0.4 ms]
   [Eden: 2454.0M(2454.0M)->0.0B(2454.0M) Survivors: 2048.0K->2048.0K Heap: 2493.9M(4096.0M)->39.9M(4096.0M)]
 [Times: user=0.02 sys=0.00, real=0.00 secs] 
2020-11-19T15:31:45.823-0800: 105.781: [GC pause (G1 Evacuation Pause) (young), 0.0028317 secs]
   [Parallel Time: 1.4 ms, GC Workers: 13]
      [GC Worker Start (ms): Min: 105780.9, Avg: 105781.0, Max: 105781.1, Diff: 0.2]
      [Ext Root Scanning (ms): Min: 0.2, Avg: 0.3, Max: 0.5, Diff: 0.3, Sum: 4.2]
      [Update RS (ms): Min: 0.3, Avg: 0.3, Max: 0.3, Diff: 0.0, Sum: 3.6]
         [Processed Buffers: Min: 6, Avg: 16.6, Max: 30, Diff: 24, Sum: 216]
      [Scan RS (ms): Min: 0.1, Avg: 0.2, Max: 0.2, Diff: 0.1, Sum: 2.2]
      [Code Root Scanning (ms): Min: 0.0, Avg: 0.0, Max: 0.2, Diff: 0.2, Sum: 0.4]
      [Object Copy (ms): Min: 0.1, Avg: 0.3, Max: 0.3, Diff: 0.2, Sum: 3.6]
      [Termination (ms): Min: 0.0, Avg: 0.0, Max: 0.0, Diff: 0.0, Sum: 0.0]
         [Termination Attempts: Min: 1, Avg: 2.5, Max: 4, Diff: 3, Sum: 32]
      [GC Worker Other (ms): Min: 0.0, Avg: 0.1, Max: 0.1, Diff: 0.1, Sum: 1.0]
      [GC Worker Total (ms): Min: 1.0, Avg: 1.2, Max: 1.3, Diff: 0.3, Sum: 15.1]
      [GC Worker End (ms): Min: 105782.1, Avg: 105782.2, Max: 105782.3, Diff: 0.1]
   [Code Root Fixup: 0.0 ms]
   [Code Root Purge: 0.0 ms]
   [Clear CT: 0.4 ms]
   [Other: 1.1 ms]
      [Choose CSet: 0.0 ms]
      [Ref Proc: 0.4 ms]
      [Ref Enq: 0.0 ms]
      [Redirty Cards: 0.1 ms]
      [Humongous Register: 0.0 ms]
      [Humongous Reclaim: 0.0 ms]
      [Free CSet: 0.3 ms]
   [Eden: 2454.0M(2454.0M)->0.0B(2454.0M) Survivors: 2048.0K->2048.0K Heap: 2493.9M(4096.0M)->40.1M(4096.0M)]
 [Times: user=0.02 sys=0.00, real=0.00 secs] 
2020-11-19T15:31:47.093-0800: 107.051: [GC pause (G1 Evacuation Pause) (young), 0.0031863 secs]
   [Parallel Time: 1.6 ms, GC Workers: 13]
      [GC Worker Start (ms): Min: 107051.6, Avg: 107051.7, Max: 107051.8, Diff: 0.2]
      [Ext Root Scanning (ms): Min: 0.3, Avg: 0.4, Max: 0.7, Diff: 0.4, Sum: 4.7]
      [Update RS (ms): Min: 0.2, Avg: 0.4, Max: 0.4, Diff: 0.3, Sum: 4.6]
         [Processed Buffers: Min: 6, Avg: 16.7, Max: 39, Diff: 33, Sum: 217]
      [Scan RS (ms): Min: 0.1, Avg: 0.2, Max: 0.3, Diff: 0.2, Sum: 2.2]
      [Code Root Scanning (ms): Min: 0.0, Avg: 0.0, Max: 0.3, Diff: 0.3, Sum: 0.5]
      [Object Copy (ms): Min: 0.1, Avg: 0.3, Max: 0.3, Diff: 0.3, Sum: 3.7]
      [Termination (ms): Min: 0.0, Avg: 0.0, Max: 0.0, Diff: 0.0, Sum: 0.2]
         [Termination Attempts: Min: 1, Avg: 1.4, Max: 2, Diff: 1, Sum: 18]
      [GC Worker Other (ms): Min: 0.0, Avg: 0.1, Max: 0.1, Diff: 0.1, Sum: 0.7]
      [GC Worker Total (ms): Min: 1.2, Avg: 1.3, Max: 1.4, Diff: 0.2, Sum: 16.4]
      [GC Worker End (ms): Min: 107052.9, Avg: 107053.0, Max: 107053.0, Diff: 0.1]
   [Code Root Fixup: 0.0 ms]
   [Code Root Purge: 0.0 ms]
   [Clear CT: 0.4 ms]
   [Other: 1.1 ms]
      [Choose CSet: 0.0 ms]
      [Ref Proc: 0.3 ms]
      [Ref Enq: 0.0 ms]
      [Redirty Cards: 0.1 ms]
      [Humongous Register: 0.1 ms]
      [Humongous Reclaim: 0.0 ms]
      [Free CSet: 0.4 ms]
   [Eden: 2454.0M(2454.0M)->0.0B(2454.0M) Survivors: 2048.0K->2048.0K Heap: 2494.1M(4096.0M)->39.8M(4096.0M)]
 [Times: user=0.02 sys=0.00, real=0.00 secs] 
2020-11-19T15:31:48.360-0800: 108.318: [GC pause (G1 Evacuation Pause) (young), 0.0028804 secs]
   [Parallel Time: 1.3 ms, GC Workers: 13]
      [GC Worker Start (ms): Min: 108318.6, Avg: 108318.7, Max: 108318.8, Diff: 0.2]
      [Ext Root Scanning (ms): Min: 0.2, Avg: 0.3, Max: 0.5, Diff: 0.3, Sum: 3.7]
      [Update RS (ms): Min: 0.2, Avg: 0.3, Max: 0.4, Diff: 0.2, Sum: 3.7]
         [Processed Buffers: Min: 6, Avg: 16.6, Max: 30, Diff: 24, Sum: 216]
      [Scan RS (ms): Min: 0.0, Avg: 0.2, Max: 0.2, Diff: 0.1, Sum: 2.0]
      [Code Root Scanning (ms): Min: 0.0, Avg: 0.0, Max: 0.2, Diff: 0.2, Sum: 0.4]
      [Object Copy (ms): Min: 0.1, Avg: 0.3, Max: 0.3, Diff: 0.2, Sum: 3.8]
      [Termination (ms): Min: 0.0, Avg: 0.0, Max: 0.0, Diff: 0.0, Sum: 0.0]
         [Termination Attempts: Min: 1, Avg: 1.4, Max: 2, Diff: 1, Sum: 18]
      [GC Worker Other (ms): Min: 0.0, Avg: 0.1, Max: 0.1, Diff: 0.1, Sum: 1.0]
      [GC Worker Total (ms): Min: 1.0, Avg: 1.1, Max: 1.2, Diff: 0.2, Sum: 14.6]
      [GC Worker End (ms): Min: 108319.8, Avg: 108319.9, Max: 108319.9, Diff: 0.1]
   [Code Root Fixup: 0.0 ms]
   [Code Root Purge: 0.0 ms]
   [Clear CT: 0.4 ms]
   [Other: 1.1 ms]
      [Choose CSet: 0.0 ms]
      [Ref Proc: 0.4 ms]
      [Ref Enq: 0.0 ms]
      [Redirty Cards: 0.1 ms]
      [Humongous Register: 0.0 ms]
      [Humongous Reclaim: 0.0 ms]
      [Free CSet: 0.3 ms]
   [Eden: 2454.0M(2454.0M)->0.0B(2454.0M) Survivors: 2048.0K->2048.0K Heap: 2493.8M(4096.0M)->40.0M(4096.0M)]
 [Times: user=0.01 sys=0.00, real=0.00 secs] 
2020-11-19T15:31:49.602-0800: 109.560: [GC pause (G1 Evacuation Pause) (young), 0.0027961 secs]
   [Parallel Time: 1.3 ms, GC Workers: 13]
      [GC Worker Start (ms): Min: 109560.3, Avg: 109560.3, Max: 109560.4, Diff: 0.1]
      [Ext Root Scanning (ms): Min: 0.2, Avg: 0.3, Max: 0.6, Diff: 0.4, Sum: 4.2]
      [Update RS (ms): Min: 0.1, Avg: 0.3, Max: 0.3, Diff: 0.2, Sum: 3.8]
         [Processed Buffers: Min: 8, Avg: 16.7, Max: 27, Diff: 19, Sum: 217]
      [Scan RS (ms): Min: 0.1, Avg: 0.2, Max: 0.2, Diff: 0.1, Sum: 2.1]
      [Code Root Scanning (ms): Min: 0.0, Avg: 0.0, Max: 0.2, Diff: 0.2, Sum: 0.4]
      [Object Copy (ms): Min: 0.1, Avg: 0.3, Max: 0.3, Diff: 0.2, Sum: 3.5]
      [Termination (ms): Min: 0.0, Avg: 0.0, Max: 0.0, Diff: 0.0, Sum: 0.0]
         [Termination Attempts: Min: 1, Avg: 1.3, Max: 3, Diff: 2, Sum: 17]
      [GC Worker Other (ms): Min: 0.0, Avg: 0.1, Max: 0.1, Diff: 0.1, Sum: 0.8]
      [GC Worker Total (ms): Min: 1.1, Avg: 1.1, Max: 1.2, Diff: 0.2, Sum: 14.9]
      [GC Worker End (ms): Min: 109561.4, Avg: 109561.5, Max: 109561.5, Diff: 0.1]
   [Code Root Fixup: 0.0 ms]
   [Code Root Purge: 0.0 ms]
   [Clear CT: 0.4 ms]
   [Other: 1.1 ms]
      [Choose CSet: 0.0 ms]
      [Ref Proc: 0.3 ms]
      [Ref Enq: 0.0 ms]
      [Redirty Cards: 0.2 ms]
      [Humongous Register: 0.0 ms]
      [Humongous Reclaim: 0.0 ms]
      [Free CSet: 0.3 ms]
   [Eden: 2454.0M(2454.0M)->0.0B(2454.0M) Survivors: 2048.0K->2048.0K Heap: 2494.0M(4096.0M)->39.9M(4096.0M)]
 [Times: user=0.02 sys=0.00, real=0.00 secs] 
2020-11-19T15:31:50.856-0800: 110.814: [GC pause (G1 Evacuation Pause) (young), 0.0028912 secs]
   [Parallel Time: 1.4 ms, GC Workers: 13]
      [GC Worker Start (ms): Min: 110814.3, Avg: 110814.4, Max: 110814.4, Diff: 0.1]
      [Ext Root Scanning (ms): Min: 0.2, Avg: 0.3, Max: 0.6, Diff: 0.3, Sum: 4.2]
      [Update RS (ms): Min: 0.2, Avg: 0.3, Max: 0.4, Diff: 0.3, Sum: 4.0]
         [Processed Buffers: Min: 6, Avg: 16.7, Max: 31, Diff: 25, Sum: 217]
      [Scan RS (ms): Min: 0.1, Avg: 0.2, Max: 0.2, Diff: 0.1, Sum: 2.1]
      [Code Root Scanning (ms): Min: 0.0, Avg: 0.0, Max: 0.3, Diff: 0.3, Sum: 0.5]
      [Object Copy (ms): Min: 0.0, Avg: 0.3, Max: 0.3, Diff: 0.3, Sum: 3.7]
      [Termination (ms): Min: 0.0, Avg: 0.0, Max: 0.0, Diff: 0.0, Sum: 0.3]
         [Termination Attempts: Min: 1, Avg: 1.2, Max: 2, Diff: 1, Sum: 15]
      [GC Worker Other (ms): Min: 0.0, Avg: 0.1, Max: 0.1, Diff: 0.1, Sum: 0.7]
      [GC Worker Total (ms): Min: 1.1, Avg: 1.2, Max: 1.2, Diff: 0.1, Sum: 15.4]
      [GC Worker End (ms): Min: 110815.5, Avg: 110815.6, Max: 110815.6, Diff: 0.1]
   [Code Root Fixup: 0.0 ms]
   [Code Root Purge: 0.0 ms]
   [Clear CT: 0.4 ms]
   [Other: 1.1 ms]
      [Choose CSet: 0.0 ms]
      [Ref Proc: 0.3 ms]
      [Ref Enq: 0.0 ms]
      [Redirty Cards: 0.2 ms]
      [Humongous Register: 0.0 ms]
      [Humongous Reclaim: 0.0 ms]
      [Free CSet: 0.4 ms]
   [Eden: 2454.0M(2454.0M)->0.0B(2454.0M) Survivors: 2048.0K->2048.0K Heap: 2493.9M(4096.0M)->40.0M(4096.0M)]
 [Times: user=0.02 sys=0.00, real=0.00 secs] 
2020-11-19T15:32:06.390-0800: 126.348: [GC pause (G1 Evacuation Pause) (young), 0.0038371 secs]
   [Parallel Time: 1.5 ms, GC Workers: 13]
      [GC Worker Start (ms): Min: 126348.4, Avg: 126348.5, Max: 126348.7, Diff: 0.3]
      [Ext Root Scanning (ms): Min: 0.1, Avg: 0.3, Max: 0.6, Diff: 0.5, Sum: 3.6]
      [Update RS (ms): Min: 0.1, Avg: 0.3, Max: 0.3, Diff: 0.2, Sum: 3.5]
         [Processed Buffers: Min: 5, Avg: 16.7, Max: 33, Diff: 28, Sum: 217]
      [Scan RS (ms): Min: 0.1, Avg: 0.1, Max: 0.2, Diff: 0.1, Sum: 1.9]
      [Code Root Scanning (ms): Min: 0.0, Avg: 0.0, Max: 0.3, Diff: 0.3, Sum: 0.5]
      [Object Copy (ms): Min: 0.1, Avg: 0.3, Max: 0.3, Diff: 0.3, Sum: 3.3]
      [Termination (ms): Min: 0.0, Avg: 0.0, Max: 0.0, Diff: 0.0, Sum: 0.5]
         [Termination Attempts: Min: 1, Avg: 1.2, Max: 2, Diff: 1, Sum: 15]
      [GC Worker Other (ms): Min: 0.0, Avg: 0.1, Max: 0.2, Diff: 0.2, Sum: 1.1]
      [GC Worker Total (ms): Min: 1.0, Avg: 1.1, Max: 1.4, Diff: 0.4, Sum: 14.5]
      [GC Worker End (ms): Min: 126349.6, Avg: 126349.7, Max: 126349.8, Diff: 0.2]
   [Code Root Fixup: 0.0 ms]
   [Code Root Purge: 0.0 ms]
   [Clear CT: 0.7 ms]
   [Other: 1.6 ms]
      [Choose CSet: 0.0 ms]
      [Ref Proc: 0.7 ms]
      [Ref Enq: 0.0 ms]
      [Redirty Cards: 0.3 ms]
      [Humongous Register: 0.0 ms]
      [Humongous Reclaim: 0.0 ms]
      [Free CSet: 0.3 ms]
   [Eden: 2454.0M(2454.0M)->0.0B(2454.0M) Survivors: 2048.0K->2048.0K Heap: 2494.0M(4096.0M)->39.9M(4096.0M)]
 [Times: user=0.02 sys=0.00, real=0.00 secs] 
2020-11-19T15:32:09.216-0800: 129.173: [GC pause (G1 Evacuation Pause) (young), 0.0028137 secs]
   [Parallel Time: 1.3 ms, GC Workers: 13]
      [GC Worker Start (ms): Min: 129173.6, Avg: 129173.7, Max: 129173.8, Diff: 0.1]
      [Ext Root Scanning (ms): Min: 0.3, Avg: 0.4, Max: 0.6, Diff: 0.4, Sum: 5.2]
      [Update RS (ms): Min: 0.1, Avg: 0.3, Max: 0.3, Diff: 0.2, Sum: 3.7]
         [Processed Buffers: Min: 8, Avg: 16.6, Max: 28, Diff: 20, Sum: 216]
      [Scan RS (ms): Min: 0.1, Avg: 0.2, Max: 0.2, Diff: 0.0, Sum: 2.0]
      [Code Root Scanning (ms): Min: 0.0, Avg: 0.0, Max: 0.3, Diff: 0.3, Sum: 0.4]
      [Object Copy (ms): Min: 0.0, Avg: 0.3, Max: 0.3, Diff: 0.3, Sum: 3.3]
      [Termination (ms): Min: 0.0, Avg: 0.0, Max: 0.0, Diff: 0.0, Sum: 0.1]
         [Termination Attempts: Min: 1, Avg: 1.0, Max: 1, Diff: 0, Sum: 13]
      [GC Worker Other (ms): Min: 0.0, Avg: 0.1, Max: 0.1, Diff: 0.1, Sum: 0.8]
      [GC Worker Total (ms): Min: 1.1, Avg: 1.2, Max: 1.3, Diff: 0.2, Sum: 15.6]
      [GC Worker End (ms): Min: 129174.8, Avg: 129174.9, Max: 129175.0, Diff: 0.1]
   [Code Root Fixup: 0.0 ms]
   [Code Root Purge: 0.0 ms]
   [Clear CT: 0.5 ms]
   [Other: 1.0 ms]
      [Choose CSet: 0.0 ms]
      [Ref Proc: 0.2 ms]
      [Ref Enq: 0.0 ms]
      [Redirty Cards: 0.1 ms]
      [Humongous Register: 0.0 ms]
      [Humongous Reclaim: 0.0 ms]
      [Free CSet: 0.3 ms]
   [Eden: 2454.0M(2454.0M)->0.0B(2454.0M) Survivors: 2048.0K->2048.0K Heap: 2493.9M(4096.0M)->39.9M(4096.0M)]
 [Times: user=0.02 sys=0.00, real=0.00 secs] 
2020-11-19T15:32:10.991-0800: 130.949: [GC pause (G1 Evacuation Pause) (young), 0.0029380 secs]
   [Parallel Time: 1.3 ms, GC Workers: 13]
      [GC Worker Start (ms): Min: 130949.2, Avg: 130949.2, Max: 130949.3, Diff: 0.1]
      [Ext Root Scanning (ms): Min: 0.2, Avg: 0.3, Max: 0.6, Diff: 0.4, Sum: 4.0]
      [Update RS (ms): Min: 0.1, Avg: 0.3, Max: 0.3, Diff: 0.2, Sum: 3.5]
         [Processed Buffers: Min: 6, Avg: 16.6, Max: 29, Diff: 23, Sum: 216]
      [Scan RS (ms): Min: 0.1, Avg: 0.1, Max: 0.2, Diff: 0.1, Sum: 1.9]
      [Code Root Scanning (ms): Min: 0.0, Avg: 0.0, Max: 0.2, Diff: 0.2, Sum: 0.4]
      [Object Copy (ms): Min: 0.0, Avg: 0.2, Max: 0.2, Diff: 0.2, Sum: 2.5]
      [Termination (ms): Min: 0.0, Avg: 0.0, Max: 0.0, Diff: 0.0, Sum: 0.0]
         [Termination Attempts: Min: 1, Avg: 1.1, Max: 2, Diff: 1, Sum: 14]
      [GC Worker Other (ms): Min: 0.0, Avg: 0.1, Max: 0.1, Diff: 0.1, Sum: 0.9]
      [GC Worker Total (ms): Min: 0.9, Avg: 1.0, Max: 1.1, Diff: 0.2, Sum: 13.2]
      [GC Worker End (ms): Min: 130950.2, Avg: 130950.3, Max: 130950.3, Diff: 0.1]
   [Code Root Fixup: 0.0 ms]
   [Code Root Purge: 0.0 ms]
   [Clear CT: 0.5 ms]
   [Other: 1.2 ms]
      [Choose CSet: 0.0 ms]
      [Ref Proc: 0.4 ms]
      [Ref Enq: 0.0 ms]
      [Redirty Cards: 0.2 ms]
      [Humongous Register: 0.0 ms]
      [Humongous Reclaim: 0.0 ms]
      [Free CSet: 0.3 ms]
   [Eden: 2454.0M(2454.0M)->0.0B(2454.0M) Survivors: 2048.0K->2048.0K Heap: 2493.9M(4096.0M)->39.9M(4096.0M)]
 [Times: user=0.01 sys=0.00, real=0.00 secs] 
2020-11-19T15:32:12.746-0800: 132.704: [GC pause (G1 Evacuation Pause) (young), 0.0036211 secs]
   [Parallel Time: 1.4 ms, GC Workers: 13]
      [GC Worker Start (ms): Min: 132704.4, Avg: 132704.5, Max: 132704.6, Diff: 0.3]
      [Ext Root Scanning (ms): Min: 0.3, Avg: 0.4, Max: 0.7, Diff: 0.4, Sum: 4.9]
      [Update RS (ms): Min: 0.2, Avg: 0.3, Max: 0.4, Diff: 0.2, Sum: 4.1]
         [Processed Buffers: Min: 7, Avg: 16.8, Max: 27, Diff: 20, Sum: 219]
      [Scan RS (ms): Min: 0.1, Avg: 0.2, Max: 0.2, Diff: 0.1, Sum: 2.0]
      [Code Root Scanning (ms): Min: 0.0, Avg: 0.0, Max: 0.0, Diff: 0.0, Sum: 0.2]
      [Object Copy (ms): Min: 0.2, Avg: 0.2, Max: 0.3, Diff: 0.1, Sum: 2.6]
      [Termination (ms): Min: 0.0, Avg: 0.0, Max: 0.0, Diff: 0.0, Sum: 0.0]
         [Termination Attempts: Min: 1, Avg: 1.0, Max: 1, Diff: 0, Sum: 13]
      [GC Worker Other (ms): Min: 0.0, Avg: 0.1, Max: 0.2, Diff: 0.2, Sum: 1.4]
      [GC Worker Total (ms): Min: 1.0, Avg: 1.2, Max: 1.3, Diff: 0.3, Sum: 15.2]
      [GC Worker End (ms): Min: 132705.6, Avg: 132705.7, Max: 132705.7, Diff: 0.2]
   [Code Root Fixup: 0.0 ms]
   [Code Root Purge: 0.0 ms]
   [Clear CT: 0.6 ms]
   [Other: 1.5 ms]
      [Choose CSet: 0.0 ms]
      [Ref Proc: 0.4 ms]
      [Ref Enq: 0.0 ms]
      [Redirty Cards: 0.3 ms]
      [Humongous Register: 0.0 ms]
      [Humongous Reclaim: 0.0 ms]
      [Free CSet: 0.5 ms]
   [Eden: 2454.0M(2454.0M)->0.0B(2454.0M) Survivors: 2048.0K->2048.0K Heap: 2493.9M(4096.0M)->39.9M(4096.0M)]
 [Times: user=0.01 sys=0.00, real=0.01 secs] 
2020-11-19T15:32:15.199-0800: 135.157: [GC pause (G1 Evacuation Pause) (young), 0.0034848 secs]
   [Parallel Time: 1.3 ms, GC Workers: 13]
      [GC Worker Start (ms): Min: 135157.4, Avg: 135157.5, Max: 135157.6, Diff: 0.2]
      [Ext Root Scanning (ms): Min: 0.2, Avg: 0.3, Max: 0.7, Diff: 0.4, Sum: 4.3]
      [Update RS (ms): Min: 0.1, Avg: 0.3, Max: 0.3, Diff: 0.3, Sum: 3.3]
         [Processed Buffers: Min: 10, Avg: 16.8, Max: 31, Diff: 21, Sum: 219]
      [Scan RS (ms): Min: 0.1, Avg: 0.1, Max: 0.2, Diff: 0.1, Sum: 1.9]
      [Code Root Scanning (ms): Min: 0.0, Avg: 0.0, Max: 0.0, Diff: 0.0, Sum: 0.2]
      [Object Copy (ms): Min: 0.2, Avg: 0.2, Max: 0.2, Diff: 0.0, Sum: 2.3]
      [Termination (ms): Min: 0.0, Avg: 0.0, Max: 0.0, Diff: 0.0, Sum: 0.0]
         [Termination Attempts: Min: 1, Avg: 1.0, Max: 1, Diff: 0, Sum: 13]
      [GC Worker Other (ms): Min: 0.0, Avg: 0.1, Max: 0.2, Diff: 0.2, Sum: 1.4]
      [GC Worker Total (ms): Min: 0.9, Avg: 1.0, Max: 1.2, Diff: 0.3, Sum: 13.5]
      [GC Worker End (ms): Min: 135158.4, Avg: 135158.5, Max: 135158.6, Diff: 0.2]
   [Code Root Fixup: 0.0 ms]
   [Code Root Purge: 0.0 ms]
   [Clear CT: 0.5 ms]
   [Other: 1.7 ms]
      [Choose CSet: 0.0 ms]
      [Ref Proc: 0.6 ms]
      [Ref Enq: 0.0 ms]
      [Redirty Cards: 0.3 ms]
      [Humongous Register: 0.1 ms]
      [Humongous Reclaim: 0.0 ms]
      [Free CSet: 0.3 ms]
   [Eden: 2454.0M(2454.0M)->0.0B(2454.0M) Survivors: 2048.0K->2048.0K Heap: 2493.9M(4096.0M)->39.9M(4096.0M)]
 [Times: user=0.02 sys=0.00, real=0.01 secs] 
2020-11-19T15:32:16.439-0800: 136.397: [GC pause (G1 Evacuation Pause) (young), 0.0035746 secs]
   [Parallel Time: 1.2 ms, GC Workers: 13]
      [GC Worker Start (ms): Min: 136397.5, Avg: 136397.6, Max: 136397.7, Diff: 0.2]
      [Ext Root Scanning (ms): Min: 0.2, Avg: 0.3, Max: 0.6, Diff: 0.4, Sum: 4.3]
      [Update RS (ms): Min: 0.2, Avg: 0.2, Max: 0.3, Diff: 0.1, Sum: 2.8]
         [Processed Buffers: Min: 7, Avg: 16.8, Max: 30, Diff: 23, Sum: 218]
      [Scan RS (ms): Min: 0.0, Avg: 0.2, Max: 0.2, Diff: 0.1, Sum: 2.0]
      [Code Root Scanning (ms): Min: 0.0, Avg: 0.0, Max: 0.0, Diff: 0.0, Sum: 0.2]
      [Object Copy (ms): Min: 0.0, Avg: 0.1, Max: 0.2, Diff: 0.1, Sum: 1.7]
      [Termination (ms): Min: 0.0, Avg: 0.0, Max: 0.0, Diff: 0.0, Sum: 0.0]
         [Termination Attempts: Min: 1, Avg: 1.0, Max: 1, Diff: 0, Sum: 13]
      [GC Worker Other (ms): Min: 0.0, Avg: 0.1, Max: 0.2, Diff: 0.2, Sum: 1.0]
      [GC Worker Total (ms): Min: 0.8, Avg: 0.9, Max: 1.1, Diff: 0.3, Sum: 12.0]
      [GC Worker End (ms): Min: 136398.5, Avg: 136398.5, Max: 136398.6, Diff: 0.2]
   [Code Root Fixup: 0.0 ms]
   [Code Root Purge: 0.0 ms]
   [Clear CT: 0.6 ms]
   [Other: 1.7 ms]
      [Choose CSet: 0.0 ms]
      [Ref Proc: 0.7 ms]
      [Ref Enq: 0.0 ms]
      [Redirty Cards: 0.3 ms]
      [Humongous Register: 0.0 ms]
      [Humongous Reclaim: 0.0 ms]
      [Free CSet: 0.3 ms]
   [Eden: 2454.0M(2454.0M)->0.0B(2454.0M) Survivors: 2048.0K->2048.0K Heap: 2493.9M(4096.0M)->40.0M(4096.0M)]
 [Times: user=0.02 sys=0.00, real=0.01 secs] 
2020-11-19T15:32:18.935-0800: 138.893: [GC pause (G1 Evacuation Pause) (young), 0.0032573 secs]
   [Parallel Time: 1.3 ms, GC Workers: 13]
      [GC Worker Start (ms): Min: 138892.9, Avg: 138893.0, Max: 138893.0, Diff: 0.1]
      [Ext Root Scanning (ms): Min: 0.3, Avg: 0.3, Max: 0.6, Diff: 0.3, Sum: 4.2]
      [Update RS (ms): Min: 0.0, Avg: 0.2, Max: 0.3, Diff: 0.3, Sum: 2.9]
         [Processed Buffers: Min: 10, Avg: 16.8, Max: 21, Diff: 11, Sum: 218]
      [Scan RS (ms): Min: 0.1, Avg: 0.1, Max: 0.2, Diff: 0.1, Sum: 1.9]
      [Code Root Scanning (ms): Min: 0.0, Avg: 0.0, Max: 0.0, Diff: 0.0, Sum: 0.2]
      [Object Copy (ms): Min: 0.1, Avg: 0.1, Max: 0.2, Diff: 0.0, Sum: 1.9]
      [Termination (ms): Min: 0.0, Avg: 0.0, Max: 0.0, Diff: 0.0, Sum: 0.0]
         [Termination Attempts: Min: 1, Avg: 1.0, Max: 1, Diff: 0, Sum: 13]
      [GC Worker Other (ms): Min: 0.0, Avg: 0.1, Max: 0.3, Diff: 0.3, Sum: 1.9]
      [GC Worker Total (ms): Min: 0.8, Avg: 1.0, Max: 1.2, Diff: 0.4, Sum: 13.0]
      [GC Worker End (ms): Min: 138893.8, Avg: 138894.0, Max: 138894.1, Diff: 0.3]
   [Code Root Fixup: 0.0 ms]
   [Code Root Purge: 0.0 ms]
   [Clear CT: 0.5 ms]
   [Other: 1.4 ms]
      [Choose CSet: 0.0 ms]
      [Ref Proc: 0.5 ms]
      [Ref Enq: 0.0 ms]
      [Redirty Cards: 0.2 ms]
      [Humongous Register: 0.0 ms]
      [Humongous Reclaim: 0.0 ms]
      [Free CSet: 0.3 ms]
   [Eden: 2454.0M(2454.0M)->0.0B(2454.0M) Survivors: 2048.0K->2048.0K Heap: 2494.0M(4096.0M)->39.9M(4096.0M)]
 [Times: user=0.02 sys=0.01, real=0.00 secs] 
2020-11-19T15:32:21.160-0800: 141.118: [GC pause (G1 Evacuation Pause) (young), 0.0034493 secs]
   [Parallel Time: 1.2 ms, GC Workers: 13]
      [GC Worker Start (ms): Min: 141118.0, Avg: 141118.0, Max: 141118.1, Diff: 0.1]
      [Ext Root Scanning (ms): Min: 0.3, Avg: 0.3, Max: 0.6, Diff: 0.4, Sum: 4.4]
      [Update RS (ms): Min: 0.0, Avg: 0.2, Max: 0.3, Diff: 0.3, Sum: 2.9]
         [Processed Buffers: Min: 0, Avg: 16.8, Max: 22, Diff: 22, Sum: 218]
      [Scan RS (ms): Min: 0.1, Avg: 0.2, Max: 0.2, Diff: 0.1, Sum: 2.0]
      [Code Root Scanning (ms): Min: 0.0, Avg: 0.0, Max: 0.0, Diff: 0.0, Sum: 0.2]
      [Object Copy (ms): Min: 0.1, Avg: 0.1, Max: 0.2, Diff: 0.1, Sum: 1.9]
      [Termination (ms): Min: 0.0, Avg: 0.0, Max: 0.0, Diff: 0.0, Sum: 0.0]
         [Termination Attempts: Min: 1, Avg: 1.0, Max: 1, Diff: 0, Sum: 13]
      [GC Worker Other (ms): Min: 0.0, Avg: 0.1, Max: 0.2, Diff: 0.2, Sum: 1.3]
      [GC Worker Total (ms): Min: 0.8, Avg: 1.0, Max: 1.1, Diff: 0.2, Sum: 12.7]
      [GC Worker End (ms): Min: 141118.9, Avg: 141119.0, Max: 141119.1, Diff: 0.2]
   [Code Root Fixup: 0.0 ms]
   [Code Root Purge: 0.0 ms]
   [Clear CT: 0.5 ms]
   [Other: 1.7 ms]
      [Choose CSet: 0.0 ms]
      [Ref Proc: 0.6 ms]
      [Ref Enq: 0.0 ms]
      [Redirty Cards: 0.4 ms]
      [Humongous Register: 0.0 ms]
      [Humongous Reclaim: 0.0 ms]
      [Free CSet: 0.3 ms]
   [Eden: 2454.0M(2454.0M)->0.0B(2454.0M) Survivors: 2048.0K->2048.0K Heap: 2493.9M(4096.0M)->40.0M(4096.0M)]
 [Times: user=0.01 sys=0.01, real=0.00 secs] 
2020-11-19T15:32:22.901-0800: 142.859: [GC pause (G1 Evacuation Pause) (young), 0.0033896 secs]
   [Parallel Time: 1.2 ms, GC Workers: 13]
      [GC Worker Start (ms): Min: 142859.0, Avg: 142859.1, Max: 142859.1, Diff: 0.2]
      [Ext Root Scanning (ms): Min: 0.3, Avg: 0.4, Max: 0.8, Diff: 0.5, Sum: 4.8]
      [Update RS (ms): Min: 0.0, Avg: 0.3, Max: 0.5, Diff: 0.5, Sum: 3.7]
         [Processed Buffers: Min: 0, Avg: 16.8, Max: 25, Diff: 25, Sum: 219]
      [Scan RS (ms): Min: 0.0, Avg: 0.2, Max: 0.2, Diff: 0.2, Sum: 2.2]
      [Code Root Scanning (ms): Min: 0.0, Avg: 0.0, Max: 0.0, Diff: 0.0, Sum: 0.2]
      [Object Copy (ms): Min: 0.1, Avg: 0.2, Max: 0.2, Diff: 0.0, Sum: 2.0]
      [Termination (ms): Min: 0.0, Avg: 0.0, Max: 0.0, Diff: 0.0, Sum: 0.0]
         [Termination Attempts: Min: 1, Avg: 1.0, Max: 1, Diff: 0, Sum: 13]
      [GC Worker Other (ms): Min: 0.0, Avg: 0.1, Max: 0.1, Diff: 0.1, Sum: 0.9]
      [GC Worker Total (ms): Min: 1.0, Avg: 1.1, Max: 1.2, Diff: 0.2, Sum: 13.8]
      [GC Worker End (ms): Min: 142860.1, Avg: 142860.1, Max: 142860.2, Diff: 0.1]
   [Code Root Fixup: 0.0 ms]
   [Code Root Purge: 0.0 ms]
   [Clear CT: 0.6 ms]
   [Other: 1.6 ms]
      [Choose CSet: 0.0 ms]
      [Ref Proc: 0.6 ms]
      [Ref Enq: 0.0 ms]
      [Redirty Cards: 0.2 ms]
      [Humongous Register: 0.1 ms]
      [Humongous Reclaim: 0.0 ms]
      [Free CSet: 0.4 ms]
   [Eden: 2454.0M(2454.0M)->0.0B(2454.0M) Survivors: 2048.0K->2048.0K Heap: 2494.0M(4096.0M)->39.9M(4096.0M)]
 [Times: user=0.02 sys=0.00, real=0.00 secs] 
2020-11-19T15:32:24.185-0800: 144.143: [GC pause (G1 Evacuation Pause) (young), 0.0032873 secs]
   [Parallel Time: 1.3 ms, GC Workers: 13]
      [GC Worker Start (ms): Min: 144143.2, Avg: 144143.4, Max: 144143.4, Diff: 0.2]
      [Ext Root Scanning (ms): Min: 0.3, Avg: 0.4, Max: 0.6, Diff: 0.3, Sum: 4.8]
      [Update RS (ms): Min: 0.1, Avg: 0.2, Max: 0.2, Diff: 0.1, Sum: 2.7]
         [Processed Buffers: Min: 3, Avg: 16.8, Max: 31, Diff: 28, Sum: 218]
      [Scan RS (ms): Min: 0.1, Avg: 0.2, Max: 0.2, Diff: 0.0, Sum: 2.1]
      [Code Root Scanning (ms): Min: 0.0, Avg: 0.0, Max: 0.0, Diff: 0.0, Sum: 0.2]
      [Object Copy (ms): Min: 0.1, Avg: 0.1, Max: 0.2, Diff: 0.0, Sum: 1.9]
      [Termination (ms): Min: 0.0, Avg: 0.0, Max: 0.0, Diff: 0.0, Sum: 0.0]
         [Termination Attempts: Min: 1, Avg: 1.0, Max: 1, Diff: 0, Sum: 13]
      [GC Worker Other (ms): Min: 0.0, Avg: 0.1, Max: 0.2, Diff: 0.2, Sum: 1.0]
      [GC Worker Total (ms): Min: 0.8, Avg: 1.0, Max: 1.2, Diff: 0.4, Sum: 12.6]
      [GC Worker End (ms): Min: 144144.3, Avg: 144144.3, Max: 144144.4, Diff: 0.2]
   [Code Root Fixup: 0.0 ms]
   [Code Root Purge: 0.0 ms]
   [Clear CT: 0.6 ms]
   [Other: 1.4 ms]
      [Choose CSet: 0.0 ms]
      [Ref Proc: 0.5 ms]
      [Ref Enq: 0.0 ms]
      [Redirty Cards: 0.3 ms]
      [Humongous Register: 0.0 ms]
      [Humongous Reclaim: 0.0 ms]
      [Free CSet: 0.3 ms]
   [Eden: 2454.0M(2454.0M)->0.0B(2454.0M) Survivors: 2048.0K->2048.0K Heap: 2493.9M(4096.0M)->40.0M(4096.0M)]
 [Times: user=0.01 sys=0.00, real=0.00 secs] 
2020-11-19T15:32:25.451-0800: 145.408: [GC pause (G1 Evacuation Pause) (young), 0.0034839 secs]
   [Parallel Time: 1.2 ms, GC Workers: 13]
      [GC Worker Start (ms): Min: 145408.5, Avg: 145408.6, Max: 145408.6, Diff: 0.1]
      [Ext Root Scanning (ms): Min: 0.3, Avg: 0.3, Max: 0.6, Diff: 0.3, Sum: 4.2]
      [Update RS (ms): Min: 0.0, Avg: 0.2, Max: 0.3, Diff: 0.3, Sum: 2.9]
         [Processed Buffers: Min: 7, Avg: 16.8, Max: 26, Diff: 19, Sum: 218]
      [Scan RS (ms): Min: 0.1, Avg: 0.2, Max: 0.2, Diff: 0.1, Sum: 2.0]
      [Code Root Scanning (ms): Min: 0.0, Avg: 0.0, Max: 0.0, Diff: 0.0, Sum: 0.2]
      [Object Copy (ms): Min: 0.1, Avg: 0.2, Max: 0.2, Diff: 0.0, Sum: 2.1]
      [Termination (ms): Min: 0.0, Avg: 0.0, Max: 0.0, Diff: 0.0, Sum: 0.0]
         [Termination Attempts: Min: 1, Avg: 1.0, Max: 1, Diff: 0, Sum: 13]
      [GC Worker Other (ms): Min: 0.0, Avg: 0.1, Max: 0.2, Diff: 0.2, Sum: 1.3]
      [GC Worker Total (ms): Min: 0.8, Avg: 1.0, Max: 1.1, Diff: 0.3, Sum: 12.7]
      [GC Worker End (ms): Min: 145409.5, Avg: 145409.5, Max: 145409.6, Diff: 0.2]
   [Code Root Fixup: 0.0 ms]
   [Code Root Purge: 0.0 ms]
   [Clear CT: 0.5 ms]
   [Other: 1.8 ms]
      [Choose CSet: 0.0 ms]
      [Ref Proc: 0.6 ms]
      [Ref Enq: 0.0 ms]
      [Redirty Cards: 0.4 ms]
      [Humongous Register: 0.1 ms]
      [Humongous Reclaim: 0.0 ms]
      [Free CSet: 0.3 ms]
   [Eden: 2454.0M(2454.0M)->0.0B(2454.0M) Survivors: 2048.0K->2048.0K Heap: 2494.0M(4096.0M)->40.0M(4096.0M)]
 [Times: user=0.02 sys=0.00, real=0.00 secs] 
2020-11-19T15:32:26.709-0800: 146.667: [GC pause (G1 Evacuation Pause) (young), 0.0033062 secs]
   [Parallel Time: 1.4 ms, GC Workers: 13]
      [GC Worker Start (ms): Min: 146667.2, Avg: 146667.4, Max: 146667.5, Diff: 0.3]
      [Ext Root Scanning (ms): Min: 0.2, Avg: 0.3, Max: 0.6, Diff: 0.4, Sum: 4.2]
      [Update RS (ms): Min: 0.1, Avg: 0.2, Max: 0.4, Diff: 0.3, Sum: 2.7]
         [Processed Buffers: Min: 10, Avg: 16.8, Max: 27, Diff: 17, Sum: 218]
      [Scan RS (ms): Min: 0.0, Avg: 0.1, Max: 0.2, Diff: 0.1, Sum: 1.9]
      [Code Root Scanning (ms): Min: 0.0, Avg: 0.0, Max: 0.0, Diff: 0.0, Sum: 0.2]
      [Object Copy (ms): Min: 0.1, Avg: 0.1, Max: 0.2, Diff: 0.1, Sum: 1.9]
      [Termination (ms): Min: 0.0, Avg: 0.0, Max: 0.0, Diff: 0.0, Sum: 0.0]
         [Termination Attempts: Min: 1, Avg: 1.0, Max: 1, Diff: 0, Sum: 13]
      [GC Worker Other (ms): Min: 0.0, Avg: 0.2, Max: 0.3, Diff: 0.3, Sum: 2.0]
      [GC Worker Total (ms): Min: 0.8, Avg: 1.0, Max: 1.2, Diff: 0.5, Sum: 13.1]
      [GC Worker End (ms): Min: 146668.2, Avg: 146668.4, Max: 146668.5, Diff: 0.3]
   [Code Root Fixup: 0.0 ms]
   [Code Root Purge: 0.0 ms]
   [Clear CT: 0.5 ms]
   [Other: 1.3 ms]
      [Choose CSet: 0.0 ms]
      [Ref Proc: 0.4 ms]
      [Ref Enq: 0.0 ms]
      [Redirty Cards: 0.3 ms]
      [Humongous Register: 0.1 ms]
      [Humongous Reclaim: 0.0 ms]
      [Free CSet: 0.3 ms]
   [Eden: 2454.0M(2454.0M)->0.0B(2454.0M) Survivors: 2048.0K->2048.0K Heap: 2494.0M(4096.0M)->39.9M(4096.0M)]
 [Times: user=0.02 sys=0.00, real=0.01 secs] 
2020-11-19T15:32:28.109-0800: 148.067: [GC pause (G1 Evacuation Pause) (young), 0.0026555 secs]
   [Parallel Time: 1.1 ms, GC Workers: 13]
      [GC Worker Start (ms): Min: 148067.1, Avg: 148067.2, Max: 148067.2, Diff: 0.2]
      [Ext Root Scanning (ms): Min: 0.2, Avg: 0.3, Max: 0.6, Diff: 0.4, Sum: 4.2]
      [Update RS (ms): Min: 0.0, Avg: 0.2, Max: 0.5, Diff: 0.4, Sum: 3.2]
         [Processed Buffers: Min: 5, Avg: 16.8, Max: 32, Diff: 27, Sum: 218]
      [Scan RS (ms): Min: 0.0, Avg: 0.2, Max: 0.2, Diff: 0.2, Sum: 2.2]
      [Code Root Scanning (ms): Min: 0.0, Avg: 0.0, Max: 0.0, Diff: 0.0, Sum: 0.2]
      [Object Copy (ms): Min: 0.1, Avg: 0.1, Max: 0.2, Diff: 0.1, Sum: 1.8]
      [Termination (ms): Min: 0.0, Avg: 0.0, Max: 0.0, Diff: 0.0, Sum: 0.0]
         [Termination Attempts: Min: 1, Avg: 1.0, Max: 1, Diff: 0, Sum: 13]
      [GC Worker Other (ms): Min: 0.0, Avg: 0.1, Max: 0.1, Diff: 0.1, Sum: 1.1]
      [GC Worker Total (ms): Min: 0.9, Avg: 1.0, Max: 1.1, Diff: 0.2, Sum: 12.7]
      [GC Worker End (ms): Min: 148068.1, Avg: 148068.1, Max: 148068.2, Diff: 0.1]
   [Code Root Fixup: 0.0 ms]
   [Code Root Purge: 0.0 ms]
   [Clear CT: 0.4 ms]
   [Other: 1.1 ms]
      [Choose CSet: 0.0 ms]
      [Ref Proc: 0.3 ms]
      [Ref Enq: 0.0 ms]
      [Redirty Cards: 0.2 ms]
      [Humongous Register: 0.0 ms]
      [Humongous Reclaim: 0.0 ms]
      [Free CSet: 0.3 ms]
   [Eden: 2454.0M(2454.0M)->0.0B(2454.0M) Survivors: 2048.0K->2048.0K Heap: 2493.9M(4096.0M)->39.9M(4096.0M)]
 [Times: user=0.02 sys=0.00, real=0.01 secs] 
2020-11-19T15:35:01.349-0800: 301.305: [GC pause (G1 Evacuation Pause) (young), 0.0037704 secs]
   [Parallel Time: 1.5 ms, GC Workers: 13]
      [GC Worker Start (ms): Min: 301305.0, Avg: 301305.2, Max: 301305.3, Diff: 0.3]
      [Ext Root Scanning (ms): Min: 0.1, Avg: 0.3, Max: 0.6, Diff: 0.5, Sum: 3.4]
      [Update RS (ms): Min: 0.0, Avg: 0.2, Max: 0.5, Diff: 0.5, Sum: 2.6]
         [Processed Buffers: Min: 1, Avg: 14.8, Max: 29, Diff: 28, Sum: 193]
      [Scan RS (ms): Min: 0.0, Avg: 0.2, Max: 0.2, Diff: 0.2, Sum: 2.0]
      [Code Root Scanning (ms): Min: 0.0, Avg: 0.0, Max: 0.0, Diff: 0.0, Sum: 0.2]
      [Object Copy (ms): Min: 0.2, Avg: 0.4, Max: 0.5, Diff: 0.3, Sum: 5.4]
      [Termination (ms): Min: 0.0, Avg: 0.0, Max: 0.0, Diff: 0.0, Sum: 0.0]
         [Termination Attempts: Min: 1, Avg: 1.3, Max: 2, Diff: 1, Sum: 17]
      [GC Worker Other (ms): Min: 0.0, Avg: 0.1, Max: 0.2, Diff: 0.2, Sum: 1.1]
      [GC Worker Total (ms): Min: 0.9, Avg: 1.1, Max: 1.3, Diff: 0.4, Sum: 14.7]
      [GC Worker End (ms): Min: 301306.2, Avg: 301306.3, Max: 301306.4, Diff: 0.2]
   [Code Root Fixup: 0.0 ms]
   [Code Root Purge: 0.0 ms]
   [Clear CT: 0.5 ms]
   [Other: 1.7 ms]
      [Choose CSet: 0.0 ms]
      [Ref Proc: 0.8 ms]
      [Ref Enq: 0.0 ms]
      [Redirty Cards: 0.4 ms]
      [Humongous Register: 0.0 ms]
      [Humongous Reclaim: 0.0 ms]
      [Free CSet: 0.3 ms]
   [Eden: 2454.0M(2454.0M)->0.0B(2454.0M) Survivors: 2048.0K->2048.0K Heap: 2493.9M(4096.0M)->41.0M(4096.0M)]
 [Times: user=0.02 sys=0.00, real=0.01 secs] 
2020-11-19T15:35:02.601-0800: 302.557: [GC pause (G1 Evacuation Pause) (young), 0.0037579 secs]
   [Parallel Time: 1.4 ms, GC Workers: 13]
      [GC Worker Start (ms): Min: 302557.1, Avg: 302557.1, Max: 302557.2, Diff: 0.1]
      [Ext Root Scanning (ms): Min: 0.3, Avg: 0.4, Max: 0.7, Diff: 0.3, Sum: 5.5]
      [Update RS (ms): Min: 0.0, Avg: 0.1, Max: 0.3, Diff: 0.3, Sum: 1.9]
         [Processed Buffers: Min: 0, Avg: 8.7, Max: 19, Diff: 19, Sum: 113]
      [Scan RS (ms): Min: 0.0, Avg: 0.1, Max: 0.2, Diff: 0.1, Sum: 1.9]
      [Code Root Scanning (ms): Min: 0.0, Avg: 0.0, Max: 0.0, Diff: 0.0, Sum: 0.2]
      [Object Copy (ms): Min: 0.3, Avg: 0.3, Max: 0.3, Diff: 0.1, Sum: 4.1]
      [Termination (ms): Min: 0.0, Avg: 0.0, Max: 0.0, Diff: 0.0, Sum: 0.0]
         [Termination Attempts: Min: 1, Avg: 1.0, Max: 1, Diff: 0, Sum: 13]
      [GC Worker Other (ms): Min: 0.0, Avg: 0.1, Max: 0.2, Diff: 0.2, Sum: 1.2]
      [GC Worker Total (ms): Min: 1.0, Avg: 1.1, Max: 1.2, Diff: 0.2, Sum: 14.9]
      [GC Worker End (ms): Min: 302558.2, Avg: 302558.3, Max: 302558.4, Diff: 0.2]
   [Code Root Fixup: 0.0 ms]
   [Code Root Purge: 0.0 ms]
   [Clear CT: 0.7 ms]
   [Other: 1.6 ms]
      [Choose CSet: 0.0 ms]
      [Ref Proc: 0.7 ms]
      [Ref Enq: 0.0 ms]
      [Redirty Cards: 0.3 ms]
      [Humongous Register: 0.1 ms]
      [Humongous Reclaim: 0.0 ms]
      [Free CSet: 0.3 ms]
   [Eden: 2454.0M(2454.0M)->0.0B(2454.0M) Survivors: 2048.0K->2048.0K Heap: 2495.0M(4096.0M)->41.3M(4096.0M)]
 [Times: user=0.02 sys=0.00, real=0.00 secs] 
2020-11-19T15:35:03.850-0800: 303.806: [GC pause (G1 Evacuation Pause) (young), 0.0031968 secs]
   [Parallel Time: 1.4 ms, GC Workers: 13]
      [GC Worker Start (ms): Min: 303806.4, Avg: 303806.5, Max: 303806.6, Diff: 0.2]
      [Ext Root Scanning (ms): Min: 0.2, Avg: 0.3, Max: 0.6, Diff: 0.4, Sum: 3.9]
      [Update RS (ms): Min: 0.0, Avg: 0.2, Max: 0.4, Diff: 0.4, Sum: 2.0]
         [Processed Buffers: Min: 0, Avg: 9.1, Max: 19, Diff: 19, Sum: 118]
      [Scan RS (ms): Min: 0.0, Avg: 0.2, Max: 0.2, Diff: 0.2, Sum: 2.3]
      [Code Root Scanning (ms): Min: 0.0, Avg: 0.0, Max: 0.0, Diff: 0.0, Sum: 0.2]
      [Object Copy (ms): Min: 0.3, Avg: 0.3, Max: 0.3, Diff: 0.1, Sum: 3.9]
      [Termination (ms): Min: 0.0, Avg: 0.0, Max: 0.0, Diff: 0.0, Sum: 0.0]
         [Termination Attempts: Min: 1, Avg: 1.2, Max: 2, Diff: 1, Sum: 15]
      [GC Worker Other (ms): Min: 0.0, Avg: 0.1, Max: 0.3, Diff: 0.2, Sum: 1.6]
      [GC Worker Total (ms): Min: 0.9, Avg: 1.1, Max: 1.3, Diff: 0.4, Sum: 13.8]
      [GC Worker End (ms): Min: 303807.5, Avg: 303807.6, Max: 303807.7, Diff: 0.2]
   [Code Root Fixup: 0.0 ms]
   [Code Root Purge: 0.0 ms]
   [Clear CT: 0.5 ms]
   [Other: 1.2 ms]
      [Choose CSet: 0.0 ms]
      [Ref Proc: 0.5 ms]
      [Ref Enq: 0.0 ms]
      [Redirty Cards: 0.2 ms]
      [Humongous Register: 0.0 ms]
      [Humongous Reclaim: 0.0 ms]
      [Free CSet: 0.3 ms]
   [Eden: 2454.0M(2454.0M)->0.0B(2452.0M) Survivors: 2048.0K->4096.0K Heap: 2495.3M(4096.0M)->41.6M(4096.0M)]
 [Times: user=0.02 sys=0.01, real=0.00 secs] 
2020-11-19T15:35:05.097-0800: 305.052: [GC pause (G1 Evacuation Pause) (young), 0.0034825 secs]
   [Parallel Time: 1.4 ms, GC Workers: 13]
      [GC Worker Start (ms): Min: 305052.6, Avg: 305052.8, Max: 305052.9, Diff: 0.3]
      [Ext Root Scanning (ms): Min: 0.3, Avg: 0.4, Max: 0.7, Diff: 0.4, Sum: 5.4]
      [Update RS (ms): Min: 0.0, Avg: 0.1, Max: 0.2, Diff: 0.2, Sum: 1.9]
         [Processed Buffers: Min: 1, Avg: 8.0, Max: 19, Diff: 18, Sum: 104]
      [Scan RS (ms): Min: 0.0, Avg: 0.1, Max: 0.2, Diff: 0.1, Sum: 1.8]
      [Code Root Scanning (ms): Min: 0.0, Avg: 0.0, Max: 0.0, Diff: 0.0, Sum: 0.2]
      [Object Copy (ms): Min: 0.2, Avg: 0.3, Max: 0.3, Diff: 0.1, Sum: 3.5]
      [Termination (ms): Min: 0.0, Avg: 0.0, Max: 0.0, Diff: 0.0, Sum: 0.0]
         [Termination Attempts: Min: 1, Avg: 1.2, Max: 2, Diff: 1, Sum: 16]
      [GC Worker Other (ms): Min: 0.0, Avg: 0.1, Max: 0.2, Diff: 0.2, Sum: 1.4]
      [GC Worker Total (ms): Min: 0.9, Avg: 1.1, Max: 1.3, Diff: 0.4, Sum: 14.2]
      [GC Worker End (ms): Min: 305053.8, Avg: 305053.9, Max: 305054.0, Diff: 0.2]
   [Code Root Fixup: 0.0 ms]
   [Code Root Purge: 0.0 ms]
   [Clear CT: 0.5 ms]
   [Other: 1.5 ms]
      [Choose CSet: 0.0 ms]
      [Ref Proc: 0.6 ms]
      [Ref Enq: 0.0 ms]
      [Redirty Cards: 0.3 ms]
      [Humongous Register: 0.0 ms]
      [Humongous Reclaim: 0.0 ms]
      [Free CSet: 0.3 ms]
   [Eden: 2452.0M(2452.0M)->0.0B(2454.0M) Survivors: 4096.0K->2048.0K Heap: 2493.6M(4096.0M)->41.4M(4096.0M)]
 [Times: user=0.02 sys=0.00, real=0.01 secs] 
2020-11-19T15:35:06.377-0800: 306.333: [GC pause (G1 Evacuation Pause) (young), 0.0036208 secs]
   [Parallel Time: 1.4 ms, GC Workers: 13]
      [GC Worker Start (ms): Min: 306333.1, Avg: 306333.3, Max: 306333.4, Diff: 0.2]
      [Ext Root Scanning (ms): Min: 0.2, Avg: 0.3, Max: 0.6, Diff: 0.4, Sum: 4.3]
      [Update RS (ms): Min: 0.1, Avg: 0.1, Max: 0.2, Diff: 0.1, Sum: 1.9]
         [Processed Buffers: Min: 4, Avg: 7.8, Max: 13, Diff: 9, Sum: 101]
      [Scan RS (ms): Min: 0.0, Avg: 0.1, Max: 0.2, Diff: 0.1, Sum: 1.9]
      [Code Root Scanning (ms): Min: 0.0, Avg: 0.0, Max: 0.0, Diff: 0.0, Sum: 0.2]
      [Object Copy (ms): Min: 0.2, Avg: 0.3, Max: 0.3, Diff: 0.1, Sum: 3.6]
      [Termination (ms): Min: 0.0, Avg: 0.0, Max: 0.0, Diff: 0.0, Sum: 0.0]
         [Termination Attempts: Min: 1, Avg: 1.1, Max: 2, Diff: 1, Sum: 14]
      [GC Worker Other (ms): Min: 0.0, Avg: 0.1, Max: 0.2, Diff: 0.2, Sum: 1.2]
      [GC Worker Total (ms): Min: 0.9, Avg: 1.0, Max: 1.2, Diff: 0.3, Sum: 13.2]
      [GC Worker End (ms): Min: 306334.2, Avg: 306334.3, Max: 306334.4, Diff: 0.2]
   [Code Root Fixup: 0.0 ms]
   [Code Root Purge: 0.0 ms]
   [Clear CT: 0.5 ms]
   [Other: 1.7 ms]
      [Choose CSet: 0.0 ms]
      [Ref Proc: 0.8 ms]
      [Ref Enq: 0.0 ms]
      [Redirty Cards: 0.4 ms]
      [Humongous Register: 0.0 ms]
      [Humongous Reclaim: 0.0 ms]
      [Free CSet: 0.3 ms]
   [Eden: 2454.0M(2454.0M)->0.0B(2454.0M) Survivors: 2048.0K->2048.0K Heap: 2495.4M(4096.0M)->41.5M(4096.0M)]
 [Times: user=0.01 sys=0.00, real=0.01 secs] 
2020-11-19T15:35:07.647-0800: 307.602: [GC pause (G1 Evacuation Pause) (young), 0.0030891 secs]
   [Parallel Time: 1.4 ms, GC Workers: 13]
      [GC Worker Start (ms): Min: 307602.5, Avg: 307602.7, Max: 307602.9, Diff: 0.4]
      [Ext Root Scanning (ms): Min: 0.2, Avg: 0.4, Max: 0.6, Diff: 0.4, Sum: 4.7]
      [Update RS (ms): Min: 0.1, Avg: 0.1, Max: 0.2, Diff: 0.1, Sum: 1.8]
         [Processed Buffers: Min: 1, Avg: 7.8, Max: 15, Diff: 14, Sum: 102]
      [Scan RS (ms): Min: 0.1, Avg: 0.1, Max: 0.2, Diff: 0.1, Sum: 1.8]
      [Code Root Scanning (ms): Min: 0.0, Avg: 0.0, Max: 0.0, Diff: 0.0, Sum: 0.2]
      [Object Copy (ms): Min: 0.3, Avg: 0.3, Max: 0.3, Diff: 0.1, Sum: 3.7]
      [Termination (ms): Min: 0.0, Avg: 0.0, Max: 0.0, Diff: 0.0, Sum: 0.0]
         [Termination Attempts: Min: 1, Avg: 1.8, Max: 3, Diff: 2, Sum: 24]
      [GC Worker Other (ms): Min: 0.0, Avg: 0.1, Max: 0.2, Diff: 0.2, Sum: 1.2]
      [GC Worker Total (ms): Min: 0.9, Avg: 1.0, Max: 1.2, Diff: 0.3, Sum: 13.6]
      [GC Worker End (ms): Min: 307603.7, Avg: 307603.8, Max: 307603.8, Diff: 0.2]
   [Code Root Fixup: 0.0 ms]
   [Code Root Purge: 0.0 ms]
   [Clear CT: 0.6 ms]
   [Other: 1.1 ms]
      [Choose CSet: 0.0 ms]
      [Ref Proc: 0.5 ms]
      [Ref Enq: 0.0 ms]
      [Redirty Cards: 0.2 ms]
      [Humongous Register: 0.0 ms]
      [Humongous Reclaim: 0.0 ms]
      [Free CSet: 0.3 ms]
   [Eden: 2454.0M(2454.0M)->0.0B(2452.0M) Survivors: 2048.0K->4096.0K Heap: 2495.5M(4096.0M)->41.7M(4096.0M)]
 [Times: user=0.02 sys=0.00, real=0.01 secs] 
2020-11-19T15:35:08.891-0800: 308.847: [GC pause (G1 Evacuation Pause) (young), 0.0033048 secs]
   [Parallel Time: 1.3 ms, GC Workers: 13]
      [GC Worker Start (ms): Min: 308847.0, Avg: 308847.2, Max: 308847.3, Diff: 0.3]
      [Ext Root Scanning (ms): Min: 0.2, Avg: 0.3, Max: 0.6, Diff: 0.5, Sum: 3.8]
      [Update RS (ms): Min: 0.0, Avg: 0.1, Max: 0.3, Diff: 0.3, Sum: 1.8]
         [Processed Buffers: Min: 0, Avg: 8.2, Max: 18, Diff: 18, Sum: 106]
      [Scan RS (ms): Min: 0.0, Avg: 0.2, Max: 0.2, Diff: 0.1, Sum: 2.0]
      [Code Root Scanning (ms): Min: 0.0, Avg: 0.0, Max: 0.0, Diff: 0.0, Sum: 0.2]
      [Object Copy (ms): Min: 0.3, Avg: 0.3, Max: 0.3, Diff: 0.1, Sum: 3.9]
      [Termination (ms): Min: 0.0, Avg: 0.0, Max: 0.0, Diff: 0.0, Sum: 0.0]
         [Termination Attempts: Min: 1, Avg: 1.0, Max: 1, Diff: 0, Sum: 13]
      [GC Worker Other (ms): Min: 0.0, Avg: 0.1, Max: 0.2, Diff: 0.2, Sum: 1.3]
      [GC Worker Total (ms): Min: 0.8, Avg: 1.0, Max: 1.2, Diff: 0.3, Sum: 13.0]
      [GC Worker End (ms): Min: 308848.1, Avg: 308848.2, Max: 308848.3, Diff: 0.2]
   [Code Root Fixup: 0.0 ms]
   [Code Root Purge: 0.0 ms]
   [Clear CT: 0.4 ms]
   [Other: 1.6 ms]
      [Choose CSet: 0.0 ms]
      [Ref Proc: 0.6 ms]
      [Ref Enq: 0.0 ms]
      [Redirty Cards: 0.3 ms]
      [Humongous Register: 0.1 ms]
      [Humongous Reclaim: 0.0 ms]
      [Free CSet: 0.3 ms]
   [Eden: 2452.0M(2452.0M)->0.0B(2452.0M) Survivors: 4096.0K->4096.0K Heap: 2493.7M(4096.0M)->41.6M(4096.0M)]
 [Times: user=0.01 sys=0.00, real=0.00 secs] 
2020-11-19T15:35:10.175-0800: 310.131: [GC pause (G1 Evacuation Pause) (young), 0.0039925 secs]
   [Parallel Time: 1.4 ms, GC Workers: 13]
      [GC Worker Start (ms): Min: 310130.7, Avg: 310130.8, Max: 310130.8, Diff: 0.2]
      [Ext Root Scanning (ms): Min: 0.4, Avg: 0.4, Max: 0.7, Diff: 0.3, Sum: 5.6]
      [Update RS (ms): Min: 0.0, Avg: 0.1, Max: 0.4, Diff: 0.4, Sum: 1.8]
         [Processed Buffers: Min: 0, Avg: 7.9, Max: 13, Diff: 13, Sum: 103]
      [Scan RS (ms): Min: 0.0, Avg: 0.1, Max: 0.2, Diff: 0.1, Sum: 1.9]
      [Code Root Scanning (ms): Min: 0.0, Avg: 0.0, Max: 0.0, Diff: 0.0, Sum: 0.2]
      [Object Copy (ms): Min: 0.2, Avg: 0.3, Max: 0.3, Diff: 0.1, Sum: 3.8]
      [Termination (ms): Min: 0.0, Avg: 0.0, Max: 0.0, Diff: 0.0, Sum: 0.0]
         [Termination Attempts: Min: 1, Avg: 1.3, Max: 2, Diff: 1, Sum: 17]
      [GC Worker Other (ms): Min: 0.0, Avg: 0.1, Max: 0.2, Diff: 0.2, Sum: 1.3]
      [GC Worker Total (ms): Min: 1.0, Avg: 1.1, Max: 1.2, Diff: 0.2, Sum: 14.6]
      [GC Worker End (ms): Min: 310131.8, Avg: 310131.9, Max: 310132.0, Diff: 0.2]
   [Code Root Fixup: 0.0 ms]
   [Code Root Purge: 0.0 ms]
   [Clear CT: 0.8 ms]
   [Other: 1.8 ms]
      [Choose CSet: 0.0 ms]
      [Ref Proc: 0.6 ms]
      [Ref Enq: 0.0 ms]
      [Redirty Cards: 0.5 ms]
      [Humongous Register: 0.0 ms]
      [Humongous Reclaim: 0.0 ms]
      [Free CSet: 0.4 ms]
   [Eden: 2452.0M(2452.0M)->0.0B(2452.0M) Survivors: 4096.0K->4096.0K Heap: 2493.6M(4096.0M)->41.6M(4096.0M)]
 [Times: user=0.02 sys=0.00, real=0.00 secs] 
2020-11-19T15:35:11.449-0800: 311.405: [GC pause (G1 Evacuation Pause) (young), 0.0030038 secs]
   [Parallel Time: 1.3 ms, GC Workers: 13]
      [GC Worker Start (ms): Min: 311405.2, Avg: 311405.4, Max: 311405.5, Diff: 0.2]
      [Ext Root Scanning (ms): Min: 0.3, Avg: 0.4, Max: 0.6, Diff: 0.4, Sum: 4.7]
      [Update RS (ms): Min: 0.0, Avg: 0.1, Max: 0.4, Diff: 0.4, Sum: 1.8]
         [Processed Buffers: Min: 2, Avg: 8.7, Max: 17, Diff: 15, Sum: 113]
      [Scan RS (ms): Min: 0.0, Avg: 0.1, Max: 0.2, Diff: 0.1, Sum: 1.8]
      [Code Root Scanning (ms): Min: 0.0, Avg: 0.0, Max: 0.0, Diff: 0.0, Sum: 0.2]
      [Object Copy (ms): Min: 0.1, Avg: 0.3, Max: 0.3, Diff: 0.2, Sum: 3.3]
      [Termination (ms): Min: 0.0, Avg: 0.0, Max: 0.0, Diff: 0.0, Sum: 0.0]
         [Termination Attempts: Min: 1, Avg: 1.0, Max: 1, Diff: 0, Sum: 13]
      [GC Worker Other (ms): Min: 0.0, Avg: 0.1, Max: 0.2, Diff: 0.2, Sum: 1.5]
      [GC Worker Total (ms): Min: 0.8, Avg: 1.0, Max: 1.2, Diff: 0.4, Sum: 13.4]
      [GC Worker End (ms): Min: 311406.3, Avg: 311406.4, Max: 311406.5, Diff: 0.2]
   [Code Root Fixup: 0.0 ms]
   [Code Root Purge: 0.0 ms]
   [Clear CT: 0.6 ms]
   [Other: 1.2 ms]
      [Choose CSet: 0.0 ms]
      [Ref Proc: 0.4 ms]
      [Ref Enq: 0.0 ms]
      [Redirty Cards: 0.2 ms]
      [Humongous Register: 0.0 ms]
      [Humongous Reclaim: 0.0 ms]
      [Free CSet: 0.3 ms]
   [Eden: 2452.0M(2452.0M)->0.0B(2454.0M) Survivors: 4096.0K->2048.0K Heap: 2493.6M(4096.0M)->41.4M(4096.0M)]
 [Times: user=0.02 sys=0.00, real=0.01 secs] 
2020-11-19T15:35:12.749-0800: 312.705: [GC pause (G1 Evacuation Pause) (young), 0.0035830 secs]
   [Parallel Time: 1.4 ms, GC Workers: 13]
      [GC Worker Start (ms): Min: 312705.1, Avg: 312705.2, Max: 312705.3, Diff: 0.2]
      [Ext Root Scanning (ms): Min: 0.3, Avg: 0.5, Max: 0.6, Diff: 0.3, Sum: 5.9]
      [Update RS (ms): Min: 0.1, Avg: 0.1, Max: 0.4, Diff: 0.3, Sum: 1.9]
         [Processed Buffers: Min: 3, Avg: 8.7, Max: 16, Diff: 13, Sum: 113]
      [Scan RS (ms): Min: 0.0, Avg: 0.1, Max: 0.2, Diff: 0.1, Sum: 1.9]
      [Code Root Scanning (ms): Min: 0.0, Avg: 0.0, Max: 0.0, Diff: 0.0, Sum: 0.2]
      [Object Copy (ms): Min: 0.2, Avg: 0.3, Max: 0.3, Diff: 0.1, Sum: 3.6]
      [Termination (ms): Min: 0.0, Avg: 0.0, Max: 0.0, Diff: 0.0, Sum: 0.0]
         [Termination Attempts: Min: 1, Avg: 1.0, Max: 1, Diff: 0, Sum: 13]
      [GC Worker Other (ms): Min: 0.0, Avg: 0.1, Max: 0.2, Diff: 0.2, Sum: 1.4]
      [GC Worker Total (ms): Min: 1.0, Avg: 1.1, Max: 1.4, Diff: 0.4, Sum: 14.9]
      [GC Worker End (ms): Min: 312706.3, Avg: 312706.4, Max: 312706.5, Diff: 0.2]
   [Code Root Fixup: 0.0 ms]
   [Code Root Purge: 0.0 ms]
   [Clear CT: 0.5 ms]
   [Other: 1.7 ms]
      [Choose CSet: 0.0 ms]
      [Ref Proc: 0.7 ms]
      [Ref Enq: 0.0 ms]
      [Redirty Cards: 0.4 ms]
      [Humongous Register: 0.1 ms]
      [Humongous Reclaim: 0.0 ms]
      [Free CSet: 0.3 ms]
   [Eden: 2454.0M(2454.0M)->0.0B(2454.0M) Survivors: 2048.0K->2048.0K Heap: 2495.4M(4096.0M)->41.4M(4096.0M)]
 [Times: user=0.01 sys=0.00, real=0.01 secs] 
2020-11-19T15:35:14.031-0800: 313.986: [GC pause (G1 Evacuation Pause) (young), 0.0025701 secs]
   [Parallel Time: 1.2 ms, GC Workers: 13]
      [GC Worker Start (ms): Min: 313986.6, Avg: 313986.7, Max: 313986.8, Diff: 0.1]
      [Ext Root Scanning (ms): Min: 0.3, Avg: 0.4, Max: 0.6, Diff: 0.3, Sum: 4.6]
      [Update RS (ms): Min: 0.0, Avg: 0.1, Max: 0.4, Diff: 0.4, Sum: 1.9]
         [Processed Buffers: Min: 4, Avg: 7.9, Max: 15, Diff: 11, Sum: 103]
      [Scan RS (ms): Min: 0.0, Avg: 0.1, Max: 0.2, Diff: 0.1, Sum: 1.9]
      [Code Root Scanning (ms): Min: 0.0, Avg: 0.0, Max: 0.0, Diff: 0.0, Sum: 0.2]
      [Object Copy (ms): Min: 0.2, Avg: 0.3, Max: 0.3, Diff: 0.1, Sum: 4.0]
      [Termination (ms): Min: 0.0, Avg: 0.0, Max: 0.0, Diff: 0.0, Sum: 0.0]
         [Termination Attempts: Min: 1, Avg: 2.1, Max: 3, Diff: 2, Sum: 27]
      [GC Worker Other (ms): Min: 0.0, Avg: 0.1, Max: 0.1, Diff: 0.1, Sum: 0.8]
      [GC Worker Total (ms): Min: 0.9, Avg: 1.0, Max: 1.1, Diff: 0.2, Sum: 13.3]
      [GC Worker End (ms): Min: 313987.7, Avg: 313987.7, Max: 313987.8, Diff: 0.1]
   [Code Root Fixup: 0.0 ms]
   [Code Root Purge: 0.0 ms]
   [Clear CT: 0.3 ms]
   [Other: 1.1 ms]
      [Choose CSet: 0.0 ms]
      [Ref Proc: 0.3 ms]
      [Ref Enq: 0.0 ms]
      [Redirty Cards: 0.1 ms]
      [Humongous Register: 0.0 ms]
      [Humongous Reclaim: 0.0 ms]
      [Free CSet: 0.3 ms]
   [Eden: 2454.0M(2454.0M)->0.0B(2452.0M) Survivors: 2048.0K->4096.0K Heap: 2495.4M(4096.0M)->41.6M(4096.0M)]
 [Times: user=0.01 sys=0.00, real=0.00 secs] 
2020-11-19T15:35:15.289-0800: 315.244: [GC pause (G1 Evacuation Pause) (young), 0.0025506 secs]
   [Parallel Time: 1.2 ms, GC Workers: 13]
      [GC Worker Start (ms): Min: 315244.5, Avg: 315244.6, Max: 315244.7, Diff: 0.1]
      [Ext Root Scanning (ms): Min: 0.2, Avg: 0.3, Max: 0.6, Diff: 0.4, Sum: 3.8]
      [Update RS (ms): Min: 0.0, Avg: 0.2, Max: 0.4, Diff: 0.4, Sum: 2.0]
         [Processed Buffers: Min: 0, Avg: 8.1, Max: 21, Diff: 21, Sum: 105]
      [Scan RS (ms): Min: 0.0, Avg: 0.2, Max: 0.2, Diff: 0.1, Sum: 2.0]
      [Code Root Scanning (ms): Min: 0.0, Avg: 0.0, Max: 0.0, Diff: 0.0, Sum: 0.2]
      [Object Copy (ms): Min: 0.2, Avg: 0.3, Max: 0.3, Diff: 0.1, Sum: 4.0]
      [Termination (ms): Min: 0.0, Avg: 0.0, Max: 0.0, Diff: 0.0, Sum: 0.0]
         [Termination Attempts: Min: 1, Avg: 1.2, Max: 2, Diff: 1, Sum: 15]
      [GC Worker Other (ms): Min: 0.0, Avg: 0.1, Max: 0.1, Diff: 0.1, Sum: 0.9]
      [GC Worker Total (ms): Min: 0.9, Avg: 1.0, Max: 1.1, Diff: 0.2, Sum: 12.8]
      [GC Worker End (ms): Min: 315245.5, Avg: 315245.6, Max: 315245.6, Diff: 0.1]
   [Code Root Fixup: 0.0 ms]
   [Code Root Purge: 0.0 ms]
   [Clear CT: 0.4 ms]
   [Other: 1.0 ms]
      [Choose CSet: 0.0 ms]
      [Ref Proc: 0.3 ms]
      [Ref Enq: 0.0 ms]
      [Redirty Cards: 0.1 ms]
      [Humongous Register: 0.0 ms]
      [Humongous Reclaim: 0.0 ms]
      [Free CSet: 0.4 ms]
   [Eden: 2452.0M(2452.0M)->0.0B(2454.0M) Survivors: 4096.0K->2048.0K Heap: 2493.6M(4096.0M)->41.4M(4096.0M)]
 [Times: user=0.02 sys=0.00, real=0.01 secs] 
2020-11-19T15:35:16.564-0800: 316.520: [GC pause (G1 Evacuation Pause) (young), 0.0028762 secs]
   [Parallel Time: 1.2 ms, GC Workers: 13]
      [GC Worker Start (ms): Min: 316520.1, Avg: 316520.2, Max: 316520.3, Diff: 0.2]
      [Ext Root Scanning (ms): Min: 0.2, Avg: 0.3, Max: 0.5, Diff: 0.4, Sum: 3.5]
      [Update RS (ms): Min: 0.0, Avg: 0.1, Max: 0.3, Diff: 0.3, Sum: 1.9]
         [Processed Buffers: Min: 2, Avg: 7.7, Max: 16, Diff: 14, Sum: 100]
      [Scan RS (ms): Min: 0.0, Avg: 0.2, Max: 0.2, Diff: 0.2, Sum: 2.1]
      [Code Root Scanning (ms): Min: 0.0, Avg: 0.0, Max: 0.0, Diff: 0.0, Sum: 0.2]
      [Object Copy (ms): Min: 0.3, Avg: 0.3, Max: 0.3, Diff: 0.1, Sum: 4.0]
      [Termination (ms): Min: 0.0, Avg: 0.0, Max: 0.0, Diff: 0.0, Sum: 0.0]
         [Termination Attempts: Min: 1, Avg: 1.0, Max: 1, Diff: 0, Sum: 13]
      [GC Worker Other (ms): Min: 0.0, Avg: 0.1, Max: 0.1, Diff: 0.1, Sum: 0.9]
      [GC Worker Total (ms): Min: 0.9, Avg: 1.0, Max: 1.2, Diff: 0.3, Sum: 12.7]
      [GC Worker End (ms): Min: 316521.2, Avg: 316521.2, Max: 316521.3, Diff: 0.1]
   [Code Root Fixup: 0.0 ms]
   [Code Root Purge: 0.0 ms]
   [Clear CT: 0.4 ms]
   [Other: 1.3 ms]
      [Choose CSet: 0.0 ms]
      [Ref Proc: 0.5 ms]
      [Ref Enq: 0.0 ms]
      [Redirty Cards: 0.2 ms]
      [Humongous Register: 0.0 ms]
      [Humongous Reclaim: 0.0 ms]
      [Free CSet: 0.3 ms]
   [Eden: 2454.0M(2454.0M)->0.0B(2454.0M) Survivors: 2048.0K->2048.0K Heap: 2495.4M(4096.0M)->41.4M(4096.0M)]
 [Times: user=0.02 sys=0.00, real=0.00 secs] 
2020-11-19T15:35:37.983-0800: 337.938: [GC pause (G1 Evacuation Pause) (young), 0.0047750 secs]
   [Parallel Time: 1.6 ms, GC Workers: 13]
      [GC Worker Start (ms): Min: 337938.5, Avg: 337938.7, Max: 337938.9, Diff: 0.3]
      [Ext Root Scanning (ms): Min: 0.2, Avg: 0.3, Max: 0.7, Diff: 0.5, Sum: 4.4]
      [Update RS (ms): Min: 0.0, Avg: 0.2, Max: 0.4, Diff: 0.4, Sum: 2.1]
         [Processed Buffers: Min: 0, Avg: 8.4, Max: 19, Diff: 19, Sum: 109]
      [Scan RS (ms): Min: 0.0, Avg: 0.2, Max: 0.2, Diff: 0.1, Sum: 2.0]
      [Code Root Scanning (ms): Min: 0.0, Avg: 0.0, Max: 0.0, Diff: 0.0, Sum: 0.2]
      [Object Copy (ms): Min: 0.3, Avg: 0.3, Max: 0.4, Diff: 0.1, Sum: 4.1]
      [Termination (ms): Min: 0.0, Avg: 0.0, Max: 0.0, Diff: 0.0, Sum: 0.3]
         [Termination Attempts: Min: 1, Avg: 1.0, Max: 1, Diff: 0, Sum: 13]
      [GC Worker Other (ms): Min: 0.0, Avg: 0.1, Max: 0.2, Diff: 0.2, Sum: 1.4]
      [GC Worker Total (ms): Min: 1.0, Avg: 1.1, Max: 1.3, Diff: 0.4, Sum: 14.4]
      [GC Worker End (ms): Min: 337939.7, Avg: 337939.8, Max: 337939.9, Diff: 0.2]
   [Code Root Fixup: 0.0 ms]
   [Code Root Purge: 0.0 ms]
   [Clear CT: 0.4 ms]
   [Other: 2.7 ms]
      [Choose CSet: 0.0 ms]
      [Ref Proc: 0.9 ms]
      [Ref Enq: 0.0 ms]
      [Redirty Cards: 0.8 ms]
      [Humongous Register: 0.1 ms]
      [Humongous Reclaim: 0.0 ms]
      [Free CSet: 0.5 ms]
   [Eden: 2454.0M(2454.0M)->0.0B(2454.0M) Survivors: 2048.0K->2048.0K Heap: 2495.4M(4096.0M)->41.4M(4096.0M)]
 [Times: user=0.02 sys=0.00, real=0.00 secs] 
2020-11-19T15:35:39.707-0800: 339.663: [GC pause (G1 Evacuation Pause) (young), 0.0031769 secs]
   [Parallel Time: 1.3 ms, GC Workers: 13]
      [GC Worker Start (ms): Min: 339662.7, Avg: 339662.8, Max: 339662.9, Diff: 0.2]
      [Ext Root Scanning (ms): Min: 0.2, Avg: 0.3, Max: 0.7, Diff: 0.5, Sum: 3.9]
      [Update RS (ms): Min: 0.0, Avg: 0.1, Max: 0.3, Diff: 0.3, Sum: 1.8]
         [Processed Buffers: Min: 0, Avg: 8.1, Max: 27, Diff: 27, Sum: 105]
      [Scan RS (ms): Min: 0.0, Avg: 0.1, Max: 0.2, Diff: 0.1, Sum: 1.9]
      [Code Root Scanning (ms): Min: 0.0, Avg: 0.0, Max: 0.0, Diff: 0.0, Sum: 0.2]
      [Object Copy (ms): Min: 0.2, Avg: 0.3, Max: 0.3, Diff: 0.1, Sum: 3.6]
      [Termination (ms): Min: 0.0, Avg: 0.0, Max: 0.0, Diff: 0.0, Sum: 0.1]
         [Termination Attempts: Min: 1, Avg: 1.9, Max: 3, Diff: 2, Sum: 25]
      [GC Worker Other (ms): Min: 0.0, Avg: 0.1, Max: 0.2, Diff: 0.2, Sum: 1.6]
      [GC Worker Total (ms): Min: 0.8, Avg: 1.0, Max: 1.2, Diff: 0.4, Sum: 13.0]
      [GC Worker End (ms): Min: 339663.7, Avg: 339663.8, Max: 339663.9, Diff: 0.2]
   [Code Root Fixup: 0.0 ms]
   [Code Root Purge: 0.0 ms]
   [Clear CT: 0.5 ms]
   [Other: 1.4 ms]
      [Choose CSet: 0.0 ms]
      [Ref Proc: 0.5 ms]
      [Ref Enq: 0.0 ms]
      [Redirty Cards: 0.4 ms]
      [Humongous Register: 0.0 ms]
      [Humongous Reclaim: 0.0 ms]
      [Free CSet: 0.3 ms]
   [Eden: 2454.0M(2454.0M)->0.0B(2454.0M) Survivors: 2048.0K->2048.0K Heap: 2495.4M(4096.0M)->41.4M(4096.0M)]
 [Times: user=0.02 sys=0.01, real=0.01 secs] 
2020-11-19T15:35:41.364-0800: 341.319: [GC pause (G1 Evacuation Pause) (young), 0.0039936 secs]
   [Parallel Time: 2.8 ms, GC Workers: 13]
      [GC Worker Start (ms): Min: 341319.5, Avg: 341319.6, Max: 341319.6, Diff: 0.1]
      [Ext Root Scanning (ms): Min: 0.2, Avg: 0.3, Max: 0.6, Diff: 0.4, Sum: 3.8]
      [Update RS (ms): Min: 0.0, Avg: 0.1, Max: 0.3, Diff: 0.3, Sum: 1.9]
         [Processed Buffers: Min: 0, Avg: 8.2, Max: 22, Diff: 22, Sum: 106]
      [Scan RS (ms): Min: 0.0, Avg: 0.1, Max: 0.2, Diff: 0.1, Sum: 1.9]
      [Code Root Scanning (ms): Min: 0.0, Avg: 0.0, Max: 0.0, Diff: 0.0, Sum: 0.2]
      [Object Copy (ms): Min: 1.9, Avg: 2.0, Max: 2.0, Diff: 0.1, Sum: 25.6]
      [Termination (ms): Min: 0.0, Avg: 0.0, Max: 0.1, Diff: 0.1, Sum: 0.6]
         [Termination Attempts: Min: 1, Avg: 2.2, Max: 5, Diff: 4, Sum: 29]
      [GC Worker Other (ms): Min: 0.0, Avg: 0.0, Max: 0.1, Diff: 0.1, Sum: 0.6]
      [GC Worker Total (ms): Min: 2.6, Avg: 2.6, Max: 2.7, Diff: 0.1, Sum: 34.4]
      [GC Worker End (ms): Min: 341322.2, Avg: 341322.2, Max: 341322.2, Diff: 0.1]
   [Code Root Fixup: 0.0 ms]
   [Code Root Purge: 0.0 ms]
   [Clear CT: 0.4 ms]
   [Other: 0.8 ms]
      [Choose CSet: 0.0 ms]
      [Ref Proc: 0.1 ms]
      [Ref Enq: 0.0 ms]
      [Redirty Cards: 0.1 ms]
      [Humongous Register: 0.0 ms]
      [Humongous Reclaim: 0.0 ms]
      [Free CSet: 0.4 ms]
   [Eden: 2454.0M(2454.0M)->0.0B(2454.0M) Survivors: 2048.0K->2048.0K Heap: 2495.4M(4096.0M)->41.7M(4096.0M)]
 [Times: user=0.02 sys=0.01, real=0.00 secs] 
2020-11-19T15:35:43.536-0800: 343.491: [GC pause (G1 Evacuation Pause) (young), 0.0032370 secs]
   [Parallel Time: 1.4 ms, GC Workers: 13]
      [GC Worker Start (ms): Min: 343491.5, Avg: 343491.6, Max: 343491.7, Diff: 0.2]
      [Ext Root Scanning (ms): Min: 0.3, Avg: 0.3, Max: 0.6, Diff: 0.4, Sum: 4.5]
      [Update RS (ms): Min: 0.1, Avg: 0.3, Max: 0.7, Diff: 0.6, Sum: 3.8]
         [Processed Buffers: Min: 1, Avg: 8.0, Max: 22, Diff: 21, Sum: 104]
      [Scan RS (ms): Min: 0.0, Avg: 0.1, Max: 0.2, Diff: 0.1, Sum: 1.8]
      [Code Root Scanning (ms): Min: 0.0, Avg: 0.0, Max: 0.0, Diff: 0.0, Sum: 0.2]
      [Object Copy (ms): Min: 0.0, Avg: 0.2, Max: 0.3, Diff: 0.2, Sum: 2.9]
      [Termination (ms): Min: 0.0, Avg: 0.1, Max: 0.1, Diff: 0.1, Sum: 1.7]
         [Termination Attempts: Min: 1, Avg: 5.7, Max: 9, Diff: 8, Sum: 74]
      [GC Worker Other (ms): Min: 0.0, Avg: 0.0, Max: 0.1, Diff: 0.1, Sum: 0.4]
      [GC Worker Total (ms): Min: 1.1, Avg: 1.2, Max: 1.3, Diff: 0.2, Sum: 15.2]
      [GC Worker End (ms): Min: 343492.8, Avg: 343492.8, Max: 343492.8, Diff: 0.1]
   [Code Root Fixup: 0.0 ms]
   [Code Root Purge: 0.0 ms]
   [Clear CT: 0.5 ms]
   [Other: 1.4 ms]
      [Choose CSet: 0.0 ms]
      [Ref Proc: 0.5 ms]
      [Ref Enq: 0.0 ms]
      [Redirty Cards: 0.3 ms]
      [Humongous Register: 0.0 ms]
      [Humongous Reclaim: 0.0 ms]
      [Free CSet: 0.3 ms]
   [Eden: 2454.0M(2454.0M)->0.0B(2454.0M) Survivors: 2048.0K->2048.0K Heap: 2495.7M(4096.0M)->41.0M(4096.0M)]
 [Times: user=0.02 sys=0.01, real=0.00 secs] 
2020-11-19T15:35:45.106-0800: 345.062: [GC pause (G1 Evacuation Pause) (young), 0.0033413 secs]
   [Parallel Time: 1.4 ms, GC Workers: 13]
      [GC Worker Start (ms): Min: 345062.1, Avg: 345062.3, Max: 345062.3, Diff: 0.2]
      [Ext Root Scanning (ms): Min: 0.3, Avg: 0.4, Max: 0.6, Diff: 0.4, Sum: 4.6]
      [Update RS (ms): Min: 0.0, Avg: 0.2, Max: 0.5, Diff: 0.4, Sum: 2.6]
         [Processed Buffers: Min: 5, Avg: 16.5, Max: 28, Diff: 23, Sum: 214]
      [Scan RS (ms): Min: 0.0, Avg: 0.1, Max: 0.2, Diff: 0.1, Sum: 1.9]
      [Code Root Scanning (ms): Min: 0.0, Avg: 0.0, Max: 0.0, Diff: 0.0, Sum: 0.2]
      [Object Copy (ms): Min: 0.1, Avg: 0.2, Max: 0.2, Diff: 0.2, Sum: 2.4]
      [Termination (ms): Min: 0.0, Avg: 0.0, Max: 0.0, Diff: 0.0, Sum: 0.0]
         [Termination Attempts: Min: 1, Avg: 1.0, Max: 1, Diff: 0, Sum: 13]
      [GC Worker Other (ms): Min: 0.0, Avg: 0.1, Max: 0.2, Diff: 0.2, Sum: 1.3]
      [GC Worker Total (ms): Min: 0.8, Avg: 1.0, Max: 1.1, Diff: 0.3, Sum: 13.0]
      [GC Worker End (ms): Min: 345063.2, Avg: 345063.3, Max: 345063.4, Diff: 0.2]
   [Code Root Fixup: 0.0 ms]
   [Code Root Purge: 0.0 ms]
   [Clear CT: 0.5 ms]
   [Other: 1.4 ms]
      [Choose CSet: 0.0 ms]
      [Ref Proc: 0.4 ms]
      [Ref Enq: 0.0 ms]
      [Redirty Cards: 0.3 ms]
      [Humongous Register: 0.1 ms]
      [Humongous Reclaim: 0.0 ms]
      [Free CSet: 0.3 ms]
   [Eden: 2454.0M(2454.0M)->0.0B(2454.0M) Survivors: 2048.0K->2048.0K Heap: 2495.0M(4096.0M)->41.1M(4096.0M)]
 [Times: user=0.02 sys=0.01, real=0.01 secs] 
2020-11-19T15:35:46.821-0800: 346.776: [GC pause (G1 Evacuation Pause) (young), 0.0032080 secs]
   [Parallel Time: 1.2 ms, GC Workers: 13]
      [GC Worker Start (ms): Min: 346776.6, Avg: 346776.8, Max: 346776.9, Diff: 0.3]
      [Ext Root Scanning (ms): Min: 0.1, Avg: 0.3, Max: 0.6, Diff: 0.4, Sum: 3.4]
      [Update RS (ms): Min: 0.1, Avg: 0.2, Max: 0.4, Diff: 0.2, Sum: 2.4]
         [Processed Buffers: Min: 9, Avg: 16.5, Max: 22, Diff: 13, Sum: 215]
      [Scan RS (ms): Min: 0.0, Avg: 0.1, Max: 0.2, Diff: 0.1, Sum: 1.9]
      [Code Root Scanning (ms): Min: 0.0, Avg: 0.0, Max: 0.0, Diff: 0.0, Sum: 0.2]
      [Object Copy (ms): Min: 0.1, Avg: 0.2, Max: 0.2, Diff: 0.1, Sum: 2.1]
      [Termination (ms): Min: 0.0, Avg: 0.0, Max: 0.0, Diff: 0.0, Sum: 0.0]
         [Termination Attempts: Min: 1, Avg: 1.0, Max: 1, Diff: 0, Sum: 13]
      [GC Worker Other (ms): Min: 0.0, Avg: 0.1, Max: 0.2, Diff: 0.2, Sum: 1.2]
      [GC Worker Total (ms): Min: 0.7, Avg: 0.9, Max: 1.1, Diff: 0.4, Sum: 11.1]
      [GC Worker End (ms): Min: 346777.6, Avg: 346777.6, Max: 346777.8, Diff: 0.2]
   [Code Root Fixup: 0.0 ms]
   [Code Root Purge: 0.0 ms]
   [Clear CT: 0.6 ms]
   [Other: 1.5 ms]
      [Choose CSet: 0.0 ms]
      [Ref Proc: 0.6 ms]
      [Ref Enq: 0.0 ms]
      [Redirty Cards: 0.3 ms]
      [Humongous Register: 0.1 ms]
      [Humongous Reclaim: 0.0 ms]
      [Free CSet: 0.3 ms]
   [Eden: 2454.0M(2454.0M)->0.0B(2454.0M) Survivors: 2048.0K->2048.0K Heap: 2495.1M(4096.0M)->41.0M(4096.0M)]
 [Times: user=0.02 sys=0.00, real=0.00 secs] 
2020-11-19T15:35:48.501-0800: 348.457: [GC pause (G1 Evacuation Pause) (young), 0.0021668 secs]
   [Parallel Time: 0.9 ms, GC Workers: 13]
      [GC Worker Start (ms): Min: 348457.0, Avg: 348457.0, Max: 348457.1, Diff: 0.1]
      [Ext Root Scanning (ms): Min: 0.2, Avg: 0.3, Max: 0.6, Diff: 0.4, Sum: 3.6]
      [Update RS (ms): Min: 0.0, Avg: 0.2, Max: 0.4, Diff: 0.4, Sum: 2.4]
         [Processed Buffers: Min: 0, Avg: 16.7, Max: 30, Diff: 30, Sum: 217]
      [Scan RS (ms): Min: 0.0, Avg: 0.1, Max: 0.2, Diff: 0.1, Sum: 1.9]
      [Code Root Scanning (ms): Min: 0.0, Avg: 0.0, Max: 0.0, Diff: 0.0, Sum: 0.2]
      [Object Copy (ms): Min: 0.1, Avg: 0.1, Max: 0.2, Diff: 0.1, Sum: 1.9]
      [Termination (ms): Min: 0.0, Avg: 0.0, Max: 0.0, Diff: 0.0, Sum: 0.0]
         [Termination Attempts: Min: 1, Avg: 1.0, Max: 1, Diff: 0, Sum: 13]
      [GC Worker Other (ms): Min: 0.0, Avg: 0.1, Max: 0.1, Diff: 0.1, Sum: 0.7]
      [GC Worker Total (ms): Min: 0.8, Avg: 0.8, Max: 0.9, Diff: 0.1, Sum: 10.7]
      [GC Worker End (ms): Min: 348457.8, Avg: 348457.8, Max: 348457.9, Diff: 0.1]
   [Code Root Fixup: 0.0 ms]
   [Code Root Purge: 0.0 ms]
   [Clear CT: 0.4 ms]
   [Other: 0.8 ms]
      [Choose CSet: 0.0 ms]
      [Ref Proc: 0.2 ms]
      [Ref Enq: 0.0 ms]
      [Redirty Cards: 0.1 ms]
      [Humongous Register: 0.0 ms]
      [Humongous Reclaim: 0.0 ms]
      [Free CSet: 0.3 ms]
   [Eden: 2454.0M(2454.0M)->0.0B(2454.0M) Survivors: 2048.0K->2048.0K Heap: 2495.0M(4096.0M)->41.1M(4096.0M)]
 [Times: user=0.02 sys=0.00, real=0.00 secs] 
2020-11-19T15:35:49.947-0800: 349.903: [GC pause (G1 Evacuation Pause) (young), 0.0033969 secs]
   [Parallel Time: 1.3 ms, GC Workers: 13]
      [GC Worker Start (ms): Min: 349902.8, Avg: 349902.9, Max: 349903.0, Diff: 0.2]
      [Ext Root Scanning (ms): Min: 0.3, Avg: 0.4, Max: 0.7, Diff: 0.3, Sum: 5.2]
      [Update RS (ms): Min: 0.0, Avg: 0.2, Max: 0.3, Diff: 0.3, Sum: 2.5]
         [Processed Buffers: Min: 0, Avg: 16.7, Max: 28, Diff: 28, Sum: 217]
      [Scan RS (ms): Min: 0.0, Avg: 0.1, Max: 0.2, Diff: 0.1, Sum: 1.9]
      [Code Root Scanning (ms): Min: 0.0, Avg: 0.0, Max: 0.0, Diff: 0.0, Sum: 0.2]
      [Object Copy (ms): Min: 0.1, Avg: 0.2, Max: 0.2, Diff: 0.0, Sum: 2.0]
      [Termination (ms): Min: 0.0, Avg: 0.0, Max: 0.0, Diff: 0.0, Sum: 0.0]
         [Termination Attempts: Min: 1, Avg: 1.2, Max: 2, Diff: 1, Sum: 16]
      [GC Worker Other (ms): Min: 0.0, Avg: 0.1, Max: 0.2, Diff: 0.2, Sum: 1.2]
      [GC Worker Total (ms): Min: 0.9, Avg: 1.0, Max: 1.1, Diff: 0.2, Sum: 13.0]
      [GC Worker End (ms): Min: 349903.9, Avg: 349903.9, Max: 349904.0, Diff: 0.2]
   [Code Root Fixup: 0.0 ms]
   [Code Root Purge: 0.0 ms]
   [Clear CT: 0.6 ms]
   [Other: 1.5 ms]
      [Choose CSet: 0.0 ms]
      [Ref Proc: 0.4 ms]
      [Ref Enq: 0.0 ms]
      [Redirty Cards: 0.4 ms]
      [Humongous Register: 0.1 ms]
      [Humongous Reclaim: 0.0 ms]
      [Free CSet: 0.3 ms]
   [Eden: 2454.0M(2454.0M)->0.0B(2454.0M) Survivors: 2048.0K->2048.0K Heap: 2495.1M(4096.0M)->41.0M(4096.0M)]
 [Times: user=0.02 sys=0.00, real=0.01 secs] 
2020-11-19T15:35:51.267-0800: 351.222: [GC pause (G1 Evacuation Pause) (young), 0.0035144 secs]
   [Parallel Time: 1.3 ms, GC Workers: 13]
      [GC Worker Start (ms): Min: 351222.1, Avg: 351222.3, Max: 351222.4, Diff: 0.2]
      [Ext Root Scanning (ms): Min: 0.2, Avg: 0.3, Max: 0.6, Diff: 0.4, Sum: 3.8]
      [Update RS (ms): Min: 0.0, Avg: 0.2, Max: 0.5, Diff: 0.4, Sum: 2.5]
         [Processed Buffers: Min: 8, Avg: 16.7, Max: 30, Diff: 22, Sum: 217]
      [Scan RS (ms): Min: 0.0, Avg: 0.1, Max: 0.2, Diff: 0.1, Sum: 1.8]
      [Code Root Scanning (ms): Min: 0.0, Avg: 0.0, Max: 0.0, Diff: 0.0, Sum: 0.2]
      [Object Copy (ms): Min: 0.0, Avg: 0.2, Max: 0.2, Diff: 0.1, Sum: 2.1]
      [Termination (ms): Min: 0.0, Avg: 0.0, Max: 0.0, Diff: 0.0, Sum: 0.0]
         [Termination Attempts: Min: 1, Avg: 1.4, Max: 2, Diff: 1, Sum: 18]
      [GC Worker Other (ms): Min: 0.0, Avg: 0.1, Max: 0.2, Diff: 0.2, Sum: 1.6]
      [GC Worker Total (ms): Min: 0.7, Avg: 0.9, Max: 1.1, Diff: 0.4, Sum: 12.0]
      [GC Worker End (ms): Min: 351223.1, Avg: 351223.2, Max: 351223.3, Diff: 0.2]
   [Code Root Fixup: 0.0 ms]
   [Code Root Purge: 0.0 ms]
   [Clear CT: 0.6 ms]
   [Other: 1.6 ms]
      [Choose CSet: 0.0 ms]
      [Ref Proc: 0.9 ms]
      [Ref Enq: 0.0 ms]
      [Redirty Cards: 0.2 ms]
      [Humongous Register: 0.0 ms]
      [Humongous Reclaim: 0.0 ms]
      [Free CSet: 0.4 ms]
   [Eden: 2454.0M(2454.0M)->0.0B(2454.0M) Survivors: 2048.0K->2048.0K Heap: 2495.0M(4096.0M)->41.1M(4096.0M)]
 [Times: user=0.02 sys=0.00, real=0.01 secs] 
2020-11-19T15:35:52.545-0800: 352.500: [GC pause (G1 Evacuation Pause) (young), 0.0032422 secs]
   [Parallel Time: 1.3 ms, GC Workers: 13]
      [GC Worker Start (ms): Min: 352500.1, Avg: 352500.3, Max: 352500.4, Diff: 0.2]
      [Ext Root Scanning (ms): Min: 0.2, Avg: 0.3, Max: 0.6, Diff: 0.4, Sum: 3.8]
      [Update RS (ms): Min: 0.0, Avg: 0.2, Max: 0.4, Diff: 0.3, Sum: 2.4]
         [Processed Buffers: Min: 10, Avg: 16.7, Max: 27, Diff: 17, Sum: 217]
      [Scan RS (ms): Min: 0.0, Avg: 0.1, Max: 0.2, Diff: 0.1, Sum: 1.9]
      [Code Root Scanning (ms): Min: 0.0, Avg: 0.0, Max: 0.0, Diff: 0.0, Sum: 0.2]
      [Object Copy (ms): Min: 0.1, Avg: 0.1, Max: 0.2, Diff: 0.1, Sum: 1.9]
      [Termination (ms): Min: 0.0, Avg: 0.0, Max: 0.0, Diff: 0.0, Sum: 0.0]
         [Termination Attempts: Min: 1, Avg: 1.0, Max: 1, Diff: 0, Sum: 13]
      [GC Worker Other (ms): Min: 0.0, Avg: 0.1, Max: 0.2, Diff: 0.2, Sum: 1.4]
      [GC Worker Total (ms): Min: 0.7, Avg: 0.9, Max: 1.1, Diff: 0.4, Sum: 11.6]
      [GC Worker End (ms): Min: 352501.1, Avg: 352501.2, Max: 352501.3, Diff: 0.2]
   [Code Root Fixup: 0.0 ms]
   [Code Root Purge: 0.0 ms]
   [Clear CT: 0.6 ms]
   [Other: 1.4 ms]
      [Choose CSet: 0.0 ms]
      [Ref Proc: 0.6 ms]
      [Ref Enq: 0.0 ms]
      [Redirty Cards: 0.3 ms]
      [Humongous Register: 0.0 ms]
      [Humongous Reclaim: 0.0 ms]
      [Free CSet: 0.3 ms]
   [Eden: 2454.0M(2454.0M)->0.0B(2454.0M) Survivors: 2048.0K->2048.0K Heap: 2495.1M(4096.0M)->41.0M(4096.0M)]
 [Times: user=0.02 sys=0.01, real=0.00 secs] 
2020-11-19T15:35:53.835-0800: 353.790: [GC pause (G1 Evacuation Pause) (young), 0.0026883 secs]
   [Parallel Time: 1.1 ms, GC Workers: 13]
      [GC Worker Start (ms): Min: 353790.3, Avg: 353790.4, Max: 353790.5, Diff: 0.2]
      [Ext Root Scanning (ms): Min: 0.2, Avg: 0.3, Max: 0.5, Diff: 0.3, Sum: 4.2]
      [Update RS (ms): Min: 0.1, Avg: 0.2, Max: 0.4, Diff: 0.2, Sum: 2.6]
         [Processed Buffers: Min: 4, Avg: 16.7, Max: 28, Diff: 24, Sum: 217]
      [Scan RS (ms): Min: 0.0, Avg: 0.2, Max: 0.2, Diff: 0.1, Sum: 2.0]
      [Code Root Scanning (ms): Min: 0.0, Avg: 0.0, Max: 0.0, Diff: 0.0, Sum: 0.2]
      [Object Copy (ms): Min: 0.1, Avg: 0.1, Max: 0.2, Diff: 0.1, Sum: 1.8]
      [Termination (ms): Min: 0.0, Avg: 0.0, Max: 0.0, Diff: 0.0, Sum: 0.0]
         [Termination Attempts: Min: 1, Avg: 1.0, Max: 1, Diff: 0, Sum: 13]
      [GC Worker Other (ms): Min: 0.0, Avg: 0.1, Max: 0.1, Diff: 0.1, Sum: 0.9]
      [GC Worker Total (ms): Min: 0.8, Avg: 0.9, Max: 1.1, Diff: 0.3, Sum: 11.7]
      [GC Worker End (ms): Min: 353791.2, Avg: 353791.3, Max: 353791.3, Diff: 0.1]
   [Code Root Fixup: 0.0 ms]
   [Code Root Purge: 0.0 ms]
   [Clear CT: 0.4 ms]
   [Other: 1.2 ms]
      [Choose CSet: 0.0 ms]
      [Ref Proc: 0.4 ms]
      [Ref Enq: 0.0 ms]
      [Redirty Cards: 0.2 ms]
      [Humongous Register: 0.0 ms]
      [Humongous Reclaim: 0.0 ms]
      [Free CSet: 0.3 ms]
   [Eden: 2454.0M(2454.0M)->0.0B(2454.0M) Survivors: 2048.0K->2048.0K Heap: 2495.0M(4096.0M)->41.0M(4096.0M)]
 [Times: user=0.01 sys=0.00, real=0.00 secs] 
2020-11-19T15:35:55.080-0800: 355.035: [GC pause (G1 Evacuation Pause) (young), 0.0023861 secs]
   [Parallel Time: 1.1 ms, GC Workers: 13]
      [GC Worker Start (ms): Min: 355035.4, Avg: 355035.5, Max: 355035.6, Diff: 0.1]
      [Ext Root Scanning (ms): Min: 0.2, Avg: 0.3, Max: 0.5, Diff: 0.3, Sum: 3.9]
      [Update RS (ms): Min: 0.0, Avg: 0.2, Max: 0.4, Diff: 0.3, Sum: 2.5]
         [Processed Buffers: Min: 7, Avg: 16.5, Max: 35, Diff: 28, Sum: 215]
      [Scan RS (ms): Min: 0.0, Avg: 0.2, Max: 0.2, Diff: 0.1, Sum: 2.0]
      [Code Root Scanning (ms): Min: 0.0, Avg: 0.0, Max: 0.0, Diff: 0.0, Sum: 0.2]
      [Object Copy (ms): Min: 0.1, Avg: 0.2, Max: 0.2, Diff: 0.0, Sum: 2.0]
      [Termination (ms): Min: 0.0, Avg: 0.0, Max: 0.0, Diff: 0.0, Sum: 0.0]
         [Termination Attempts: Min: 1, Avg: 1.2, Max: 2, Diff: 1, Sum: 16]
      [GC Worker Other (ms): Min: 0.0, Avg: 0.1, Max: 0.1, Diff: 0.1, Sum: 0.8]
      [GC Worker Total (ms): Min: 0.8, Avg: 0.9, Max: 1.0, Diff: 0.2, Sum: 11.5]
      [GC Worker End (ms): Min: 355036.4, Avg: 355036.4, Max: 355036.4, Diff: 0.1]
   [Code Root Fixup: 0.0 ms]
   [Code Root Purge: 0.0 ms]
   [Clear CT: 0.4 ms]
   [Other: 0.9 ms]
      [Choose CSet: 0.0 ms]
      [Ref Proc: 0.3 ms]
      [Ref Enq: 0.0 ms]
      [Redirty Cards: 0.1 ms]
      [Humongous Register: 0.0 ms]
      [Humongous Reclaim: 0.0 ms]
      [Free CSet: 0.3 ms]
   [Eden: 2454.0M(2454.0M)->0.0B(2454.0M) Survivors: 2048.0K->2048.0K Heap: 2495.0M(4096.0M)->41.1M(4096.0M)]
 [Times: user=0.01 sys=0.00, real=0.00 secs] 
2020-11-19T15:35:56.317-0800: 356.273: [GC pause (G1 Evacuation Pause) (young), 0.0026454 secs]
   [Parallel Time: 1.1 ms, GC Workers: 13]
      [GC Worker Start (ms): Min: 356272.7, Avg: 356272.8, Max: 356272.9, Diff: 0.1]
      [Ext Root Scanning (ms): Min: 0.3, Avg: 0.4, Max: 0.6, Diff: 0.2, Sum: 5.4]
      [Update RS (ms): Min: 0.1, Avg: 0.2, Max: 0.3, Diff: 0.2, Sum: 2.5]
         [Processed Buffers: Min: 8, Avg: 16.7, Max: 23, Diff: 15, Sum: 217]
      [Scan RS (ms): Min: 0.0, Avg: 0.2, Max: 0.2, Diff: 0.1, Sum: 2.0]
      [Code Root Scanning (ms): Min: 0.0, Avg: 0.0, Max: 0.0, Diff: 0.0, Sum: 0.2]
      [Object Copy (ms): Min: 0.1, Avg: 0.1, Max: 0.2, Diff: 0.0, Sum: 1.7]
      [Termination (ms): Min: 0.0, Avg: 0.0, Max: 0.0, Diff: 0.0, Sum: 0.0]
         [Termination Attempts: Min: 1, Avg: 1.0, Max: 1, Diff: 0, Sum: 13]
      [GC Worker Other (ms): Min: 0.0, Avg: 0.1, Max: 0.1, Diff: 0.1, Sum: 0.7]
      [GC Worker Total (ms): Min: 0.9, Avg: 1.0, Max: 1.0, Diff: 0.1, Sum: 12.6]
      [GC Worker End (ms): Min: 356273.7, Avg: 356273.8, Max: 356273.8, Diff: 0.1]
   [Code Root Fixup: 0.0 ms]
   [Code Root Purge: 0.0 ms]
   [Clear CT: 0.4 ms]
   [Other: 1.1 ms]
      [Choose CSet: 0.0 ms]
      [Ref Proc: 0.4 ms]
      [Ref Enq: 0.0 ms]
      [Redirty Cards: 0.2 ms]
      [Humongous Register: 0.1 ms]
      [Humongous Reclaim: 0.0 ms]
      [Free CSet: 0.3 ms]
   [Eden: 2454.0M(2454.0M)->0.0B(2454.0M) Survivors: 2048.0K->2048.0K Heap: 2495.1M(4096.0M)->40.9M(4096.0M)]
 [Times: user=0.02 sys=0.00, real=0.01 secs] 
2020-11-19T15:36:39.670-0800: 399.625: [GC pause (G1 Evacuation Pause) (young), 0.0026330 secs]
   [Parallel Time: 1.2 ms, GC Workers: 13]
      [GC Worker Start (ms): Min: 399625.0, Avg: 399625.1, Max: 399625.2, Diff: 0.3]
      [Ext Root Scanning (ms): Min: 0.2, Avg: 0.3, Max: 0.7, Diff: 0.5, Sum: 4.4]
      [Update RS (ms): Min: 0.0, Avg: 0.2, Max: 0.5, Diff: 0.5, Sum: 2.5]
         [Processed Buffers: Min: 0, Avg: 16.7, Max: 30, Diff: 30, Sum: 217]
      [Scan RS (ms): Min: 0.0, Avg: 0.2, Max: 0.2, Diff: 0.1, Sum: 2.0]
      [Code Root Scanning (ms): Min: 0.0, Avg: 0.0, Max: 0.0, Diff: 0.0, Sum: 0.2]
      [Object Copy (ms): Min: 0.0, Avg: 0.2, Max: 0.2, Diff: 0.2, Sum: 2.1]
      [Termination (ms): Min: 0.0, Avg: 0.0, Max: 0.0, Diff: 0.0, Sum: 0.0]
         [Termination Attempts: Min: 1, Avg: 1.0, Max: 1, Diff: 0, Sum: 13]
      [GC Worker Other (ms): Min: 0.0, Avg: 0.1, Max: 0.1, Diff: 0.1, Sum: 0.9]
      [GC Worker Total (ms): Min: 0.8, Avg: 0.9, Max: 1.1, Diff: 0.3, Sum: 12.0]
      [GC Worker End (ms): Min: 399626.0, Avg: 399626.1, Max: 399626.1, Diff: 0.1]
   [Code Root Fixup: 0.0 ms]
   [Code Root Purge: 0.0 ms]
   [Clear CT: 0.5 ms]
   [Other: 0.9 ms]
      [Choose CSet: 0.0 ms]
      [Ref Proc: 0.2 ms]
      [Ref Enq: 0.0 ms]
      [Redirty Cards: 0.2 ms]
      [Humongous Register: 0.0 ms]
      [Humongous Reclaim: 0.0 ms]
      [Free CSet: 0.3 ms]
   [Eden: 2454.0M(2454.0M)->0.0B(2454.0M) Survivors: 2048.0K->2048.0K Heap: 2494.9M(4096.0M)->41.1M(4096.0M)]
 [Times: user=0.02 sys=0.00, real=0.00 secs] 
2020-11-19T15:36:40.966-0800: 400.921: [GC pause (G1 Evacuation Pause) (young), 0.0032574 secs]
   [Parallel Time: 1.3 ms, GC Workers: 13]
      [GC Worker Start (ms): Min: 400921.1, Avg: 400921.2, Max: 400921.3, Diff: 0.2]
      [Ext Root Scanning (ms): Min: 0.3, Avg: 0.4, Max: 0.6, Diff: 0.4, Sum: 4.7]
      [Update RS (ms): Min: 0.1, Avg: 0.2, Max: 0.3, Diff: 0.3, Sum: 2.4]
         [Processed Buffers: Min: 9, Avg: 16.6, Max: 28, Diff: 19, Sum: 216]
      [Scan RS (ms): Min: 0.0, Avg: 0.1, Max: 0.2, Diff: 0.1, Sum: 1.9]
      [Code Root Scanning (ms): Min: 0.0, Avg: 0.0, Max: 0.0, Diff: 0.0, Sum: 0.2]
      [Object Copy (ms): Min: 0.1, Avg: 0.2, Max: 0.2, Diff: 0.0, Sum: 2.1]
      [Termination (ms): Min: 0.0, Avg: 0.0, Max: 0.0, Diff: 0.0, Sum: 0.0]
         [Termination Attempts: Min: 1, Avg: 1.0, Max: 1, Diff: 0, Sum: 13]
      [GC Worker Other (ms): Min: 0.0, Avg: 0.1, Max: 0.2, Diff: 0.2, Sum: 1.0]
      [GC Worker Total (ms): Min: 0.8, Avg: 0.9, Max: 1.1, Diff: 0.3, Sum: 12.3]
      [GC Worker End (ms): Min: 400922.1, Avg: 400922.2, Max: 400922.3, Diff: 0.2]
   [Code Root Fixup: 0.0 ms]
   [Code Root Purge: 0.0 ms]
   [Clear CT: 0.6 ms]
   [Other: 1.4 ms]
      [Choose CSet: 0.0 ms]
      [Ref Proc: 0.7 ms]
      [Ref Enq: 0.0 ms]
      [Redirty Cards: 0.2 ms]
      [Humongous Register: 0.0 ms]
      [Humongous Reclaim: 0.0 ms]
      [Free CSet: 0.3 ms]
   [Eden: 2454.0M(2454.0M)->0.0B(2454.0M) Survivors: 2048.0K->2048.0K Heap: 2495.1M(4096.0M)->41.0M(4096.0M)]
 [Times: user=0.02 sys=0.00, real=0.00 secs] 
2020-11-19T15:36:42.244-0800: 402.199: [GC pause (G1 Evacuation Pause) (young), 0.0032920 secs]
   [Parallel Time: 1.2 ms, GC Workers: 13]
      [GC Worker Start (ms): Min: 402198.9, Avg: 402199.0, Max: 402199.0, Diff: 0.1]
      [Ext Root Scanning (ms): Min: 0.3, Avg: 0.4, Max: 0.6, Diff: 0.3, Sum: 5.3]
      [Update RS (ms): Min: 0.0, Avg: 0.2, Max: 0.4, Diff: 0.3, Sum: 2.4]
         [Processed Buffers: Min: 3, Avg: 16.7, Max: 37, Diff: 34, Sum: 217]
      [Scan RS (ms): Min: 0.0, Avg: 0.2, Max: 0.2, Diff: 0.1, Sum: 2.0]
      [Code Root Scanning (ms): Min: 0.0, Avg: 0.0, Max: 0.0, Diff: 0.0, Sum: 0.2]
      [Object Copy (ms): Min: 0.1, Avg: 0.1, Max: 0.1, Diff: 0.1, Sum: 1.8]
      [Termination (ms): Min: 0.0, Avg: 0.0, Max: 0.0, Diff: 0.0, Sum: 0.0]
         [Termination Attempts: Min: 1, Avg: 1.0, Max: 1, Diff: 0, Sum: 13]
      [GC Worker Other (ms): Min: 0.0, Avg: 0.1, Max: 0.2, Diff: 0.2, Sum: 1.3]
      [GC Worker Total (ms): Min: 0.9, Avg: 1.0, Max: 1.1, Diff: 0.2, Sum: 13.0]
      [GC Worker End (ms): Min: 402199.9, Avg: 402200.0, Max: 402200.0, Diff: 0.2]
   [Code Root Fixup: 0.0 ms]
   [Code Root Purge: 0.0 ms]
   [Clear CT: 0.5 ms]
   [Other: 1.6 ms]
      [Choose CSet: 0.0 ms]
      [Ref Proc: 0.7 ms]
      [Ref Enq: 0.0 ms]
      [Redirty Cards: 0.3 ms]
      [Humongous Register: 0.1 ms]
      [Humongous Reclaim: 0.0 ms]
      [Free CSet: 0.3 ms]
   [Eden: 2454.0M(2454.0M)->0.0B(2454.0M) Survivors: 2048.0K->2048.0K Heap: 2495.0M(4096.0M)->41.0M(4096.0M)]
 [Times: user=0.02 sys=0.00, real=0.00 secs] 
2020-11-19T15:36:43.482-0800: 403.437: [GC pause (G1 Evacuation Pause) (young), 0.0034381 secs]
   [Parallel Time: 1.3 ms, GC Workers: 13]
      [GC Worker Start (ms): Min: 403437.1, Avg: 403437.3, Max: 403437.3, Diff: 0.3]
      [Ext Root Scanning (ms): Min: 0.3, Avg: 0.4, Max: 0.7, Diff: 0.4, Sum: 4.7]
      [Update RS (ms): Min: 0.0, Avg: 0.2, Max: 0.4, Diff: 0.4, Sum: 2.5]
         [Processed Buffers: Min: 4, Avg: 16.6, Max: 29, Diff: 25, Sum: 216]
      [Scan RS (ms): Min: 0.0, Avg: 0.1, Max: 0.2, Diff: 0.1, Sum: 1.9]
      [Code Root Scanning (ms): Min: 0.0, Avg: 0.0, Max: 0.0, Diff: 0.0, Sum: 0.2]
      [Object Copy (ms): Min: 0.0, Avg: 0.2, Max: 0.2, Diff: 0.1, Sum: 2.0]
      [Termination (ms): Min: 0.0, Avg: 0.0, Max: 0.0, Diff: 0.0, Sum: 0.0]
         [Termination Attempts: Min: 1, Avg: 1.6, Max: 3, Diff: 2, Sum: 21]
      [GC Worker Other (ms): Min: 0.0, Avg: 0.1, Max: 0.2, Diff: 0.2, Sum: 1.1]
      [GC Worker Total (ms): Min: 0.8, Avg: 1.0, Max: 1.1, Diff: 0.3, Sum: 12.4]
      [GC Worker End (ms): Min: 403438.1, Avg: 403438.2, Max: 403438.3, Diff: 0.2]
   [Code Root Fixup: 0.0 ms]
   [Code Root Purge: 0.0 ms]
   [Clear CT: 0.5 ms]
   [Other: 1.6 ms]
      [Choose CSet: 0.0 ms]
      [Ref Proc: 0.7 ms]
      [Ref Enq: 0.0 ms]
      [Redirty Cards: 0.2 ms]
      [Humongous Register: 0.1 ms]
      [Humongous Reclaim: 0.0 ms]
      [Free CSet: 0.3 ms]
   [Eden: 2454.0M(2454.0M)->0.0B(2454.0M) Survivors: 2048.0K->2048.0K Heap: 2495.0M(4096.0M)->41.1M(4096.0M)]
 [Times: user=0.02 sys=0.01, real=0.00 secs] 
2020-11-19T15:36:44.720-0800: 404.675: [GC pause (G1 Evacuation Pause) (young), 0.0029945 secs]
   [Parallel Time: 1.2 ms, GC Workers: 13]
      [GC Worker Start (ms): Min: 404675.2, Avg: 404675.3, Max: 404675.4, Diff: 0.2]
      [Ext Root Scanning (ms): Min: 0.2, Avg: 0.4, Max: 0.7, Diff: 0.4, Sum: 4.7]
      [Update RS (ms): Min: 0.0, Avg: 0.2, Max: 0.5, Diff: 0.4, Sum: 2.6]
         [Processed Buffers: Min: 2, Avg: 16.7, Max: 28, Diff: 26, Sum: 217]
      [Scan RS (ms): Min: 0.0, Avg: 0.1, Max: 0.2, Diff: 0.1, Sum: 1.9]
      [Code Root Scanning (ms): Min: 0.0, Avg: 0.0, Max: 0.0, Diff: 0.0, Sum: 0.2]
      [Object Copy (ms): Min: 0.0, Avg: 0.2, Max: 0.2, Diff: 0.1, Sum: 2.0]
      [Termination (ms): Min: 0.0, Avg: 0.0, Max: 0.0, Diff: 0.0, Sum: 0.0]
         [Termination Attempts: Min: 1, Avg: 1.8, Max: 3, Diff: 2, Sum: 23]
      [GC Worker Other (ms): Min: 0.0, Avg: 0.1, Max: 0.2, Diff: 0.2, Sum: 1.1]
      [GC Worker Total (ms): Min: 0.8, Avg: 1.0, Max: 1.1, Diff: 0.3, Sum: 12.5]
      [GC Worker End (ms): Min: 404676.2, Avg: 404676.3, Max: 404676.4, Diff: 0.2]
   [Code Root Fixup: 0.0 ms]
   [Code Root Purge: 0.0 ms]
   [Clear CT: 0.6 ms]
   [Other: 1.2 ms]
      [Choose CSet: 0.0 ms]
      [Ref Proc: 0.5 ms]
      [Ref Enq: 0.0 ms]
      [Redirty Cards: 0.2 ms]
      [Humongous Register: 0.0 ms]
      [Humongous Reclaim: 0.0 ms]
      [Free CSet: 0.3 ms]
   [Eden: 2454.0M(2454.0M)->0.0B(2454.0M) Survivors: 2048.0K->2048.0K Heap: 2495.1M(4096.0M)->41.0M(4096.0M)]
 [Times: user=0.02 sys=0.00, real=0.00 secs] 
2020-11-19T15:36:45.944-0800: 405.899: [GC pause (G1 Evacuation Pause) (young), 0.0033327 secs]
   [Parallel Time: 1.4 ms, GC Workers: 13]
      [GC Worker Start (ms): Min: 405899.1, Avg: 405899.2, Max: 405899.4, Diff: 0.3]
      [Ext Root Scanning (ms): Min: 0.2, Avg: 0.3, Max: 0.7, Diff: 0.5, Sum: 4.2]
      [Update RS (ms): Min: 0.0, Avg: 0.2, Max: 0.4, Diff: 0.3, Sum: 2.6]
         [Processed Buffers: Min: 5, Avg: 16.6, Max: 32, Diff: 27, Sum: 216]
      [Scan RS (ms): Min: 0.0, Avg: 0.1, Max: 0.2, Diff: 0.1, Sum: 1.8]
      [Code Root Scanning (ms): Min: 0.0, Avg: 0.0, Max: 0.0, Diff: 0.0, Sum: 0.2]
      [Object Copy (ms): Min: 0.1, Avg: 0.2, Max: 0.2, Diff: 0.1, Sum: 2.0]
      [Termination (ms): Min: 0.0, Avg: 0.0, Max: 0.0, Diff: 0.0, Sum: 0.0]
         [Termination Attempts: Min: 1, Avg: 1.0, Max: 1, Diff: 0, Sum: 13]
      [GC Worker Other (ms): Min: 0.0, Avg: 0.1, Max: 0.2, Diff: 0.2, Sum: 1.3]
      [GC Worker Total (ms): Min: 0.8, Avg: 0.9, Max: 1.1, Diff: 0.3, Sum: 12.1]
      [GC Worker End (ms): Min: 405900.1, Avg: 405900.2, Max: 405900.3, Diff: 0.2]
   [Code Root Fixup: 0.0 ms]
   [Code Root Purge: 0.0 ms]
   [Clear CT: 0.4 ms]
   [Other: 1.5 ms]
      [Choose CSet: 0.0 ms]
      [Ref Proc: 0.4 ms]
      [Ref Enq: 0.0 ms]
      [Redirty Cards: 0.5 ms]
      [Humongous Register: 0.0 ms]
      [Humongous Reclaim: 0.0 ms]
      [Free CSet: 0.3 ms]
   [Eden: 2454.0M(2454.0M)->0.0B(2454.0M) Survivors: 2048.0K->2048.0K Heap: 2495.0M(4096.0M)->41.1M(4096.0M)]
 [Times: user=0.02 sys=0.00, real=0.00 secs] 
2020-11-19T15:36:47.136-0800: 407.090: [GC pause (G1 Evacuation Pause) (young), 0.0031843 secs]
   [Parallel Time: 1.2 ms, GC Workers: 13]
      [GC Worker Start (ms): Min: 407090.7, Avg: 407090.8, Max: 407090.8, Diff: 0.2]
      [Ext Root Scanning (ms): Min: 0.2, Avg: 0.3, Max: 0.6, Diff: 0.4, Sum: 3.9]
      [Update RS (ms): Min: 0.0, Avg: 0.2, Max: 0.4, Diff: 0.4, Sum: 2.5]
         [Processed Buffers: Min: 0, Avg: 16.8, Max: 29, Diff: 29, Sum: 218]
      [Scan RS (ms): Min: 0.0, Avg: 0.1, Max: 0.2, Diff: 0.1, Sum: 1.9]
      [Code Root Scanning (ms): Min: 0.0, Avg: 0.0, Max: 0.0, Diff: 0.0, Sum: 0.2]
      [Object Copy (ms): Min: 0.1, Avg: 0.2, Max: 0.2, Diff: 0.1, Sum: 2.2]
      [Termination (ms): Min: 0.0, Avg: 0.0, Max: 0.0, Diff: 0.0, Sum: 0.0]
         [Termination Attempts: Min: 1, Avg: 1.1, Max: 2, Diff: 1, Sum: 14]
      [GC Worker Other (ms): Min: 0.0, Avg: 0.1, Max: 0.2, Diff: 0.2, Sum: 1.1]
      [GC Worker Total (ms): Min: 0.8, Avg: 0.9, Max: 1.1, Diff: 0.3, Sum: 11.8]
      [GC Worker End (ms): Min: 407091.6, Avg: 407091.7, Max: 407091.8, Diff: 0.2]
   [Code Root Fixup: 0.0 ms]
   [Code Root Purge: 0.0 ms]
   [Clear CT: 0.5 ms]
   [Other: 1.5 ms]
      [Choose CSet: 0.0 ms]
      [Ref Proc: 0.6 ms]
      [Ref Enq: 0.0 ms]
      [Redirty Cards: 0.3 ms]
      [Humongous Register: 0.1 ms]
      [Humongous Reclaim: 0.0 ms]
      [Free CSet: 0.3 ms]
   [Eden: 2454.0M(2454.0M)->0.0B(2454.0M) Survivors: 2048.0K->2048.0K Heap: 2495.1M(4096.0M)->41.1M(4096.0M)]
 [Times: user=0.02 sys=0.00, real=0.00 secs] 
2020-11-19T15:36:48.373-0800: 408.327: [GC pause (G1 Evacuation Pause) (young), 0.0036767 secs]
   [Parallel Time: 1.5 ms, GC Workers: 13]
      [GC Worker Start (ms): Min: 408327.7, Avg: 408327.8, Max: 408327.9, Diff: 0.3]
      [Ext Root Scanning (ms): Min: 0.4, Avg: 0.5, Max: 0.7, Diff: 0.4, Sum: 6.5]
      [Update RS (ms): Min: 0.1, Avg: 0.2, Max: 0.4, Diff: 0.2, Sum: 2.4]
         [Processed Buffers: Min: 8, Avg: 16.7, Max: 31, Diff: 23, Sum: 217]
      [Scan RS (ms): Min: 0.0, Avg: 0.1, Max: 0.2, Diff: 0.1, Sum: 1.9]
      [Code Root Scanning (ms): Min: 0.0, Avg: 0.0, Max: 0.0, Diff: 0.0, Sum: 0.2]
      [Object Copy (ms): Min: 0.1, Avg: 0.2, Max: 0.2, Diff: 0.1, Sum: 2.3]
      [Termination (ms): Min: 0.0, Avg: 0.0, Max: 0.0, Diff: 0.0, Sum: 0.0]
         [Termination Attempts: Min: 1, Avg: 1.1, Max: 2, Diff: 1, Sum: 14]
      [GC Worker Other (ms): Min: 0.0, Avg: 0.1, Max: 0.2, Diff: 0.2, Sum: 1.5]
      [GC Worker Total (ms): Min: 0.9, Avg: 1.1, Max: 1.3, Diff: 0.4, Sum: 14.8]
      [GC Worker End (ms): Min: 408328.9, Avg: 408329.0, Max: 408329.0, Diff: 0.2]
   [Code Root Fixup: 0.0 ms]
   [Code Root Purge: 0.0 ms]
   [Clear CT: 0.5 ms]
   [Other: 1.7 ms]
      [Choose CSet: 0.0 ms]
      [Ref Proc: 0.7 ms]
      [Ref Enq: 0.0 ms]
      [Redirty Cards: 0.4 ms]
      [Humongous Register: 0.1 ms]
      [Humongous Reclaim: 0.0 ms]
      [Free CSet: 0.3 ms]
   [Eden: 2454.0M(2454.0M)->0.0B(2454.0M) Survivors: 2048.0K->2048.0K Heap: 2495.1M(4096.0M)->41.0M(4096.0M)]
 [Times: user=0.02 sys=0.01, real=0.00 secs] 
2020-11-19T15:36:49.632-0800: 409.587: [GC pause (G1 Evacuation Pause) (young), 0.0028336 secs]
   [Parallel Time: 1.1 ms, GC Workers: 13]
      [GC Worker Start (ms): Min: 409587.2, Avg: 409587.3, Max: 409587.4, Diff: 0.2]
      [Ext Root Scanning (ms): Min: 0.2, Avg: 0.3, Max: 0.6, Diff: 0.4, Sum: 4.1]
      [Update RS (ms): Min: 0.1, Avg: 0.2, Max: 0.4, Diff: 0.3, Sum: 2.4]
         [Processed Buffers: Min: 6, Avg: 16.5, Max: 29, Diff: 23, Sum: 215]
      [Scan RS (ms): Min: 0.0, Avg: 0.2, Max: 0.2, Diff: 0.1, Sum: 2.0]
      [Code Root Scanning (ms): Min: 0.0, Avg: 0.0, Max: 0.0, Diff: 0.0, Sum: 0.2]
      [Object Copy (ms): Min: 0.1, Avg: 0.2, Max: 0.2, Diff: 0.1, Sum: 2.0]
      [Termination (ms): Min: 0.0, Avg: 0.0, Max: 0.0, Diff: 0.0, Sum: 0.0]
         [Termination Attempts: Min: 1, Avg: 1.0, Max: 1, Diff: 0, Sum: 13]
      [GC Worker Other (ms): Min: 0.0, Avg: 0.1, Max: 0.2, Diff: 0.2, Sum: 1.1]
      [GC Worker Total (ms): Min: 0.7, Avg: 0.9, Max: 1.1, Diff: 0.4, Sum: 11.8]
      [GC Worker End (ms): Min: 409588.1, Avg: 409588.2, Max: 409588.3, Diff: 0.2]
   [Code Root Fixup: 0.0 ms]
   [Code Root Purge: 0.0 ms]
   [Clear CT: 0.4 ms]
   [Other: 1.2 ms]
      [Choose CSet: 0.0 ms]
      [Ref Proc: 0.5 ms]
      [Ref Enq: 0.0 ms]
      [Redirty Cards: 0.2 ms]
      [Humongous Register: 0.0 ms]
      [Humongous Reclaim: 0.0 ms]
      [Free CSet: 0.3 ms]
   [Eden: 2454.0M(2454.0M)->0.0B(2454.0M) Survivors: 2048.0K->2048.0K Heap: 2495.0M(4096.0M)->41.1M(4096.0M)]
 [Times: user=0.02 sys=0.00, real=0.00 secs] 
2020-11-19T15:36:50.886-0800: 410.840: [GC pause (G1 Evacuation Pause) (young), 0.0035958 secs]
   [Parallel Time: 1.4 ms, GC Workers: 13]
      [GC Worker Start (ms): Min: 410840.4, Avg: 410840.6, Max: 410840.7, Diff: 0.3]
      [Ext Root Scanning (ms): Min: 0.3, Avg: 0.4, Max: 0.6, Diff: 0.4, Sum: 4.9]
      [Update RS (ms): Min: 0.1, Avg: 0.2, Max: 0.4, Diff: 0.3, Sum: 2.5]
         [Processed Buffers: Min: 2, Avg: 16.7, Max: 25, Diff: 23, Sum: 217]
      [Scan RS (ms): Min: 0.0, Avg: 0.1, Max: 0.2, Diff: 0.1, Sum: 1.8]
      [Code Root Scanning (ms): Min: 0.0, Avg: 0.0, Max: 0.0, Diff: 0.0, Sum: 0.2]
      [Object Copy (ms): Min: 0.1, Avg: 0.1, Max: 0.2, Diff: 0.1, Sum: 1.9]
      [Termination (ms): Min: 0.0, Avg: 0.0, Max: 0.0, Diff: 0.0, Sum: 0.0]
         [Termination Attempts: Min: 1, Avg: 1.0, Max: 1, Diff: 0, Sum: 13]
      [GC Worker Other (ms): Min: 0.0, Avg: 0.1, Max: 0.2, Diff: 0.2, Sum: 1.4]
      [GC Worker Total (ms): Min: 0.8, Avg: 1.0, Max: 1.2, Diff: 0.4, Sum: 12.8]
      [GC Worker End (ms): Min: 410841.5, Avg: 410841.6, Max: 410841.7, Diff: 0.2]
   [Code Root Fixup: 0.0 ms]
   [Code Root Purge: 0.0 ms]
   [Clear CT: 0.5 ms]
   [Other: 1.7 ms]
      [Choose CSet: 0.0 ms]
      [Ref Proc: 0.8 ms]
      [Ref Enq: 0.0 ms]
      [Redirty Cards: 0.3 ms]
      [Humongous Register: 0.0 ms]
      [Humongous Reclaim: 0.0 ms]
      [Free CSet: 0.3 ms]
   [Eden: 2454.0M(2454.0M)->0.0B(2454.0M) Survivors: 2048.0K->2048.0K Heap: 2495.1M(4096.0M)->41.1M(4096.0M)]
 [Times: user=0.02 sys=0.00, real=0.00 secs] 
2020-11-19T15:36:52.106-0800: 412.061: [GC pause (G1 Evacuation Pause) (young), 0.0027492 secs]
   [Parallel Time: 1.2 ms, GC Workers: 13]
      [GC Worker Start (ms): Min: 412060.7, Avg: 412060.9, Max: 412061.0, Diff: 0.3]
      [Ext Root Scanning (ms): Min: 0.2, Avg: 0.3, Max: 0.6, Diff: 0.4, Sum: 3.6]
      [Update RS (ms): Min: 0.1, Avg: 0.2, Max: 0.4, Diff: 0.3, Sum: 2.8]
         [Processed Buffers: Min: 4, Avg: 16.7, Max: 29, Diff: 25, Sum: 217]
      [Scan RS (ms): Min: 0.0, Avg: 0.1, Max: 0.2, Diff: 0.1, Sum: 1.9]
      [Code Root Scanning (ms): Min: 0.0, Avg: 0.0, Max: 0.0, Diff: 0.0, Sum: 0.2]
      [Object Copy (ms): Min: 0.1, Avg: 0.2, Max: 0.2, Diff: 0.1, Sum: 2.1]
      [Termination (ms): Min: 0.0, Avg: 0.0, Max: 0.0, Diff: 0.0, Sum: 0.0]
         [Termination Attempts: Min: 1, Avg: 1.0, Max: 1, Diff: 0, Sum: 13]
      [GC Worker Other (ms): Min: 0.0, Avg: 0.1, Max: 0.1, Diff: 0.1, Sum: 0.8]
      [GC Worker Total (ms): Min: 0.8, Avg: 0.9, Max: 1.0, Diff: 0.3, Sum: 11.5]
      [GC Worker End (ms): Min: 412061.7, Avg: 412061.8, Max: 412061.8, Diff: 0.1]
   [Code Root Fixup: 0.0 ms]
   [Code Root Purge: 0.0 ms]
   [Clear CT: 0.4 ms]
   [Other: 1.1 ms]
      [Choose CSet: 0.0 ms]
      [Ref Proc: 0.3 ms]
      [Ref Enq: 0.0 ms]
      [Redirty Cards: 0.2 ms]
      [Humongous Register: 0.0 ms]
      [Humongous Reclaim: 0.0 ms]
      [Free CSet: 0.3 ms]
   [Eden: 2454.0M(2454.0M)->0.0B(2454.0M) Survivors: 2048.0K->2048.0K Heap: 2495.1M(4096.0M)->41.1M(4096.0M)]
 [Times: user=0.01 sys=0.00, real=0.00 secs] 
2020-11-19T15:36:53.279-0800: 413.233: [GC pause (G1 Evacuation Pause) (young), 0.0026227 secs]
   [Parallel Time: 1.2 ms, GC Workers: 13]
      [GC Worker Start (ms): Min: 413233.6, Avg: 413233.7, Max: 413233.8, Diff: 0.2]
      [Ext Root Scanning (ms): Min: 0.2, Avg: 0.3, Max: 0.6, Diff: 0.3, Sum: 4.1]
      [Update RS (ms): Min: 0.0, Avg: 0.2, Max: 0.4, Diff: 0.4, Sum: 2.8]
         [Processed Buffers: Min: 6, Avg: 16.6, Max: 30, Diff: 24, Sum: 216]
      [Scan RS (ms): Min: 0.0, Avg: 0.1, Max: 0.2, Diff: 0.1, Sum: 1.9]
      [Code Root Scanning (ms): Min: 0.0, Avg: 0.0, Max: 0.0, Diff: 0.0, Sum: 0.2]
      [Object Copy (ms): Min: 0.1, Avg: 0.2, Max: 0.2, Diff: 0.1, Sum: 2.2]
      [Termination (ms): Min: 0.0, Avg: 0.0, Max: 0.0, Diff: 0.0, Sum: 0.0]
         [Termination Attempts: Min: 1, Avg: 1.4, Max: 3, Diff: 2, Sum: 18]
      [GC Worker Other (ms): Min: 0.0, Avg: 0.1, Max: 0.1, Diff: 0.1, Sum: 0.8]
      [GC Worker Total (ms): Min: 0.9, Avg: 0.9, Max: 1.0, Diff: 0.2, Sum: 12.1]
      [GC Worker End (ms): Min: 413234.6, Avg: 413234.6, Max: 413234.7, Diff: 0.1]
   [Code Root Fixup: 0.0 ms]
   [Code Root Purge: 0.0 ms]
   [Clear CT: 0.4 ms]
   [Other: 1.1 ms]
      [Choose CSet: 0.0 ms]
      [Ref Proc: 0.3 ms]
      [Ref Enq: 0.0 ms]
      [Redirty Cards: 0.2 ms]
      [Humongous Register: 0.0 ms]
      [Humongous Reclaim: 0.0 ms]
      [Free CSet: 0.3 ms]
   [Eden: 2454.0M(2454.0M)->0.0B(2454.0M) Survivors: 2048.0K->2048.0K Heap: 2495.1M(4096.0M)->41.1M(4096.0M)]
 [Times: user=0.02 sys=0.00, real=0.01 secs] 
2020-11-19T15:36:54.477-0800: 414.432: [GC pause (G1 Evacuation Pause) (young), 0.0024260 secs]
   [Parallel Time: 1.1 ms, GC Workers: 13]
      [GC Worker Start (ms): Min: 414432.3, Avg: 414432.4, Max: 414432.5, Diff: 0.2]
      [Ext Root Scanning (ms): Min: 0.2, Avg: 0.3, Max: 0.5, Diff: 0.3, Sum: 4.0]
      [Update RS (ms): Min: 0.1, Avg: 0.2, Max: 0.4, Diff: 0.4, Sum: 2.7]
         [Processed Buffers: Min: 1, Avg: 16.7, Max: 29, Diff: 28, Sum: 217]
      [Scan RS (ms): Min: 0.0, Avg: 0.2, Max: 0.2, Diff: 0.1, Sum: 2.1]
      [Code Root Scanning (ms): Min: 0.0, Avg: 0.0, Max: 0.0, Diff: 0.0, Sum: 0.2]
      [Object Copy (ms): Min: 0.1, Avg: 0.2, Max: 0.2, Diff: 0.1, Sum: 2.1]
      [Termination (ms): Min: 0.0, Avg: 0.0, Max: 0.0, Diff: 0.0, Sum: 0.0]
         [Termination Attempts: Min: 1, Avg: 1.2, Max: 3, Diff: 2, Sum: 16]
      [GC Worker Other (ms): Min: 0.0, Avg: 0.1, Max: 0.1, Diff: 0.1, Sum: 0.8]
      [GC Worker Total (ms): Min: 0.8, Avg: 0.9, Max: 1.0, Diff: 0.2, Sum: 11.8]
      [GC Worker End (ms): Min: 414433.3, Avg: 414433.3, Max: 414433.3, Diff: 0.1]
   [Code Root Fixup: 0.0 ms]
   [Code Root Purge: 0.0 ms]
   [Clear CT: 0.4 ms]
   [Other: 1.0 ms]
      [Choose CSet: 0.0 ms]
      [Ref Proc: 0.2 ms]
      [Ref Enq: 0.0 ms]
      [Redirty Cards: 0.1 ms]
      [Humongous Register: 0.0 ms]
      [Humongous Reclaim: 0.0 ms]
      [Free CSet: 0.3 ms]
   [Eden: 2454.0M(2454.0M)->0.0B(2454.0M) Survivors: 2048.0K->2048.0K Heap: 2495.1M(4096.0M)->41.0M(4096.0M)]
 [Times: user=0.02 sys=0.00, real=0.01 secs] 
2020-11-19T15:37:15.375-0800: 435.330: [GC pause (G1 Evacuation Pause) (young), 0.0022872 secs]
   [Parallel Time: 1.1 ms, GC Workers: 13]
      [GC Worker Start (ms): Min: 435329.9, Avg: 435329.9, Max: 435330.0, Diff: 0.1]
      [Ext Root Scanning (ms): Min: 0.2, Avg: 0.3, Max: 0.6, Diff: 0.3, Sum: 3.8]
      [Update RS (ms): Min: 0.0, Avg: 0.2, Max: 0.3, Diff: 0.3, Sum: 2.4]
         [Processed Buffers: Min: 0, Avg: 16.6, Max: 32, Diff: 32, Sum: 216]
      [Scan RS (ms): Min: 0.1, Avg: 0.2, Max: 0.2, Diff: 0.1, Sum: 2.0]
      [Code Root Scanning (ms): Min: 0.0, Avg: 0.0, Max: 0.0, Diff: 0.0, Sum: 0.2]
      [Object Copy (ms): Min: 0.1, Avg: 0.1, Max: 0.2, Diff: 0.0, Sum: 1.8]
      [Termination (ms): Min: 0.0, Avg: 0.0, Max: 0.0, Diff: 0.0, Sum: 0.0]
         [Termination Attempts: Min: 1, Avg: 1.0, Max: 1, Diff: 0, Sum: 13]
      [GC Worker Other (ms): Min: 0.0, Avg: 0.1, Max: 0.1, Diff: 0.1, Sum: 1.0]
      [GC Worker Total (ms): Min: 0.8, Avg: 0.9, Max: 0.9, Diff: 0.1, Sum: 11.2]
      [GC Worker End (ms): Min: 435330.7, Avg: 435330.8, Max: 435330.8, Diff: 0.1]
   [Code Root Fixup: 0.0 ms]
   [Code Root Purge: 0.0 ms]
   [Clear CT: 0.4 ms]
   [Other: 0.9 ms]
      [Choose CSet: 0.0 ms]
      [Ref Proc: 0.2 ms]
      [Ref Enq: 0.0 ms]
      [Redirty Cards: 0.1 ms]
      [Humongous Register: 0.0 ms]
      [Humongous Reclaim: 0.0 ms]
      [Free CSet: 0.3 ms]
   [Eden: 2454.0M(2454.0M)->0.0B(2454.0M) Survivors: 2048.0K->2048.0K Heap: 2495.0M(4096.0M)->40.9M(4096.0M)]
 [Times: user=0.02 sys=0.00, real=0.00 secs] 
2020-11-19T15:37:17.011-0800: 436.965: [GC pause (G1 Evacuation Pause) (young), 0.0032824 secs]
   [Parallel Time: 1.3 ms, GC Workers: 13]
      [GC Worker Start (ms): Min: 436965.4, Avg: 436965.5, Max: 436965.6, Diff: 0.2]
      [Ext Root Scanning (ms): Min: 0.3, Avg: 0.4, Max: 0.6, Diff: 0.4, Sum: 4.6]
      [Update RS (ms): Min: 0.0, Avg: 0.2, Max: 0.4, Diff: 0.4, Sum: 2.5]
         [Processed Buffers: Min: 0, Avg: 16.6, Max: 23, Diff: 23, Sum: 216]
      [Scan RS (ms): Min: 0.0, Avg: 0.1, Max: 0.2, Diff: 0.1, Sum: 1.9]
      [Code Root Scanning (ms): Min: 0.0, Avg: 0.0, Max: 0.0, Diff: 0.0, Sum: 0.2]
      [Object Copy (ms): Min: 0.0, Avg: 0.2, Max: 0.2, Diff: 0.2, Sum: 2.0]
      [Termination (ms): Min: 0.0, Avg: 0.0, Max: 0.0, Diff: 0.0, Sum: 0.0]
         [Termination Attempts: Min: 1, Avg: 1.0, Max: 1, Diff: 0, Sum: 13]
      [GC Worker Other (ms): Min: 0.0, Avg: 0.1, Max: 0.2, Diff: 0.2, Sum: 1.2]
      [GC Worker Total (ms): Min: 0.8, Avg: 1.0, Max: 1.1, Diff: 0.3, Sum: 12.4]
      [GC Worker End (ms): Min: 436966.4, Avg: 436966.5, Max: 436966.6, Diff: 0.2]
   [Code Root Fixup: 0.0 ms]
   [Code Root Purge: 0.0 ms]
   [Clear CT: 0.5 ms]
   [Other: 1.5 ms]
      [Choose CSet: 0.0 ms]
      [Ref Proc: 0.4 ms]
      [Ref Enq: 0.0 ms]
      [Redirty Cards: 0.4 ms]
      [Humongous Register: 0.1 ms]
      [Humongous Reclaim: 0.0 ms]
      [Free CSet: 0.3 ms]
   [Eden: 2454.0M(2454.0M)->0.0B(2454.0M) Survivors: 2048.0K->2048.0K Heap: 2494.9M(4096.0M)->41.1M(4096.0M)]
 [Times: user=0.02 sys=0.00, real=0.00 secs] 
2020-11-19T15:37:18.745-0800: 438.699: [GC pause (G1 Evacuation Pause) (young), 0.0026576 secs]
   [Parallel Time: 1.2 ms, GC Workers: 13]
      [GC Worker Start (ms): Min: 438699.4, Avg: 438699.5, Max: 438699.6, Diff: 0.2]
      [Ext Root Scanning (ms): Min: 0.2, Avg: 0.3, Max: 0.6, Diff: 0.4, Sum: 4.1]
      [Update RS (ms): Min: 0.0, Avg: 0.2, Max: 0.5, Diff: 0.5, Sum: 2.7]
         [Processed Buffers: Min: 0, Avg: 16.6, Max: 25, Diff: 25, Sum: 216]
      [Scan RS (ms): Min: 0.0, Avg: 0.2, Max: 0.2, Diff: 0.1, Sum: 2.1]
      [Code Root Scanning (ms): Min: 0.0, Avg: 0.0, Max: 0.0, Diff: 0.0, Sum: 0.2]
      [Object Copy (ms): Min: 0.1, Avg: 0.2, Max: 0.2, Diff: 0.1, Sum: 2.3]
      [Termination (ms): Min: 0.0, Avg: 0.0, Max: 0.0, Diff: 0.0, Sum: 0.0]
         [Termination Attempts: Min: 1, Avg: 1.5, Max: 2, Diff: 1, Sum: 19]
      [GC Worker Other (ms): Min: 0.0, Avg: 0.1, Max: 0.2, Diff: 0.2, Sum: 1.2]
      [GC Worker Total (ms): Min: 0.8, Avg: 1.0, Max: 1.1, Diff: 0.3, Sum: 12.6]
      [GC Worker End (ms): Min: 438700.4, Avg: 438700.4, Max: 438700.5, Diff: 0.2]
   [Code Root Fixup: 0.0 ms]
   [Code Root Purge: 0.0 ms]
   [Clear CT: 0.5 ms]
   [Other: 1.0 ms]
      [Choose CSet: 0.0 ms]
      [Ref Proc: 0.3 ms]
      [Ref Enq: 0.0 ms]
      [Redirty Cards: 0.1 ms]
      [Humongous Register: 0.0 ms]
      [Humongous Reclaim: 0.0 ms]
      [Free CSet: 0.3 ms]
   [Eden: 2454.0M(2454.0M)->0.0B(2454.0M) Survivors: 2048.0K->2048.0K Heap: 2495.1M(4096.0M)->41.1M(4096.0M)]
 [Times: user=0.02 sys=0.00, real=0.00 secs] 
2020-11-19T15:37:20.005-0800: 439.960: [GC pause (G1 Evacuation Pause) (young), 0.0058305 secs]
   [Parallel Time: 2.9 ms, GC Workers: 13]
      [GC Worker Start (ms): Min: 439960.1, Avg: 439960.2, Max: 439960.3, Diff: 0.2]
      [Ext Root Scanning (ms): Min: 0.3, Avg: 0.5, Max: 1.6, Diff: 1.3, Sum: 6.9]
      [Update RS (ms): Min: 0.0, Avg: 0.4, Max: 1.5, Diff: 1.5, Sum: 4.8]
         [Processed Buffers: Min: 0, Avg: 16.8, Max: 43, Diff: 43, Sum: 218]
      [Scan RS (ms): Min: 0.0, Avg: 0.2, Max: 0.4, Diff: 0.3, Sum: 2.1]
      [Code Root Scanning (ms): Min: 0.0, Avg: 0.0, Max: 0.2, Diff: 0.2, Sum: 0.3]
      [Object Copy (ms): Min: 0.0, Avg: 0.3, Max: 0.9, Diff: 0.8, Sum: 3.7]
      [Termination (ms): Min: 0.0, Avg: 0.9, Max: 1.4, Diff: 1.4, Sum: 12.2]
         [Termination Attempts: Min: 1, Avg: 1.1, Max: 2, Diff: 1, Sum: 14]
      [GC Worker Other (ms): Min: 0.0, Avg: 0.0, Max: 0.0, Diff: 0.0, Sum: 0.2]
      [GC Worker Total (ms): Min: 1.9, Avg: 2.3, Max: 2.7, Diff: 0.8, Sum: 30.2]
      [GC Worker End (ms): Min: 439962.2, Avg: 439962.5, Max: 439962.9, Diff: 0.7]
   [Code Root Fixup: 0.0 ms]
   [Code Root Purge: 0.0 ms]
   [Clear CT: 0.6 ms]
   [Other: 2.3 ms]
      [Choose CSet: 0.0 ms]
      [Ref Proc: 0.8 ms]
      [Ref Enq: 0.0 ms]
      [Redirty Cards: 0.3 ms]
      [Humongous Register: 0.1 ms]
      [Humongous Reclaim: 0.0 ms]
      [Free CSet: 0.7 ms]
   [Eden: 2454.0M(2454.0M)->0.0B(2454.0M) Survivors: 2048.0K->2048.0K Heap: 2495.1M(4096.0M)->41.1M(4096.0M)]
 [Times: user=0.03 sys=0.01, real=0.01 secs] 
2020-11-19T15:37:22.668-0800: 442.623: [GC pause (G1 Evacuation Pause) (young), 0.0036168 secs]
   [Parallel Time: 1.4 ms, GC Workers: 13]
      [GC Worker Start (ms): Min: 442622.9, Avg: 442623.0, Max: 442623.1, Diff: 0.2]
      [Ext Root Scanning (ms): Min: 0.3, Avg: 0.4, Max: 0.7, Diff: 0.4, Sum: 5.4]
      [Update RS (ms): Min: 0.2, Avg: 0.2, Max: 0.2, Diff: 0.1, Sum: 2.5]
         [Processed Buffers: Min: 5, Avg: 16.5, Max: 32, Diff: 27, Sum: 215]
      [Scan RS (ms): Min: 0.0, Avg: 0.2, Max: 0.2, Diff: 0.1, Sum: 2.0]
      [Code Root Scanning (ms): Min: 0.0, Avg: 0.0, Max: 0.0, Diff: 0.0, Sum: 0.2]
      [Object Copy (ms): Min: 0.1, Avg: 0.2, Max: 0.2, Diff: 0.1, Sum: 2.1]
      [Termination (ms): Min: 0.0, Avg: 0.0, Max: 0.0, Diff: 0.0, Sum: 0.0]
         [Termination Attempts: Min: 1, Avg: 1.0, Max: 1, Diff: 0, Sum: 13]
      [GC Worker Other (ms): Min: 0.0, Avg: 0.1, Max: 0.2, Diff: 0.2, Sum: 1.5]
      [GC Worker Total (ms): Min: 0.9, Avg: 1.0, Max: 1.3, Diff: 0.4, Sum: 13.6]
      [GC Worker End (ms): Min: 442624.0, Avg: 442624.1, Max: 442624.2, Diff: 0.2]
   [Code Root Fixup: 0.0 ms]
   [Code Root Purge: 0.0 ms]
   [Clear CT: 0.7 ms]
   [Other: 1.5 ms]
      [Choose CSet: 0.0 ms]
      [Ref Proc: 0.5 ms]
      [Ref Enq: 0.0 ms]
      [Redirty Cards: 0.2 ms]
      [Humongous Register: 0.1 ms]
      [Humongous Reclaim: 0.0 ms]
      [Free CSet: 0.3 ms]
   [Eden: 2454.0M(2454.0M)->0.0B(2454.0M) Survivors: 2048.0K->2048.0K Heap: 2495.1M(4096.0M)->41.0M(4096.0M)]
 [Times: user=0.01 sys=0.00, real=0.01 secs] 
2020-11-19T15:37:23.960-0800: 443.915: [GC pause (G1 Evacuation Pause) (young), 0.0045675 secs]
   [Parallel Time: 1.5 ms, GC Workers: 13]
      [GC Worker Start (ms): Min: 443914.9, Avg: 443915.1, Max: 443915.2, Diff: 0.3]
      [Ext Root Scanning (ms): Min: 0.2, Avg: 0.4, Max: 0.7, Diff: 0.5, Sum: 5.0]
      [Update RS (ms): Min: 0.1, Avg: 0.2, Max: 0.5, Diff: 0.4, Sum: 2.7]
         [Processed Buffers: Min: 3, Avg: 16.7, Max: 35, Diff: 32, Sum: 217]
      [Scan RS (ms): Min: 0.0, Avg: 0.1, Max: 0.2, Diff: 0.1, Sum: 1.9]
      [Code Root Scanning (ms): Min: 0.0, Avg: 0.0, Max: 0.0, Diff: 0.0, Sum: 0.2]
      [Object Copy (ms): Min: 0.1, Avg: 0.2, Max: 0.3, Diff: 0.2, Sum: 2.9]
      [Termination (ms): Min: 0.0, Avg: 0.0, Max: 0.0, Diff: 0.0, Sum: 0.0]
         [Termination Attempts: Min: 1, Avg: 1.5, Max: 2, Diff: 1, Sum: 20]
      [GC Worker Other (ms): Min: 0.0, Avg: 0.2, Max: 0.3, Diff: 0.3, Sum: 2.0]
      [GC Worker Total (ms): Min: 0.9, Avg: 1.1, Max: 1.4, Diff: 0.5, Sum: 14.6]
      [GC Worker End (ms): Min: 443916.0, Avg: 443916.2, Max: 443916.3, Diff: 0.3]
   [Code Root Fixup: 0.0 ms]
   [Code Root Purge: 0.0 ms]
   [Clear CT: 0.6 ms]
   [Other: 2.5 ms]
      [Choose CSet: 0.0 ms]
      [Ref Proc: 0.5 ms]
      [Ref Enq: 0.0 ms]
      [Redirty Cards: 0.7 ms]
      [Humongous Register: 0.1 ms]
      [Humongous Reclaim: 0.0 ms]
      [Free CSet: 0.9 ms]
   [Eden: 2454.0M(2454.0M)->0.0B(2454.0M) Survivors: 2048.0K->2048.0K Heap: 2495.0M(4096.0M)->41.1M(4096.0M)]
 [Times: user=0.02 sys=0.00, real=0.00 secs] 
2020-11-19T15:37:26.039-0800: 445.993: [GC pause (G1 Evacuation Pause) (young), 0.0024026 secs]
   [Parallel Time: 1.1 ms, GC Workers: 13]
      [GC Worker Start (ms): Min: 445993.5, Avg: 445993.6, Max: 445993.6, Diff: 0.1]
      [Ext Root Scanning (ms): Min: 0.2, Avg: 0.3, Max: 0.6, Diff: 0.3, Sum: 4.0]
      [Update RS (ms): Min: 0.0, Avg: 0.2, Max: 0.4, Diff: 0.4, Sum: 2.5]
         [Processed Buffers: Min: 0, Avg: 16.7, Max: 33, Diff: 33, Sum: 217]
      [Scan RS (ms): Min: 0.0, Avg: 0.1, Max: 0.2, Diff: 0.1, Sum: 1.9]
      [Code Root Scanning (ms): Min: 0.0, Avg: 0.0, Max: 0.0, Diff: 0.0, Sum: 0.2]
      [Object Copy (ms): Min: 0.1, Avg: 0.2, Max: 0.2, Diff: 0.1, Sum: 2.0]
      [Termination (ms): Min: 0.0, Avg: 0.0, Max: 0.0, Diff: 0.0, Sum: 0.0]
         [Termination Attempts: Min: 1, Avg: 1.5, Max: 2, Diff: 1, Sum: 19]
      [GC Worker Other (ms): Min: 0.0, Avg: 0.1, Max: 0.1, Diff: 0.1, Sum: 1.0]
      [GC Worker Total (ms): Min: 0.8, Avg: 0.9, Max: 1.0, Diff: 0.2, Sum: 11.4]
      [GC Worker End (ms): Min: 445994.4, Avg: 445994.4, Max: 445994.5, Diff: 0.1]
   [Code Root Fixup: 0.0 ms]
   [Code Root Purge: 0.0 ms]
   [Clear CT: 0.4 ms]
   [Other: 0.9 ms]
      [Choose CSet: 0.0 ms]
      [Ref Proc: 0.2 ms]
      [Ref Enq: 0.0 ms]
      [Redirty Cards: 0.1 ms]
      [Humongous Register: 0.0 ms]
      [Humongous Reclaim: 0.0 ms]
      [Free CSet: 0.3 ms]
   [Eden: 2454.0M(2454.0M)->0.0B(2454.0M) Survivors: 2048.0K->2048.0K Heap: 2495.1M(4096.0M)->41.0M(4096.0M)]
 [Times: user=0.01 sys=0.00, real=0.01 secs] 
2020-11-19T15:37:27.667-0800: 447.622: [GC pause (G1 Evacuation Pause) (young), 0.0031384 secs]
   [Parallel Time: 1.2 ms, GC Workers: 13]
      [GC Worker Start (ms): Min: 447621.8, Avg: 447622.0, Max: 447622.1, Diff: 0.3]
      [Ext Root Scanning (ms): Min: 0.2, Avg: 0.3, Max: 0.6, Diff: 0.4, Sum: 4.0]
      [Update RS (ms): Min: 0.0, Avg: 0.2, Max: 0.3, Diff: 0.3, Sum: 2.5]
         [Processed Buffers: Min: 4, Avg: 16.8, Max: 27, Diff: 23, Sum: 218]
      [Scan RS (ms): Min: 0.0, Avg: 0.1, Max: 0.2, Diff: 0.1, Sum: 1.9]
      [Code Root Scanning (ms): Min: 0.0, Avg: 0.0, Max: 0.0, Diff: 0.0, Sum: 0.2]
      [Object Copy (ms): Min: 0.1, Avg: 0.1, Max: 0.2, Diff: 0.0, Sum: 1.8]
      [Termination (ms): Min: 0.0, Avg: 0.0, Max: 0.0, Diff: 0.0, Sum: 0.0]
         [Termination Attempts: Min: 1, Avg: 1.0, Max: 1, Diff: 0, Sum: 13]
      [GC Worker Other (ms): Min: 0.0, Avg: 0.1, Max: 0.2, Diff: 0.2, Sum: 1.3]
      [GC Worker Total (ms): Min: 0.7, Avg: 0.9, Max: 1.1, Diff: 0.4, Sum: 11.7]
      [GC Worker End (ms): Min: 447622.8, Avg: 447622.9, Max: 447623.0, Diff: 0.2]
   [Code Root Fixup: 0.0 ms]
   [Code Root Purge: 0.0 ms]
   [Clear CT: 0.6 ms]
   [Other: 1.4 ms]
      [Choose CSet: 0.0 ms]
      [Ref Proc: 0.5 ms]
      [Ref Enq: 0.0 ms]
      [Redirty Cards: 0.3 ms]
      [Humongous Register: 0.0 ms]
      [Humongous Reclaim: 0.0 ms]
      [Free CSet: 0.3 ms]
   [Eden: 2454.0M(2454.0M)->0.0B(2454.0M) Survivors: 2048.0K->2048.0K Heap: 2495.0M(4096.0M)->41.0M(4096.0M)]
 [Times: user=0.02 sys=0.01, real=0.01 secs] 
2020-11-19T15:37:28.968-0800: 448.922: [GC pause (G1 Evacuation Pause) (young), 0.0033304 secs]
   [Parallel Time: 1.4 ms, GC Workers: 13]
      [GC Worker Start (ms): Min: 448922.2, Avg: 448922.3, Max: 448922.5, Diff: 0.3]
      [Ext Root Scanning (ms): Min: 0.2, Avg: 0.4, Max: 0.7, Diff: 0.5, Sum: 4.8]
      [Update RS (ms): Min: 0.0, Avg: 0.2, Max: 0.3, Diff: 0.3, Sum: 2.4]
         [Processed Buffers: Min: 2, Avg: 16.7, Max: 31, Diff: 29, Sum: 217]
      [Scan RS (ms): Min: 0.0, Avg: 0.1, Max: 0.2, Diff: 0.1, Sum: 1.9]
      [Code Root Scanning (ms): Min: 0.0, Avg: 0.0, Max: 0.0, Diff: 0.0, Sum: 0.2]
      [Object Copy (ms): Min: 0.1, Avg: 0.1, Max: 0.2, Diff: 0.0, Sum: 1.9]
      [Termination (ms): Min: 0.0, Avg: 0.0, Max: 0.0, Diff: 0.0, Sum: 0.0]
         [Termination Attempts: Min: 1, Avg: 1.0, Max: 1, Diff: 0, Sum: 13]
      [GC Worker Other (ms): Min: 0.0, Avg: 0.2, Max: 0.3, Diff: 0.2, Sum: 2.0]
      [GC Worker Total (ms): Min: 0.8, Avg: 1.0, Max: 1.2, Diff: 0.3, Sum: 13.2]
      [GC Worker End (ms): Min: 448923.2, Avg: 448923.3, Max: 448923.4, Diff: 0.3]
   [Code Root Fixup: 0.0 ms]
   [Code Root Purge: 0.0 ms]
   [Clear CT: 0.5 ms]
   [Other: 1.5 ms]
      [Choose CSet: 0.0 ms]
      [Ref Proc: 0.7 ms]
      [Ref Enq: 0.0 ms]
      [Redirty Cards: 0.2 ms]
      [Humongous Register: 0.0 ms]
      [Humongous Reclaim: 0.0 ms]
      [Free CSet: 0.3 ms]
   [Eden: 2454.0M(2454.0M)->0.0B(2454.0M) Survivors: 2048.0K->2048.0K Heap: 2495.0M(4096.0M)->41.0M(4096.0M)]
 [Times: user=0.02 sys=0.00, real=0.01 secs] 
2020-11-19T15:37:30.216-0800: 450.171: [GC pause (G1 Evacuation Pause) (young), 0.0031214 secs]
   [Parallel Time: 1.2 ms, GC Workers: 13]
      [GC Worker Start (ms): Min: 450170.7, Avg: 450170.9, Max: 450171.0, Diff: 0.3]
      [Ext Root Scanning (ms): Min: 0.2, Avg: 0.3, Max: 0.6, Diff: 0.4, Sum: 4.3]
      [Update RS (ms): Min: 0.1, Avg: 0.2, Max: 0.4, Diff: 0.3, Sum: 2.5]
         [Processed Buffers: Min: 4, Avg: 16.5, Max: 26, Diff: 22, Sum: 215]
      [Scan RS (ms): Min: 0.0, Avg: 0.1, Max: 0.2, Diff: 0.1, Sum: 1.8]
      [Code Root Scanning (ms): Min: 0.0, Avg: 0.0, Max: 0.0, Diff: 0.0, Sum: 0.2]
      [Object Copy (ms): Min: 0.1, Avg: 0.2, Max: 0.2, Diff: 0.1, Sum: 2.2]
      [Termination (ms): Min: 0.0, Avg: 0.0, Max: 0.0, Diff: 0.0, Sum: 0.0]
         [Termination Attempts: Min: 1, Avg: 1.0, Max: 1, Diff: 0, Sum: 13]
      [GC Worker Other (ms): Min: 0.0, Avg: 0.1, Max: 0.2, Diff: 0.2, Sum: 1.3]
      [GC Worker Total (ms): Min: 0.8, Avg: 0.9, Max: 1.2, Diff: 0.4, Sum: 12.3]
      [GC Worker End (ms): Min: 450171.8, Avg: 450171.8, Max: 450171.9, Diff: 0.2]
   [Code Root Fixup: 0.0 ms]
   [Code Root Purge: 0.0 ms]
   [Clear CT: 0.4 ms]
   [Other: 1.4 ms]
      [Choose CSet: 0.0 ms]
      [Ref Proc: 0.5 ms]
      [Ref Enq: 0.0 ms]
      [Redirty Cards: 0.3 ms]
      [Humongous Register: 0.0 ms]
      [Humongous Reclaim: 0.0 ms]
      [Free CSet: 0.3 ms]
   [Eden: 2454.0M(2454.0M)->0.0B(2454.0M) Survivors: 2048.0K->2048.0K Heap: 2495.0M(4096.0M)->41.1M(4096.0M)]
 [Times: user=0.01 sys=0.01, real=0.01 secs] 
2020-11-19T15:37:31.385-0800: 451.339: [GC pause (G1 Evacuation Pause) (young), 0.0032628 secs]
   [Parallel Time: 1.2 ms, GC Workers: 13]
      [GC Worker Start (ms): Min: 451339.6, Avg: 451339.8, Max: 451339.9, Diff: 0.3]
      [Ext Root Scanning (ms): Min: 0.2, Avg: 0.3, Max: 0.6, Diff: 0.4, Sum: 3.6]
      [Update RS (ms): Min: 0.0, Avg: 0.2, Max: 0.5, Diff: 0.4, Sum: 2.7]
         [Processed Buffers: Min: 5, Avg: 16.7, Max: 26, Diff: 21, Sum: 217]
      [Scan RS (ms): Min: 0.0, Avg: 0.2, Max: 0.2, Diff: 0.1, Sum: 2.0]
      [Code Root Scanning (ms): Min: 0.0, Avg: 0.0, Max: 0.0, Diff: 0.0, Sum: 0.2]
      [Object Copy (ms): Min: 0.0, Avg: 0.1, Max: 0.2, Diff: 0.1, Sum: 1.9]
      [Termination (ms): Min: 0.0, Avg: 0.0, Max: 0.0, Diff: 0.0, Sum: 0.0]
         [Termination Attempts: Min: 1, Avg: 1.0, Max: 1, Diff: 0, Sum: 13]
      [GC Worker Other (ms): Min: 0.0, Avg: 0.1, Max: 0.2, Diff: 0.2, Sum: 0.9]
      [GC Worker Total (ms): Min: 0.7, Avg: 0.9, Max: 1.1, Diff: 0.4, Sum: 11.3]
      [GC Worker End (ms): Min: 451340.6, Avg: 451340.6, Max: 451340.7, Diff: 0.1]
   [Code Root Fixup: 0.0 ms]
   [Code Root Purge: 0.0 ms]
   [Clear CT: 0.5 ms]
   [Other: 1.5 ms]
      [Choose CSet: 0.0 ms]
      [Ref Proc: 0.4 ms]
      [Ref Enq: 0.0 ms]
      [Redirty Cards: 0.3 ms]
      [Humongous Register: 0.0 ms]
      [Humongous Reclaim: 0.0 ms]
      [Free CSet: 0.4 ms]
   [Eden: 2454.0M(2454.0M)->0.0B(2454.0M) Survivors: 2048.0K->2048.0K Heap: 2495.1M(4096.0M)->41.0M(4096.0M)]
 [Times: user=0.01 sys=0.00, real=0.00 secs] 
2020-11-19T15:37:32.615-0800: 452.569: [GC pause (G1 Evacuation Pause) (young), 0.0027590 secs]
   [Parallel Time: 1.1 ms, GC Workers: 13]
      [GC Worker Start (ms): Min: 452569.0, Avg: 452569.1, Max: 452569.2, Diff: 0.2]
      [Ext Root Scanning (ms): Min: 0.2, Avg: 0.3, Max: 0.6, Diff: 0.3, Sum: 4.1]
      [Update RS (ms): Min: 0.0, Avg: 0.2, Max: 0.3, Diff: 0.3, Sum: 2.6]
         [Processed Buffers: Min: 5, Avg: 16.7, Max: 26, Diff: 21, Sum: 217]
      [Scan RS (ms): Min: 0.0, Avg: 0.1, Max: 0.2, Diff: 0.1, Sum: 1.9]
      [Code Root Scanning (ms): Min: 0.0, Avg: 0.0, Max: 0.0, Diff: 0.0, Sum: 0.2]
      [Object Copy (ms): Min: 0.2, Avg: 0.2, Max: 0.2, Diff: 0.0, Sum: 2.3]
      [Termination (ms): Min: 0.0, Avg: 0.0, Max: 0.0, Diff: 0.0, Sum: 0.0]
         [Termination Attempts: Min: 1, Avg: 1.2, Max: 2, Diff: 1, Sum: 16]
      [GC Worker Other (ms): Min: 0.0, Avg: 0.1, Max: 0.1, Diff: 0.1, Sum: 0.7]
      [GC Worker Total (ms): Min: 0.8, Avg: 0.9, Max: 1.0, Diff: 0.2, Sum: 11.7]
      [GC Worker End (ms): Min: 452570.0, Avg: 452570.0, Max: 452570.1, Diff: 0.1]
   [Code Root Fixup: 0.0 ms]
   [Code Root Purge: 0.0 ms]
   [Clear CT: 0.4 ms]
   [Other: 1.3 ms]
      [Choose CSet: 0.0 ms]
      [Ref Proc: 0.5 ms]
      [Ref Enq: 0.0 ms]
      [Redirty Cards: 0.2 ms]
      [Humongous Register: 0.0 ms]
      [Humongous Reclaim: 0.0 ms]
      [Free CSet: 0.4 ms]
   [Eden: 2454.0M(2454.0M)->0.0B(2454.0M) Survivors: 2048.0K->2048.0K Heap: 2495.0M(4096.0M)->41.0M(4096.0M)]
 [Times: user=0.01 sys=0.00, real=0.00 secs] 
2020-11-19T15:37:33.853-0800: 453.807: [GC pause (G1 Evacuation Pause) (young), 0.0023847 secs]
   [Parallel Time: 1.1 ms, GC Workers: 13]
      [GC Worker Start (ms): Min: 453807.1, Avg: 453807.1, Max: 453807.2, Diff: 0.2]
      [Ext Root Scanning (ms): Min: 0.2, Avg: 0.3, Max: 0.6, Diff: 0.4, Sum: 4.1]
      [Update RS (ms): Min: 0.0, Avg: 0.2, Max: 0.4, Diff: 0.4, Sum: 2.5]
         [Processed Buffers: Min: 0, Avg: 16.8, Max: 33, Diff: 33, Sum: 218]
      [Scan RS (ms): Min: 0.0, Avg: 0.2, Max: 0.2, Diff: 0.1, Sum: 2.0]
      [Code Root Scanning (ms): Min: 0.0, Avg: 0.0, Max: 0.0, Diff: 0.0, Sum: 0.2]
      [Object Copy (ms): Min: 0.1, Avg: 0.2, Max: 0.2, Diff: 0.1, Sum: 2.1]
      [Termination (ms): Min: 0.0, Avg: 0.0, Max: 0.0, Diff: 0.0, Sum: 0.0]
         [Termination Attempts: Min: 1, Avg: 1.5, Max: 4, Diff: 3, Sum: 20]
      [GC Worker Other (ms): Min: 0.0, Avg: 0.0, Max: 0.1, Diff: 0.1, Sum: 0.6]
      [GC Worker Total (ms): Min: 0.8, Avg: 0.9, Max: 1.0, Diff: 0.1, Sum: 11.6]
      [GC Worker End (ms): Min: 453808.0, Avg: 453808.0, Max: 453808.1, Diff: 0.1]
   [Code Root Fixup: 0.0 ms]
   [Code Root Purge: 0.0 ms]
   [Clear CT: 0.4 ms]
   [Other: 1.0 ms]
      [Choose CSet: 0.0 ms]
      [Ref Proc: 0.2 ms]
      [Ref Enq: 0.0 ms]
      [Redirty Cards: 0.1 ms]
      [Humongous Register: 0.0 ms]
      [Humongous Reclaim: 0.0 ms]
      [Free CSet: 0.3 ms]
   [Eden: 2454.0M(2454.0M)->0.0B(2454.0M) Survivors: 2048.0K->2048.0K Heap: 2495.0M(4096.0M)->41.0M(4096.0M)]
 [Times: user=0.01 sys=0.00, real=0.00 secs] 
2020-11-19T15:37:35.122-0800: 455.076: [GC pause (G1 Evacuation Pause) (young), 0.0022756 secs]
   [Parallel Time: 1.0 ms, GC Workers: 13]
      [GC Worker Start (ms): Min: 455076.0, Avg: 455076.1, Max: 455076.1, Diff: 0.1]
      [Ext Root Scanning (ms): Min: 0.2, Avg: 0.3, Max: 0.6, Diff: 0.3, Sum: 3.9]
      [Update RS (ms): Min: 0.0, Avg: 0.2, Max: 0.3, Diff: 0.3, Sum: 2.5]
         [Processed Buffers: Min: 0, Avg: 16.7, Max: 30, Diff: 30, Sum: 217]
      [Scan RS (ms): Min: 0.1, Avg: 0.2, Max: 0.2, Diff: 0.1, Sum: 2.2]
      [Code Root Scanning (ms): Min: 0.0, Avg: 0.0, Max: 0.0, Diff: 0.0, Sum: 0.2]
      [Object Copy (ms): Min: 0.1, Avg: 0.2, Max: 0.2, Diff: 0.1, Sum: 2.0]
      [Termination (ms): Min: 0.0, Avg: 0.0, Max: 0.0, Diff: 0.0, Sum: 0.0]
         [Termination Attempts: Min: 1, Avg: 1.0, Max: 1, Diff: 0, Sum: 13]
      [GC Worker Other (ms): Min: 0.0, Avg: 0.1, Max: 0.1, Diff: 0.1, Sum: 0.8]
      [GC Worker Total (ms): Min: 0.8, Avg: 0.9, Max: 1.0, Diff: 0.2, Sum: 11.5]
      [GC Worker End (ms): Min: 455076.9, Avg: 455077.0, Max: 455077.0, Diff: 0.1]
   [Code Root Fixup: 0.0 ms]
   [Code Root Purge: 0.0 ms]
   [Clear CT: 0.4 ms]
   [Other: 0.9 ms]
      [Choose CSet: 0.0 ms]
      [Ref Proc: 0.1 ms]
      [Ref Enq: 0.0 ms]
      [Redirty Cards: 0.1 ms]
      [Humongous Register: 0.0 ms]
      [Humongous Reclaim: 0.0 ms]
      [Free CSet: 0.3 ms]
   [Eden: 2454.0M(2454.0M)->0.0B(2454.0M) Survivors: 2048.0K->2048.0K Heap: 2495.0M(4096.0M)->41.0M(4096.0M)]
 [Times: user=0.01 sys=0.00, real=0.00 secs] 
Heap
 garbage-first heap   total 4194304K, used 621607K [0x00000006c0000000, 0x00000006c0204000, 0x00000007c0000000)
  region size 2048K, 285 young (583680K), 1 survivors (2048K)
 Metaspace       used 32609K, capacity 34680K, committed 36352K, reserved 1081344K
  class space    used 3962K, capacity 4325K, committed 4608K, reserved 1048576K
