Java HotSpot(TM) 64-Bit Server VM (25.261-b12) for bsd-amd64 JRE (1.8.0_261-b12), built on Jun 18 2020 06:38:55 by "java_re" with gcc 4.2.1 Compatible Apple LLVM 10.0.0 (clang-1000.11.45.5)
Memory: 4k page, physical 16777216k(769560k free)

/proc/meminfo:

CommandLine flags: -XX:InitialHeapSize=536870912 -XX:MaxHeapSize=536870912 -XX:+PrintGC -XX:+PrintGCDateStamps -XX:+PrintGCDetails -XX:+PrintGCTimeStamps -XX:+UseCompressedClassPointers -XX:+UseCompressedOops -XX:+UseParallelGC 
2020-11-19T15:03:40.248-0800: 1.035: [GC (Allocation Failure) [PSYoungGen: 131584K->7141K(153088K)] 131584K->7165K(502784K), 0.0079855 secs] [Times: user=0.05 sys=0.01, real=0.01 secs] 
2020-11-19T15:03:40.485-0800: 1.272: [GC (Metadata GC Threshold) [PSYoungGen: 77513K->8448K(153088K)] 77537K->8488K(502784K), 0.0079406 secs] [Times: user=0.05 sys=0.01, real=0.01 secs] 
2020-11-19T15:03:40.493-0800: 1.280: [Full GC (Metadata GC Threshold) [PSYoungGen: 8448K->0K(153088K)] [ParOldGen: 40K->8149K(349696K)] 8488K->8149K(502784K), [Metaspace: 20145K->20145K(1067008K)], 0.0185928 secs] [Times: user=0.11 sys=0.00, real=0.02 secs] 
2020-11-19T15:03:41.190-0800: 1.977: [GC (Allocation Failure) [PSYoungGen: 131584K->7296K(153088K)] 139733K->15454K(502784K), 0.0059044 secs] [Times: user=0.04 sys=0.00, real=0.00 secs] 
2020-11-19T15:03:58.945-0800: 19.732: [GC (Metadata GC Threshold) [PSYoungGen: 122535K->21492K(153088K)] 130693K->40036K(502784K), 0.0142012 secs] [Times: user=0.10 sys=0.05, real=0.01 secs] 
2020-11-19T15:03:58.960-0800: 19.746: [Full GC (Metadata GC Threshold) [PSYoungGen: 21492K->0K(153088K)] [ParOldGen: 18544K->34611K(349696K)] 40036K->34611K(502784K), [Metaspace: 31915K->31334K(1079296K)], 0.0666163 secs] [Times: user=0.48 sys=0.02, real=0.06 secs] 
2020-11-19T15:03:59.289-0800: 20.076: [GC (Allocation Failure) [PSYoungGen: 131584K->896K(132608K)] 166195K->35507K(482304K), 0.0025402 secs] [Times: user=0.02 sys=0.00, real=0.01 secs] 
2020-11-19T15:03:59.425-0800: 20.212: [GC (Allocation Failure) [PSYoungGen: 132480K->688K(145920K)] 167091K->35299K(495616K), 0.0024799 secs] [Times: user=0.02 sys=0.00, real=0.00 secs] 
2020-11-19T15:03:59.555-0800: 20.342: [GC (Allocation Failure) [PSYoungGen: 117424K->768K(145408K)] 152035K->35379K(495104K), 0.0019798 secs] [Times: user=0.02 sys=0.00, real=0.00 secs] 
2020-11-19T15:03:59.673-0800: 20.460: [GC (Allocation Failure) [PSYoungGen: 117504K->720K(147456K)] 152115K->35331K(497152K), 0.0020098 secs] [Times: user=0.01 sys=0.00, real=0.00 secs] 
2020-11-19T15:03:59.780-0800: 20.566: [GC (Allocation Failure) [PSYoungGen: 120016K->480K(146432K)] 154627K->35555K(496128K), 0.0019968 secs] [Times: user=0.01 sys=0.00, real=0.00 secs] 
2020-11-19T15:03:59.886-0800: 20.673: [GC (Allocation Failure) [PSYoungGen: 119776K->480K(148992K)] 154851K->35691K(498688K), 0.0015844 secs] [Times: user=0.01 sys=0.00, real=0.00 secs] 
2020-11-19T15:03:59.991-0800: 20.777: [GC (Allocation Failure) [PSYoungGen: 123360K->416K(148480K)] 158571K->35843K(498176K), 0.0015506 secs] [Times: user=0.01 sys=0.01, real=0.00 secs] 
2020-11-19T15:04:00.111-0800: 20.898: [GC (Allocation Failure) [PSYoungGen: 123296K->416K(151040K)] 158723K->35979K(500736K), 0.0014216 secs] [Times: user=0.02 sys=0.00, real=0.00 secs] 
2020-11-19T15:04:00.225-0800: 21.012: [GC (Allocation Failure) [PSYoungGen: 126880K->416K(150016K)] 162443K->36067K(499712K), 0.0016052 secs] [Times: user=0.02 sys=0.01, real=0.00 secs] 
2020-11-19T15:04:00.337-0800: 21.124: [GC (Allocation Failure) [PSYoungGen: 126880K->448K(153600K)] 162531K->36235K(503296K), 0.0015601 secs] [Times: user=0.01 sys=0.00, real=0.00 secs] 
2020-11-19T15:04:00.467-0800: 21.254: [GC (Allocation Failure) [PSYoungGen: 131520K->480K(152064K)] 167307K->36435K(501760K), 0.0016417 secs] [Times: user=0.02 sys=0.00, real=0.00 secs] 
2020-11-19T15:04:00.581-0800: 21.368: [GC (Allocation Failure) [PSYoungGen: 131552K->416K(155648K)] 167507K->36531K(505344K), 0.0016801 secs] [Times: user=0.02 sys=0.00, real=0.00 secs] 
2020-11-19T15:04:00.704-0800: 21.491: [GC (Allocation Failure) [PSYoungGen: 136096K->448K(154624K)] 172211K->36659K(504320K), 0.0016270 secs] [Times: user=0.02 sys=0.00, real=0.00 secs] 
2020-11-19T15:04:00.820-0800: 21.606: [GC (Allocation Failure) [PSYoungGen: 136128K->480K(157696K)] 172339K->36819K(507392K), 0.0016000 secs] [Times: user=0.02 sys=0.01, real=0.00 secs] 
2020-11-19T15:04:00.932-0800: 21.719: [GC (Allocation Failure) [PSYoungGen: 140256K->480K(156672K)] 176595K->36979K(506368K), 0.0020216 secs] [Times: user=0.02 sys=0.00, real=0.00 secs] 
2020-11-19T15:04:01.040-0800: 21.827: [GC (Allocation Failure) [PSYoungGen: 140256K->480K(159744K)] 176755K->37147K(509440K), 0.0014940 secs] [Times: user=0.01 sys=0.00, real=0.00 secs] 
2020-11-19T15:04:01.169-0800: 21.955: [GC (Allocation Failure) [PSYoungGen: 144352K->416K(158720K)] 181019K->37227K(508416K), 0.0020449 secs] [Times: user=0.03 sys=0.00, real=0.01 secs] 
2020-11-19T15:04:01.275-0800: 22.062: [GC (Allocation Failure) [PSYoungGen: 144288K->448K(161280K)] 181099K->37395K(510976K), 0.0016679 secs] [Times: user=0.02 sys=0.00, real=0.00 secs] 
2020-11-19T15:04:01.372-0800: 22.159: [GC (Allocation Failure) [PSYoungGen: 147392K->480K(160256K)] 184339K->37587K(509952K), 0.0015517 secs] [Times: user=0.02 sys=0.01, real=0.00 secs] 
2020-11-19T15:04:01.472-0800: 22.259: [GC (Allocation Failure) [PSYoungGen: 147424K->416K(162816K)] 184531K->37691K(512512K), 0.0017312 secs] [Times: user=0.02 sys=0.00, real=0.00 secs] 
2020-11-19T15:04:01.585-0800: 22.372: [GC (Allocation Failure) [PSYoungGen: 150944K->480K(162304K)] 188219K->37915K(512000K), 0.0015294 secs] [Times: user=0.02 sys=0.00, real=0.00 secs] 
2020-11-19T15:04:01.704-0800: 22.491: [GC (Allocation Failure) [PSYoungGen: 151008K->448K(164352K)] 188443K->38027K(514048K), 0.0015713 secs] [Times: user=0.02 sys=0.00, real=0.00 secs] 
2020-11-19T15:04:01.803-0800: 22.590: [GC (Allocation Failure) [PSYoungGen: 154048K->480K(163840K)] 191627K->38219K(513536K), 0.0016942 secs] [Times: user=0.02 sys=0.00, real=0.00 secs] 
2020-11-19T15:04:01.898-0800: 22.684: [GC (Allocation Failure) [PSYoungGen: 154080K->448K(165888K)] 191819K->38355K(515584K), 0.0018104 secs] [Times: user=0.02 sys=0.01, real=0.01 secs] 
2020-11-19T15:04:01.999-0800: 22.785: [GC (Allocation Failure) [PSYoungGen: 156608K->480K(164864K)] 194515K->38539K(514560K), 0.0016685 secs] [Times: user=0.02 sys=0.00, real=0.01 secs] 
2020-11-19T15:04:02.106-0800: 22.892: [GC (Allocation Failure) [PSYoungGen: 156640K->480K(166912K)] 194699K->38691K(516608K), 0.0018645 secs] [Times: user=0.02 sys=0.00, real=0.00 secs] 
2020-11-19T15:04:02.195-0800: 22.982: [GC (Allocation Failure) [PSYoungGen: 159200K->480K(166400K)] 197411K->38867K(516096K), 0.0015190 secs] [Times: user=0.02 sys=0.00, real=0.00 secs] 
2020-11-19T15:04:02.279-0800: 23.066: [GC (Allocation Failure) [PSYoungGen: 159200K->416K(167936K)] 197587K->38963K(517632K), 0.0017237 secs] [Times: user=0.02 sys=0.00, real=0.01 secs] 
2020-11-19T15:04:02.368-0800: 23.155: [GC (Allocation Failure) [PSYoungGen: 161184K->480K(167424K)] 199731K->39171K(517120K), 0.0016017 secs] [Times: user=0.02 sys=0.00, real=0.01 secs] 
2020-11-19T15:04:02.468-0800: 23.255: [GC (Allocation Failure) [PSYoungGen: 161248K->480K(168960K)] 199939K->39339K(518656K), 0.0017781 secs] [Times: user=0.01 sys=0.01, real=0.01 secs] 
2020-11-19T15:04:02.561-0800: 23.348: [GC (Allocation Failure) [PSYoungGen: 163296K->416K(168448K)] 202155K->39483K(518144K), 0.0017750 secs] [Times: user=0.02 sys=0.00, real=0.00 secs] 
2020-11-19T15:04:02.656-0800: 23.443: [GC (Allocation Failure) [PSYoungGen: 163232K->480K(169472K)] 202299K->39683K(519168K), 0.0017014 secs] [Times: user=0.01 sys=0.00, real=0.00 secs] 
2020-11-19T15:04:02.761-0800: 23.548: [GC (Allocation Failure) [PSYoungGen: 164320K->544K(168960K)] 203523K->39899K(518656K), 0.0016263 secs] [Times: user=0.02 sys=0.00, real=0.00 secs] 
2020-11-19T15:04:02.853-0800: 23.640: [GC (Allocation Failure) [PSYoungGen: 164384K->416K(169984K)] 203739K->39995K(519680K), 0.0016806 secs] [Times: user=0.02 sys=0.00, real=0.00 secs] 
2020-11-19T15:04:02.942-0800: 23.729: [GC (Allocation Failure) [PSYoungGen: 165792K->448K(169984K)] 205371K->40147K(519680K), 0.0017160 secs] [Times: user=0.02 sys=0.00, real=0.00 secs] 
2020-11-19T15:04:03.039-0800: 23.826: [GC (Allocation Failure) [PSYoungGen: 165824K->480K(170496K)] 205523K->40339K(520192K), 0.0018670 secs] [Times: user=0.02 sys=0.00, real=0.01 secs] 
2020-11-19T15:04:03.125-0800: 23.911: [GC (Allocation Failure) [PSYoungGen: 166880K->448K(170496K)] 206739K->40507K(520192K), 0.0015272 secs] [Times: user=0.02 sys=0.00, real=0.00 secs] 
2020-11-19T15:04:03.204-0800: 23.991: [GC (Allocation Failure) [PSYoungGen: 166848K->448K(171008K)] 206907K->40667K(520704K), 0.0016047 secs] [Times: user=0.02 sys=0.00, real=0.00 secs] 
2020-11-19T15:04:03.307-0800: 24.094: [GC (Allocation Failure) [PSYoungGen: 167872K->480K(171008K)] 208091K->40835K(520704K), 0.0016683 secs] [Times: user=0.02 sys=0.00, real=0.00 secs] 
2020-11-19T15:04:03.392-0800: 24.179: [GC (Allocation Failure) [PSYoungGen: 167904K->448K(171520K)] 208259K->41003K(521216K), 0.0016218 secs] [Times: user=0.02 sys=0.00, real=0.00 secs] 
2020-11-19T15:04:03.481-0800: 24.267: [GC (Allocation Failure) [PSYoungGen: 168896K->448K(171520K)] 209451K->41171K(521216K), 0.0016516 secs] [Times: user=0.01 sys=0.01, real=0.00 secs] 
2020-11-19T15:04:03.567-0800: 24.353: [GC (Allocation Failure) [PSYoungGen: 168896K->480K(172032K)] 209619K->41331K(521728K), 0.0023894 secs] [Times: user=0.02 sys=0.00, real=0.00 secs] 
2020-11-19T15:04:03.662-0800: 24.449: [GC (Allocation Failure) [PSYoungGen: 169952K->480K(172032K)] 210803K->41491K(521728K), 0.0018825 secs] [Times: user=0.02 sys=0.00, real=0.00 secs] 
2020-11-19T15:04:03.769-0800: 24.555: [GC (Allocation Failure) [PSYoungGen: 169952K->416K(172032K)] 210963K->41603K(521728K), 0.0016485 secs] [Times: user=0.02 sys=0.00, real=0.01 secs] 
2020-11-19T15:04:03.862-0800: 24.648: [GC (Allocation Failure) [PSYoungGen: 169888K->480K(172032K)] 211075K->41811K(521728K), 0.0028706 secs] [Times: user=0.02 sys=0.00, real=0.00 secs] 
2020-11-19T15:04:03.952-0800: 24.739: [GC (Allocation Failure) [PSYoungGen: 169952K->480K(172544K)] 211283K->41979K(522240K), 0.0016739 secs] [Times: user=0.02 sys=0.00, real=0.00 secs] 
2020-11-19T15:04:04.043-0800: 24.829: [GC (Allocation Failure) [PSYoungGen: 170976K->448K(172544K)] 212475K->42131K(522240K), 0.0015338 secs] [Times: user=0.02 sys=0.00, real=0.00 secs] 
2020-11-19T15:04:04.143-0800: 24.929: [GC (Allocation Failure) [PSYoungGen: 170944K->480K(172544K)] 212627K->42307K(522240K), 0.0016827 secs] [Times: user=0.02 sys=0.00, real=0.00 secs] 
2020-11-19T15:04:04.235-0800: 25.022: [GC (Allocation Failure) [PSYoungGen: 170976K->480K(172544K)] 212803K->42483K(522240K), 0.0015969 secs] [Times: user=0.01 sys=0.00, real=0.00 secs] 
2020-11-19T15:04:04.336-0800: 25.123: [GC (Allocation Failure) [PSYoungGen: 170976K->448K(173056K)] 212979K->42635K(522752K), 0.0019019 secs] [Times: user=0.01 sys=0.00, real=0.00 secs] 
2020-11-19T15:04:04.445-0800: 25.232: [GC (Allocation Failure) [PSYoungGen: 171968K->480K(173056K)] 214155K->42811K(522752K), 0.0019393 secs] [Times: user=0.02 sys=0.00, real=0.00 secs] 
2020-11-19T15:04:04.556-0800: 25.342: [GC (Allocation Failure) [PSYoungGen: 172000K->512K(173056K)] 214331K->42995K(522752K), 0.0017920 secs] [Times: user=0.02 sys=0.00, real=0.00 secs] 
2020-11-19T15:04:04.654-0800: 25.440: [GC (Allocation Failure) [PSYoungGen: 172032K->448K(173056K)] 214515K->43131K(522752K), 0.0018034 secs] [Times: user=0.02 sys=0.00, real=0.00 secs] 
2020-11-19T15:04:04.765-0800: 25.552: [GC (Allocation Failure) [PSYoungGen: 171968K->480K(173056K)] 214651K->43323K(522752K), 0.0018555 secs] [Times: user=0.01 sys=0.00, real=0.00 secs] 
2020-11-19T15:04:04.867-0800: 25.654: [GC (Allocation Failure) [PSYoungGen: 172000K->448K(173056K)] 214843K->43467K(522752K), 0.0019144 secs] [Times: user=0.01 sys=0.00, real=0.00 secs] 
2020-11-19T15:04:04.968-0800: 25.755: [GC (Allocation Failure) [PSYoungGen: 171968K->448K(173568K)] 214987K->43643K(523264K), 0.0017786 secs] [Times: user=0.01 sys=0.01, real=0.01 secs] 
2020-11-19T15:04:05.074-0800: 25.860: [GC (Allocation Failure) [PSYoungGen: 172480K->512K(173056K)] 215675K->43835K(522752K), 0.0016920 secs] [Times: user=0.02 sys=0.00, real=0.00 secs] 
2020-11-19T15:04:05.163-0800: 25.949: [GC (Allocation Failure) [PSYoungGen: 172544K->480K(173568K)] 215867K->43995K(523264K), 0.0017786 secs] [Times: user=0.01 sys=0.00, real=0.00 secs] 
2020-11-19T15:04:05.251-0800: 26.038: [GC (Allocation Failure) [PSYoungGen: 173024K->416K(173568K)] 216539K->44115K(523264K), 0.0016637 secs] [Times: user=0.01 sys=0.00, real=0.00 secs] 
2020-11-19T15:04:05.342-0800: 26.129: [GC (Allocation Failure) [PSYoungGen: 172960K->480K(173568K)] 216659K->44315K(523264K), 0.0017408 secs] [Times: user=0.02 sys=0.00, real=0.00 secs] 
2020-11-19T15:04:05.448-0800: 26.234: [GC (Allocation Failure) [PSYoungGen: 173024K->416K(173568K)] 216859K->44443K(523264K), 0.0016819 secs] [Times: user=0.01 sys=0.00, real=0.00 secs] 
2020-11-19T15:04:05.546-0800: 26.332: [GC (Allocation Failure) [PSYoungGen: 172960K->448K(173568K)] 216987K->44667K(523264K), 0.0016582 secs] [Times: user=0.02 sys=0.00, real=0.00 secs] 
2020-11-19T15:04:05.641-0800: 26.428: [GC (Allocation Failure) [PSYoungGen: 172992K->480K(173568K)] 217211K->44851K(523264K), 0.0018898 secs] [Times: user=0.02 sys=0.00, real=0.00 secs] 
2020-11-19T15:04:05.754-0800: 26.541: [GC (Allocation Failure) [PSYoungGen: 173024K->448K(173568K)] 217395K->44995K(523264K), 0.0017507 secs] [Times: user=0.01 sys=0.00, real=0.00 secs] 
2020-11-19T15:04:05.852-0800: 26.638: [GC (Allocation Failure) [PSYoungGen: 172992K->416K(173568K)] 217539K->45131K(523264K), 0.0017036 secs] [Times: user=0.02 sys=0.00, real=0.00 secs] 
2020-11-19T15:04:05.954-0800: 26.741: [GC (Allocation Failure) [PSYoungGen: 172960K->480K(173568K)] 217675K->45355K(523264K), 0.0016038 secs] [Times: user=0.01 sys=0.00, real=0.00 secs] 
2020-11-19T15:04:06.059-0800: 26.846: [GC (Allocation Failure) [PSYoungGen: 173024K->448K(173568K)] 217899K->45499K(523264K), 0.0018748 secs] [Times: user=0.01 sys=0.00, real=0.01 secs] 
2020-11-19T15:04:06.156-0800: 26.943: [GC (Allocation Failure) [PSYoungGen: 172992K->416K(173568K)] 218043K->45643K(523264K), 0.0018765 secs] [Times: user=0.01 sys=0.00, real=0.00 secs] 
2020-11-19T15:04:06.254-0800: 27.041: [GC (Allocation Failure) [PSYoungGen: 172960K->480K(173568K)] 218187K->45843K(523264K), 0.0016098 secs] [Times: user=0.02 sys=0.01, real=0.00 secs] 
2020-11-19T15:04:06.345-0800: 27.131: [GC (Allocation Failure) [PSYoungGen: 173024K->448K(173568K)] 218387K->45995K(523264K), 0.0016371 secs] [Times: user=0.02 sys=0.00, real=0.00 secs] 
2020-11-19T15:04:06.446-0800: 27.233: [GC (Allocation Failure) [PSYoungGen: 172992K->448K(173568K)] 218539K->46147K(523264K), 0.0016906 secs] [Times: user=0.01 sys=0.00, real=0.00 secs] 
2020-11-19T15:04:06.534-0800: 27.321: [GC (Allocation Failure) [PSYoungGen: 172992K->480K(173568K)] 218691K->46355K(523264K), 0.0018089 secs] [Times: user=0.01 sys=0.00, real=0.00 secs] 
2020-11-19T15:04:06.611-0800: 27.398: [GC (Allocation Failure) [PSYoungGen: 173024K->480K(173568K)] 218899K->46499K(523264K), 0.0018254 secs] [Times: user=0.01 sys=0.00, real=0.00 secs] 
2020-11-19T15:04:06.707-0800: 27.493: [GC (Allocation Failure) [PSYoungGen: 173024K->448K(173568K)] 219043K->46643K(523264K), 0.0018255 secs] [Times: user=0.01 sys=0.00, real=0.00 secs] 
2020-11-19T15:04:06.805-0800: 27.591: [GC (Allocation Failure) [PSYoungGen: 172992K->480K(173568K)] 219187K->46827K(523264K), 0.0017671 secs] [Times: user=0.02 sys=0.00, real=0.00 secs] 
2020-11-19T15:04:06.901-0800: 27.687: [GC (Allocation Failure) [PSYoungGen: 173024K->480K(173568K)] 219371K->47035K(523264K), 0.0017863 secs] [Times: user=0.01 sys=0.00, real=0.00 secs] 
2020-11-19T15:04:06.997-0800: 27.783: [GC (Allocation Failure) [PSYoungGen: 173024K->448K(173568K)] 219579K->47163K(523264K), 0.0018320 secs] [Times: user=0.01 sys=0.00, real=0.00 secs] 
2020-11-19T15:04:07.124-0800: 27.910: [GC (Allocation Failure) [PSYoungGen: 172992K->480K(173568K)] 219707K->47363K(523264K), 0.0016780 secs] [Times: user=0.01 sys=0.00, real=0.00 secs] 
2020-11-19T15:04:07.310-0800: 28.097: [GC (Allocation Failure) [PSYoungGen: 173024K->416K(173568K)] 219907K->47491K(523264K), 0.0019261 secs] [Times: user=0.01 sys=0.01, real=0.00 secs] 
2020-11-19T15:04:07.429-0800: 28.215: [GC (Allocation Failure) [PSYoungGen: 172960K->448K(173568K)] 220035K->47683K(523264K), 0.0017161 secs] [Times: user=0.02 sys=0.00, real=0.01 secs] 
2020-11-19T15:04:07.538-0800: 28.325: [GC (Allocation Failure) [PSYoungGen: 172992K->480K(173568K)] 220227K->47899K(523264K), 0.0019392 secs] [Times: user=0.01 sys=0.00, real=0.01 secs] 
2020-11-19T15:04:07.631-0800: 28.418: [GC (Allocation Failure) [PSYoungGen: 173024K->480K(173568K)] 220443K->48059K(523264K), 0.0020624 secs] [Times: user=0.01 sys=0.00, real=0.00 secs] 
2020-11-19T15:04:07.722-0800: 28.509: [GC (Allocation Failure) [PSYoungGen: 173024K->448K(173568K)] 220603K->48163K(523264K), 0.0017971 secs] [Times: user=0.01 sys=0.00, real=0.00 secs] 
2020-11-19T15:04:07.813-0800: 28.600: [GC (Allocation Failure) [PSYoungGen: 172992K->448K(173568K)] 220707K->48315K(523264K), 0.0017631 secs] [Times: user=0.01 sys=0.00, real=0.00 secs] 
2020-11-19T15:04:07.904-0800: 28.691: [GC (Allocation Failure) [PSYoungGen: 172992K->480K(173568K)] 220859K->48507K(523264K), 0.0018951 secs] [Times: user=0.01 sys=0.01, real=0.00 secs] 
2020-11-19T15:04:07.995-0800: 28.781: [GC (Allocation Failure) [PSYoungGen: 173024K->256K(173568K)] 221051K->48419K(523264K), 0.0073715 secs] [Times: user=0.01 sys=0.00, real=0.01 secs] 
2020-11-19T15:04:08.089-0800: 28.876: [GC (Allocation Failure) [PSYoungGen: 172800K->480K(173568K)] 220963K->48811K(523264K), 0.0016499 secs] [Times: user=0.01 sys=0.00, real=0.01 secs] 
2020-11-19T15:04:08.188-0800: 28.975: [GC (Allocation Failure) [PSYoungGen: 173024K->480K(173568K)] 221355K->48979K(523264K), 0.0016811 secs] [Times: user=0.01 sys=0.00, real=0.01 secs] 
2020-11-19T15:04:08.279-0800: 29.065: [GC (Allocation Failure) [PSYoungGen: 173024K->480K(173568K)] 221523K->49163K(523264K), 0.0020124 secs] [Times: user=0.01 sys=0.00, real=0.01 secs] 
2020-11-19T15:04:08.368-0800: 29.154: [GC (Allocation Failure) [PSYoungGen: 173024K->480K(173568K)] 221707K->49331K(523264K), 0.0021522 secs] [Times: user=0.01 sys=0.00, real=0.01 secs] 
2020-11-19T15:04:08.459-0800: 29.246: [GC (Allocation Failure) [PSYoungGen: 173024K->480K(173568K)] 221875K->49515K(523264K), 0.0017498 secs] [Times: user=0.02 sys=0.00, real=0.01 secs] 
2020-11-19T15:04:08.542-0800: 29.329: [GC (Allocation Failure) [PSYoungGen: 173024K->480K(173568K)] 222059K->49707K(523264K), 0.0046149 secs] [Times: user=0.01 sys=0.00, real=0.00 secs] 
2020-11-19T15:04:08.763-0800: 29.549: [GC (Allocation Failure) [PSYoungGen: 173024K->480K(173568K)] 222251K->49859K(523264K), 0.0019537 secs] [Times: user=0.01 sys=0.00, real=0.00 secs] 
2020-11-19T15:04:08.887-0800: 29.673: [GC (Allocation Failure) [PSYoungGen: 173024K->448K(173568K)] 222403K->50011K(523264K), 0.0019363 secs] [Times: user=0.02 sys=0.00, real=0.00 secs] 
2020-11-19T15:04:09.020-0800: 29.807: [GC (Allocation Failure) [PSYoungGen: 172992K->480K(173568K)] 222555K->50203K(523264K), 0.0019508 secs] [Times: user=0.01 sys=0.00, real=0.00 secs] 
2020-11-19T15:04:09.164-0800: 29.950: [GC (Allocation Failure) [PSYoungGen: 173024K->480K(173568K)] 222747K->50387K(523264K), 0.0018915 secs] [Times: user=0.01 sys=0.00, real=0.00 secs] 
2020-11-19T15:04:09.269-0800: 30.056: [GC (Allocation Failure) [PSYoungGen: 173024K->480K(173568K)] 222931K->50555K(523264K), 0.0018081 secs] [Times: user=0.02 sys=0.00, real=0.01 secs] 
2020-11-19T15:04:09.388-0800: 30.175: [GC (Allocation Failure) [PSYoungGen: 173024K->448K(173568K)] 223099K->50691K(523264K), 0.0019335 secs] [Times: user=0.01 sys=0.00, real=0.01 secs] 
2020-11-19T15:04:09.494-0800: 30.280: [GC (Allocation Failure) [PSYoungGen: 172992K->480K(173568K)] 223235K->50891K(523264K), 0.0019290 secs] [Times: user=0.01 sys=0.00, real=0.00 secs] 
2020-11-19T15:04:09.607-0800: 30.394: [GC (Allocation Failure) [PSYoungGen: 173024K->480K(173568K)] 223435K->51051K(523264K), 0.0018726 secs] [Times: user=0.01 sys=0.00, real=0.00 secs] 
2020-11-19T15:04:09.716-0800: 30.503: [GC (Allocation Failure) [PSYoungGen: 173024K->448K(173568K)] 223595K->51195K(523264K), 0.0019263 secs] [Times: user=0.01 sys=0.00, real=0.00 secs] 
2020-11-19T15:04:09.830-0800: 30.616: [GC (Allocation Failure) [PSYoungGen: 172992K->480K(173568K)] 223739K->51411K(523264K), 0.0018948 secs] [Times: user=0.01 sys=0.00, real=0.00 secs] 
2020-11-19T15:04:09.940-0800: 30.727: [GC (Allocation Failure) [PSYoungGen: 173024K->480K(173568K)] 223955K->51587K(523264K), 0.0016711 secs] [Times: user=0.01 sys=0.00, real=0.00 secs] 
2020-11-19T15:04:10.047-0800: 30.833: [GC (Allocation Failure) [PSYoungGen: 173023K->448K(173568K)] 224131K->51731K(523264K), 0.0017251 secs] [Times: user=0.01 sys=0.00, real=0.00 secs] 
2020-11-19T15:04:10.132-0800: 30.919: [GC (Allocation Failure) [PSYoungGen: 172992K->480K(173568K)] 224275K->51923K(523264K), 0.0020628 secs] [Times: user=0.02 sys=0.00, real=0.00 secs] 
2020-11-19T15:04:10.209-0800: 30.995: [GC (Allocation Failure) [PSYoungGen: 173024K->448K(173568K)] 224467K->52051K(523264K), 0.0020955 secs] [Times: user=0.01 sys=0.00, real=0.01 secs] 
2020-11-19T15:04:10.294-0800: 31.081: [GC (Allocation Failure) [PSYoungGen: 172992K->480K(173568K)] 224595K->52243K(523264K), 0.0022404 secs] [Times: user=0.02 sys=0.01, real=0.00 secs] 
2020-11-19T15:04:10.376-0800: 31.163: [GC (Allocation Failure) [PSYoungGen: 173024K->448K(173568K)] 224787K->52371K(523264K), 0.0019800 secs] [Times: user=0.01 sys=0.00, real=0.00 secs] 
2020-11-19T15:04:10.459-0800: 31.246: [GC (Allocation Failure) [PSYoungGen: 172992K->448K(173568K)] 224915K->52539K(523264K), 0.0020294 secs] [Times: user=0.01 sys=0.00, real=0.01 secs] 
2020-11-19T15:04:10.541-0800: 31.328: [GC (Allocation Failure) [PSYoungGen: 172992K->480K(173568K)] 225083K->52723K(523264K), 0.0019969 secs] [Times: user=0.01 sys=0.00, real=0.00 secs] 
2020-11-19T15:04:10.645-0800: 31.431: [GC (Allocation Failure) [PSYoungGen: 173024K->480K(173568K)] 225267K->52915K(523264K), 0.0022221 secs] [Times: user=0.01 sys=0.00, real=0.00 secs] 
2020-11-19T15:04:10.737-0800: 31.524: [GC (Allocation Failure) [PSYoungGen: 173024K->448K(173568K)] 225459K->53083K(523264K), 0.0020023 secs] [Times: user=0.01 sys=0.00, real=0.00 secs] 
2020-11-19T15:04:10.831-0800: 31.617: [GC (Allocation Failure) [PSYoungGen: 172992K->480K(173568K)] 225627K->53259K(523264K), 0.0022085 secs] [Times: user=0.01 sys=0.00, real=0.00 secs] 
2020-11-19T15:04:10.933-0800: 31.719: [GC (Allocation Failure) [PSYoungGen: 173024K->480K(173568K)] 225803K->53427K(523264K), 0.0020222 secs] [Times: user=0.01 sys=0.00, real=0.00 secs] 
2020-11-19T15:04:11.046-0800: 31.833: [GC (Allocation Failure) [PSYoungGen: 173024K->448K(173568K)] 225971K->53587K(523264K), 0.0018295 secs] [Times: user=0.01 sys=0.00, real=0.00 secs] 
2020-11-19T15:04:11.136-0800: 31.922: [GC (Allocation Failure) [PSYoungGen: 172992K->480K(173568K)] 226131K->53755K(523264K), 0.0018253 secs] [Times: user=0.01 sys=0.00, real=0.00 secs] 
2020-11-19T15:04:11.235-0800: 32.022: [GC (Allocation Failure) [PSYoungGen: 173024K->480K(173568K)] 226299K->53939K(523264K), 0.0017060 secs] [Times: user=0.01 sys=0.00, real=0.00 secs] 
2020-11-19T15:04:11.333-0800: 32.119: [GC (Allocation Failure) [PSYoungGen: 173024K->448K(173568K)] 226483K->54091K(523264K), 0.0015990 secs] [Times: user=0.01 sys=0.00, real=0.00 secs] 
2020-11-19T15:04:11.431-0800: 32.218: [GC (Allocation Failure) [PSYoungGen: 172992K->544K(173568K)] 226635K->54323K(523264K), 0.0017442 secs] [Times: user=0.01 sys=0.00, real=0.00 secs] 
2020-11-19T15:04:11.534-0800: 32.321: [GC (Allocation Failure) [PSYoungGen: 173088K->480K(173568K)] 226867K->54443K(523264K), 0.0016387 secs] [Times: user=0.01 sys=0.00, real=0.00 secs] 
2020-11-19T15:04:11.641-0800: 32.428: [GC (Allocation Failure) [PSYoungGen: 173024K->448K(173568K)] 226987K->54595K(523264K), 0.0016970 secs] [Times: user=0.01 sys=0.00, real=0.00 secs] 
2020-11-19T15:04:11.752-0800: 32.538: [GC (Allocation Failure) [PSYoungGen: 172992K->480K(173568K)] 227139K->54795K(523264K), 0.0016586 secs] [Times: user=0.01 sys=0.00, real=0.00 secs] 
2020-11-19T15:04:11.872-0800: 32.659: [GC (Allocation Failure) [PSYoungGen: 173024K->480K(173568K)] 227339K->54979K(523264K), 0.0017457 secs] [Times: user=0.01 sys=0.00, real=0.00 secs] 
2020-11-19T15:04:11.972-0800: 32.758: [GC (Allocation Failure) [PSYoungGen: 173024K->480K(173568K)] 227523K->55147K(523264K), 0.0016562 secs] [Times: user=0.01 sys=0.00, real=0.00 secs] 
2020-11-19T15:04:12.078-0800: 32.864: [GC (Allocation Failure) [PSYoungGen: 173024K->448K(173568K)] 227691K->55291K(523264K), 0.0016976 secs] [Times: user=0.01 sys=0.00, real=0.01 secs] 
2020-11-19T15:04:12.178-0800: 32.965: [GC (Allocation Failure) [PSYoungGen: 172992K->448K(173568K)] 227835K->55459K(523264K), 0.0017380 secs] [Times: user=0.01 sys=0.00, real=0.01 secs] 
2020-11-19T15:04:12.272-0800: 33.058: [GC (Allocation Failure) [PSYoungGen: 172992K->480K(173568K)] 228003K->55659K(523264K), 0.0016720 secs] [Times: user=0.01 sys=0.00, real=0.00 secs] 
2020-11-19T15:04:12.363-0800: 33.149: [GC (Allocation Failure) [PSYoungGen: 173024K->480K(173568K)] 228203K->55851K(523264K), 0.0016340 secs] [Times: user=0.02 sys=0.00, real=0.00 secs] 
2020-11-19T15:04:12.464-0800: 33.250: [GC (Allocation Failure) [PSYoungGen: 173024K->448K(173568K)] 228395K->56003K(523264K), 0.0017325 secs] [Times: user=0.01 sys=0.00, real=0.00 secs] 
2020-11-19T15:04:12.576-0800: 33.362: [GC (Allocation Failure) [PSYoungGen: 172992K->480K(173568K)] 228547K->56219K(523264K), 0.0016488 secs] [Times: user=0.02 sys=0.01, real=0.00 secs] 
2020-11-19T15:04:12.666-0800: 33.453: [GC (Allocation Failure) [PSYoungGen: 173024K->480K(173568K)] 228763K->56379K(523264K), 0.0016563 secs] [Times: user=0.01 sys=0.00, real=0.00 secs] 
2020-11-19T15:04:12.774-0800: 33.561: [GC (Allocation Failure) [PSYoungGen: 173024K->480K(173568K)] 228923K->56563K(523264K), 0.0016826 secs] [Times: user=0.01 sys=0.00, real=0.00 secs] 
2020-11-19T15:04:12.892-0800: 33.678: [GC (Allocation Failure) [PSYoungGen: 173024K->448K(173568K)] 229107K->56691K(523264K), 0.0016571 secs] [Times: user=0.01 sys=0.00, real=0.00 secs] 
2020-11-19T15:04:12.979-0800: 33.766: [GC (Allocation Failure) [PSYoungGen: 172992K->480K(173568K)] 229235K->56867K(523264K), 0.0017274 secs] [Times: user=0.01 sys=0.00, real=0.01 secs] 
2020-11-19T15:04:13.069-0800: 33.855: [GC (Allocation Failure) [PSYoungGen: 173024K->448K(173568K)] 229411K->57019K(523264K), 0.0017149 secs] [Times: user=0.01 sys=0.01, real=0.01 secs] 
2020-11-19T15:04:13.157-0800: 33.943: [GC (Allocation Failure) [PSYoungGen: 172992K->480K(173568K)] 229563K->57203K(523264K), 0.0015735 secs] [Times: user=0.01 sys=0.00, real=0.00 secs] 
2020-11-19T15:04:13.242-0800: 34.028: [GC (Allocation Failure) [PSYoungGen: 173024K->480K(173568K)] 229747K->57395K(523264K), 0.0015847 secs] [Times: user=0.01 sys=0.00, real=0.00 secs] 
2020-11-19T15:04:13.324-0800: 34.110: [GC (Allocation Failure) [PSYoungGen: 173024K->448K(173568K)] 229939K->57523K(523264K), 0.0016790 secs] [Times: user=0.01 sys=0.00, real=0.00 secs] 
2020-11-19T15:04:13.449-0800: 34.235: [GC (Allocation Failure) [PSYoungGen: 172992K->480K(173568K)] 230067K->57715K(523264K), 0.0020029 secs] [Times: user=0.01 sys=0.00, real=0.01 secs] 
2020-11-19T15:04:13.556-0800: 34.342: [GC (Allocation Failure) [PSYoungGen: 173024K->512K(173568K)] 230259K->57931K(523264K), 0.0016886 secs] [Times: user=0.01 sys=0.00, real=0.00 secs] 
2020-11-19T15:04:13.654-0800: 34.441: [GC (Allocation Failure) [PSYoungGen: 173056K->416K(173568K)] 230475K->58019K(523264K), 0.0017051 secs] [Times: user=0.02 sys=0.00, real=0.00 secs] 
2020-11-19T15:04:13.760-0800: 34.546: [GC (Allocation Failure) [PSYoungGen: 172960K->480K(173568K)] 230563K->58235K(523264K), 0.0016453 secs] [Times: user=0.01 sys=0.00, real=0.00 secs] 
2020-11-19T15:04:13.862-0800: 34.649: [GC (Allocation Failure) [PSYoungGen: 173024K->480K(173568K)] 230779K->58419K(523264K), 0.0016495 secs] [Times: user=0.02 sys=0.00, real=0.00 secs] 
2020-11-19T15:04:13.952-0800: 34.738: [GC (Allocation Failure) [PSYoungGen: 173024K->448K(173568K)] 230963K->58555K(523264K), 0.0016124 secs] [Times: user=0.01 sys=0.00, real=0.00 secs] 
2020-11-19T15:04:14.047-0800: 34.833: [GC (Allocation Failure) [PSYoungGen: 172992K->480K(173568K)] 231099K->58747K(523264K), 0.0016446 secs] [Times: user=0.01 sys=0.00, real=0.00 secs] 
2020-11-19T15:04:14.138-0800: 34.925: [GC (Allocation Failure) [PSYoungGen: 173024K->512K(173568K)] 231291K->58963K(523264K), 0.0016655 secs] [Times: user=0.01 sys=0.00, real=0.01 secs] 
2020-11-19T15:04:14.222-0800: 35.009: [GC (Allocation Failure) [PSYoungGen: 173056K->480K(173568K)] 231507K->59107K(523264K), 0.0016141 secs] [Times: user=0.01 sys=0.00, real=0.00 secs] 
2020-11-19T15:04:14.309-0800: 35.095: [GC (Allocation Failure) [PSYoungGen: 173024K->480K(173568K)] 231651K->59251K(523264K), 0.0016355 secs] [Times: user=0.01 sys=0.00, real=0.01 secs] 
2020-11-19T15:04:14.396-0800: 35.183: [GC (Allocation Failure) [PSYoungGen: 173024K->480K(173568K)] 231795K->59451K(523264K), 0.0016151 secs] [Times: user=0.01 sys=0.00, real=0.00 secs] 
2020-11-19T15:04:14.479-0800: 35.266: [GC (Allocation Failure) [PSYoungGen: 173024K->480K(173568K)] 231995K->59603K(523264K), 0.0015849 secs] [Times: user=0.01 sys=0.00, real=0.01 secs] 
2020-11-19T15:04:14.560-0800: 35.346: [GC (Allocation Failure) [PSYoungGen: 173024K->448K(173568K)] 232147K->59739K(523264K), 0.0016946 secs] [Times: user=0.01 sys=0.00, real=0.00 secs] 
2020-11-19T15:04:14.640-0800: 35.427: [GC (Allocation Failure) [PSYoungGen: 172992K->448K(173568K)] 232283K->59923K(523264K), 0.0015216 secs] [Times: user=0.00 sys=0.01, real=0.00 secs] 
2020-11-19T15:04:14.720-0800: 35.506: [GC (Allocation Failure) [PSYoungGen: 172992K->448K(173568K)] 232467K->60091K(523264K), 0.0015563 secs] [Times: user=0.01 sys=0.00, real=0.00 secs] 
2020-11-19T15:04:14.801-0800: 35.588: [GC (Allocation Failure) [PSYoungGen: 172992K->480K(173568K)] 232635K->60251K(523264K), 0.0015680 secs] [Times: user=0.01 sys=0.00, real=0.00 secs] 
2020-11-19T15:04:14.891-0800: 35.678: [GC (Allocation Failure) [PSYoungGen: 173024K->480K(173568K)] 232795K->60443K(523264K), 0.0015149 secs] [Times: user=0.01 sys=0.00, real=0.00 secs] 
2020-11-19T15:04:14.967-0800: 35.753: [GC (Allocation Failure) [PSYoungGen: 173024K->448K(173568K)] 232987K->60579K(523264K), 0.0014849 secs] [Times: user=0.01 sys=0.01, real=0.00 secs] 
2020-11-19T15:04:15.047-0800: 35.833: [GC (Allocation Failure) [PSYoungGen: 172992K->480K(173568K)] 233123K->60755K(523264K), 0.0015746 secs] [Times: user=0.01 sys=0.00, real=0.00 secs] 
2020-11-19T15:04:15.125-0800: 35.911: [GC (Allocation Failure) [PSYoungGen: 173024K->480K(173568K)] 233299K->60939K(523264K), 0.0015096 secs] [Times: user=0.01 sys=0.00, real=0.00 secs] 
2020-11-19T15:04:15.200-0800: 35.987: [GC (Allocation Failure) [PSYoungGen: 173024K->448K(173568K)] 233483K->61059K(523264K), 0.0016484 secs] [Times: user=0.02 sys=0.00, real=0.00 secs] 
2020-11-19T15:04:15.281-0800: 36.068: [GC (Allocation Failure) [PSYoungGen: 172992K->480K(173568K)] 233603K->61259K(523264K), 0.0015180 secs] [Times: user=0.01 sys=0.00, real=0.00 secs] 
2020-11-19T15:04:15.359-0800: 36.146: [GC (Allocation Failure) [PSYoungGen: 173024K->480K(173568K)] 233803K->61459K(523264K), 0.0015836 secs] [Times: user=0.01 sys=0.00, real=0.01 secs] 
2020-11-19T15:04:15.433-0800: 36.220: [GC (Allocation Failure) [PSYoungGen: 173024K->480K(173568K)] 234003K->61627K(523264K), 0.0016294 secs] [Times: user=0.01 sys=0.00, real=0.00 secs] 
2020-11-19T15:04:15.511-0800: 36.297: [GC (Allocation Failure) [PSYoungGen: 173024K->480K(173568K)] 234171K->61763K(523264K), 0.0015673 secs] [Times: user=0.01 sys=0.00, real=0.00 secs] 
2020-11-19T15:04:15.586-0800: 36.372: [GC (Allocation Failure) [PSYoungGen: 173024K->480K(174080K)] 234307K->61947K(523776K), 0.0015554 secs] [Times: user=0.01 sys=0.00, real=0.00 secs] 
2020-11-19T15:04:15.660-0800: 36.446: [GC (Allocation Failure) [PSYoungGen: 174048K->480K(174080K)] 235515K->62123K(523776K), 0.0015820 secs] [Times: user=0.02 sys=0.01, real=0.00 secs] 
2020-11-19T15:04:15.739-0800: 36.526: [GC (Allocation Failure) [PSYoungGen: 174048K->480K(174080K)] 235691K->62283K(523776K), 0.0016097 secs] [Times: user=0.02 sys=0.01, real=0.01 secs] 
2020-11-19T15:04:15.817-0800: 36.604: [GC (Allocation Failure) [PSYoungGen: 174048K->480K(174080K)] 235851K->62435K(523776K), 0.0015387 secs] [Times: user=0.02 sys=0.00, real=0.00 secs] 
2020-11-19T15:04:15.912-0800: 36.698: [GC (Allocation Failure) [PSYoungGen: 174048K->480K(174080K)] 236003K->62603K(523776K), 0.0016672 secs] [Times: user=0.01 sys=0.00, real=0.00 secs] 
2020-11-19T15:04:15.996-0800: 36.783: [GC (Allocation Failure) [PSYoungGen: 174048K->480K(174080K)] 236171K->62779K(523776K), 0.0018046 secs] [Times: user=0.01 sys=0.00, real=0.00 secs] 
2020-11-19T15:04:16.083-0800: 36.870: [GC (Allocation Failure) [PSYoungGen: 174048K->448K(174080K)] 236347K->62915K(523776K), 0.0015248 secs] [Times: user=0.01 sys=0.00, real=0.00 secs] 
2020-11-19T15:04:16.162-0800: 36.949: [GC (Allocation Failure) [PSYoungGen: 174016K->480K(174080K)] 236483K->63107K(523776K), 0.0016090 secs] [Times: user=0.01 sys=0.00, real=0.00 secs] 
2020-11-19T15:04:16.241-0800: 37.027: [GC (Allocation Failure) [PSYoungGen: 174048K->480K(174080K)] 236675K->63275K(523776K), 0.0016315 secs] [Times: user=0.02 sys=0.00, real=0.00 secs] 
2020-11-19T15:04:16.323-0800: 37.109: [GC (Allocation Failure) [PSYoungGen: 174048K->448K(174080K)] 236843K->63411K(523776K), 0.0016560 secs] [Times: user=0.01 sys=0.00, real=0.00 secs] 
2020-11-19T15:04:16.410-0800: 37.196: [GC (Allocation Failure) [PSYoungGen: 174016K->448K(174080K)] 236979K->63571K(523776K), 0.0015443 secs] [Times: user=0.02 sys=0.00, real=0.00 secs] 
2020-11-19T15:04:16.489-0800: 37.276: [GC (Allocation Failure) [PSYoungGen: 174016K->448K(174080K)] 237139K->63715K(523776K), 0.0015714 secs] [Times: user=0.01 sys=0.00, real=0.01 secs] 
2020-11-19T15:04:16.563-0800: 37.349: [GC (Allocation Failure) [PSYoungGen: 174016K->448K(174080K)] 237283K->63859K(523776K), 0.0015954 secs] [Times: user=0.01 sys=0.00, real=0.00 secs] 
2020-11-19T15:04:16.639-0800: 37.425: [GC (Allocation Failure) [PSYoungGen: 174016K->480K(174080K)] 237427K->64059K(523776K), 0.0015948 secs] [Times: user=0.02 sys=0.00, real=0.01 secs] 
2020-11-19T15:04:16.719-0800: 37.505: [GC (Allocation Failure) [PSYoungGen: 174048K->480K(174080K)] 237627K->64219K(523776K), 0.0017809 secs] [Times: user=0.01 sys=0.00, real=0.01 secs] 
2020-11-19T15:04:16.801-0800: 37.588: [GC (Allocation Failure) [PSYoungGen: 174048K->480K(174080K)] 237787K->64387K(523776K), 0.0015235 secs] [Times: user=0.01 sys=0.00, real=0.00 secs] 
2020-11-19T15:04:16.892-0800: 37.678: [GC (Allocation Failure) [PSYoungGen: 174048K->480K(174080K)] 237955K->64547K(523776K), 0.0016102 secs] [Times: user=0.01 sys=0.00, real=0.00 secs] 
2020-11-19T15:04:16.968-0800: 37.755: [GC (Allocation Failure) [PSYoungGen: 174048K->448K(174080K)] 238115K->64683K(523776K), 0.0017017 secs] [Times: user=0.02 sys=0.00, real=0.01 secs] 
2020-11-19T15:04:17.046-0800: 37.832: [GC (Allocation Failure) [PSYoungGen: 174016K->480K(174080K)] 238251K->64891K(523776K), 0.0014830 secs] [Times: user=0.01 sys=0.00, real=0.00 secs] 
2020-11-19T15:04:17.124-0800: 37.911: [GC (Allocation Failure) [PSYoungGen: 174048K->480K(174080K)] 238459K->65075K(523776K), 0.0015419 secs] [Times: user=0.01 sys=0.01, real=0.00 secs] 
2020-11-19T15:04:17.206-0800: 37.993: [GC (Allocation Failure) [PSYoungGen: 174048K->448K(174080K)] 238643K->65211K(523776K), 0.0015680 secs] [Times: user=0.01 sys=0.00, real=0.00 secs] 
2020-11-19T15:04:17.289-0800: 38.076: [GC (Allocation Failure) [PSYoungGen: 174016K->448K(174080K)] 238779K->65387K(523776K), 0.0015982 secs] [Times: user=0.02 sys=0.00, real=0.01 secs] 
2020-11-19T15:04:17.374-0800: 38.160: [GC (Allocation Failure) [PSYoungGen: 174016K->480K(174080K)] 238955K->65603K(523776K), 0.0015551 secs] [Times: user=0.01 sys=0.00, real=0.00 secs] 
2020-11-19T15:04:17.456-0800: 38.243: [GC (Allocation Failure) [PSYoungGen: 174048K->480K(174080K)] 239171K->65755K(523776K), 0.0015952 secs] [Times: user=0.01 sys=0.00, real=0.00 secs] 
2020-11-19T15:04:17.533-0800: 38.320: [GC (Allocation Failure) [PSYoungGen: 174048K->448K(174080K)] 239323K->65891K(523776K), 0.0015429 secs] [Times: user=0.01 sys=0.00, real=0.00 secs] 
2020-11-19T15:04:17.609-0800: 38.396: [GC (Allocation Failure) [PSYoungGen: 174016K->480K(174080K)] 239459K->66091K(523776K), 0.0015134 secs] [Times: user=0.01 sys=0.00, real=0.01 secs] 
2020-11-19T15:04:17.686-0800: 38.472: [GC (Allocation Failure) [PSYoungGen: 174048K->480K(174080K)] 239659K->66251K(523776K), 0.0016177 secs] [Times: user=0.01 sys=0.00, real=0.00 secs] 
2020-11-19T15:04:17.764-0800: 38.551: [GC (Allocation Failure) [PSYoungGen: 174048K->480K(174080K)] 239819K->66419K(523776K), 0.0015589 secs] [Times: user=0.01 sys=0.00, real=0.00 secs] 
2020-11-19T15:04:17.850-0800: 38.636: [GC (Allocation Failure) [PSYoungGen: 174048K->480K(174080K)] 239987K->66579K(523776K), 0.0015886 secs] [Times: user=0.01 sys=0.01, real=0.00 secs] 
2020-11-19T15:04:17.948-0800: 38.735: [GC (Allocation Failure) [PSYoungGen: 174048K->480K(174080K)] 240147K->66739K(523776K), 0.0016098 secs] [Times: user=0.01 sys=0.00, real=0.01 secs] 
2020-11-19T15:04:18.025-0800: 38.812: [GC (Allocation Failure) [PSYoungGen: 174048K->448K(174080K)] 240307K->66883K(523776K), 0.0016736 secs] [Times: user=0.01 sys=0.00, real=0.00 secs] 
2020-11-19T15:04:18.107-0800: 38.894: [GC (Allocation Failure) [PSYoungGen: 174016K->480K(174080K)] 240451K->67067K(523776K), 0.0016401 secs] [Times: user=0.01 sys=0.00, real=0.00 secs] 
2020-11-19T15:04:18.193-0800: 38.979: [GC (Allocation Failure) [PSYoungGen: 174048K->480K(174080K)] 240635K->67243K(523776K), 0.0016018 secs] [Times: user=0.01 sys=0.00, real=0.00 secs] 
2020-11-19T15:04:18.269-0800: 39.056: [GC (Allocation Failure) [PSYoungGen: 174048K->448K(174080K)] 240811K->67403K(523776K), 0.0016798 secs] [Times: user=0.01 sys=0.01, real=0.01 secs] 
2020-11-19T15:04:18.351-0800: 39.137: [GC (Allocation Failure) [PSYoungGen: 174016K->448K(174080K)] 240971K->67547K(523776K), 0.0016773 secs] [Times: user=0.01 sys=0.00, real=0.00 secs] 
2020-11-19T15:04:18.438-0800: 39.225: [GC (Allocation Failure) [PSYoungGen: 174016K->480K(174080K)] 241115K->67763K(523776K), 0.0016477 secs] [Times: user=0.01 sys=0.00, real=0.01 secs] 
2020-11-19T15:04:18.521-0800: 39.307: [GC (Allocation Failure) [PSYoungGen: 174048K->448K(174080K)] 241331K->67899K(523776K), 0.0017161 secs] [Times: user=0.01 sys=0.01, real=0.00 secs] 
2020-11-19T15:04:18.604-0800: 39.391: [GC (Allocation Failure) [PSYoungGen: 174016K->416K(174080K)] 241467K->67987K(523776K), 0.0016613 secs] [Times: user=0.02 sys=0.00, real=0.00 secs] 
2020-11-19T15:04:18.684-0800: 39.470: [GC (Allocation Failure) [PSYoungGen: 173984K->416K(173056K)] 241555K->68139K(522752K), 0.0016784 secs] [Times: user=0.01 sys=0.00, real=0.00 secs] 
2020-11-19T15:04:18.765-0800: 39.551: [GC (Allocation Failure) [PSYoungGen: 172960K->416K(173568K)] 240683K->68275K(523264K), 0.0015287 secs] [Times: user=0.01 sys=0.00, real=0.00 secs] 
2020-11-19T15:04:18.857-0800: 39.644: [GC (Allocation Failure) [PSYoungGen: 172960K->416K(173568K)] 240819K->68379K(523264K), 0.0014924 secs] [Times: user=0.02 sys=0.00, real=0.00 secs] 
2020-11-19T15:04:32.057-0800: 52.843: [GC (Allocation Failure) [PSYoungGen: 172960K->416K(173568K)] 240923K->68475K(523264K), 0.0014457 secs] [Times: user=0.01 sys=0.00, real=0.00 secs] 
2020-11-19T15:04:32.365-0800: 53.152: [GC (Allocation Failure) [PSYoungGen: 172960K->640K(173568K)] 241019K->68755K(523264K), 0.0017746 secs] [Times: user=0.01 sys=0.01, real=0.00 secs] 
2020-11-19T15:04:32.422-0800: 53.208: [GC (Allocation Failure) [PSYoungGen: 173184K->416K(173568K)] 241299K->68827K(523264K), 0.0018672 secs] [Times: user=0.02 sys=0.00, real=0.00 secs] 
2020-11-19T15:04:32.512-0800: 53.298: [GC (Allocation Failure) [PSYoungGen: 172960K->608K(173568K)] 241371K->69091K(523264K), 0.0017851 secs] [Times: user=0.01 sys=0.01, real=0.00 secs] 
2020-11-19T15:04:32.586-0800: 53.372: [GC (Allocation Failure) [PSYoungGen: 173152K->416K(173568K)] 241635K->69195K(523264K), 0.0017939 secs] [Times: user=0.01 sys=0.00, real=0.00 secs] 
2020-11-19T15:04:32.641-0800: 53.427: [GC (Allocation Failure) [PSYoungGen: 172960K->416K(173568K)] 241739K->69307K(523264K), 0.0022787 secs] [Times: user=0.01 sys=0.00, real=0.00 secs] 
2020-11-19T15:04:32.736-0800: 53.522: [GC (Allocation Failure) [PSYoungGen: 172960K->576K(173568K)] 241851K->69499K(523264K), 0.0016898 secs] [Times: user=0.01 sys=0.00, real=0.00 secs] 
2020-11-19T15:04:32.794-0800: 53.580: [GC (Allocation Failure) [PSYoungGen: 173120K->416K(173568K)] 242043K->69627K(523264K), 0.0016991 secs] [Times: user=0.01 sys=0.00, real=0.00 secs] 
2020-11-19T15:04:32.872-0800: 53.658: [GC (Allocation Failure) [PSYoungGen: 172960K->480K(173568K)] 242171K->69763K(523264K), 0.0017491 secs] [Times: user=0.01 sys=0.00, real=0.00 secs] 
2020-11-19T15:04:32.943-0800: 53.729: [GC (Allocation Failure) [PSYoungGen: 173024K->384K(173568K)] 242307K->69795K(523264K), 0.0020896 secs] [Times: user=0.01 sys=0.00, real=0.00 secs] 
2020-11-19T15:04:33.032-0800: 53.819: [GC (Allocation Failure) [PSYoungGen: 172928K->416K(173568K)] 242339K->69923K(523264K), 0.0015757 secs] [Times: user=0.01 sys=0.00, real=0.00 secs] 
2020-11-19T15:04:33.703-0800: 54.489: [GC (Allocation Failure) [PSYoungGen: 172960K->608K(173568K)] 242467K->70195K(523264K), 0.0014208 secs] [Times: user=0.01 sys=0.00, real=0.00 secs] 
2020-11-19T15:04:33.760-0800: 54.546: [GC (Allocation Failure) [PSYoungGen: 173152K->416K(173568K)] 242739K->70355K(523264K), 0.0017075 secs] [Times: user=0.01 sys=0.00, real=0.00 secs] 
2020-11-19T15:04:33.814-0800: 54.600: [GC (Allocation Failure) [PSYoungGen: 172960K->416K(173568K)] 242899K->70371K(523264K), 0.0020329 secs] [Times: user=0.01 sys=0.00, real=0.00 secs] 
2020-11-19T15:04:33.908-0800: 54.694: [GC (Allocation Failure) [PSYoungGen: 172960K->544K(173568K)] 242915K->70523K(523264K), 0.0019698 secs] [Times: user=0.01 sys=0.00, real=0.01 secs] 
2020-11-19T15:04:34.005-0800: 54.791: [GC (Allocation Failure) [PSYoungGen: 173088K->416K(173568K)] 243067K->70659K(523264K), 0.0019365 secs] [Times: user=0.02 sys=0.01, real=0.00 secs] 
2020-11-19T15:04:34.101-0800: 54.888: [GC (Allocation Failure) [PSYoungGen: 172960K->480K(173568K)] 243203K->70771K(523264K), 0.0016981 secs] [Times: user=0.01 sys=0.00, real=0.00 secs] 
2020-11-19T15:04:34.191-0800: 54.977: [GC (Allocation Failure) [PSYoungGen: 173024K->416K(173568K)] 243315K->70811K(523264K), 0.0013787 secs] [Times: user=0.01 sys=0.00, real=0.00 secs] 
2020-11-19T15:04:35.041-0800: 55.827: [GC (Allocation Failure) [PSYoungGen: 172960K->480K(173568K)] 243355K->70915K(523264K), 0.0020575 secs] [Times: user=0.01 sys=0.00, real=0.00 secs] 
2020-11-19T15:04:35.119-0800: 55.905: [GC (Allocation Failure) [PSYoungGen: 173024K->480K(173568K)] 243459K->71003K(523264K), 0.0020077 secs] [Times: user=0.01 sys=0.00, real=0.01 secs] 
2020-11-19T15:04:35.188-0800: 55.974: [GC (Allocation Failure) [PSYoungGen: 173024K->416K(173568K)] 243547K->71163K(523264K), 0.0018630 secs] [Times: user=0.01 sys=0.00, real=0.01 secs] 
2020-11-19T15:04:35.275-0800: 56.061: [GC (Allocation Failure) [PSYoungGen: 172960K->608K(173568K)] 243707K->71467K(523264K), 0.0018191 secs] [Times: user=0.01 sys=0.00, real=0.00 secs] 
2020-11-19T15:04:35.342-0800: 56.128: [GC (Allocation Failure) [PSYoungGen: 173152K->416K(173568K)] 244011K->71595K(523264K), 0.0019303 secs] [Times: user=0.02 sys=0.00, real=0.00 secs] 
2020-11-19T15:04:35.413-0800: 56.199: [GC (Allocation Failure) [PSYoungGen: 172960K->448K(173568K)] 244139K->71731K(523264K), 0.0014603 secs] [Times: user=0.01 sys=0.00, real=0.00 secs] 
2020-11-19T15:04:35.497-0800: 56.283: [GC (Allocation Failure) [PSYoungGen: 172992K->544K(173568K)] 244275K->71971K(523264K), 0.0019068 secs] [Times: user=0.01 sys=0.00, real=0.00 secs] 
2020-11-19T15:04:35.579-0800: 56.365: [GC (Allocation Failure) [PSYoungGen: 173088K->416K(173568K)] 244515K->72099K(523264K), 0.0018842 secs] [Times: user=0.01 sys=0.00, real=0.01 secs] 
2020-11-19T15:04:35.649-0800: 56.435: [GC (Allocation Failure) [PSYoungGen: 172960K->448K(173568K)] 244643K->72227K(523264K), 0.0016358 secs] [Times: user=0.01 sys=0.00, real=0.01 secs] 
2020-11-19T15:04:35.726-0800: 56.512: [GC (Allocation Failure) [PSYoungGen: 172992K->448K(173568K)] 244771K->72387K(523264K), 0.0018834 secs] [Times: user=0.01 sys=0.00, real=0.00 secs] 
2020-11-19T15:04:35.809-0800: 56.596: [GC (Allocation Failure) [PSYoungGen: 172992K->416K(173568K)] 244931K->72507K(523264K), 0.0018322 secs] [Times: user=0.02 sys=0.00, real=0.01 secs] 
2020-11-19T15:04:35.897-0800: 56.683: [GC (Allocation Failure) [PSYoungGen: 172960K->448K(173568K)] 245051K->72659K(523264K), 0.0018949 secs] [Times: user=0.01 sys=0.00, real=0.00 secs] 
2020-11-19T15:04:36.000-0800: 56.786: [GC (Allocation Failure) [PSYoungGen: 172992K->416K(173568K)] 245203K->72731K(523264K), 0.0019318 secs] [Times: user=0.01 sys=0.00, real=0.00 secs] 
2020-11-19T15:04:36.520-0800: 57.306: [GC (Allocation Failure) [PSYoungGen: 172960K->640K(173568K)] 245275K->73019K(523264K), 0.0018917 secs] [Times: user=0.01 sys=0.00, real=0.00 secs] 
2020-11-19T15:04:36.594-0800: 57.380: [GC (Allocation Failure) [PSYoungGen: 173184K->384K(173568K)] 245563K->73123K(523264K), 0.0018474 secs] [Times: user=0.01 sys=0.00, real=0.00 secs] 
2020-11-19T15:04:36.675-0800: 57.461: [GC (Allocation Failure) [PSYoungGen: 172928K->608K(173568K)] 245667K->73395K(523264K), 0.0016672 secs] [Times: user=0.01 sys=0.00, real=0.00 secs] 
2020-11-19T15:04:36.758-0800: 57.544: [GC (Allocation Failure) [PSYoungGen: 173152K->416K(173568K)] 245939K->73531K(523264K), 0.0018737 secs] [Times: user=0.02 sys=0.00, real=0.01 secs] 
2020-11-19T15:04:36.837-0800: 57.623: [GC (Allocation Failure) [PSYoungGen: 172960K->416K(173568K)] 246075K->73579K(523264K), 0.0017209 secs] [Times: user=0.01 sys=0.00, real=0.00 secs] 
2020-11-19T15:04:36.922-0800: 57.708: [GC (Allocation Failure) [PSYoungGen: 172960K->512K(173568K)] 246123K->73755K(523264K), 0.0019384 secs] [Times: user=0.01 sys=0.00, real=0.00 secs] 
2020-11-19T15:04:36.991-0800: 57.777: [GC (Allocation Failure) [PSYoungGen: 173056K->416K(173568K)] 246299K->73891K(523264K), 0.0017741 secs] [Times: user=0.02 sys=0.01, real=0.00 secs] 
2020-11-19T15:04:37.097-0800: 57.884: [GC (Allocation Failure) [PSYoungGen: 172960K->480K(173568K)] 246435K->73995K(523264K), 0.0017551 secs] [Times: user=0.01 sys=0.00, real=0.00 secs] 
2020-11-19T15:04:37.820-0800: 58.607: [GC (Allocation Failure) [PSYoungGen: 173024K->480K(173568K)] 246539K->74067K(523264K), 0.0014462 secs] [Times: user=0.01 sys=0.00, real=0.00 secs] 
2020-11-19T15:04:37.890-0800: 58.676: [GC (Allocation Failure) [PSYoungGen: 173024K->448K(173568K)] 246611K->74163K(523264K), 0.0014596 secs] [Times: user=0.01 sys=0.00, real=0.00 secs] 
2020-11-19T15:04:37.962-0800: 58.748: [GC (Allocation Failure) [PSYoungGen: 172992K->480K(173568K)] 246707K->74331K(523264K), 0.0018869 secs] [Times: user=0.01 sys=0.00, real=0.00 secs] 
2020-11-19T15:04:38.046-0800: 58.832: [GC (Allocation Failure) [PSYoungGen: 173024K->416K(173568K)] 246875K->74403K(523264K), 0.0025649 secs] [Times: user=0.01 sys=0.01, real=0.00 secs] 
2020-11-19T15:04:38.129-0800: 58.915: [GC (Allocation Failure) [PSYoungGen: 172960K->480K(173568K)] 246947K->74659K(523264K), 0.0019376 secs] [Times: user=0.02 sys=0.00, real=0.01 secs] 
2020-11-19T15:04:38.205-0800: 58.991: [GC (Allocation Failure) [PSYoungGen: 173024K->544K(173568K)] 247203K->74891K(523264K), 0.0014873 secs] [Times: user=0.01 sys=0.00, real=0.00 secs] 
2020-11-19T15:04:38.300-0800: 59.086: [GC (Allocation Failure) [PSYoungGen: 173088K->480K(173568K)] 247435K->75035K(523264K), 0.0017729 secs] [Times: user=0.01 sys=0.00, real=0.00 secs] 
2020-11-19T15:04:38.389-0800: 59.175: [GC (Allocation Failure) [PSYoungGen: 173024K->416K(173568K)] 247579K->75155K(523264K), 0.0018881 secs] [Times: user=0.01 sys=0.00, real=0.01 secs] 
2020-11-19T15:04:38.478-0800: 59.264: [GC (Allocation Failure) [PSYoungGen: 172960K->544K(173568K)] 247699K->75323K(523264K), 0.0019850 secs] [Times: user=0.01 sys=0.00, real=0.01 secs] 
2020-11-19T15:04:38.561-0800: 59.347: [GC (Allocation Failure) [PSYoungGen: 173088K->480K(173568K)] 247867K->75531K(523264K), 0.0017430 secs] [Times: user=0.01 sys=0.00, real=0.00 secs] 
2020-11-19T15:04:38.622-0800: 59.409: [GC (Allocation Failure) [PSYoungGen: 173024K->416K(173568K)] 248075K->75611K(523264K), 0.0017074 secs] [Times: user=0.01 sys=0.00, real=0.00 secs] 
2020-11-19T15:04:38.717-0800: 59.503: [GC (Allocation Failure) [PSYoungGen: 172960K->480K(173568K)] 248155K->75771K(523264K), 0.0013939 secs] [Times: user=0.01 sys=0.01, real=0.00 secs] 
2020-11-19T15:04:38.791-0800: 59.577: [GC (Allocation Failure) [PSYoungGen: 173024K->416K(173568K)] 248315K->75867K(523264K), 0.0014361 secs] [Times: user=0.01 sys=0.00, real=0.00 secs] 
2020-11-19T15:04:39.280-0800: 60.066: [GC (Allocation Failure) [PSYoungGen: 172960K->608K(173568K)] 248411K->76179K(523264K), 0.0017950 secs] [Times: user=0.01 sys=0.00, real=0.00 secs] 
2020-11-19T15:04:39.338-0800: 60.124: [GC (Allocation Failure) [PSYoungGen: 173152K->416K(173568K)] 248723K->76291K(523264K), 0.0018617 secs] [Times: user=0.02 sys=0.01, real=0.01 secs] 
2020-11-19T15:04:39.420-0800: 60.206: [GC (Allocation Failure) [PSYoungGen: 172960K->544K(173568K)] 248835K->76459K(523264K), 0.0015569 secs] [Times: user=0.01 sys=0.00, real=0.00 secs] 
2020-11-19T15:04:39.493-0800: 60.279: [GC (Allocation Failure) [PSYoungGen: 173088K->448K(173568K)] 249003K->76627K(523264K), 0.0017278 secs] [Times: user=0.01 sys=0.00, real=0.00 secs] 
2020-11-19T15:04:39.557-0800: 60.343: [GC (Allocation Failure) [PSYoungGen: 172992K->384K(173568K)] 249171K->76707K(523264K), 0.0017046 secs] [Times: user=0.01 sys=0.00, real=0.00 secs] 
2020-11-19T15:04:39.649-0800: 60.435: [GC (Allocation Failure) [PSYoungGen: 172928K->608K(173568K)] 249251K->77011K(523264K), 0.0016037 secs] [Times: user=0.02 sys=0.00, real=0.01 secs] 
2020-11-19T15:04:39.730-0800: 60.516: [GC (Allocation Failure) [PSYoungGen: 173152K->416K(173568K)] 249555K->77131K(523264K), 0.0018218 secs] [Times: user=0.01 sys=0.01, real=0.00 secs] 
2020-11-19T15:04:39.815-0800: 60.601: [GC (Allocation Failure) [PSYoungGen: 172960K->416K(173568K)] 249675K->77219K(523264K), 0.0017576 secs] [Times: user=0.01 sys=0.00, real=0.00 secs] 
2020-11-19T15:04:39.909-0800: 60.695: [GC (Allocation Failure) [PSYoungGen: 172960K->512K(173568K)] 249763K->77379K(523264K), 0.0016940 secs] [Times: user=0.02 sys=0.00, real=0.01 secs] 
2020-11-19T15:04:39.988-0800: 60.774: [GC (Allocation Failure) [PSYoungGen: 173056K->416K(173568K)] 249923K->77483K(523264K), 0.0018389 secs] [Times: user=0.01 sys=0.00, real=0.01 secs] 
2020-11-19T15:04:40.075-0800: 60.861: [GC (Allocation Failure) [PSYoungGen: 172960K->416K(173568K)] 250027K->77579K(523264K), 0.0017522 secs] [Times: user=0.01 sys=0.00, real=0.00 secs] 
2020-11-19T15:04:40.173-0800: 60.959: [GC (Allocation Failure) [PSYoungGen: 172960K->416K(173568K)] 250123K->77675K(523264K), 0.0014505 secs] [Times: user=0.01 sys=0.00, real=0.00 secs] 
2020-11-19T15:04:40.556-0800: 61.342: [GC (Allocation Failure) [PSYoungGen: 172960K->544K(173568K)] 250219K->77883K(523264K), 0.0018252 secs] [Times: user=0.01 sys=0.01, real=0.00 secs] 
2020-11-19T15:04:40.639-0800: 61.425: [GC (Allocation Failure) [PSYoungGen: 173088K->576K(173568K)] 250427K->78059K(523264K), 0.0017426 secs] [Times: user=0.01 sys=0.00, real=0.01 secs] 
2020-11-19T15:04:40.717-0800: 61.503: [GC (Allocation Failure) [PSYoungGen: 173120K->416K(173568K)] 250603K->78155K(523264K), 0.0018243 secs] [Times: user=0.02 sys=0.00, real=0.00 secs] 
2020-11-19T15:04:40.775-0800: 61.561: [GC (Allocation Failure) [PSYoungGen: 172960K->416K(173568K)] 250699K->78299K(523264K), 0.0018465 secs] [Times: user=0.01 sys=0.00, real=0.00 secs] 
2020-11-19T15:04:40.873-0800: 61.659: [GC (Allocation Failure) [PSYoungGen: 172960K->576K(173568K)] 250843K->78539K(523264K), 0.0017283 secs] [Times: user=0.01 sys=0.00, real=0.00 secs] 
2020-11-19T15:04:40.956-0800: 61.742: [GC (Allocation Failure) [PSYoungGen: 173120K->416K(173568K)] 251083K->78667K(523264K), 0.0017970 secs] [Times: user=0.01 sys=0.00, real=0.00 secs] 
2020-11-19T15:04:41.040-0800: 61.826: [GC (Allocation Failure) [PSYoungGen: 172960K->416K(173568K)] 251211K->78771K(523264K), 0.0016812 secs] [Times: user=0.01 sys=0.00, real=0.00 secs] 
2020-11-19T15:04:41.130-0800: 61.916: [GC (Allocation Failure) [PSYoungGen: 172960K->480K(173568K)] 251315K->78923K(523264K), 0.0016453 secs] [Times: user=0.01 sys=0.00, real=0.00 secs] 
2020-11-19T15:04:41.201-0800: 61.987: [GC (Allocation Failure) [PSYoungGen: 173024K->416K(173568K)] 251467K->79035K(523264K), 0.0014622 secs] [Times: user=0.01 sys=0.00, real=0.00 secs] 
2020-11-19T15:04:41.294-0800: 62.080: [GC (Allocation Failure) [PSYoungGen: 172960K->416K(173568K)] 251579K->79131K(523264K), 0.0014734 secs] [Times: user=0.01 sys=0.01, real=0.00 secs] 
2020-11-19T15:04:41.974-0800: 62.760: [GC (Allocation Failure) [PSYoungGen: 172960K->640K(173568K)] 251675K->79443K(523264K), 0.0022667 secs] [Times: user=0.01 sys=0.00, real=0.00 secs] 
2020-11-19T15:04:42.036-0800: 62.822: [GC (Allocation Failure) [PSYoungGen: 173184K->416K(173568K)] 251987K->79571K(523264K), 0.0020353 secs] [Times: user=0.01 sys=0.00, real=0.00 secs] 
2020-11-19T15:04:42.092-0800: 62.878: [GC (Allocation Failure) [PSYoungGen: 172960K->416K(173568K)] 252115K->79659K(523264K), 0.0019208 secs] [Times: user=0.02 sys=0.00, real=0.00 secs] 
2020-11-19T15:04:42.185-0800: 62.971: [GC (Allocation Failure) [PSYoungGen: 172960K->640K(173568K)] 252203K->79947K(523264K), 0.0019628 secs] [Times: user=0.01 sys=0.01, real=0.00 secs] 
2020-11-19T15:04:42.261-0800: 63.047: [GC (Allocation Failure) [PSYoungGen: 173184K->416K(173568K)] 252491K->80067K(523264K), 0.0017664 secs] [Times: user=0.01 sys=0.00, real=0.00 secs] 
2020-11-19T15:04:42.346-0800: 63.132: [GC (Allocation Failure) [PSYoungGen: 172960K->416K(173568K)] 252611K->80123K(523264K), 0.0018720 secs] [Times: user=0.01 sys=0.00, real=0.00 secs] 
2020-11-19T15:04:42.450-0800: 63.236: [GC (Allocation Failure) [PSYoungGen: 172960K->512K(173568K)] 252667K->80331K(523264K), 0.0016482 secs] [Times: user=0.01 sys=0.00, real=0.00 secs] 
2020-11-19T15:04:42.532-0800: 63.318: [GC (Allocation Failure) [PSYoungGen: 173056K->448K(173568K)] 252875K->80395K(523264K), 0.0019757 secs] [Times: user=0.01 sys=0.00, real=0.00 secs] 
2020-11-19T15:04:42.623-0800: 63.409: [GC (Allocation Failure) [PSYoungGen: 172992K->416K(173568K)] 252939K->80459K(523264K), 0.0017821 secs] [Times: user=0.01 sys=0.00, real=0.00 secs] 
2020-11-19T15:04:43.338-0800: 64.124: [GC (Allocation Failure) [PSYoungGen: 172960K->480K(173568K)] 253003K->80563K(523264K), 0.0017339 secs] [Times: user=0.01 sys=0.00, real=0.01 secs] 
2020-11-19T15:04:43.413-0800: 64.199: [GC (Allocation Failure) [PSYoungGen: 173024K->480K(173568K)] 253107K->80635K(523264K), 0.0015821 secs] [Times: user=0.01 sys=0.00, real=0.00 secs] 
2020-11-19T15:04:43.483-0800: 64.269: [GC (Allocation Failure) [PSYoungGen: 173024K->416K(173568K)] 253179K->80779K(523264K), 0.0017073 secs] [Times: user=0.01 sys=0.00, real=0.00 secs] 
2020-11-19T15:04:43.572-0800: 64.358: [GC (Allocation Failure) [PSYoungGen: 172960K->576K(173568K)] 253323K->80987K(523264K), 0.0020216 secs] [Times: user=0.02 sys=0.00, real=0.00 secs] 
2020-11-19T15:04:43.653-0800: 64.439: [GC (Allocation Failure) [PSYoungGen: 173120K->416K(173568K)] 253531K->81075K(523264K), 0.0017946 secs] [Times: user=0.01 sys=0.00, real=0.00 secs] 
2020-11-19T15:04:43.743-0800: 64.529: [GC (Allocation Failure) [PSYoungGen: 172960K->608K(173568K)] 253619K->81315K(523264K), 0.0016352 secs] [Times: user=0.01 sys=0.00, real=0.00 secs] 
2020-11-19T15:04:43.827-0800: 64.613: [GC (Allocation Failure) [PSYoungGen: 173148K->416K(173568K)] 253856K->81411K(523264K), 0.0017181 secs] [Times: user=0.01 sys=0.00, real=0.00 secs] 
2020-11-19T15:04:43.897-0800: 64.682: [GC (Allocation Failure) [PSYoungGen: 172960K->416K(173568K)] 253955K->81523K(523264K), 0.0017982 secs] [Times: user=0.01 sys=0.00, real=0.00 secs] 
2020-11-19T15:04:43.996-0800: 64.782: [GC (Allocation Failure) [PSYoungGen: 172960K->576K(173568K)] 254067K->81803K(523264K), 0.0016861 secs] [Times: user=0.02 sys=0.00, real=0.00 secs] 
2020-11-19T15:04:44.057-0800: 64.843: [GC (Allocation Failure) [PSYoungGen: 173120K->416K(173568K)] 254347K->81899K(523264K), 0.0020345 secs] [Times: user=0.02 sys=0.00, real=0.00 secs] 
2020-11-19T15:04:44.152-0800: 64.938: [GC (Allocation Failure) [PSYoungGen: 172954K->448K(173568K)] 254438K->82027K(523264K), 0.0019664 secs] [Times: user=0.01 sys=0.00, real=0.00 secs] 
2020-11-19T15:04:44.237-0800: 65.023: [GC (Allocation Failure) [PSYoungGen: 172992K->416K(173568K)] 254571K->82163K(523264K), 0.0014495 secs] [Times: user=0.01 sys=0.00, real=0.00 secs] 
2020-11-19T15:04:44.762-0800: 65.548: [GC (Allocation Failure) [PSYoungGen: 172960K->608K(173568K)] 254707K->82443K(523264K), 0.0016501 secs] [Times: user=0.01 sys=0.00, real=0.00 secs] 
2020-11-19T15:04:44.842-0800: 65.628: [GC (Allocation Failure) [PSYoungGen: 173152K->416K(173568K)] 254987K->82563K(523264K), 0.0016738 secs] [Times: user=0.01 sys=0.00, real=0.00 secs] 
2020-11-19T15:04:44.901-0800: 65.687: [GC (Allocation Failure) [PSYoungGen: 172960K->320K(173568K)] 255107K->82579K(523264K), 0.0017397 secs] [Times: user=0.01 sys=0.01, real=0.00 secs] 
2020-11-19T15:04:44.983-0800: 65.769: [GC (Allocation Failure) [PSYoungGen: 172864K->576K(173568K)] 255123K->82891K(523264K), 0.0018400 secs] [Times: user=0.01 sys=0.00, real=0.00 secs] 
2020-11-19T15:04:45.054-0800: 65.840: [GC (Allocation Failure) [PSYoungGen: 173120K->416K(173568K)] 255435K->83027K(523264K), 0.0018059 secs] [Times: user=0.01 sys=0.00, real=0.00 secs] 
2020-11-19T15:04:45.110-0800: 65.896: [GC (Allocation Failure) [PSYoungGen: 172960K->416K(173568K)] 255571K->83139K(523264K), 0.0021730 secs] [Times: user=0.02 sys=0.00, real=0.00 secs] 
2020-11-19T15:04:45.199-0800: 65.985: [GC (Allocation Failure) [PSYoungGen: 172960K->640K(173568K)] 255683K->83435K(523264K), 0.0016922 secs] [Times: user=0.01 sys=0.00, real=0.01 secs] 
2020-11-19T15:04:45.281-0800: 66.067: [GC (Allocation Failure) [PSYoungGen: 173184K->416K(173568K)] 255979K->83523K(523264K), 0.0016215 secs] [Times: user=0.02 sys=0.00, real=0.00 secs] 
2020-11-19T15:04:45.354-0800: 66.140: [GC (Allocation Failure) [PSYoungGen: 172960K->416K(173568K)] 256067K->83627K(523264K), 0.0018396 secs] [Times: user=0.01 sys=0.00, real=0.00 secs] 
2020-11-19T15:04:45.438-0800: 66.224: [GC (Allocation Failure) [PSYoungGen: 172960K->512K(173568K)] 256171K->83819K(523264K), 0.0019878 secs] [Times: user=0.01 sys=0.00, real=0.01 secs] 
2020-11-19T15:04:45.521-0800: 66.307: [GC (Allocation Failure) [PSYoungGen: 173056K->448K(173568K)] 256363K->83883K(523264K), 0.0020487 secs] [Times: user=0.01 sys=0.00, real=0.00 secs] 
2020-11-19T15:04:45.607-0800: 66.393: [GC (Allocation Failure) [PSYoungGen: 172992K->416K(173568K)] 256427K->83947K(523264K), 0.0014284 secs] [Times: user=0.01 sys=0.01, real=0.00 secs] 
2020-11-19T15:04:46.343-0800: 67.129: [GC (Allocation Failure) [PSYoungGen: 172960K->512K(173568K)] 256491K->84091K(523264K), 0.0016355 secs] [Times: user=0.01 sys=0.00, real=0.00 secs] 
2020-11-19T15:04:46.428-0800: 67.214: [GC (Allocation Failure) [PSYoungGen: 173056K->512K(173568K)] 256635K->84179K(523264K), 0.0017567 secs] [Times: user=0.01 sys=0.00, real=0.01 secs] 
2020-11-19T15:04:46.514-0800: 67.300: [GC (Allocation Failure) [PSYoungGen: 173056K->512K(173568K)] 256723K->84283K(523264K), 0.0014204 secs] [Times: user=0.01 sys=0.00, real=0.00 secs] 
2020-11-19T15:04:46.595-0800: 67.381: [GC (Allocation Failure) [PSYoungGen: 173056K->512K(173568K)] 256827K->84467K(523264K), 0.0016495 secs] [Times: user=0.01 sys=0.00, real=0.00 secs] 
2020-11-19T15:04:46.679-0800: 67.465: [GC (Allocation Failure) [PSYoungGen: 173056K->480K(173568K)] 257011K->84659K(523264K), 0.0015633 secs] [Times: user=0.01 sys=0.00, real=0.01 secs] 
2020-11-19T15:04:46.754-0800: 67.540: [GC (Allocation Failure) [PSYoungGen: 173024K->416K(173568K)] 257203K->84763K(523264K), 0.0020756 secs] [Times: user=0.01 sys=0.00, real=0.00 secs] 
2020-11-19T15:04:46.838-0800: 67.624: [GC (Allocation Failure) [PSYoungGen: 172960K->480K(173568K)] 257307K->84955K(523264K), 0.0017193 secs] [Times: user=0.01 sys=0.00, real=0.00 secs] 
2020-11-19T15:04:46.923-0800: 67.709: [GC (Allocation Failure) [PSYoungGen: 173024K->480K(173568K)] 257499K->85171K(523264K), 0.0016562 secs] [Times: user=0.01 sys=0.00, real=0.00 secs] 
2020-11-19T15:04:47.002-0800: 67.788: [GC (Allocation Failure) [PSYoungGen: 173024K->448K(173568K)] 257715K->85323K(523264K), 0.0017287 secs] [Times: user=0.01 sys=0.00, real=0.00 secs] 
2020-11-19T15:04:47.087-0800: 67.873: [GC (Allocation Failure) [PSYoungGen: 172992K->480K(173568K)] 257867K->85491K(523264K), 0.0019808 secs] [Times: user=0.01 sys=0.00, real=0.00 secs] 
2020-11-19T15:04:47.170-0800: 67.956: [GC (Allocation Failure) [PSYoungGen: 173024K->480K(173568K)] 258035K->85683K(523264K), 0.0016076 secs] [Times: user=0.01 sys=0.00, real=0.00 secs] 
2020-11-19T15:04:47.246-0800: 68.032: [GC (Allocation Failure) [PSYoungGen: 173024K->480K(173568K)] 258227K->85859K(523264K), 0.0018202 secs] [Times: user=0.01 sys=0.00, real=0.00 secs] 
2020-11-19T15:04:47.857-0800: 68.643: [GC (Allocation Failure) [PSYoungGen: 173024K->448K(173568K)] 258403K->85987K(523264K), 0.0017543 secs] [Times: user=0.01 sys=0.00, real=0.00 secs] 
2020-11-19T15:04:47.943-0800: 68.729: [GC (Allocation Failure) [PSYoungGen: 172992K->480K(173568K)] 258531K->86187K(523264K), 0.0017963 secs] [Times: user=0.01 sys=0.00, real=0.00 secs] 
2020-11-19T15:04:48.032-0800: 68.818: [GC (Allocation Failure) [PSYoungGen: 173024K->480K(173568K)] 258731K->86355K(523264K), 0.0018319 secs] [Times: user=0.01 sys=0.00, real=0.00 secs] 
2020-11-19T15:04:48.117-0800: 68.903: [GC (Allocation Failure) [PSYoungGen: 173017K->480K(173568K)] 258892K->86531K(523264K), 0.0016917 secs] [Times: user=0.02 sys=0.00, real=0.00 secs] 
2020-11-19T15:04:48.201-0800: 68.987: [GC (Allocation Failure) [PSYoungGen: 173024K->480K(173568K)] 259075K->86667K(523264K), 0.0016714 secs] [Times: user=0.01 sys=0.00, real=0.00 secs] 
2020-11-19T15:04:48.283-0800: 69.069: [GC (Allocation Failure) [PSYoungGen: 173024K->480K(173568K)] 259211K->86819K(523264K), 0.0015708 secs] [Times: user=0.02 sys=0.00, real=0.00 secs] 
2020-11-19T15:04:48.364-0800: 69.150: [GC (Allocation Failure) [PSYoungGen: 173024K->480K(173568K)] 259363K->87003K(523264K), 0.0019412 secs] [Times: user=0.01 sys=0.00, real=0.00 secs] 
2020-11-19T15:04:48.447-0800: 69.233: [GC (Allocation Failure) [PSYoungGen: 173024K->448K(173568K)] 259547K->87147K(523264K), 0.0019067 secs] [Times: user=0.01 sys=0.01, real=0.00 secs] 
2020-11-19T15:04:48.536-0800: 69.322: [GC (Allocation Failure) [PSYoungGen: 172992K->480K(173568K)] 259691K->87339K(523264K), 0.0019424 secs] [Times: user=0.01 sys=0.00, real=0.00 secs] 
2020-11-19T15:04:48.620-0800: 69.406: [GC (Allocation Failure) [PSYoungGen: 173024K->480K(173568K)] 259883K->87523K(523264K), 0.0017811 secs] [Times: user=0.01 sys=0.00, real=0.00 secs] 
2020-11-19T15:04:48.707-0800: 69.493: [GC (Allocation Failure) [PSYoungGen: 173024K->448K(173568K)] 260067K->87659K(523264K), 0.0019114 secs] [Times: user=0.01 sys=0.00, real=0.00 secs] 
2020-11-19T15:04:48.795-0800: 69.580: [GC (Allocation Failure) [PSYoungGen: 172992K->512K(173568K)] 260203K->87867K(523264K), 0.0018034 secs] [Times: user=0.01 sys=0.00, real=0.00 secs] 
2020-11-19T15:04:49.470-0800: 70.256: [GC (Allocation Failure) [PSYoungGen: 173056K->480K(173568K)] 260411K->88043K(523264K), 0.0018638 secs] [Times: user=0.01 sys=0.00, real=0.00 secs] 
2020-11-19T15:04:49.548-0800: 70.334: [GC (Allocation Failure) [PSYoungGen: 173024K->448K(173568K)] 260587K->88211K(523264K), 0.0014931 secs] [Times: user=0.01 sys=0.00, real=0.01 secs] 
2020-11-19T15:04:49.633-0800: 70.419: [GC (Allocation Failure) [PSYoungGen: 172992K->480K(173568K)] 260755K->88379K(523264K), 0.0018116 secs] [Times: user=0.01 sys=0.00, real=0.00 secs] 
2020-11-19T15:04:49.722-0800: 70.508: [GC (Allocation Failure) [PSYoungGen: 173024K->480K(173568K)] 260923K->88563K(523264K), 0.0015232 secs] [Times: user=0.01 sys=0.00, real=0.00 secs] 
2020-11-19T15:04:49.801-0800: 70.587: [GC (Allocation Failure) [PSYoungGen: 173024K->448K(173568K)] 261107K->88723K(523264K), 0.0015400 secs] [Times: user=0.02 sys=0.00, real=0.00 secs] 
2020-11-19T15:04:49.881-0800: 70.667: [GC (Allocation Failure) [PSYoungGen: 172992K->448K(173568K)] 261267K->88899K(523264K), 0.0016183 secs] [Times: user=0.01 sys=0.00, real=0.00 secs] 
2020-11-19T15:04:49.964-0800: 70.750: [GC (Allocation Failure) [PSYoungGen: 172992K->480K(173568K)] 261443K->89075K(523264K), 0.0018338 secs] [Times: user=0.02 sys=0.00, real=0.00 secs] 
2020-11-19T15:04:50.053-0800: 70.839: [GC (Allocation Failure) [PSYoungGen: 173024K->480K(173568K)] 261619K->89219K(523264K), 0.0023131 secs] [Times: user=0.02 sys=0.00, real=0.00 secs] 
2020-11-19T15:04:50.137-0800: 70.922: [GC (Allocation Failure) [PSYoungGen: 173024K->480K(173568K)] 261763K->89387K(523264K), 0.0015404 secs] [Times: user=0.01 sys=0.00, real=0.00 secs] 
2020-11-19T15:04:50.218-0800: 71.004: [GC (Allocation Failure) [PSYoungGen: 173024K->416K(173568K)] 261931K->89507K(523264K), 0.0018349 secs] [Times: user=0.01 sys=0.00, real=0.01 secs] 
2020-11-19T15:04:50.302-0800: 71.088: [GC (Allocation Failure) [PSYoungGen: 172960K->480K(173568K)] 262051K->89715K(523264K), 0.0017211 secs] [Times: user=0.01 sys=0.01, real=0.00 secs] 
2020-11-19T15:04:50.391-0800: 71.177: [GC (Allocation Failure) [PSYoungGen: 173024K->448K(173568K)] 262259K->89875K(523264K), 0.0014795 secs] [Times: user=0.01 sys=0.00, real=0.00 secs] 
2020-11-19T15:04:50.819-0800: 71.604: [GC (Allocation Failure) [PSYoungGen: 172992K->416K(173568K)] 262419K->90019K(523264K), 0.0017261 secs] [Times: user=0.01 sys=0.00, real=0.01 secs] 
2020-11-19T15:04:50.903-0800: 71.688: [GC (Allocation Failure) [PSYoungGen: 172960K->480K(173568K)] 262563K->90219K(523264K), 0.0018360 secs] [Times: user=0.01 sys=0.00, real=0.00 secs] 
2020-11-19T15:04:50.984-0800: 71.770: [GC (Allocation Failure) [PSYoungGen: 173024K->480K(173568K)] 262763K->90371K(523264K), 0.0018869 secs] [Times: user=0.02 sys=0.00, real=0.00 secs] 
2020-11-19T15:04:51.072-0800: 71.858: [GC (Allocation Failure) [PSYoungGen: 173024K->448K(173568K)] 262915K->90515K(523264K), 0.0017202 secs] [Times: user=0.01 sys=0.00, real=0.00 secs] 
2020-11-19T15:04:51.160-0800: 71.945: [GC (Allocation Failure) [PSYoungGen: 172992K->480K(173568K)] 263059K->90683K(523264K), 0.0017390 secs] [Times: user=0.01 sys=0.00, real=0.00 secs] 
2020-11-19T15:04:51.245-0800: 72.031: [GC (Allocation Failure) [PSYoungGen: 173024K->448K(173568K)] 263227K->90811K(523264K), 0.0017920 secs] [Times: user=0.02 sys=0.00, real=0.00 secs] 
2020-11-19T15:04:51.329-0800: 72.115: [GC (Allocation Failure) [PSYoungGen: 172992K->448K(173568K)] 263355K->90979K(523264K), 0.0017871 secs] [Times: user=0.01 sys=0.00, real=0.01 secs] 
2020-11-19T15:04:51.408-0800: 72.194: [GC (Allocation Failure) [PSYoungGen: 172992K->480K(173568K)] 263523K->91147K(523264K), 0.0018753 secs] [Times: user=0.01 sys=0.00, real=0.01 secs] 
2020-11-19T15:04:51.486-0800: 72.272: [GC (Allocation Failure) [PSYoungGen: 173024K->480K(173568K)] 263691K->91299K(523264K), 0.0018724 secs] [Times: user=0.01 sys=0.00, real=0.00 secs] 
2020-11-19T15:04:51.569-0800: 72.354: [GC (Allocation Failure) [PSYoungGen: 173024K->448K(173568K)] 263843K->91411K(523264K), 0.0016579 secs] [Times: user=0.01 sys=0.00, real=0.01 secs] 
2020-11-19T15:04:51.651-0800: 72.437: [GC (Allocation Failure) [PSYoungGen: 172992K->416K(173568K)] 263955K->91523K(523264K), 0.0016484 secs] [Times: user=0.01 sys=0.00, real=0.00 secs] 
2020-11-19T15:04:51.733-0800: 72.519: [GC (Allocation Failure) [PSYoungGen: 172960K->480K(173568K)] 264067K->91755K(523264K), 0.0021063 secs] [Times: user=0.01 sys=0.01, real=0.00 secs] 
2020-11-19T15:04:51.833-0800: 72.619: [GC (Allocation Failure) [PSYoungGen: 173024K->448K(173568K)] 264299K->91891K(523264K), 0.0017088 secs] [Times: user=0.01 sys=0.00, real=0.00 secs] 
2020-11-19T15:04:51.925-0800: 72.711: [GC (Allocation Failure) [PSYoungGen: 172992K->480K(173568K)] 264435K->92083K(523264K), 0.0019215 secs] [Times: user=0.02 sys=0.00, real=0.00 secs] 
2020-11-19T15:04:52.010-0800: 72.796: [GC (Allocation Failure) [PSYoungGen: 173024K->480K(173568K)] 264627K->92235K(523264K), 0.0020396 secs] [Times: user=0.01 sys=0.00, real=0.00 secs] 
2020-11-19T15:04:52.099-0800: 72.885: [GC (Allocation Failure) [PSYoungGen: 173024K->480K(173568K)] 264779K->92371K(523264K), 0.0017258 secs] [Times: user=0.01 sys=0.00, real=0.01 secs] 
2020-11-19T15:04:52.179-0800: 72.964: [GC (Allocation Failure) [PSYoungGen: 173024K->480K(173568K)] 264915K->92539K(523264K), 0.0018631 secs] [Times: user=0.02 sys=0.00, real=0.01 secs] 
2020-11-19T15:04:52.258-0800: 73.044: [GC (Allocation Failure) [PSYoungGen: 173024K->448K(173568K)] 265083K->92675K(523264K), 0.0016297 secs] [Times: user=0.01 sys=0.00, real=0.01 secs] 
2020-11-19T15:04:52.340-0800: 73.125: [GC (Allocation Failure) [PSYoungGen: 172992K->480K(173568K)] 265219K->92867K(523264K), 0.0017286 secs] [Times: user=0.01 sys=0.00, real=0.00 secs] 
2020-11-19T15:04:52.424-0800: 73.210: [GC (Allocation Failure) [PSYoungGen: 173024K->480K(173568K)] 265411K->93043K(523264K), 0.0018002 secs] [Times: user=0.01 sys=0.00, real=0.00 secs] 
2020-11-19T15:04:52.507-0800: 73.292: [GC (Allocation Failure) [PSYoungGen: 173024K->480K(173568K)] 265587K->93235K(523264K), 0.0018914 secs] [Times: user=0.01 sys=0.00, real=0.00 secs] 
2020-11-19T15:04:52.596-0800: 73.382: [GC (Allocation Failure) [PSYoungGen: 173024K->448K(173568K)] 265779K->93379K(523264K), 0.0015582 secs] [Times: user=0.01 sys=0.00, real=0.00 secs] 
2020-11-19T15:04:52.684-0800: 73.470: [GC (Allocation Failure) [PSYoungGen: 172992K->480K(173568K)] 265923K->93555K(523264K), 0.0014581 secs] [Times: user=0.01 sys=0.00, real=0.00 secs] 
2020-11-19T15:04:52.780-0800: 73.565: [GC (Allocation Failure) [PSYoungGen: 173024K->480K(173568K)] 266099K->93707K(523264K), 0.0017217 secs] [Times: user=0.01 sys=0.00, real=0.00 secs] 
2020-11-19T15:04:52.859-0800: 73.645: [GC (Allocation Failure) [PSYoungGen: 173024K->448K(173568K)] 266251K->93843K(523264K), 0.0018366 secs] [Times: user=0.01 sys=0.00, real=0.01 secs] 
2020-11-19T15:04:52.946-0800: 73.732: [GC (Allocation Failure) [PSYoungGen: 172992K->480K(173568K)] 266387K->94011K(523264K), 0.0016988 secs] [Times: user=0.01 sys=0.00, real=0.00 secs] 
2020-11-19T15:04:53.028-0800: 73.813: [GC (Allocation Failure) [PSYoungGen: 173024K->448K(173568K)] 266555K->94139K(523264K), 0.0021265 secs] [Times: user=0.01 sys=0.00, real=0.01 secs] 
2020-11-19T15:04:53.115-0800: 73.901: [GC (Allocation Failure) [PSYoungGen: 172992K->512K(173568K)] 266683K->94355K(523264K), 0.0016747 secs] [Times: user=0.02 sys=0.00, real=0.00 secs] 
2020-11-19T15:04:53.195-0800: 73.981: [GC (Allocation Failure) [PSYoungGen: 173056K->448K(173568K)] 266899K->94451K(523264K), 0.0018614 secs] [Times: user=0.01 sys=0.01, real=0.00 secs] 
2020-11-19T15:04:53.276-0800: 74.062: [GC (Allocation Failure) [PSYoungGen: 172992K->480K(173568K)] 266995K->94635K(523264K), 0.0018828 secs] [Times: user=0.01 sys=0.00, real=0.00 secs] 
2020-11-19T15:04:53.364-0800: 74.150: [GC (Allocation Failure) [PSYoungGen: 173024K->448K(173568K)] 267179K->94707K(523264K), 0.0014545 secs] [Times: user=0.01 sys=0.00, real=0.00 secs] 
2020-11-19T15:04:53.456-0800: 74.242: [GC (Allocation Failure) [PSYoungGen: 172992K->416K(173568K)] 267251K->94763K(523264K), 0.0014750 secs] [Times: user=0.01 sys=0.01, real=0.00 secs] 
Heap
 PSYoungGen      total 173568K, used 41682K [0x00000007b5580000, 0x00000007c0000000, 0x00000007c0000000)
  eden space 172544K, 23% used [0x00000007b5580000,0x00000007b7dccba0,0x00000007bfe00000)
  from space 1024K, 40% used [0x00000007bfe00000,0x00000007bfe68000,0x00000007bff00000)
  to   space 1024K, 0% used [0x00000007bff00000,0x00000007bff00000,0x00000007c0000000)
 ParOldGen       total 349696K, used 94347K [0x00000007a0000000, 0x00000007b5580000, 0x00000007b5580000)
  object space 349696K, 26% used [0x00000007a0000000,0x00000007a5c22f80,0x00000007b5580000)
 Metaspace       used 32594K, capacity 34716K, committed 36696K, reserved 1081344K
  class space    used 3964K, capacity 4331K, committed 4696K, reserved 1048576K
