Java HotSpot(TM) 64-Bit Server VM (25.261-b12) for bsd-amd64 JRE (1.8.0_261-b12), built on Jun 18 2020 06:38:55 by "java_re" with gcc 4.2.1 Compatible Apple LLVM 10.0.0 (clang-1000.11.45.5)
Memory: 4k page, physical 16777216k(68236k free)

/proc/meminfo:

CommandLine flags: -XX:InitialHeapSize=536870912 -XX:MaxHeapSize=536870912 -XX:+PrintGC -XX:+PrintGCDateStamps -XX:+PrintGCDetails -XX:+PrintGCTimeStamps -XX:+UseCompressedClassPointers -XX:+UseCompressedOops -XX:+UseSerialGC 
2020-11-19T14:55:47.033-0800: 1.192: [GC (Allocation Failure) 2020-11-19T14:55:47.034-0800: 1.192: [DefNew: 139776K->6963K(157248K), 0.0182587 secs] 139776K->6963K(506816K), 0.0183598 secs] [Times: user=0.05 sys=0.01, real=0.02 secs] 
2020-11-19T14:55:47.314-0800: 1.473: [Full GC (Metadata GC Threshold) 2020-11-19T14:55:47.314-0800: 1.473: [Tenured: 0K->8089K(349568K), 0.0396197 secs] 73863K->8089K(506816K), [Metaspace: 20152K->20152K(1067008K)], 0.0397213 secs] [Times: user=0.08 sys=0.00, real=0.04 secs] 
2020-11-19T14:55:48.218-0800: 2.376: [GC (Allocation Failure) 2020-11-19T14:55:48.218-0800: 2.377: [DefNew: 139776K->7467K(157248K), 0.0196790 secs] 147865K->15557K(506816K), 0.0197503 secs] [Times: user=0.05 sys=0.01, real=0.02 secs] 
2020-11-19T14:56:43.508-0800: 57.665: [Full GC (Metadata GC Threshold) 2020-11-19T14:56:43.508-0800: 57.665: [Tenured: 8089K->37483K(349568K), 0.0852415 secs] 133628K->37483K(506816K), [Metaspace: 32115K->32115K(1081344K)], 0.0859291 secs] [Times: user=0.18 sys=0.01, real=0.09 secs] 
2020-11-19T14:56:43.792-0800: 57.950: [GC (Allocation Failure) 2020-11-19T14:56:43.793-0800: 57.950: [DefNew: 139776K->244K(157248K), 0.0051196 secs] 177259K->37727K(506816K), 0.0052292 secs] [Times: user=0.01 sys=0.00, real=0.00 secs] 
2020-11-19T14:56:43.973-0800: 58.131: [GC (Allocation Failure) 2020-11-19T14:56:43.973-0800: 58.131: [DefNew: 140020K->551K(157248K), 0.0093036 secs] 177503K->38034K(506816K), 0.0094440 secs] [Times: user=0.03 sys=0.00, real=0.01 secs] 
2020-11-19T14:56:44.157-0800: 58.315: [GC (Allocation Failure) 2020-11-19T14:56:44.157-0800: 58.315: [DefNew: 140327K->369K(157248K), 0.0060001 secs] 177810K->37853K(506816K), 0.0064084 secs] [Times: user=0.02 sys=0.00, real=0.01 secs] 
2020-11-19T14:56:44.323-0800: 58.481: [GC (Allocation Failure) 2020-11-19T14:56:44.324-0800: 58.481: [DefNew: 140145K->430K(157248K), 0.0034316 secs] 177629K->37913K(506816K), 0.0035389 secs] [Times: user=0.01 sys=0.00, real=0.00 secs] 
2020-11-19T14:56:44.460-0800: 58.617: [GC (Allocation Failure) 2020-11-19T14:56:44.460-0800: 58.617: [DefNew: 140206K->481K(157248K), 0.0035338 secs] 177689K->37965K(506816K), 0.0037444 secs] [Times: user=0.01 sys=0.00, real=0.00 secs] 
2020-11-19T14:56:44.582-0800: 58.739: [GC (Allocation Failure) 2020-11-19T14:56:44.582-0800: 58.739: [DefNew: 140257K->624K(157248K), 0.0034850 secs] 177741K->38108K(506816K), 0.0036128 secs] [Times: user=0.02 sys=0.00, real=0.00 secs] 
2020-11-19T14:56:44.708-0800: 58.866: [GC (Allocation Failure) 2020-11-19T14:56:44.708-0800: 58.866: [DefNew: 140400K->634K(157248K), 0.0036917 secs] 177884K->38117K(506816K), 0.0038255 secs] [Times: user=0.02 sys=0.00, real=0.01 secs] 
2020-11-19T14:56:44.835-0800: 58.993: [GC (Allocation Failure) 2020-11-19T14:56:44.835-0800: 58.993: [DefNew: 140410K->642K(157248K), 0.0037249 secs] 177893K->38125K(506816K), 0.0038601 secs] [Times: user=0.02 sys=0.00, real=0.00 secs] 
2020-11-19T14:56:44.956-0800: 59.114: [GC (Allocation Failure) 2020-11-19T14:56:44.956-0800: 59.114: [DefNew: 140418K->671K(157248K), 0.0036285 secs] 177901K->38154K(506816K), 0.0037792 secs] [Times: user=0.02 sys=0.00, real=0.01 secs] 
2020-11-19T14:56:45.078-0800: 59.236: [GC (Allocation Failure) 2020-11-19T14:56:45.094-0800: 59.252: [DefNew: 140447K->688K(157248K), 0.0037717 secs] 177930K->38172K(506816K), 0.0196831 secs] [Times: user=0.06 sys=0.01, real=0.02 secs] 
2020-11-19T14:56:45.235-0800: 59.393: [GC (Allocation Failure) 2020-11-19T14:56:45.235-0800: 59.393: [DefNew: 140464K->693K(157248K), 0.0040514 secs] 177948K->38177K(506816K), 0.0042103 secs] [Times: user=0.03 sys=0.01, real=0.01 secs] 
2020-11-19T14:56:45.353-0800: 59.511: [GC (Allocation Failure) 2020-11-19T14:56:45.353-0800: 59.511: [DefNew: 140469K->742K(157248K), 0.0040389 secs] 177953K->38226K(506816K), 0.0041757 secs] [Times: user=0.04 sys=0.00, real=0.00 secs] 
2020-11-19T14:56:45.460-0800: 59.618: [GC (Allocation Failure) 2020-11-19T14:56:45.460-0800: 59.618: [DefNew: 140518K->740K(157248K), 0.0049881 secs] 178002K->38223K(506816K), 0.0051595 secs] [Times: user=0.04 sys=0.01, real=0.00 secs] 
2020-11-19T14:56:45.571-0800: 59.729: [GC (Allocation Failure) 2020-11-19T14:56:45.571-0800: 59.729: [DefNew: 140516K->742K(157248K), 0.0046086 secs] 177999K->38225K(506816K), 0.0047806 secs] [Times: user=0.03 sys=0.00, real=0.00 secs] 
2020-11-19T14:56:45.681-0800: 59.839: [GC (Allocation Failure) 2020-11-19T14:56:45.681-0800: 59.839: [DefNew: 140518K->727K(157248K), 0.0042782 secs] 178001K->38211K(506816K), 0.0044375 secs] [Times: user=0.04 sys=0.00, real=0.00 secs] 
2020-11-19T14:56:45.788-0800: 59.945: [GC (Allocation Failure) 2020-11-19T14:56:45.788-0800: 59.945: [DefNew: 140503K->624K(157248K), 0.0044261 secs] 177987K->38221K(506816K), 0.0045914 secs] [Times: user=0.03 sys=0.01, real=0.01 secs] 
2020-11-19T14:56:45.903-0800: 60.060: [GC (Allocation Failure) 2020-11-19T14:56:45.903-0800: 60.060: [DefNew: 140400K->495K(157248K), 0.0038692 secs] 177997K->38213K(506816K), 0.0039997 secs] [Times: user=0.02 sys=0.00, real=0.00 secs] 
2020-11-19T14:56:46.016-0800: 60.174: [GC (Allocation Failure) 2020-11-19T14:56:46.016-0800: 60.174: [DefNew: 140271K->466K(157248K), 0.0036156 secs] 177989K->38222K(506816K), 0.0037654 secs] [Times: user=0.02 sys=0.00, real=0.01 secs] 
2020-11-19T14:56:46.138-0800: 60.295: [GC (Allocation Failure) 2020-11-19T14:56:46.138-0800: 60.295: [DefNew: 140242K->418K(157248K), 0.0036918 secs] 177998K->38212K(506816K), 0.0038184 secs] [Times: user=0.02 sys=0.00, real=0.01 secs] 
2020-11-19T14:56:46.243-0800: 60.400: [GC (Allocation Failure) 2020-11-19T14:56:46.243-0800: 60.400: [DefNew: 140194K->403K(157248K), 0.0035028 secs] 177988K->38229K(506816K), 0.0036439 secs] [Times: user=0.02 sys=0.00, real=0.00 secs] 
2020-11-19T14:56:46.333-0800: 60.490: [GC (Allocation Failure) 2020-11-19T14:56:46.333-0800: 60.490: [DefNew: 140179K->359K(157248K), 0.0030609 secs] 178005K->38213K(506816K), 0.0031562 secs] [Times: user=0.01 sys=0.00, real=0.00 secs] 
2020-11-19T14:56:46.441-0800: 60.598: [GC (Allocation Failure) 2020-11-19T14:56:46.441-0800: 60.598: [DefNew: 140135K->351K(157248K), 0.0034131 secs] 177989K->38212K(506816K), 0.0035499 secs] [Times: user=0.02 sys=0.00, real=0.00 secs] 
2020-11-19T14:56:46.549-0800: 60.707: [GC (Allocation Failure) 2020-11-19T14:56:46.549-0800: 60.707: [DefNew: 140127K->364K(157248K), 0.0036651 secs] 177988K->38229K(506816K), 0.0037988 secs] [Times: user=0.01 sys=0.00, real=0.01 secs] 
2020-11-19T14:56:46.639-0800: 60.796: [GC (Allocation Failure) 2020-11-19T14:56:46.639-0800: 60.796: [DefNew: 140140K->359K(157248K), 0.0033183 secs] 178005K->38231K(506816K), 0.0034888 secs] [Times: user=0.03 sys=0.01, real=0.01 secs] 
2020-11-19T14:56:46.745-0800: 60.903: [GC (Allocation Failure) 2020-11-19T14:56:46.745-0800: 60.903: [DefNew: 140135K->362K(157248K), 0.0038939 secs] 178007K->38237K(506816K), 0.0040400 secs] [Times: user=0.03 sys=0.00, real=0.00 secs] 
2020-11-19T14:56:46.830-0800: 60.987: [GC (Allocation Failure) 2020-11-19T14:56:46.830-0800: 60.987: [DefNew: 140138K->331K(157248K), 0.0037664 secs] 178013K->38208K(506816K), 0.0039019 secs] [Times: user=0.03 sys=0.00, real=0.00 secs] 
2020-11-19T14:56:46.935-0800: 61.092: [GC (Allocation Failure) 2020-11-19T14:56:46.935-0800: 61.093: [DefNew: 140107K->312K(157248K), 0.0032106 secs] 177984K->38197K(506816K), 0.0033325 secs] [Times: user=0.02 sys=0.00, real=0.00 secs] 
2020-11-19T14:56:47.051-0800: 61.209: [GC (Allocation Failure) 2020-11-19T14:56:47.051-0800: 61.209: [DefNew: 140088K->339K(157248K), 0.0038315 secs] 177973K->38228K(506816K), 0.0039578 secs] [Times: user=0.02 sys=0.00, real=0.00 secs] 
2020-11-19T14:56:47.147-0800: 61.305: [GC (Allocation Failure) 2020-11-19T14:56:47.147-0800: 61.305: [DefNew: 140115K->349K(157248K), 0.0037195 secs] 178004K->38242K(506816K), 0.0038514 secs] [Times: user=0.02 sys=0.00, real=0.01 secs] 
2020-11-19T14:56:47.240-0800: 61.398: [GC (Allocation Failure) 2020-11-19T14:56:47.240-0800: 61.398: [DefNew: 140125K->322K(157248K), 0.0039059 secs] 178018K->38215K(506816K), 0.0040568 secs] [Times: user=0.03 sys=0.00, real=0.00 secs] 
2020-11-19T14:56:47.325-0800: 61.482: [GC (Allocation Failure) 2020-11-19T14:56:47.325-0800: 61.482: [DefNew: 140098K->378K(157248K), 0.0039716 secs] 177991K->38271K(506816K), 0.0041354 secs] [Times: user=0.03 sys=0.00, real=0.00 secs] 
2020-11-19T14:56:47.406-0800: 61.564: [GC (Allocation Failure) 2020-11-19T14:56:47.406-0800: 61.564: [DefNew: 140154K->343K(157248K), 0.0038195 secs] 178047K->38236K(506816K), 0.0039730 secs] [Times: user=0.03 sys=0.00, real=0.01 secs] 
2020-11-19T14:56:47.489-0800: 61.647: [GC (Allocation Failure) 2020-11-19T14:56:47.489-0800: 61.647: [DefNew: 140119K->316K(157248K), 0.0037979 secs] 178012K->38209K(506816K), 0.0039446 secs] [Times: user=0.02 sys=0.00, real=0.01 secs] 
2020-11-19T14:56:47.585-0800: 61.743: [GC (Allocation Failure) 2020-11-19T14:56:47.585-0800: 61.743: [DefNew: 140092K->353K(157248K), 0.0040820 secs] 177985K->38247K(506816K), 0.0042203 secs] [Times: user=0.02 sys=0.00, real=0.01 secs] 
2020-11-19T14:56:47.813-0800: 61.971: [GC (Allocation Failure) 2020-11-19T14:56:47.813-0800: 61.971: [DefNew: 140129K->341K(157248K), 0.0037723 secs] 178023K->38235K(506816K), 0.0039002 secs] [Times: user=0.02 sys=0.00, real=0.00 secs] 
2020-11-19T14:56:47.902-0800: 62.059: [GC (Allocation Failure) 2020-11-19T14:56:47.902-0800: 62.059: [DefNew: 140117K->334K(157248K), 0.0031703 secs] 178011K->38228K(506816K), 0.0033393 secs] [Times: user=0.01 sys=0.00, real=0.00 secs] 
2020-11-19T14:56:47.993-0800: 62.150: [GC (Allocation Failure) 2020-11-19T14:56:47.993-0800: 62.150: [DefNew: 140110K->357K(157248K), 0.0034487 secs] 178004K->38252K(506816K), 0.0035825 secs] [Times: user=0.01 sys=0.00, real=0.00 secs] 
2020-11-19T14:56:48.077-0800: 62.235: [GC (Allocation Failure) 2020-11-19T14:56:48.077-0800: 62.235: [DefNew: 140133K->352K(157248K), 0.0035890 secs] 178028K->38249K(506816K), 0.0038032 secs] [Times: user=0.03 sys=0.00, real=0.01 secs] 
2020-11-19T14:56:48.158-0800: 62.316: [GC (Allocation Failure) 2020-11-19T14:56:48.158-0800: 62.316: [DefNew: 140128K->368K(157248K), 0.0032896 secs] 178025K->38265K(506816K), 0.0034120 secs] [Times: user=0.02 sys=0.00, real=0.01 secs] 
2020-11-19T14:56:48.229-0800: 62.387: [GC (Allocation Failure) 2020-11-19T14:56:48.229-0800: 62.387: [DefNew: 140144K->330K(157248K), 0.0032590 secs] 178041K->38227K(506816K), 0.0033734 secs] [Times: user=0.03 sys=0.00, real=0.01 secs] 
2020-11-19T14:56:48.313-0800: 62.471: [GC (Allocation Failure) 2020-11-19T14:56:48.313-0800: 62.471: [DefNew: 140106K->374K(157248K), 0.0032633 secs] 178003K->38271K(506816K), 0.0033858 secs] [Times: user=0.03 sys=0.00, real=0.00 secs] 
2020-11-19T14:56:48.396-0800: 62.553: [GC (Allocation Failure) 2020-11-19T14:56:48.396-0800: 62.553: [DefNew: 140150K->355K(157248K), 0.0034203 secs] 178047K->38252K(506816K), 0.0035563 secs] [Times: user=0.02 sys=0.00, real=0.00 secs] 
2020-11-19T14:56:48.476-0800: 62.633: [GC (Allocation Failure) 2020-11-19T14:56:48.476-0800: 62.633: [DefNew: 140131K->372K(157248K), 0.0030521 secs] 178028K->38269K(506816K), 0.0031584 secs] [Times: user=0.02 sys=0.00, real=0.00 secs] 
2020-11-19T14:56:48.561-0800: 62.718: [GC (Allocation Failure) 2020-11-19T14:56:48.561-0800: 62.719: [DefNew: 140148K->330K(157248K), 0.0031522 secs] 178045K->38227K(506816K), 0.0032767 secs] [Times: user=0.03 sys=0.00, real=0.00 secs] 
2020-11-19T14:56:48.648-0800: 62.806: [GC (Allocation Failure) 2020-11-19T14:56:48.648-0800: 62.806: [DefNew: 140106K->327K(157248K), 0.0031233 secs] 178003K->38225K(506816K), 0.0032225 secs] [Times: user=0.02 sys=0.00, real=0.01 secs] 
2020-11-19T14:56:48.729-0800: 62.887: [GC (Allocation Failure) 2020-11-19T14:56:48.730-0800: 62.887: [DefNew: 140103K->366K(157248K), 0.0038590 secs] 178001K->38263K(506816K), 0.0039821 secs] [Times: user=0.02 sys=0.00, real=0.01 secs] 
2020-11-19T14:56:48.806-0800: 62.963: [GC (Allocation Failure) 2020-11-19T14:56:48.806-0800: 62.963: [DefNew: 140142K->366K(157248K), 0.0030548 secs] 178039K->38263K(506816K), 0.0031858 secs] [Times: user=0.01 sys=0.00, real=0.00 secs] 
2020-11-19T14:56:48.891-0800: 63.049: [GC (Allocation Failure) 2020-11-19T14:56:48.891-0800: 63.049: [DefNew: 140142K->350K(157248K), 0.0031407 secs] 178039K->38258K(506816K), 0.0032956 secs] [Times: user=0.02 sys=0.00, real=0.00 secs] 
2020-11-19T14:56:48.980-0800: 63.138: [GC (Allocation Failure) 2020-11-19T14:56:48.981-0800: 63.138: [DefNew: 140126K->362K(157248K), 0.0033134 secs] 178034K->38270K(506816K), 0.0034146 secs] [Times: user=0.01 sys=0.00, real=0.00 secs] 
2020-11-19T14:56:49.064-0800: 63.222: [GC (Allocation Failure) 2020-11-19T14:56:49.064-0800: 63.222: [DefNew: 140138K->351K(157248K), 0.0037271 secs] 178046K->38261K(506816K), 0.0038454 secs] [Times: user=0.03 sys=0.00, real=0.00 secs] 
2020-11-19T14:56:49.143-0800: 63.300: [GC (Allocation Failure) 2020-11-19T14:56:49.143-0800: 63.301: [DefNew: 140127K->344K(157248K), 0.0034523 secs] 178037K->38254K(506816K), 0.0035651 secs] [Times: user=0.02 sys=0.00, real=0.00 secs] 
2020-11-19T14:56:49.232-0800: 63.390: [GC (Allocation Failure) 2020-11-19T14:56:49.232-0800: 63.390: [DefNew: 140120K->345K(157248K), 0.0031053 secs] 178030K->38256K(506816K), 0.0032065 secs] [Times: user=0.01 sys=0.00, real=0.00 secs] 
2020-11-19T14:56:49.307-0800: 63.464: [GC (Allocation Failure) 2020-11-19T14:56:49.307-0800: 63.465: [DefNew: 140121K->344K(157248K), 0.0033995 secs] 178032K->38255K(506816K), 0.0035242 secs] [Times: user=0.02 sys=0.00, real=0.01 secs] 
2020-11-19T14:56:49.388-0800: 63.546: [GC (Allocation Failure) 2020-11-19T14:56:49.388-0800: 63.546: [DefNew: 140120K->326K(157248K), 0.0030265 secs] 178031K->38237K(506816K), 0.0031433 secs] [Times: user=0.01 sys=0.00, real=0.01 secs] 
2020-11-19T14:56:49.477-0800: 63.635: [GC (Allocation Failure) 2020-11-19T14:56:49.477-0800: 63.635: [DefNew: 140102K->351K(157248K), 0.0033437 secs] 178013K->38264K(506816K), 0.0034774 secs] [Times: user=0.03 sys=0.00, real=0.01 secs] 
2020-11-19T14:56:49.554-0800: 63.712: [GC (Allocation Failure) 2020-11-19T14:56:49.554-0800: 63.712: [DefNew: 140127K->350K(157248K), 0.0034757 secs] 178040K->38263K(506816K), 0.0036392 secs] [Times: user=0.02 sys=0.00, real=0.00 secs] 
2020-11-19T14:56:49.641-0800: 63.798: [GC (Allocation Failure) 2020-11-19T14:56:49.641-0800: 63.799: [DefNew: 140126K->332K(157248K), 0.0041166 secs] 178039K->38245K(506816K), 0.0042882 secs] [Times: user=0.04 sys=0.00, real=0.00 secs] 
2020-11-19T14:56:49.726-0800: 63.884: [GC (Allocation Failure) 2020-11-19T14:56:49.726-0800: 63.884: [DefNew: 140108K->353K(157248K), 0.0047417 secs] 178021K->38266K(506816K), 0.0049027 secs] [Times: user=0.04 sys=0.00, real=0.01 secs] 
2020-11-19T14:56:49.821-0800: 63.979: [GC (Allocation Failure) 2020-11-19T14:56:49.821-0800: 63.979: [DefNew: 140129K->325K(157248K), 0.0042376 secs] 178042K->38239K(506816K), 0.0043985 secs] [Times: user=0.03 sys=0.00, real=0.00 secs] 
2020-11-19T14:56:49.913-0800: 64.070: [GC (Allocation Failure) 2020-11-19T14:56:49.913-0800: 64.070: [DefNew: 140101K->364K(157248K), 0.0035559 secs] 178015K->38278K(506816K), 0.0037223 secs] [Times: user=0.03 sys=0.00, real=0.00 secs] 
2020-11-19T14:56:49.991-0800: 64.149: [GC (Allocation Failure) 2020-11-19T14:56:49.991-0800: 64.149: [DefNew: 140140K->329K(157248K), 0.0035105 secs] 178054K->38246K(506816K), 0.0036584 secs] [Times: user=0.02 sys=0.00, real=0.00 secs] 
2020-11-19T14:56:50.090-0800: 64.248: [GC (Allocation Failure) 2020-11-19T14:56:50.090-0800: 64.248: [DefNew: 140105K->336K(157248K), 0.0034045 secs] 178022K->38252K(506816K), 0.0035349 secs] [Times: user=0.03 sys=0.00, real=0.00 secs] 
2020-11-19T14:56:50.172-0800: 64.330: [GC (Allocation Failure) 2020-11-19T14:56:50.172-0800: 64.330: [DefNew: 140112K->324K(157248K), 0.0039883 secs] 178028K->38240K(506816K), 0.0041597 secs] [Times: user=0.03 sys=0.00, real=0.00 secs] 
2020-11-19T14:56:50.257-0800: 64.414: [GC (Allocation Failure) 2020-11-19T14:56:50.257-0800: 64.414: [DefNew: 140100K->340K(157248K), 0.0035076 secs] 178016K->38256K(506816K), 0.0037025 secs] [Times: user=0.02 sys=0.00, real=0.01 secs] 
2020-11-19T14:56:50.341-0800: 64.499: [GC (Allocation Failure) 2020-11-19T14:56:50.342-0800: 64.499: [DefNew: 140116K->362K(157248K), 0.0030797 secs] 178032K->38278K(506816K), 0.0031915 secs] [Times: user=0.03 sys=0.00, real=0.00 secs] 
2020-11-19T14:56:50.419-0800: 64.576: [GC (Allocation Failure) 2020-11-19T14:56:50.419-0800: 64.576: [DefNew: 140138K->331K(157248K), 0.0033886 secs] 178054K->38248K(506816K), 0.0035379 secs] [Times: user=0.02 sys=0.00, real=0.01 secs] 
2020-11-19T14:56:50.514-0800: 64.672: [GC (Allocation Failure) 2020-11-19T14:56:50.514-0800: 64.672: [DefNew: 140107K->341K(157248K), 0.0033175 secs] 178024K->38257K(506816K), 0.0034456 secs] [Times: user=0.02 sys=0.00, real=0.00 secs] 
2020-11-19T14:56:50.601-0800: 64.758: [GC (Allocation Failure) 2020-11-19T14:56:50.601-0800: 64.759: [DefNew: 140117K->352K(157248K), 0.0035541 secs] 178033K->38268K(506816K), 0.0037139 secs] [Times: user=0.02 sys=0.00, real=0.00 secs] 
2020-11-19T14:56:50.694-0800: 64.852: [GC (Allocation Failure) 2020-11-19T14:56:50.694-0800: 64.852: [DefNew: 140128K->342K(157248K), 0.0035446 secs] 178044K->38258K(506816K), 0.0037163 secs] [Times: user=0.02 sys=0.00, real=0.00 secs] 
2020-11-19T14:56:50.774-0800: 64.931: [GC (Allocation Failure) 2020-11-19T14:56:50.774-0800: 64.931: [DefNew: 140118K->338K(157248K), 0.0035831 secs] 178034K->38258K(506816K), 0.0038139 secs] [Times: user=0.02 sys=0.00, real=0.00 secs] 
2020-11-19T14:56:50.851-0800: 65.008: [GC (Allocation Failure) 2020-11-19T14:56:50.851-0800: 65.008: [DefNew: 140114K->351K(157248K), 0.0036986 secs] 178034K->38271K(506816K), 0.0038371 secs] [Times: user=0.02 sys=0.00, real=0.00 secs] 
2020-11-19T14:56:50.939-0800: 65.097: [GC (Allocation Failure) 2020-11-19T14:56:50.939-0800: 65.097: [DefNew: 140127K->313K(157248K), 0.0032903 secs] 178047K->38233K(506816K), 0.0034283 secs] [Times: user=0.01 sys=0.00, real=0.01 secs] 
2020-11-19T14:56:51.015-0800: 65.172: [GC (Allocation Failure) 2020-11-19T14:56:51.015-0800: 65.172: [DefNew: 140089K->344K(157248K), 0.0029113 secs] 178009K->38264K(506816K), 0.0030375 secs] [Times: user=0.00 sys=0.00, real=0.00 secs] 
2020-11-19T14:56:51.088-0800: 65.245: [GC (Allocation Failure) 2020-11-19T14:56:51.088-0800: 65.245: [DefNew: 140120K->332K(157248K), 0.0028739 secs] 178040K->38252K(506816K), 0.0029924 secs] [Times: user=0.01 sys=0.00, real=0.01 secs] 
2020-11-19T14:56:51.152-0800: 65.310: [GC (Allocation Failure) 2020-11-19T14:56:51.152-0800: 65.310: [DefNew: 140108K->317K(157248K), 0.0028411 secs] 178028K->38237K(506816K), 0.0030555 secs] [Times: user=0.01 sys=0.00, real=0.00 secs] 
2020-11-19T14:56:51.221-0800: 65.378: [GC (Allocation Failure) 2020-11-19T14:56:51.221-0800: 65.378: [DefNew: 140093K->329K(157248K), 0.0027400 secs] 178013K->38249K(506816K), 0.0028391 secs] [Times: user=0.01 sys=0.00, real=0.00 secs] 
2020-11-19T14:56:51.301-0800: 65.459: [GC (Allocation Failure) 2020-11-19T14:56:51.301-0800: 65.459: [DefNew: 140105K->347K(157248K), 0.0027734 secs] 178025K->38267K(506816K), 0.0028754 secs] [Times: user=0.00 sys=0.00, real=0.00 secs] 
2020-11-19T14:56:51.375-0800: 65.533: [GC (Allocation Failure) 2020-11-19T14:56:51.376-0800: 65.533: [DefNew: 140123K->333K(157248K), 0.0030058 secs] 178043K->38253K(506816K), 0.0031268 secs] [Times: user=0.01 sys=0.00, real=0.00 secs] 
2020-11-19T14:56:51.449-0800: 65.607: [GC (Allocation Failure) 2020-11-19T14:56:51.449-0800: 65.607: [DefNew: 140109K->307K(157248K), 0.0027246 secs] 178029K->38227K(506816K), 0.0028360 secs] [Times: user=0.00 sys=0.00, real=0.01 secs] 
2020-11-19T14:56:51.526-0800: 65.684: [GC (Allocation Failure) 2020-11-19T14:56:51.526-0800: 65.684: [DefNew: 140083K->340K(157248K), 0.0025806 secs] 178003K->38260K(506816K), 0.0026991 secs] [Times: user=0.01 sys=0.00, real=0.00 secs] 
2020-11-19T14:56:51.608-0800: 65.766: [GC (Allocation Failure) 2020-11-19T14:56:51.608-0800: 65.766: [DefNew: 140116K->339K(157248K), 0.0032072 secs] 178036K->38259K(506816K), 0.0033523 secs] [Times: user=0.01 sys=0.00, real=0.01 secs] 
2020-11-19T14:56:51.673-0800: 65.831: [GC (Allocation Failure) 2020-11-19T14:56:51.673-0800: 65.831: [DefNew: 140115K->324K(157248K), 0.0031410 secs] 178035K->38247K(506816K), 0.0033177 secs] [Times: user=0.01 sys=0.00, real=0.00 secs] 
2020-11-19T14:56:51.736-0800: 65.893: [GC (Allocation Failure) 2020-11-19T14:56:51.736-0800: 65.893: [DefNew: 140100K->326K(157248K), 0.0029285 secs] 178023K->38249K(506816K), 0.0030780 secs] [Times: user=0.00 sys=0.00, real=0.00 secs] 
2020-11-19T14:56:51.798-0800: 65.955: [GC (Allocation Failure) 2020-11-19T14:56:51.798-0800: 65.955: [DefNew: 140102K->316K(157248K), 0.0028414 secs] 178025K->38240K(506816K), 0.0029947 secs] [Times: user=0.01 sys=0.00, real=0.01 secs] 
2020-11-19T14:56:51.865-0800: 66.023: [GC (Allocation Failure) 2020-11-19T14:56:51.865-0800: 66.023: [DefNew: 140092K->334K(157248K), 0.0026427 secs] 178016K->38257K(506816K), 0.0027370 secs] [Times: user=0.01 sys=0.00, real=0.00 secs] 
2020-11-19T14:56:51.943-0800: 66.101: [GC (Allocation Failure) 2020-11-19T14:56:51.943-0800: 66.101: [DefNew: 140110K->350K(157248K), 0.0026761 secs] 178033K->38275K(506816K), 0.0028130 secs] [Times: user=0.00 sys=0.00, real=0.00 secs] 
2020-11-19T14:56:52.025-0800: 66.182: [GC (Allocation Failure) 2020-11-19T14:56:52.025-0800: 66.182: [DefNew: 140126K->349K(157248K), 0.0056891 secs] 178051K->38274K(506816K), 0.0060310 secs] [Times: user=0.01 sys=0.00, real=0.01 secs] 
2020-11-19T14:56:52.131-0800: 66.289: [GC (Allocation Failure) 2020-11-19T14:56:52.131-0800: 66.289: [DefNew: 140125K->326K(157248K), 0.0030427 secs] 178050K->38251K(506816K), 0.0031979 secs] [Times: user=0.01 sys=0.00, real=0.00 secs] 
2020-11-19T14:56:52.199-0800: 66.356: [GC (Allocation Failure) 2020-11-19T14:56:52.199-0800: 66.356: [DefNew: 140102K->318K(157248K), 0.0028667 secs] 178027K->38243K(506816K), 0.0029850 secs] [Times: user=0.00 sys=0.00, real=0.01 secs] 
2020-11-19T14:56:52.267-0800: 66.424: [GC (Allocation Failure) 2020-11-19T14:56:52.267-0800: 66.424: [DefNew: 140094K->326K(157248K), 0.0026337 secs] 178019K->38252K(506816K), 0.0027358 secs] [Times: user=0.00 sys=0.00, real=0.01 secs] 
2020-11-19T14:56:52.341-0800: 66.499: [GC (Allocation Failure) 2020-11-19T14:56:52.341-0800: 66.499: [DefNew: 140102K->356K(157248K), 0.0025168 secs] 178028K->38281K(506816K), 0.0025913 secs] [Times: user=0.01 sys=0.00, real=0.00 secs] 
2020-11-19T14:56:52.413-0800: 66.571: [GC (Allocation Failure) 2020-11-19T14:56:52.413-0800: 66.571: [DefNew: 140132K->334K(157248K), 0.0028585 secs] 178057K->38259K(506816K), 0.0029836 secs] [Times: user=0.00 sys=0.00, real=0.00 secs] 
2020-11-19T14:56:52.490-0800: 66.647: [GC (Allocation Failure) 2020-11-19T14:56:52.490-0800: 66.647: [DefNew: 140110K->330K(157248K), 0.0032058 secs] 178035K->38255K(506816K), 0.0032883 secs] [Times: user=0.00 sys=0.00, real=0.00 secs] 
2020-11-19T14:56:52.561-0800: 66.719: [GC (Allocation Failure) 2020-11-19T14:56:52.561-0800: 66.719: [DefNew: 140106K->312K(157248K), 0.0028411 secs] 178031K->38238K(506816K), 0.0029255 secs] [Times: user=0.00 sys=0.00, real=0.00 secs] 
2020-11-19T14:56:52.635-0800: 66.793: [GC (Allocation Failure) 2020-11-19T14:56:52.635-0800: 66.793: [DefNew: 140088K->338K(157248K), 0.0058408 secs] 178014K->38264K(506816K), 0.0059751 secs] [Times: user=0.01 sys=0.00, real=0.01 secs] 
2020-11-19T14:56:52.721-0800: 66.878: [GC (Allocation Failure) 2020-11-19T14:56:52.721-0800: 66.878: [DefNew: 140114K->367K(157248K), 0.0038188 secs] 178040K->38293K(506816K), 0.0040194 secs] [Times: user=0.01 sys=0.00, real=0.00 secs] 
2020-11-19T14:56:52.810-0800: 66.968: [GC (Allocation Failure) 2020-11-19T14:56:52.810-0800: 66.968: [DefNew: 140143K->345K(157248K), 0.0026909 secs] 178069K->38270K(506816K), 0.0029787 secs] [Times: user=0.01 sys=0.00, real=0.00 secs] 
2020-11-19T14:56:52.885-0800: 67.043: [GC (Allocation Failure) 2020-11-19T14:56:52.885-0800: 67.043: [DefNew: 140121K->323K(157248K), 0.0025663 secs] 178046K->38248K(506816K), 0.0026688 secs] [Times: user=0.00 sys=0.00, real=0.00 secs] 
2020-11-19T14:56:52.958-0800: 67.116: [GC (Allocation Failure) 2020-11-19T14:56:52.958-0800: 67.116: [DefNew: 140099K->326K(157248K), 0.0033178 secs] 178024K->38253K(506816K), 0.0034252 secs] [Times: user=0.00 sys=0.00, real=0.01 secs] 
2020-11-19T14:56:53.034-0800: 67.191: [GC (Allocation Failure) 2020-11-19T14:56:53.034-0800: 67.191: [DefNew: 140102K->348K(157248K), 0.0027804 secs] 178029K->38275K(506816K), 0.0028820 secs] [Times: user=0.00 sys=0.00, real=0.00 secs] 
2020-11-19T14:56:53.122-0800: 67.279: [GC (Allocation Failure) 2020-11-19T14:56:53.122-0800: 67.280: [DefNew: 140124K->334K(157248K), 0.0025298 secs] 178051K->38261K(506816K), 0.0026114 secs] [Times: user=0.00 sys=0.00, real=0.00 secs] 
2020-11-19T14:56:53.197-0800: 67.355: [GC (Allocation Failure) 2020-11-19T14:56:53.197-0800: 67.355: [DefNew: 140110K->337K(157248K), 0.0028751 secs] 178037K->38263K(506816K), 0.0029595 secs] [Times: user=0.00 sys=0.00, real=0.01 secs] 
2020-11-19T14:56:53.273-0800: 67.430: [GC (Allocation Failure) 2020-11-19T14:56:53.273-0800: 67.430: [DefNew: 140113K->320K(157248K), 0.0028520 secs] 178039K->38247K(506816K), 0.0029288 secs] [Times: user=0.00 sys=0.00, real=0.00 secs] 
2020-11-19T14:56:53.340-0800: 67.498: [GC (Allocation Failure) 2020-11-19T14:56:53.340-0800: 67.498: [DefNew: 140096K->337K(157248K), 0.0031143 secs] 178023K->38264K(506816K), 0.0031949 secs] [Times: user=0.00 sys=0.00, real=0.00 secs] 
2020-11-19T14:56:53.405-0800: 67.563: [GC (Allocation Failure) 2020-11-19T14:56:53.406-0800: 67.563: [DefNew: 140113K->336K(157248K), 0.0030283 secs] 178040K->38263K(506816K), 0.0031784 secs] [Times: user=0.01 sys=0.00, real=0.00 secs] 
2020-11-19T14:56:53.475-0800: 67.632: [GC (Allocation Failure) 2020-11-19T14:56:53.475-0800: 67.632: [DefNew: 140112K->328K(157248K), 0.0027882 secs] 178039K->38254K(506816K), 0.0028682 secs] [Times: user=0.00 sys=0.00, real=0.00 secs] 
2020-11-19T14:56:53.550-0800: 67.707: [GC (Allocation Failure) 2020-11-19T14:56:53.550-0800: 67.707: [DefNew: 140104K->350K(157248K), 0.0028213 secs] 178030K->38276K(506816K), 0.0029269 secs] [Times: user=0.00 sys=0.00, real=0.00 secs] 
2020-11-19T14:56:53.629-0800: 67.786: [GC (Allocation Failure) 2020-11-19T14:56:53.629-0800: 67.786: [DefNew: 140126K->346K(157248K), 0.0027488 secs] 178052K->38273K(506816K), 0.0028322 secs] [Times: user=0.01 sys=0.00, real=0.01 secs] 
2020-11-19T14:56:53.707-0800: 67.865: [GC (Allocation Failure) 2020-11-19T14:56:53.707-0800: 67.865: [DefNew: 140122K->337K(157248K), 0.0026537 secs] 178049K->38263K(506816K), 0.0027411 secs] [Times: user=0.00 sys=0.00, real=0.01 secs] 
2020-11-19T14:56:53.785-0800: 67.943: [GC (Allocation Failure) 2020-11-19T14:56:53.786-0800: 67.943: [DefNew: 140113K->338K(157248K), 0.0027378 secs] 178039K->38264K(506816K), 0.0029100 secs] [Times: user=0.01 sys=0.00, real=0.00 secs] 
2020-11-19T14:56:53.860-0800: 68.017: [GC (Allocation Failure) 2020-11-19T14:56:53.860-0800: 68.017: [DefNew: 140114K->340K(157248K), 0.0028646 secs] 178040K->38266K(506816K), 0.0029746 secs] [Times: user=0.01 sys=0.00, real=0.00 secs] 
2020-11-19T14:56:53.932-0800: 68.089: [GC (Allocation Failure) 2020-11-19T14:56:53.932-0800: 68.089: [DefNew: 140116K->340K(157248K), 0.0028560 secs] 178042K->38266K(506816K), 0.0029945 secs] [Times: user=0.01 sys=0.00, real=0.00 secs] 
2020-11-19T14:56:54.011-0800: 68.168: [GC (Allocation Failure) 2020-11-19T14:56:54.011-0800: 68.168: [DefNew: 140116K->336K(157248K), 0.0059597 secs] 178042K->38263K(506816K), 0.0060795 secs] [Times: user=0.01 sys=0.00, real=0.00 secs] 
2020-11-19T14:56:54.104-0800: 68.261: [GC (Allocation Failure) 2020-11-19T14:56:54.104-0800: 68.261: [DefNew: 140112K->342K(157248K), 0.0026669 secs] 178039K->38270K(506816K), 0.0027790 secs] [Times: user=0.00 sys=0.00, real=0.00 secs] 
2020-11-19T14:56:54.176-0800: 68.333: [GC (Allocation Failure) 2020-11-19T14:56:54.176-0800: 68.333: [DefNew: 140118K->339K(157248K), 0.0025590 secs] 178046K->38266K(506816K), 0.0026555 secs] [Times: user=0.00 sys=0.00, real=0.00 secs] 
2020-11-19T14:56:54.239-0800: 68.397: [GC (Allocation Failure) 2020-11-19T14:56:54.239-0800: 68.397: [DefNew: 140115K->347K(157248K), 0.0025161 secs] 178042K->38275K(506816K), 0.0025933 secs] [Times: user=0.01 sys=0.00, real=0.01 secs] 
2020-11-19T14:56:54.316-0800: 68.473: [GC (Allocation Failure) 2020-11-19T14:56:54.316-0800: 68.473: [DefNew: 140123K->351K(157248K), 0.0026578 secs] 178051K->38279K(506816K), 0.0027855 secs] [Times: user=0.01 sys=0.00, real=0.00 secs] 
2020-11-19T14:56:54.392-0800: 68.550: [GC (Allocation Failure) 2020-11-19T14:56:54.393-0800: 68.550: [DefNew: 140127K->321K(157248K), 0.0024403 secs] 178055K->38250K(506816K), 0.0025163 secs] [Times: user=0.00 sys=0.00, real=0.00 secs] 
2020-11-19T14:56:54.461-0800: 68.618: [GC (Allocation Failure) 2020-11-19T14:56:54.461-0800: 68.618: [DefNew: 140097K->337K(157248K), 0.0029544 secs] 178026K->38266K(506816K), 0.0030566 secs] [Times: user=0.00 sys=0.00, real=0.00 secs] 
2020-11-19T14:56:54.531-0800: 68.689: [GC (Allocation Failure) 2020-11-19T14:56:54.531-0800: 68.689: [DefNew: 140113K->335K(157248K), 0.0030995 secs] 178042K->38263K(506816K), 0.0032327 secs] [Times: user=0.01 sys=0.00, real=0.00 secs] 
2020-11-19T14:56:54.605-0800: 68.763: [GC (Allocation Failure) 2020-11-19T14:56:54.605-0800: 68.763: [DefNew: 140111K->325K(157248K), 0.0024282 secs] 178039K->38253K(506816K), 0.0025033 secs] [Times: user=0.01 sys=0.00, real=0.00 secs] 
2020-11-19T14:56:54.678-0800: 68.835: [GC (Allocation Failure) 2020-11-19T14:56:54.678-0800: 68.836: [DefNew: 140101K->341K(157248K), 0.0029169 secs] 178029K->38270K(506816K), 0.0030097 secs] [Times: user=0.00 sys=0.00, real=0.01 secs] 
2020-11-19T14:56:54.752-0800: 68.909: [GC (Allocation Failure) 2020-11-19T14:56:54.752-0800: 68.909: [DefNew: 140117K->341K(157248K), 0.0030338 secs] 178046K->38270K(506816K), 0.0031377 secs] [Times: user=0.01 sys=0.00, real=0.00 secs] 
2020-11-19T14:56:54.826-0800: 68.983: [GC (Allocation Failure) 2020-11-19T14:56:54.826-0800: 68.983: [DefNew: 140117K->335K(157248K), 0.0028728 secs] 178046K->38264K(506816K), 0.0029711 secs] [Times: user=0.00 sys=0.00, real=0.00 secs] 
2020-11-19T14:56:54.895-0800: 69.053: [GC (Allocation Failure) 2020-11-19T14:56:54.895-0800: 69.053: [DefNew: 140111K->307K(157248K), 0.0029091 secs] 178040K->38235K(506816K), 0.0030302 secs] [Times: user=0.01 sys=0.00, real=0.00 secs] 
2020-11-19T14:56:54.965-0800: 69.122: [GC (Allocation Failure) 2020-11-19T14:56:54.965-0800: 69.122: [DefNew: 140083K->345K(157248K), 0.0029824 secs] 178011K->38273K(506816K), 0.0031138 secs] [Times: user=0.01 sys=0.00, real=0.00 secs] 
2020-11-19T14:56:55.038-0800: 69.195: [GC (Allocation Failure) 2020-11-19T14:56:55.038-0800: 69.195: [DefNew: 140121K->324K(157248K), 0.0028106 secs] 178049K->38252K(506816K), 0.0029068 secs] [Times: user=0.00 sys=0.00, real=0.01 secs] 
2020-11-19T14:56:55.118-0800: 69.275: [GC (Allocation Failure) 2020-11-19T14:56:55.118-0800: 69.275: [DefNew: 140100K->325K(157248K), 0.0028109 secs] 178028K->38254K(506816K), 0.0029121 secs] [Times: user=0.01 sys=0.00, real=0.01 secs] 
2020-11-19T14:56:55.189-0800: 69.347: [GC (Allocation Failure) 2020-11-19T14:56:55.189-0800: 69.347: [DefNew: 140101K->331K(157248K), 0.0028747 secs] 178030K->38260K(506816K), 0.0029742 secs] [Times: user=0.01 sys=0.00, real=0.01 secs] 
2020-11-19T14:56:55.260-0800: 69.417: [GC (Allocation Failure) 2020-11-19T14:56:55.260-0800: 69.417: [DefNew: 140107K->320K(157248K), 0.0028841 secs] 178036K->38249K(506816K), 0.0029995 secs] [Times: user=0.00 sys=0.00, real=0.00 secs] 
2020-11-19T14:56:55.335-0800: 69.492: [GC (Allocation Failure) 2020-11-19T14:56:55.335-0800: 69.492: [DefNew: 140096K->318K(157248K), 0.0027366 secs] 178025K->38247K(506816K), 0.0028281 secs] [Times: user=0.01 sys=0.00, real=0.00 secs] 
2020-11-19T14:56:55.409-0800: 69.566: [GC (Allocation Failure) 2020-11-19T14:56:55.409-0800: 69.566: [DefNew: 140094K->324K(157248K), 0.0027937 secs] 178023K->38253K(506816K), 0.0028914 secs] [Times: user=0.00 sys=0.00, real=0.01 secs] 
2020-11-19T14:56:55.482-0800: 69.639: [GC (Allocation Failure) 2020-11-19T14:56:55.482-0800: 69.639: [DefNew: 140100K->325K(157248K), 0.0029119 secs] 178029K->38253K(506816K), 0.0030106 secs] [Times: user=0.00 sys=0.00, real=0.00 secs] 
2020-11-19T14:56:55.555-0800: 69.713: [GC (Allocation Failure) 2020-11-19T14:56:55.556-0800: 69.713: [DefNew: 140101K->349K(157248K), 0.0029137 secs] 178029K->38279K(506816K), 0.0030005 secs] [Times: user=0.00 sys=0.00, real=0.00 secs] 
2020-11-19T14:56:55.630-0800: 69.787: [GC (Allocation Failure) 2020-11-19T14:56:55.630-0800: 69.787: [DefNew: 140125K->329K(157248K), 0.0028473 secs] 178055K->38259K(506816K), 0.0029333 secs] [Times: user=0.00 sys=0.00, real=0.00 secs] 
2020-11-19T14:56:55.708-0800: 69.865: [GC (Allocation Failure) 2020-11-19T14:56:55.708-0800: 69.865: [DefNew: 140105K->334K(157248K), 0.0028459 secs] 178035K->38264K(506816K), 0.0029274 secs] [Times: user=0.00 sys=0.00, real=0.01 secs] 
2020-11-19T14:56:55.780-0800: 69.938: [GC (Allocation Failure) 2020-11-19T14:56:55.780-0800: 69.938: [DefNew: 140110K->344K(157248K), 0.0029324 secs] 178040K->38273K(506816K), 0.0030166 secs] [Times: user=0.00 sys=0.00, real=0.00 secs] 
2020-11-19T14:56:55.853-0800: 70.011: [GC (Allocation Failure) 2020-11-19T14:56:55.853-0800: 70.011: [DefNew: 140120K->327K(157248K), 0.0028783 secs] 178049K->38257K(506816K), 0.0029686 secs] [Times: user=0.00 sys=0.00, real=0.00 secs] 
2020-11-19T14:56:55.925-0800: 70.082: [GC (Allocation Failure) 2020-11-19T14:56:55.925-0800: 70.083: [DefNew: 140103K->333K(157248K), 0.0028556 secs] 178033K->38263K(506816K), 0.0029444 secs] [Times: user=0.00 sys=0.00, real=0.00 secs] 
2020-11-19T14:56:56.002-0800: 70.159: [GC (Allocation Failure) 2020-11-19T14:56:56.002-0800: 70.159: [DefNew: 140109K->339K(157248K), 0.0030585 secs] 178039K->38269K(506816K), 0.0031484 secs] [Times: user=0.01 sys=0.00, real=0.00 secs] 
2020-11-19T14:56:56.080-0800: 70.237: [GC (Allocation Failure) 2020-11-19T14:56:56.080-0800: 70.237: [DefNew: 140115K->319K(157248K), 0.0028925 secs] 178045K->38249K(506816K), 0.0030012 secs] [Times: user=0.00 sys=0.00, real=0.00 secs] 
2020-11-19T14:56:56.162-0800: 70.320: [GC (Allocation Failure) 2020-11-19T14:56:56.162-0800: 70.320: [DefNew: 140095K->338K(157248K), 0.0030378 secs] 178025K->38268K(506816K), 0.0031560 secs] [Times: user=0.00 sys=0.01, real=0.00 secs] 
2020-11-19T14:56:56.234-0800: 70.392: [GC (Allocation Failure) 2020-11-19T14:56:56.234-0800: 70.392: [DefNew: 140114K->334K(157248K), 0.0027982 secs] 178044K->38263K(506816K), 0.0028828 secs] [Times: user=0.01 sys=0.00, real=0.00 secs] 
2020-11-19T14:56:56.310-0800: 70.468: [GC (Allocation Failure) 2020-11-19T14:56:56.311-0800: 70.468: [DefNew: 140110K->304K(157248K), 0.0027546 secs] 178039K->38234K(506816K), 0.0028438 secs] [Times: user=0.00 sys=0.00, real=0.00 secs] 
2020-11-19T14:56:56.386-0800: 70.543: [GC (Allocation Failure) 2020-11-19T14:56:56.386-0800: 70.543: [DefNew: 140080K->339K(157248K), 0.0028224 secs] 178010K->38269K(506816K), 0.0029064 secs] [Times: user=0.01 sys=0.00, real=0.00 secs] 
2020-11-19T14:56:56.458-0800: 70.616: [GC (Allocation Failure) 2020-11-19T14:56:56.458-0800: 70.616: [DefNew: 140115K->347K(157248K), 0.0028446 secs] 178045K->38277K(506816K), 0.0029281 secs] [Times: user=0.00 sys=0.00, real=0.01 secs] 
2020-11-19T14:56:56.521-0800: 70.679: [GC (Allocation Failure) 2020-11-19T14:56:56.522-0800: 70.679: [DefNew: 140123K->322K(157248K), 0.0028503 secs] 178053K->38252K(506816K), 0.0029459 secs] [Times: user=0.00 sys=0.00, real=0.00 secs] 
2020-11-19T14:56:56.583-0800: 70.741: [GC (Allocation Failure) 2020-11-19T14:56:56.584-0800: 70.741: [DefNew: 140098K->326K(157248K), 0.0027431 secs] 178028K->38256K(506816K), 0.0028327 secs] [Times: user=0.01 sys=0.00, real=0.00 secs] 
2020-11-19T14:56:56.654-0800: 70.812: [GC (Allocation Failure) 2020-11-19T14:56:56.655-0800: 70.812: [DefNew: 140102K->332K(157248K), 0.0030583 secs] 178032K->38262K(506816K), 0.0031492 secs] [Times: user=0.00 sys=0.00, real=0.00 secs] 
2020-11-19T14:56:56.733-0800: 70.891: [GC (Allocation Failure) 2020-11-19T14:56:56.733-0800: 70.891: [DefNew: 140108K->342K(157248K), 0.0028842 secs] 178038K->38273K(506816K), 0.0029862 secs] [Times: user=0.00 sys=0.00, real=0.00 secs] 
2020-11-19T14:56:56.806-0800: 70.964: [GC (Allocation Failure) 2020-11-19T14:56:56.807-0800: 70.964: [DefNew: 140118K->317K(157248K), 0.0028244 secs] 178049K->38247K(506816K), 0.0029181 secs] [Times: user=0.00 sys=0.00, real=0.00 secs] 
2020-11-19T14:56:56.878-0800: 71.035: [GC (Allocation Failure) 2020-11-19T14:56:56.878-0800: 71.035: [DefNew: 140093K->341K(157248K), 0.0030208 secs] 178023K->38271K(506816K), 0.0031129 secs] [Times: user=0.00 sys=0.00, real=0.01 secs] 
2020-11-19T14:56:56.947-0800: 71.104: [GC (Allocation Failure) 2020-11-19T14:56:56.947-0800: 71.104: [DefNew: 140117K->350K(157248K), 0.0030318 secs] 178047K->38281K(506816K), 0.0031302 secs] [Times: user=0.00 sys=0.00, real=0.01 secs] 
2020-11-19T14:56:57.020-0800: 71.177: [GC (Allocation Failure) 2020-11-19T14:56:57.020-0800: 71.177: [DefNew: 140126K->327K(157248K), 0.0029507 secs] 178057K->38258K(506816K), 0.0030511 secs] [Times: user=0.01 sys=0.00, real=0.00 secs] 
2020-11-19T14:56:57.095-0800: 71.253: [GC (Allocation Failure) 2020-11-19T14:56:57.095-0800: 71.253: [DefNew: 140103K->348K(157248K), 0.0029983 secs] 178034K->38278K(506816K), 0.0030920 secs] [Times: user=0.01 sys=0.00, real=0.00 secs] 
2020-11-19T14:56:57.175-0800: 71.332: [GC (Allocation Failure) 2020-11-19T14:56:57.175-0800: 71.332: [DefNew: 140124K->316K(157248K), 0.0028876 secs] 178054K->38246K(506816K), 0.0029718 secs] [Times: user=0.00 sys=0.00, real=0.00 secs] 
2020-11-19T14:56:57.246-0800: 71.403: [GC (Allocation Failure) 2020-11-19T14:56:57.246-0800: 71.404: [DefNew: 140092K->363K(157248K), 0.0030376 secs] 178022K->38294K(506816K), 0.0031480 secs] [Times: user=0.00 sys=0.00, real=0.00 secs] 
2020-11-19T14:56:57.316-0800: 71.474: [GC (Allocation Failure) 2020-11-19T14:56:57.316-0800: 71.474: [DefNew: 140139K->300K(157248K), 0.0028068 secs] 178070K->38232K(506816K), 0.0029061 secs] [Times: user=0.00 sys=0.00, real=0.00 secs] 
2020-11-19T14:56:57.386-0800: 71.543: [GC (Allocation Failure) 2020-11-19T14:56:57.386-0800: 71.543: [DefNew: 140076K->316K(157248K), 0.0027577 secs] 178008K->38248K(506816K), 0.0028498 secs] [Times: user=0.00 sys=0.00, real=0.00 secs] 
2020-11-19T14:56:57.454-0800: 71.611: [GC (Allocation Failure) 2020-11-19T14:56:57.454-0800: 71.611: [DefNew: 140092K->341K(157248K), 0.0028727 secs] 178024K->38273K(506816K), 0.0029696 secs] [Times: user=0.00 sys=0.00, real=0.00 secs] 
2020-11-19T14:56:57.520-0800: 71.677: [GC (Allocation Failure) 2020-11-19T14:56:57.520-0800: 71.677: [DefNew: 140117K->323K(157248K), 0.0027801 secs] 178049K->38255K(506816K), 0.0028666 secs] [Times: user=0.00 sys=0.00, real=0.00 secs] 
2020-11-19T14:56:57.589-0800: 71.747: [GC (Allocation Failure) 2020-11-19T14:56:57.589-0800: 71.747: [DefNew: 140099K->343K(157248K), 0.0028044 secs] 178031K->38275K(506816K), 0.0028903 secs] [Times: user=0.00 sys=0.00, real=0.01 secs] 
2020-11-19T14:56:57.658-0800: 71.815: [GC (Allocation Failure) 2020-11-19T14:56:57.658-0800: 71.815: [DefNew: 140119K->311K(157248K), 0.0029004 secs] 178051K->38243K(506816K), 0.0030075 secs] [Times: user=0.00 sys=0.00, real=0.01 secs] 
2020-11-19T14:56:57.724-0800: 71.881: [GC (Allocation Failure) 2020-11-19T14:56:57.724-0800: 71.881: [DefNew: 140087K->322K(157248K), 0.0027948 secs] 178019K->38253K(506816K), 0.0029010 secs] [Times: user=0.00 sys=0.00, real=0.00 secs] 
2020-11-19T14:56:57.794-0800: 71.951: [GC (Allocation Failure) 2020-11-19T14:56:57.794-0800: 71.951: [DefNew: 140098K->320K(157248K), 0.0029229 secs] 178029K->38252K(506816K), 0.0030116 secs] [Times: user=0.01 sys=0.00, real=0.00 secs] 
2020-11-19T14:56:57.861-0800: 72.018: [GC (Allocation Failure) 2020-11-19T14:56:57.861-0800: 72.018: [DefNew: 140096K->330K(157248K), 0.0028962 secs] 178028K->38262K(506816K), 0.0030040 secs] [Times: user=0.00 sys=0.00, real=0.00 secs] 
2020-11-19T14:56:57.924-0800: 72.081: [GC (Allocation Failure) 2020-11-19T14:56:57.924-0800: 72.081: [DefNew: 140106K->331K(157248K), 0.0027842 secs] 178038K->38262K(506816K), 0.0029207 secs] [Times: user=0.01 sys=0.00, real=0.00 secs] 
2020-11-19T14:56:57.996-0800: 72.154: [GC (Allocation Failure) 2020-11-19T14:56:57.996-0800: 72.154: [DefNew: 140107K->339K(157248K), 0.0032314 secs] 178038K->38270K(506816K), 0.0033552 secs] [Times: user=0.01 sys=0.00, real=0.01 secs] 
2020-11-19T14:56:58.087-0800: 72.245: [GC (Allocation Failure) 2020-11-19T14:56:58.087-0800: 72.245: [DefNew: 140115K->342K(157248K), 0.0029912 secs] 178046K->38274K(506816K), 0.0030862 secs] [Times: user=0.01 sys=0.00, real=0.01 secs] 
2020-11-19T14:56:58.166-0800: 72.323: [GC (Allocation Failure) 2020-11-19T14:56:58.166-0800: 72.323: [DefNew: 140118K->304K(157248K), 0.0027594 secs] 178050K->38236K(506816K), 0.0028617 secs] [Times: user=0.00 sys=0.00, real=0.00 secs] 
2020-11-19T14:56:58.231-0800: 72.388: [GC (Allocation Failure) 2020-11-19T14:56:58.231-0800: 72.388: [DefNew: 140080K->326K(157248K), 0.0029144 secs] 178012K->38257K(506816K), 0.0030390 secs] [Times: user=0.01 sys=0.00, real=0.00 secs] 
2020-11-19T14:56:58.314-0800: 72.471: [GC (Allocation Failure) 2020-11-19T14:56:58.314-0800: 72.471: [DefNew: 140102K->337K(157248K), 0.0028671 secs] 178033K->38269K(506816K), 0.0029559 secs] [Times: user=0.00 sys=0.00, real=0.00 secs] 
2020-11-19T14:56:58.389-0800: 72.546: [GC (Allocation Failure) 2020-11-19T14:56:58.389-0800: 72.546: [DefNew: 140113K->334K(157248K), 0.0028728 secs] 178045K->38266K(506816K), 0.0029757 secs] [Times: user=0.00 sys=0.00, real=0.01 secs] 
2020-11-19T14:56:58.466-0800: 72.623: [GC (Allocation Failure) 2020-11-19T14:56:58.466-0800: 72.623: [DefNew: 140110K->400K(157248K), 0.0029348 secs] 178042K->38333K(506816K), 0.0030292 secs] [Times: user=0.01 sys=0.00, real=0.00 secs] 
2020-11-19T14:56:58.531-0800: 72.688: [GC (Allocation Failure) 2020-11-19T14:56:58.531-0800: 72.688: [DefNew: 140176K->318K(157248K), 0.0031066 secs] 178109K->38251K(506816K), 0.0032157 secs] [Times: user=0.01 sys=0.00, real=0.00 secs] 
2020-11-19T14:56:58.595-0800: 72.753: [GC (Allocation Failure) 2020-11-19T14:56:58.595-0800: 72.753: [DefNew: 140094K->324K(157248K), 0.0028761 secs] 178027K->38257K(506816K), 0.0029766 secs] [Times: user=0.00 sys=0.00, real=0.00 secs] 
2020-11-19T14:56:58.660-0800: 72.817: [GC (Allocation Failure) 2020-11-19T14:56:58.660-0800: 72.817: [DefNew: 140100K->331K(157248K), 0.0028329 secs] 178033K->38264K(506816K), 0.0029302 secs] [Times: user=0.00 sys=0.00, real=0.00 secs] 
2020-11-19T14:56:58.724-0800: 72.881: [GC (Allocation Failure) 2020-11-19T14:56:58.724-0800: 72.881: [DefNew: 140107K->337K(157248K), 0.0028003 secs] 178040K->38269K(506816K), 0.0029010 secs] [Times: user=0.00 sys=0.00, real=0.00 secs] 
2020-11-19T14:56:58.788-0800: 72.946: [GC (Allocation Failure) 2020-11-19T14:56:58.789-0800: 72.946: [DefNew: 140113K->313K(157248K), 0.0028110 secs] 178045K->38245K(506816K), 0.0029049 secs] [Times: user=0.00 sys=0.00, real=0.01 secs] 
2020-11-19T14:56:58.856-0800: 73.013: [GC (Allocation Failure) 2020-11-19T14:56:58.856-0800: 73.013: [DefNew: 140089K->335K(157248K), 0.0028351 secs] 178021K->38268K(506816K), 0.0029299 secs] [Times: user=0.00 sys=0.00, real=0.00 secs] 
2020-11-19T14:56:58.931-0800: 73.088: [GC (Allocation Failure) 2020-11-19T14:56:58.931-0800: 73.088: [DefNew: 140111K->341K(157248K), 0.0030897 secs] 178044K->38274K(506816K), 0.0032666 secs] [Times: user=0.00 sys=0.00, real=0.00 secs] 
2020-11-19T14:56:59.006-0800: 73.164: [GC (Allocation Failure) 2020-11-19T14:56:59.006-0800: 73.164: [DefNew: 140117K->313K(157248K), 0.0028165 secs] 178050K->38246K(506816K), 0.0029044 secs] [Times: user=0.00 sys=0.00, real=0.00 secs] 
2020-11-19T14:56:59.079-0800: 73.236: [GC (Allocation Failure) 2020-11-19T14:56:59.079-0800: 73.236: [DefNew: 140089K->335K(157248K), 0.0029148 secs] 178022K->38269K(506816K), 0.0030082 secs] [Times: user=0.00 sys=0.00, real=0.01 secs] 
2020-11-19T14:56:59.165-0800: 73.322: [GC (Allocation Failure) 2020-11-19T14:56:59.165-0800: 73.323: [DefNew: 140111K->332K(157248K), 0.0028441 secs] 178045K->38266K(506816K), 0.0029353 secs] [Times: user=0.00 sys=0.00, real=0.00 secs] 
2020-11-19T14:56:59.243-0800: 73.400: [GC (Allocation Failure) 2020-11-19T14:56:59.243-0800: 73.400: [DefNew: 140108K->342K(157248K), 0.0028438 secs] 178042K->38276K(506816K), 0.0029327 secs] [Times: user=0.00 sys=0.00, real=0.00 secs] 
2020-11-19T14:56:59.314-0800: 73.471: [GC (Allocation Failure) 2020-11-19T14:56:59.314-0800: 73.472: [DefNew: 140118K->322K(157248K), 0.0028437 secs] 178052K->38256K(506816K), 0.0029306 secs] [Times: user=0.01 sys=0.00, real=0.00 secs] 
2020-11-19T14:56:59.383-0800: 73.540: [GC (Allocation Failure) 2020-11-19T14:56:59.383-0800: 73.540: [DefNew: 140098K->332K(157248K), 0.0030466 secs] 178032K->38266K(506816K), 0.0031573 secs] [Times: user=0.01 sys=0.00, real=0.00 secs] 
2020-11-19T14:56:59.452-0800: 73.609: [GC (Allocation Failure) 2020-11-19T14:56:59.452-0800: 73.609: [DefNew: 140108K->336K(157248K), 0.0030186 secs] 178042K->38270K(506816K), 0.0031356 secs] [Times: user=0.00 sys=0.00, real=0.00 secs] 
2020-11-19T14:56:59.522-0800: 73.679: [GC (Allocation Failure) 2020-11-19T14:56:59.522-0800: 73.679: [DefNew: 140112K->347K(157248K), 0.0028470 secs] 178046K->38281K(506816K), 0.0029290 secs] [Times: user=0.00 sys=0.00, real=0.00 secs] 
2020-11-19T14:56:59.596-0800: 73.753: [GC (Allocation Failure) 2020-11-19T14:56:59.596-0800: 73.753: [DefNew: 140123K->323K(157248K), 0.0029974 secs] 178057K->38257K(506816K), 0.0030929 secs] [Times: user=0.00 sys=0.00, real=0.00 secs] 
2020-11-19T14:56:59.662-0800: 73.819: [GC (Allocation Failure) 2020-11-19T14:56:59.662-0800: 73.819: [DefNew: 140099K->341K(157248K), 0.0029355 secs] 178033K->38275K(506816K), 0.0030303 secs] [Times: user=0.00 sys=0.00, real=0.00 secs] 
2020-11-19T14:56:59.731-0800: 73.889: [GC (Allocation Failure) 2020-11-19T14:56:59.731-0800: 73.889: [DefNew: 140117K->330K(157248K), 0.0030137 secs] 178051K->38265K(506816K), 0.0031258 secs] [Times: user=0.00 sys=0.01, real=0.00 secs] 
2020-11-19T14:56:59.805-0800: 73.962: [GC (Allocation Failure) 2020-11-19T14:56:59.805-0800: 73.962: [DefNew: 140106K->316K(157248K), 0.0027496 secs] 178041K->38251K(506816K), 0.0028376 secs] [Times: user=0.00 sys=0.00, real=0.00 secs] 
2020-11-19T14:56:59.877-0800: 74.034: [GC (Allocation Failure) 2020-11-19T14:56:59.877-0800: 74.034: [DefNew: 140092K->333K(157248K), 0.0027897 secs] 178027K->38268K(506816K), 0.0028766 secs] [Times: user=0.01 sys=0.00, real=0.01 secs] 
2020-11-19T14:56:59.945-0800: 74.103: [GC (Allocation Failure) 2020-11-19T14:56:59.945-0800: 74.103: [DefNew: 140109K->339K(157248K), 0.0031075 secs] 178044K->38274K(506816K), 0.0032205 secs] [Times: user=0.00 sys=0.00, real=0.00 secs] 
2020-11-19T14:57:00.021-0800: 74.179: [GC (Allocation Failure) 2020-11-19T14:57:00.022-0800: 74.179: [DefNew: 140115K->348K(157248K), 0.0030652 secs] 178050K->38283K(506816K), 0.0031627 secs] [Times: user=0.00 sys=0.00, real=0.00 secs] 
2020-11-19T14:57:00.099-0800: 74.256: [GC (Allocation Failure) 2020-11-19T14:57:00.099-0800: 74.256: [DefNew: 140117K->308K(157248K), 0.0028653 secs] 178052K->38243K(506816K), 0.0029763 secs] [Times: user=0.01 sys=0.00, real=0.01 secs] 
2020-11-19T14:57:00.181-0800: 74.339: [GC (Allocation Failure) 2020-11-19T14:57:00.181-0800: 74.339: [DefNew: 140084K->349K(157248K), 0.0029398 secs] 178019K->38285K(506816K), 0.0030261 secs] [Times: user=0.00 sys=0.00, real=0.00 secs] 
2020-11-19T14:57:00.253-0800: 74.411: [GC (Allocation Failure) 2020-11-19T14:57:00.253-0800: 74.411: [DefNew: 140125K->334K(157248K), 0.0029227 secs] 178061K->38269K(506816K), 0.0030135 secs] [Times: user=0.00 sys=0.00, real=0.00 secs] 
2020-11-19T14:57:00.325-0800: 74.483: [GC (Allocation Failure) 2020-11-19T14:57:00.325-0800: 74.483: [DefNew: 140110K->325K(157248K), 0.0027633 secs] 178045K->38260K(506816K), 0.0028458 secs] [Times: user=0.01 sys=0.00, real=0.00 secs] 
2020-11-19T14:57:00.392-0800: 74.549: [GC (Allocation Failure) 2020-11-19T14:57:00.392-0800: 74.549: [DefNew: 140101K->326K(157248K), 0.0028214 secs] 178036K->38261K(506816K), 0.0029150 secs] [Times: user=0.00 sys=0.00, real=0.00 secs] 
2020-11-19T14:57:00.459-0800: 74.617: [GC (Allocation Failure) 2020-11-19T14:57:00.459-0800: 74.617: [DefNew: 140102K->320K(157248K), 0.0028811 secs] 178037K->38255K(506816K), 0.0029790 secs] [Times: user=0.01 sys=0.00, real=0.01 secs] 
2020-11-19T14:57:00.523-0800: 74.680: [GC (Allocation Failure) 2020-11-19T14:57:00.523-0800: 74.680: [DefNew: 140096K->329K(157248K), 0.0028009 secs] 178031K->38265K(506816K), 0.0028781 secs] [Times: user=0.00 sys=0.00, real=0.00 secs] 
2020-11-19T14:57:00.589-0800: 74.746: [GC (Allocation Failure) 2020-11-19T14:57:00.589-0800: 74.746: [DefNew: 140105K->327K(157248K), 0.0027542 secs] 178041K->38262K(506816K), 0.0028407 secs] [Times: user=0.00 sys=0.00, real=0.01 secs] 
2020-11-19T14:57:00.659-0800: 74.816: [GC (Allocation Failure) 2020-11-19T14:57:00.659-0800: 74.816: [DefNew: 140103K->317K(157248K), 0.0028435 secs] 178038K->38253K(506816K), 0.0029421 secs] [Times: user=0.00 sys=0.00, real=0.01 secs] 
2020-11-19T14:57:00.735-0800: 74.892: [GC (Allocation Failure) 2020-11-19T14:57:00.735-0800: 74.892: [DefNew: 140093K->336K(157248K), 0.0028195 secs] 178029K->38271K(506816K), 0.0029066 secs] [Times: user=0.01 sys=0.00, real=0.00 secs] 
2020-11-19T14:57:00.812-0800: 74.969: [GC (Allocation Failure) 2020-11-19T14:57:00.812-0800: 74.969: [DefNew: 140112K->325K(157248K), 0.0029167 secs] 178047K->38261K(506816K), 0.0030352 secs] [Times: user=0.00 sys=0.00, real=0.00 secs] 
2020-11-19T14:57:00.886-0800: 75.044: [GC (Allocation Failure) 2020-11-19T14:57:00.886-0800: 75.044: [DefNew: 140101K->318K(157248K), 0.0027462 secs] 178037K->38253K(506816K), 0.0028303 secs] [Times: user=0.01 sys=0.00, real=0.00 secs] 
2020-11-19T14:57:00.963-0800: 75.120: [GC (Allocation Failure) 2020-11-19T14:57:00.963-0800: 75.120: [DefNew: 140094K->347K(157248K), 0.0030217 secs] 178029K->38282K(506816K), 0.0031289 secs] [Times: user=0.01 sys=0.00, real=0.00 secs] 
2020-11-19T14:57:01.034-0800: 75.191: [GC (Allocation Failure) 2020-11-19T14:57:01.034-0800: 75.192: [DefNew: 140123K->333K(157248K), 0.0029026 secs] 178058K->38268K(506816K), 0.0030108 secs] [Times: user=0.00 sys=0.00, real=0.00 secs] 
2020-11-19T14:57:01.108-0800: 75.265: [GC (Allocation Failure) 2020-11-19T14:57:01.108-0800: 75.265: [DefNew: 140109K->334K(157248K), 0.0028268 secs] 178044K->38269K(506816K), 0.0029137 secs] [Times: user=0.00 sys=0.00, real=0.01 secs] 
2020-11-19T14:57:01.182-0800: 75.339: [GC (Allocation Failure) 2020-11-19T14:57:01.182-0800: 75.339: [DefNew: 140110K->322K(157248K), 0.0027728 secs] 178045K->38258K(506816K), 0.0028680 secs] [Times: user=0.00 sys=0.00, real=0.00 secs] 
2020-11-19T14:57:01.245-0800: 75.402: [GC (Allocation Failure) 2020-11-19T14:57:01.245-0800: 75.402: [DefNew: 140098K->292K(157248K), 0.0026427 secs] 178034K->38228K(506816K), 0.0027321 secs] [Times: user=0.00 sys=0.00, real=0.00 secs] 
2020-11-19T14:57:01.312-0800: 75.470: [GC (Allocation Failure) 2020-11-19T14:57:01.312-0800: 75.470: [DefNew: 140068K->344K(157248K), 0.0029463 secs] 178004K->38280K(506816K), 0.0030403 secs] [Times: user=0.00 sys=0.00, real=0.00 secs] 
2020-11-19T14:57:01.377-0800: 75.534: [GC (Allocation Failure) 2020-11-19T14:57:01.377-0800: 75.534: [DefNew: 140120K->372K(157248K), 0.0028923 secs] 178056K->38308K(506816K), 0.0029929 secs] [Times: user=0.00 sys=0.00, real=0.01 secs] 
2020-11-19T14:57:01.451-0800: 75.608: [GC (Allocation Failure) 2020-11-19T14:57:01.451-0800: 75.608: [DefNew: 140148K->324K(157248K), 0.0027694 secs] 178084K->38260K(506816K), 0.0028540 secs] [Times: user=0.01 sys=0.00, real=0.00 secs] 
2020-11-19T14:57:01.522-0800: 75.679: [GC (Allocation Failure) 2020-11-19T14:57:01.522-0800: 75.679: [DefNew: 140100K->340K(157248K), 0.0029343 secs] 178036K->38276K(506816K), 0.0030434 secs] [Times: user=0.00 sys=0.00, real=0.00 secs] 
2020-11-19T14:57:01.594-0800: 75.751: [GC (Allocation Failure) 2020-11-19T14:57:01.594-0800: 75.752: [DefNew: 140116K->341K(157248K), 0.0028296 secs] 178052K->38277K(506816K), 0.0029131 secs] [Times: user=0.00 sys=0.00, real=0.00 secs] 
2020-11-19T14:57:01.674-0800: 75.831: [GC (Allocation Failure) 2020-11-19T14:57:01.674-0800: 75.831: [DefNew: 140117K->357K(157248K), 0.0028584 secs] 178053K->38293K(506816K), 0.0029442 secs] [Times: user=0.00 sys=0.00, real=0.00 secs] 
2020-11-19T14:57:01.751-0800: 75.908: [GC (Allocation Failure) 2020-11-19T14:57:01.751-0800: 75.908: [DefNew: 140133K->335K(157248K), 0.0028051 secs] 178069K->38271K(506816K), 0.0028947 secs] [Times: user=0.00 sys=0.00, real=0.00 secs] 
2020-11-19T14:57:01.824-0800: 75.981: [GC (Allocation Failure) 2020-11-19T14:57:01.824-0800: 75.981: [DefNew: 140111K->341K(157248K), 0.0028195 secs] 178047K->38277K(506816K), 0.0029061 secs] [Times: user=0.00 sys=0.00, real=0.00 secs] 
2020-11-19T14:57:01.896-0800: 76.053: [GC (Allocation Failure) 2020-11-19T14:57:01.896-0800: 76.053: [DefNew: 140117K->325K(157248K), 0.0028769 secs] 178053K->38261K(506816K), 0.0029685 secs] [Times: user=0.01 sys=0.00, real=0.00 secs] 
2020-11-19T14:57:01.971-0800: 76.128: [GC (Allocation Failure) 2020-11-19T14:57:01.971-0800: 76.128: [DefNew: 140101K->338K(157248K), 0.0030437 secs] 178037K->38275K(506816K), 0.0031457 secs] [Times: user=0.00 sys=0.00, real=0.00 secs] 
2020-11-19T14:57:02.049-0800: 76.206: [GC (Allocation Failure) 2020-11-19T14:57:02.049-0800: 76.206: [DefNew: 140114K->338K(157248K), 0.0029394 secs] 178051K->38274K(506816K), 0.0030241 secs] [Times: user=0.00 sys=0.00, real=0.01 secs] 
2020-11-19T14:57:02.130-0800: 76.287: [GC (Allocation Failure) 2020-11-19T14:57:02.130-0800: 76.287: [DefNew: 140114K->340K(157248K), 0.0031245 secs] 178050K->38276K(506816K), 0.0032366 secs] [Times: user=0.01 sys=0.00, real=0.00 secs] 
2020-11-19T14:57:02.212-0800: 76.369: [GC (Allocation Failure) 2020-11-19T14:57:02.212-0800: 76.369: [DefNew: 140116K->335K(157248K), 0.0030520 secs] 178052K->38272K(506816K), 0.0031841 secs] [Times: user=0.00 sys=0.00, real=0.00 secs] 
2020-11-19T14:57:02.285-0800: 76.443: [GC (Allocation Failure) 2020-11-19T14:57:02.285-0800: 76.443: [DefNew: 140111K->323K(157248K), 0.0030078 secs] 178048K->38259K(506816K), 0.0031026 secs] [Times: user=0.00 sys=0.00, real=0.00 secs] 
2020-11-19T14:57:02.360-0800: 76.517: [GC (Allocation Failure) 2020-11-19T14:57:02.360-0800: 76.517: [DefNew: 140099K->327K(157248K), 0.0028563 secs] 178035K->38263K(506816K), 0.0029516 secs] [Times: user=0.01 sys=0.00, real=0.00 secs] 
2020-11-19T14:57:02.425-0800: 76.582: [GC (Allocation Failure) 2020-11-19T14:57:02.425-0800: 76.582: [DefNew: 140103K->298K(157248K), 0.0026152 secs] 178039K->38234K(506816K), 0.0027029 secs] [Times: user=0.01 sys=0.00, real=0.00 secs] 
2020-11-19T14:57:02.492-0800: 76.649: [GC (Allocation Failure) 2020-11-19T14:57:02.492-0800: 76.649: [DefNew: 140074K->337K(157248K), 0.0028971 secs] 178010K->38273K(506816K), 0.0030081 secs] [Times: user=0.00 sys=0.00, real=0.00 secs] 
2020-11-19T14:57:02.558-0800: 76.715: [GC (Allocation Failure) 2020-11-19T14:57:02.558-0800: 76.715: [DefNew: 140113K->332K(157248K), 0.0028483 secs] 178049K->38269K(506816K), 0.0029649 secs] [Times: user=0.00 sys=0.00, real=0.01 secs] 
2020-11-19T14:57:02.620-0800: 76.777: [GC (Allocation Failure) 2020-11-19T14:57:02.620-0800: 76.777: [DefNew: 140108K->332K(157248K), 0.0028638 secs] 178045K->38268K(506816K), 0.0029703 secs] [Times: user=0.00 sys=0.00, real=0.00 secs] 
2020-11-19T14:57:02.684-0800: 76.841: [GC (Allocation Failure) 2020-11-19T14:57:02.684-0800: 76.841: [DefNew: 140108K->308K(157248K), 0.0027032 secs] 178044K->38244K(506816K), 0.0028100 secs] [Times: user=0.01 sys=0.00, real=0.00 secs] 
2020-11-19T14:57:02.752-0800: 76.909: [GC (Allocation Failure) 2020-11-19T14:57:02.752-0800: 76.909: [DefNew: 140084K->333K(157248K), 0.0027903 secs] 178020K->38269K(506816K), 0.0028774 secs] [Times: user=0.01 sys=0.00, real=0.00 secs] 
2020-11-19T14:57:02.828-0800: 76.986: [GC (Allocation Failure) 2020-11-19T14:57:02.828-0800: 76.986: [DefNew: 140109K->335K(157248K), 0.0028662 secs] 178045K->38271K(506816K), 0.0029547 secs] [Times: user=0.00 sys=0.00, real=0.01 secs] 
2020-11-19T14:57:02.903-0800: 77.060: [GC (Allocation Failure) 2020-11-19T14:57:02.903-0800: 77.060: [DefNew: 140111K->328K(157248K), 0.0029535 secs] 178047K->38264K(506816K), 0.0030637 secs] [Times: user=0.00 sys=0.00, real=0.00 secs] 
2020-11-19T14:57:02.977-0800: 77.134: [GC (Allocation Failure) 2020-11-19T14:57:02.977-0800: 77.134: [DefNew: 140104K->312K(157248K), 0.0027824 secs] 178040K->38249K(506816K), 0.0028827 secs] [Times: user=0.00 sys=0.00, real=0.01 secs] 
2020-11-19T14:57:03.054-0800: 77.211: [GC (Allocation Failure) 2020-11-19T14:57:03.054-0800: 77.211: [DefNew: 140088K->356K(157248K), 0.0029523 secs] 178025K->38293K(506816K), 0.0030377 secs] [Times: user=0.01 sys=0.00, real=0.00 secs] 
2020-11-19T14:57:03.127-0800: 77.284: [GC (Allocation Failure) 2020-11-19T14:57:03.127-0800: 77.284: [DefNew: 140132K->310K(157248K), 0.0027696 secs] 178069K->38246K(506816K), 0.0028575 secs] [Times: user=0.00 sys=0.00, real=0.01 secs] 
2020-11-19T14:57:03.208-0800: 77.366: [GC (Allocation Failure) 2020-11-19T14:57:03.208-0800: 77.366: [DefNew: 140086K->331K(157248K), 0.0029268 secs] 178022K->38268K(506816K), 0.0030480 secs] [Times: user=0.01 sys=0.00, real=0.01 secs] 
2020-11-19T14:57:03.277-0800: 77.434: [GC (Allocation Failure) 2020-11-19T14:57:03.277-0800: 77.434: [DefNew: 140107K->326K(157248K), 0.0029749 secs] 178044K->38263K(506816K), 0.0030670 secs] [Times: user=0.00 sys=0.00, real=0.01 secs] 
2020-11-19T14:57:03.351-0800: 77.508: [GC (Allocation Failure) 2020-11-19T14:57:03.351-0800: 77.508: [DefNew: 140102K->310K(157248K), 0.0026836 secs] 178039K->38246K(506816K), 0.0027656 secs] [Times: user=0.01 sys=0.00, real=0.00 secs] 
2020-11-19T14:57:03.420-0800: 77.578: [GC (Allocation Failure) 2020-11-19T14:57:03.420-0800: 77.578: [DefNew: 140086K->310K(157248K), 0.0028004 secs] 178022K->38248K(506816K), 0.0028862 secs] [Times: user=0.01 sys=0.00, real=0.00 secs] 
2020-11-19T14:57:03.490-0800: 77.647: [GC (Allocation Failure) 2020-11-19T14:57:03.490-0800: 77.647: [DefNew: 140086K->315K(157248K), 0.0027649 secs] 178024K->38253K(506816K), 0.0028456 secs] [Times: user=0.00 sys=0.00, real=0.00 secs] 
2020-11-19T14:57:03.567-0800: 77.724: [GC (Allocation Failure) 2020-11-19T14:57:03.567-0800: 77.724: [DefNew: 140091K->327K(157248K), 0.0028069 secs] 178029K->38265K(506816K), 0.0028887 secs] [Times: user=0.00 sys=0.00, real=0.01 secs] 
2020-11-19T14:57:03.647-0800: 77.804: [GC (Allocation Failure) 2020-11-19T14:57:03.647-0800: 77.804: [DefNew: 140103K->310K(157248K), 0.0027968 secs] 178041K->38248K(506816K), 0.0028805 secs] [Times: user=0.01 sys=0.00, real=0.01 secs] 
2020-11-19T14:57:03.733-0800: 77.890: [GC (Allocation Failure) 2020-11-19T14:57:03.733-0800: 77.890: [DefNew: 140083K->258K(157248K), 0.0025644 secs] 178021K->38196K(506816K), 0.0026467 secs] [Times: user=0.00 sys=0.00, real=0.00 secs] 
2020-11-19T14:57:16.635-0800: 90.792: [GC (Allocation Failure) 2020-11-19T14:57:16.636-0800: 90.793: [DefNew: 140034K->263K(157248K), 0.0023923 secs] 177972K->38201K(506816K), 0.0032026 secs] [Times: user=0.00 sys=0.00, real=0.00 secs] 
2020-11-19T14:57:16.720-0800: 90.877: [GC (Allocation Failure) 2020-11-19T14:57:16.720-0800: 90.877: [DefNew: 140039K->280K(157248K), 0.0024333 secs] 177977K->38220K(506816K), 0.0025170 secs] [Times: user=0.00 sys=0.00, real=0.00 secs] 
2020-11-19T14:57:16.800-0800: 90.957: [GC (Allocation Failure) 2020-11-19T14:57:16.800-0800: 90.957: [DefNew: 140056K->293K(157248K), 0.0024974 secs] 177996K->38233K(506816K), 0.0025773 secs] [Times: user=0.01 sys=0.00, real=0.00 secs] 
2020-11-19T14:57:16.876-0800: 91.033: [GC (Allocation Failure) 2020-11-19T14:57:16.876-0800: 91.033: [DefNew: 140069K->288K(157248K), 0.0024041 secs] 178009K->38234K(506816K), 0.0024868 secs] [Times: user=0.00 sys=0.00, real=0.00 secs] 
2020-11-19T14:57:16.952-0800: 91.109: [GC (Allocation Failure) 2020-11-19T14:57:16.952-0800: 91.109: [DefNew: 140064K->267K(157248K), 0.0024403 secs] 178010K->38225K(506816K), 0.0025249 secs] [Times: user=0.01 sys=0.00, real=0.00 secs] 
2020-11-19T14:57:17.021-0800: 91.178: [GC (Allocation Failure) 2020-11-19T14:57:17.021-0800: 91.178: [DefNew: 140043K->276K(157248K), 0.0026526 secs] 178001K->38241K(506816K), 0.0027449 secs] [Times: user=0.00 sys=0.00, real=0.00 secs] 
2020-11-19T14:57:17.100-0800: 91.257: [GC (Allocation Failure) 2020-11-19T14:57:17.100-0800: 91.257: [DefNew: 140052K->294K(157248K), 0.0026461 secs] 178017K->38268K(506816K), 0.0027355 secs] [Times: user=0.00 sys=0.00, real=0.00 secs] 
2020-11-19T14:57:17.177-0800: 91.334: [GC (Allocation Failure) 2020-11-19T14:57:17.177-0800: 91.334: [DefNew: 140070K->247K(157248K), 0.0025493 secs] 178044K->38242K(506816K), 0.0026345 secs] [Times: user=0.00 sys=0.00, real=0.01 secs] 
2020-11-19T14:57:17.254-0800: 91.411: [GC (Allocation Failure) 2020-11-19T14:57:17.254-0800: 91.411: [DefNew: 140023K->204K(157248K), 0.0024667 secs] 178018K->38232K(506816K), 0.0025441 secs] [Times: user=0.00 sys=0.00, real=0.00 secs] 
2020-11-19T14:57:17.333-0800: 91.490: [GC (Allocation Failure) 2020-11-19T14:57:17.333-0800: 91.490: [DefNew: 139980K->155K(157248K), 0.0023370 secs] 178008K->38206K(506816K), 0.0024141 secs] [Times: user=0.00 sys=0.00, real=0.00 secs] 
2020-11-19T14:57:17.860-0800: 92.017: [GC (Allocation Failure) 2020-11-19T14:57:17.860-0800: 92.017: [DefNew: 139931K->282K(157248K), 0.0027068 secs] 177982K->38334K(506816K), 0.0027916 secs] [Times: user=0.00 sys=0.00, real=0.00 secs] 
2020-11-19T14:57:17.912-0800: 92.069: [GC (Allocation Failure) 2020-11-19T14:57:17.912-0800: 92.069: [DefNew: 140058K->270K(157248K), 0.0024628 secs] 178110K->38322K(506816K), 0.0025525 secs] [Times: user=0.01 sys=0.00, real=0.00 secs] 
2020-11-19T14:57:17.958-0800: 92.115: [GC (Allocation Failure) 2020-11-19T14:57:17.958-0800: 92.115: [DefNew: 140046K->281K(157248K), 0.0023794 secs] 178098K->38334K(506816K), 0.0024604 secs] [Times: user=0.00 sys=0.00, real=0.01 secs] 
2020-11-19T14:57:18.034-0800: 92.191: [GC (Allocation Failure) 2020-11-19T14:57:18.034-0800: 92.191: [DefNew: 140057K->300K(157248K), 0.0024093 secs] 178110K->38354K(506816K), 0.0024842 secs] [Times: user=0.00 sys=0.00, real=0.00 secs] 
2020-11-19T14:57:18.123-0800: 92.280: [GC (Allocation Failure) 2020-11-19T14:57:18.123-0800: 92.280: [DefNew: 140076K->277K(157248K), 0.0026438 secs] 178130K->38331K(506816K), 0.0027296 secs] [Times: user=0.00 sys=0.00, real=0.00 secs] 
2020-11-19T14:57:18.207-0800: 92.364: [GC (Allocation Failure) 2020-11-19T14:57:18.207-0800: 92.364: [DefNew: 140053K->237K(157248K), 0.0023975 secs] 178107K->38291K(506816K), 0.0024746 secs] [Times: user=0.00 sys=0.00, real=0.00 secs] 
2020-11-19T14:57:19.125-0800: 93.282: [GC (Allocation Failure) 2020-11-19T14:57:19.125-0800: 93.282: [DefNew: 140013K->266K(157248K), 0.0023190 secs] 178067K->38320K(506816K), 0.0024004 secs] [Times: user=0.01 sys=0.00, real=0.00 secs] 
2020-11-19T14:57:19.191-0800: 93.348: [GC (Allocation Failure) 2020-11-19T14:57:19.191-0800: 93.348: [DefNew: 140042K->255K(157248K), 0.0025859 secs] 178096K->38309K(506816K), 0.0026632 secs] [Times: user=0.00 sys=0.00, real=0.00 secs] 
2020-11-19T14:57:19.248-0800: 93.405: [GC (Allocation Failure) 2020-11-19T14:57:19.248-0800: 93.405: [DefNew: 140031K->278K(157248K), 0.0026411 secs] 178085K->38332K(506816K), 0.0027357 secs] [Times: user=0.00 sys=0.00, real=0.01 secs] 
2020-11-19T14:57:19.301-0800: 93.457: [GC (Allocation Failure) 2020-11-19T14:57:19.301-0800: 93.458: [DefNew: 140054K->289K(157248K), 0.0024532 secs] 178108K->38343K(506816K), 0.0025290 secs] [Times: user=0.01 sys=0.00, real=0.00 secs] 
2020-11-19T14:57:19.383-0800: 93.540: [GC (Allocation Failure) 2020-11-19T14:57:19.383-0800: 93.540: [DefNew: 140065K->283K(157248K), 0.0024388 secs] 178119K->38337K(506816K), 0.0025157 secs] [Times: user=0.00 sys=0.00, real=0.00 secs] 
2020-11-19T14:57:19.455-0800: 93.612: [GC (Allocation Failure) 2020-11-19T14:57:19.455-0800: 93.612: [DefNew: 140059K->303K(157248K), 0.0025399 secs] 178113K->38357K(506816K), 0.0026188 secs] [Times: user=0.00 sys=0.00, real=0.00 secs] 
2020-11-19T14:57:19.527-0800: 93.684: [GC (Allocation Failure) 2020-11-19T14:57:19.527-0800: 93.684: [DefNew: 140079K->306K(157248K), 0.0025842 secs] 178133K->38360K(506816K), 0.0026866 secs] [Times: user=0.01 sys=0.00, real=0.01 secs] 
2020-11-19T14:57:19.605-0800: 93.761: [GC (Allocation Failure) 2020-11-19T14:57:19.605-0800: 93.762: [DefNew: 140082K->310K(157248K), 0.0025619 secs] 178136K->38364K(506816K), 0.0026488 secs] [Times: user=0.00 sys=0.00, real=0.00 secs] 
2020-11-19T14:57:19.674-0800: 93.831: [GC (Allocation Failure) 2020-11-19T14:57:19.674-0800: 93.831: [DefNew: 140086K->261K(157248K), 0.0023535 secs] 178140K->38314K(506816K), 0.0024330 secs] [Times: user=0.01 sys=0.00, real=0.00 secs] 
2020-11-19T14:57:19.752-0800: 93.909: [GC (Allocation Failure) 2020-11-19T14:57:19.752-0800: 93.909: [DefNew: 140037K->248K(157248K), 0.0023282 secs] 178090K->38302K(506816K), 0.0024048 secs] [Times: user=0.01 sys=0.00, real=0.00 secs] 
2020-11-19T14:57:19.830-0800: 93.987: [GC (Allocation Failure) 2020-11-19T14:57:19.830-0800: 93.987: [DefNew: 140024K->226K(157248K), 0.0024219 secs] 178078K->38280K(506816K), 0.0025030 secs] [Times: user=0.00 sys=0.00, real=0.00 secs] 
2020-11-19T14:57:19.913-0800: 94.070: [GC (Allocation Failure) 2020-11-19T14:57:19.913-0800: 94.070: [DefNew: 140002K->228K(157248K), 0.0023921 secs] 178056K->38282K(506816K), 0.0024709 secs] [Times: user=0.00 sys=0.00, real=0.00 secs] 
2020-11-19T14:57:20.578-0800: 94.735: [GC (Allocation Failure) 2020-11-19T14:57:20.578-0800: 94.735: [DefNew: 140004K->332K(157248K), 0.0024101 secs] 178058K->38386K(506816K), 0.0025001 secs] [Times: user=0.00 sys=0.00, real=0.01 secs] 
2020-11-19T14:57:20.623-0800: 94.780: [GC (Allocation Failure) 2020-11-19T14:57:20.623-0800: 94.780: [DefNew: 140108K->326K(157248K), 0.0025785 secs] 178162K->38380K(506816K), 0.0026652 secs] [Times: user=0.00 sys=0.00, real=0.00 secs] 
2020-11-19T14:57:20.670-0800: 94.827: [GC (Allocation Failure) 2020-11-19T14:57:20.670-0800: 94.827: [DefNew: 140102K->324K(157248K), 0.0024859 secs] 178156K->38378K(506816K), 0.0025639 secs] [Times: user=0.00 sys=0.00, real=0.00 secs] 
2020-11-19T14:57:20.739-0800: 94.896: [GC (Allocation Failure) 2020-11-19T14:57:20.739-0800: 94.896: [DefNew: 140100K->324K(157248K), 0.0027380 secs] 178154K->38378K(506816K), 0.0028201 secs] [Times: user=0.00 sys=0.00, real=0.01 secs] 
2020-11-19T14:57:20.802-0800: 94.959: [GC (Allocation Failure) 2020-11-19T14:57:20.802-0800: 94.959: [DefNew: 140100K->333K(157248K), 0.0023964 secs] 178154K->38388K(506816K), 0.0024621 secs] [Times: user=0.00 sys=0.00, real=0.00 secs] 
2020-11-19T14:57:20.876-0800: 95.033: [GC (Allocation Failure) 2020-11-19T14:57:20.877-0800: 95.033: [DefNew: 140109K->333K(157248K), 0.0024666 secs] 178164K->38387K(506816K), 0.0025419 secs] [Times: user=0.00 sys=0.00, real=0.00 secs] 
2020-11-19T14:57:20.948-0800: 95.105: [GC (Allocation Failure) 2020-11-19T14:57:20.949-0800: 95.105: [DefNew: 140109K->319K(157248K), 0.0024879 secs] 178163K->38373K(506816K), 0.0025644 secs] [Times: user=0.00 sys=0.00, real=0.01 secs] 
2020-11-19T14:57:21.034-0800: 95.191: [GC (Allocation Failure) 2020-11-19T14:57:21.034-0800: 95.191: [DefNew: 140095K->323K(157248K), 0.0025686 secs] 178149K->38378K(506816K), 0.0026452 secs] [Times: user=0.00 sys=0.00, real=0.00 secs] 
2020-11-19T14:57:21.104-0800: 95.261: [GC (Allocation Failure) 2020-11-19T14:57:21.104-0800: 95.261: [DefNew: 140099K->317K(157248K), 0.0025611 secs] 178154K->38371K(506816K), 0.0026386 secs] [Times: user=0.01 sys=0.00, real=0.00 secs] 
2020-11-19T14:57:21.187-0800: 95.344: [GC (Allocation Failure) 2020-11-19T14:57:21.187-0800: 95.344: [DefNew: 140093K->307K(157248K), 0.0024986 secs] 178147K->38361K(506816K), 0.0025695 secs] [Times: user=0.01 sys=0.00, real=0.00 secs] 
2020-11-19T14:57:21.872-0800: 96.029: [GC (Allocation Failure) 2020-11-19T14:57:21.872-0800: 96.029: [DefNew: 140083K->300K(157248K), 0.0027019 secs] 178137K->38354K(506816K), 0.0027918 secs] [Times: user=0.00 sys=0.00, real=0.00 secs] 
2020-11-19T14:57:21.938-0800: 96.095: [GC (Allocation Failure) 2020-11-19T14:57:21.938-0800: 96.095: [DefNew: 140076K->309K(157248K), 0.0026088 secs] 178130K->38363K(506816K), 0.0027053 secs] [Times: user=0.00 sys=0.00, real=0.01 secs] 
2020-11-19T14:57:21.989-0800: 96.145: [GC (Allocation Failure) 2020-11-19T14:57:21.989-0800: 96.146: [DefNew: 140085K->304K(157248K), 0.0026467 secs] 178139K->38358K(506816K), 0.0027514 secs] [Times: user=0.00 sys=0.00, real=0.01 secs] 
2020-11-19T14:57:22.084-0800: 96.241: [GC (Allocation Failure) 2020-11-19T14:57:22.084-0800: 96.241: [DefNew: 140080K->325K(157248K), 0.0036766 secs] 178134K->38380K(506816K), 0.0038622 secs] [Times: user=0.00 sys=0.00, real=0.00 secs] 
2020-11-19T14:57:22.141-0800: 96.298: [GC (Allocation Failure) 2020-11-19T14:57:22.141-0800: 96.298: [DefNew: 140101K->338K(157248K), 0.0024887 secs] 178156K->38393K(506816K), 0.0025740 secs] [Times: user=0.00 sys=0.00, real=0.00 secs] 
2020-11-19T14:57:22.187-0800: 96.344: [GC (Allocation Failure) 2020-11-19T14:57:22.187-0800: 96.344: [DefNew: 140114K->338K(157248K), 0.0026959 secs] 178169K->38393K(506816K), 0.0028444 secs] [Times: user=0.00 sys=0.00, real=0.01 secs] 
2020-11-19T14:57:22.266-0800: 96.422: [GC (Allocation Failure) 2020-11-19T14:57:22.266-0800: 96.423: [DefNew: 140114K->322K(157248K), 0.0026527 secs] 178169K->38378K(506816K), 0.0027349 secs] [Times: user=0.00 sys=0.00, real=0.00 secs] 
2020-11-19T14:57:22.340-0800: 96.497: [GC (Allocation Failure) 2020-11-19T14:57:22.341-0800: 96.497: [DefNew: 140098K->351K(157248K), 0.0025731 secs] 178154K->38407K(506816K), 0.0026988 secs] [Times: user=0.00 sys=0.00, real=0.00 secs] 
2020-11-19T14:57:22.411-0800: 96.568: [GC (Allocation Failure) 2020-11-19T14:57:22.411-0800: 96.568: [DefNew: 140127K->332K(157248K), 0.0026454 secs] 178183K->38388K(506816K), 0.0027261 secs] [Times: user=0.00 sys=0.00, real=0.00 secs] 
2020-11-19T14:57:22.471-0800: 96.628: [GC (Allocation Failure) 2020-11-19T14:57:22.471-0800: 96.628: [DefNew: 140108K->331K(157248K), 0.0026916 secs] 178164K->38387K(506816K), 0.0027747 secs] [Times: user=0.00 sys=0.00, real=0.00 secs] 
2020-11-19T14:57:22.553-0800: 96.709: [GC (Allocation Failure) 2020-11-19T14:57:22.553-0800: 96.710: [DefNew: 140107K->327K(157248K), 0.0025570 secs] 178163K->38382K(506816K), 0.0026310 secs] [Times: user=0.00 sys=0.00, real=0.00 secs] 
2020-11-19T14:57:22.628-0800: 96.784: [GC (Allocation Failure) 2020-11-19T14:57:22.628-0800: 96.785: [DefNew: 140103K->318K(157248K), 0.0025604 secs] 178158K->38375K(506816K), 0.0026395 secs] [Times: user=0.01 sys=0.00, real=0.01 secs] 
2020-11-19T14:57:22.702-0800: 96.859: [GC (Allocation Failure) 2020-11-19T14:57:22.702-0800: 96.859: [DefNew: 140094K->278K(157248K), 0.0024809 secs] 178151K->38334K(506816K), 0.0026101 secs] [Times: user=0.00 sys=0.00, real=0.00 secs] 
2020-11-19T14:57:22.781-0800: 96.937: [GC (Allocation Failure) 2020-11-19T14:57:22.781-0800: 96.937: [DefNew: 140054K->307K(157248K), 0.0026746 secs] 178110K->38364K(506816K), 0.0027566 secs] [Times: user=0.01 sys=0.00, real=0.00 secs] 
2020-11-19T14:57:22.860-0800: 97.017: [GC (Allocation Failure) 2020-11-19T14:57:22.860-0800: 97.017: [DefNew: 140083K->282K(157248K), 0.0025713 secs] 178140K->38339K(506816K), 0.0026432 secs] [Times: user=0.01 sys=0.00, real=0.00 secs] 
2020-11-19T14:57:23.477-0800: 97.634: [GC (Allocation Failure) 2020-11-19T14:57:23.477-0800: 97.634: [DefNew: 140058K->331K(157248K), 0.0024908 secs] 178115K->38388K(506816K), 0.0025718 secs] [Times: user=0.00 sys=0.00, real=0.01 secs] 
2020-11-19T14:57:23.532-0800: 97.689: [GC (Allocation Failure) 2020-11-19T14:57:23.532-0800: 97.689: [DefNew: 140107K->327K(157248K), 0.0026352 secs] 178164K->38384K(506816K), 0.0027211 secs] [Times: user=0.00 sys=0.00, real=0.00 secs] 
2020-11-19T14:57:23.578-0800: 97.735: [GC (Allocation Failure) 2020-11-19T14:57:23.578-0800: 97.735: [DefNew: 140103K->324K(157248K), 0.0024606 secs] 178160K->38381K(506816K), 0.0025443 secs] [Times: user=0.00 sys=0.00, real=0.01 secs] 
2020-11-19T14:57:23.656-0800: 97.813: [GC (Allocation Failure) 2020-11-19T14:57:23.656-0800: 97.813: [DefNew: 140100K->328K(157248K), 0.0026025 secs] 178157K->38385K(506816K), 0.0027047 secs] [Times: user=0.00 sys=0.00, real=0.00 secs] 
2020-11-19T14:57:23.732-0800: 97.889: [GC (Allocation Failure) 2020-11-19T14:57:23.732-0800: 97.889: [DefNew: 140104K->325K(157248K), 0.0025888 secs] 178161K->38382K(506816K), 0.0026747 secs] [Times: user=0.00 sys=0.00, real=0.00 secs] 
2020-11-19T14:57:23.796-0800: 97.953: [GC (Allocation Failure) 2020-11-19T14:57:23.796-0800: 97.953: [DefNew: 140101K->338K(157248K), 0.0026127 secs] 178158K->38395K(506816K), 0.0027007 secs] [Times: user=0.00 sys=0.00, real=0.00 secs] 
2020-11-19T14:57:23.856-0800: 98.013: [GC (Allocation Failure) 2020-11-19T14:57:23.856-0800: 98.013: [DefNew: 140114K->324K(157248K), 0.0026670 secs] 178171K->38381K(506816K), 0.0027495 secs] [Times: user=0.00 sys=0.00, real=0.00 secs] 
2020-11-19T14:57:23.931-0800: 98.088: [GC (Allocation Failure) 2020-11-19T14:57:23.931-0800: 98.088: [DefNew: 140100K->325K(157248K), 0.0026600 secs] 178157K->38382K(506816K), 0.0027500 secs] [Times: user=0.00 sys=0.00, real=0.00 secs] 
2020-11-19T14:57:23.981-0800: 98.138: [GC (Allocation Failure) 2020-11-19T14:57:23.981-0800: 98.138: [DefNew: 140101K->332K(157248K), 0.0026977 secs] 178158K->38389K(506816K), 0.0027998 secs] [Times: user=0.00 sys=0.00, real=0.00 secs] 
2020-11-19T14:57:24.030-0800: 98.187: [GC (Allocation Failure) 2020-11-19T14:57:24.030-0800: 98.187: [DefNew: 140108K->336K(157248K), 0.0035340 secs] 178165K->38394K(506816K), 0.0037032 secs] [Times: user=0.01 sys=0.00, real=0.00 secs] 
2020-11-19T14:57:24.110-0800: 98.267: [GC (Allocation Failure) 2020-11-19T14:57:24.110-0800: 98.267: [DefNew: 140112K->328K(157248K), 0.0029652 secs] 178170K->38385K(506816K), 0.0031059 secs] [Times: user=0.01 sys=0.00, real=0.00 secs] 
2020-11-19T14:57:24.186-0800: 98.343: [GC (Allocation Failure) 2020-11-19T14:57:24.186-0800: 98.343: [DefNew: 140104K->328K(157248K), 0.0024981 secs] 178161K->38385K(506816K), 0.0025725 secs] [Times: user=0.01 sys=0.00, real=0.00 secs] 
2020-11-19T14:57:24.262-0800: 98.419: [GC (Allocation Failure) 2020-11-19T14:57:24.262-0800: 98.419: [DefNew: 140104K->302K(157248K), 0.0025449 secs] 178161K->38360K(506816K), 0.0026236 secs] [Times: user=0.00 sys=0.00, real=0.00 secs] 
2020-11-19T14:57:24.333-0800: 98.490: [GC (Allocation Failure) 2020-11-19T14:57:24.333-0800: 98.490: [DefNew: 140078K->300K(157248K), 0.0024826 secs] 178136K->38358K(506816K), 0.0025644 secs] [Times: user=0.00 sys=0.00, real=0.00 secs] 
2020-11-19T14:57:24.836-0800: 98.992: [GC (Allocation Failure) 2020-11-19T14:57:24.836-0800: 98.993: [DefNew: 140076K->298K(157248K), 0.0026210 secs] 178134K->38356K(506816K), 0.0027905 secs] [Times: user=0.00 sys=0.00, real=0.00 secs] 
2020-11-19T14:57:24.891-0800: 99.048: [GC (Allocation Failure) 2020-11-19T14:57:24.891-0800: 99.048: [DefNew: 140074K->331K(157248K), 0.0028264 secs] 178132K->38389K(506816K), 0.0029167 secs] [Times: user=0.00 sys=0.00, real=0.00 secs] 
2020-11-19T14:57:24.947-0800: 99.104: [GC (Allocation Failure) 2020-11-19T14:57:24.947-0800: 99.104: [DefNew: 140107K->332K(157248K), 0.0025797 secs] 178165K->38390K(506816K), 0.0026773 secs] [Times: user=0.00 sys=0.00, real=0.01 secs] 
2020-11-19T14:57:25.021-0800: 99.178: [GC (Allocation Failure) 2020-11-19T14:57:25.021-0800: 99.178: [DefNew: 140108K->318K(157248K), 0.0029791 secs] 178166K->38376K(506816K), 0.0031519 secs] [Times: user=0.01 sys=0.00, real=0.00 secs] 
2020-11-19T14:57:25.077-0800: 99.234: [GC (Allocation Failure) 2020-11-19T14:57:25.078-0800: 99.234: [DefNew: 140094K->316K(157248K), 0.0024732 secs] 178152K->38374K(506816K), 0.0025668 secs] [Times: user=0.01 sys=0.00, real=0.01 secs] 
2020-11-19T14:57:25.127-0800: 99.284: [GC (Allocation Failure) 2020-11-19T14:57:25.127-0800: 99.284: [DefNew: 140092K->342K(157248K), 0.0025129 secs] 178150K->38400K(506816K), 0.0026112 secs] [Times: user=0.00 sys=0.00, real=0.01 secs] 
2020-11-19T14:57:25.194-0800: 99.351: [GC (Allocation Failure) 2020-11-19T14:57:25.195-0800: 99.351: [DefNew: 140118K->348K(157248K), 0.0026783 secs] 178176K->38406K(506816K), 0.0027910 secs] [Times: user=0.00 sys=0.00, real=0.00 secs] 
2020-11-19T14:57:25.279-0800: 99.435: [GC (Allocation Failure) 2020-11-19T14:57:25.279-0800: 99.435: [DefNew: 140124K->339K(157248K), 0.0028935 secs] 178182K->38397K(506816K), 0.0029902 secs] [Times: user=0.00 sys=0.00, real=0.01 secs] 
2020-11-19T14:57:25.333-0800: 99.490: [GC (Allocation Failure) 2020-11-19T14:57:25.334-0800: 99.490: [DefNew: 140115K->323K(157248K), 0.0025256 secs] 178173K->38381K(506816K), 0.0026148 secs] [Times: user=0.01 sys=0.00, real=0.00 secs] 
2020-11-19T14:57:25.390-0800: 99.547: [GC (Allocation Failure) 2020-11-19T14:57:25.390-0800: 99.547: [DefNew: 140099K->335K(157248K), 0.0024637 secs] 178157K->38394K(506816K), 0.0025557 secs] [Times: user=0.00 sys=0.00, real=0.00 secs] 
2020-11-19T14:57:25.466-0800: 99.623: [GC (Allocation Failure) 2020-11-19T14:57:25.466-0800: 99.623: [DefNew: 140111K->321K(157248K), 0.0027251 secs] 178170K->38379K(506816K), 0.0028540 secs] [Times: user=0.01 sys=0.00, real=0.00 secs] 
2020-11-19T14:57:25.525-0800: 99.681: [GC (Allocation Failure) 2020-11-19T14:57:25.525-0800: 99.681: [DefNew: 140097K->306K(157248K), 0.0023675 secs] 178155K->38364K(506816K), 0.0024614 secs] [Times: user=0.00 sys=0.00, real=0.00 secs] 
2020-11-19T14:57:25.596-0800: 99.753: [GC (Allocation Failure) 2020-11-19T14:57:25.596-0800: 99.753: [DefNew: 140082K->344K(157248K), 0.0025734 secs] 178140K->38402K(506816K), 0.0026644 secs] [Times: user=0.00 sys=0.00, real=0.00 secs] 
2020-11-19T14:57:25.670-0800: 99.827: [GC (Allocation Failure) 2020-11-19T14:57:25.670-0800: 99.827: [DefNew: 140120K->347K(157248K), 0.0026050 secs] 178178K->38405K(506816K), 0.0026890 secs] [Times: user=0.00 sys=0.00, real=0.00 secs] 
2020-11-19T14:57:25.751-0800: 99.908: [GC (Allocation Failure) 2020-11-19T14:57:25.751-0800: 99.908: [DefNew: 140123K->335K(157248K), 0.0026535 secs] 178181K->38394K(506816K), 0.0027578 secs] [Times: user=0.00 sys=0.00, real=0.00 secs] 
2020-11-19T14:57:26.323-0800: 100.480: [GC (Allocation Failure) 2020-11-19T14:57:26.323-0800: 100.480: [DefNew: 140111K->327K(157248K), 0.0029500 secs] 178170K->38386K(506816K), 0.0031234 secs] [Times: user=0.00 sys=0.00, real=0.00 secs] 
2020-11-19T14:57:26.389-0800: 100.546: [GC (Allocation Failure) 2020-11-19T14:57:26.389-0800: 100.546: [DefNew: 140103K->327K(157248K), 0.0025303 secs] 178162K->38385K(506816K), 0.0026984 secs] [Times: user=0.00 sys=0.00, real=0.01 secs] 
2020-11-19T14:57:26.469-0800: 100.626: [GC (Allocation Failure) 2020-11-19T14:57:26.469-0800: 100.626: [DefNew: 140103K->330K(157248K), 0.0027022 secs] 178161K->38388K(506816K), 0.0028165 secs] [Times: user=0.00 sys=0.00, real=0.01 secs] 
2020-11-19T14:57:26.521-0800: 100.678: [GC (Allocation Failure) 2020-11-19T14:57:26.521-0800: 100.678: [DefNew: 140106K->325K(157248K), 0.0026158 secs] 178164K->38384K(506816K), 0.0027144 secs] [Times: user=0.00 sys=0.00, real=0.00 secs] 
2020-11-19T14:57:26.588-0800: 100.745: [GC (Allocation Failure) 2020-11-19T14:57:26.589-0800: 100.745: [DefNew: 140101K->324K(157248K), 0.0026588 secs] 178160K->38383K(506816K), 0.0028176 secs] [Times: user=0.00 sys=0.00, real=0.01 secs] 
2020-11-19T14:57:26.664-0800: 100.821: [GC (Allocation Failure) 2020-11-19T14:57:26.664-0800: 100.821: [DefNew: 140100K->333K(157248K), 0.0027685 secs] 178159K->38392K(506816K), 0.0028606 secs] [Times: user=0.00 sys=0.00, real=0.00 secs] 
2020-11-19T14:57:26.739-0800: 100.896: [GC (Allocation Failure) 2020-11-19T14:57:26.739-0800: 100.896: [DefNew: 140109K->374K(157248K), 0.0025335 secs] 178168K->38432K(506816K), 0.0026219 secs] [Times: user=0.00 sys=0.00, real=0.01 secs] 
2020-11-19T14:57:26.817-0800: 100.974: [GC (Allocation Failure) 2020-11-19T14:57:26.817-0800: 100.974: [DefNew: 140150K->345K(157248K), 0.0027992 secs] 178208K->38404K(506816K), 0.0029063 secs] [Times: user=0.01 sys=0.00, real=0.01 secs] 
2020-11-19T14:57:26.885-0800: 101.042: [GC (Allocation Failure) 2020-11-19T14:57:26.886-0800: 101.042: [DefNew: 140121K->320K(157248K), 0.0024189 secs] 178180K->38378K(506816K), 0.0025920 secs] [Times: user=0.00 sys=0.00, real=0.00 secs] 
2020-11-19T14:57:26.967-0800: 101.123: [GC (Allocation Failure) 2020-11-19T14:57:26.967-0800: 101.123: [DefNew: 140096K->334K(157248K), 0.0025764 secs] 178154K->38392K(506816K), 0.0026687 secs] [Times: user=0.01 sys=0.00, real=0.00 secs] 
2020-11-19T14:57:27.022-0800: 101.178: [GC (Allocation Failure) 2020-11-19T14:57:27.022-0800: 101.179: [DefNew: 140110K->322K(157248K), 0.0025253 secs] 178168K->38381K(506816K), 0.0026919 secs] [Times: user=0.00 sys=0.00, real=0.00 secs] 
2020-11-19T14:57:27.092-0800: 101.249: [GC (Allocation Failure) 2020-11-19T14:57:27.092-0800: 101.249: [DefNew: 140098K->333K(157248K), 0.0026192 secs] 178157K->38392K(506816K), 0.0027267 secs] [Times: user=0.00 sys=0.00, real=0.00 secs] 
2020-11-19T14:57:27.167-0800: 101.324: [GC (Allocation Failure) 2020-11-19T14:57:27.167-0800: 101.324: [DefNew: 140109K->349K(157248K), 0.0025925 secs] 178168K->38407K(506816K), 0.0026854 secs] [Times: user=0.00 sys=0.00, real=0.01 secs] 
2020-11-19T14:57:27.248-0800: 101.405: [GC (Allocation Failure) 2020-11-19T14:57:27.248-0800: 101.405: [DefNew: 140125K->337K(157248K), 0.0025689 secs] 178183K->38396K(506816K), 0.0026585 secs] [Times: user=0.00 sys=0.00, real=0.01 secs] 
2020-11-19T14:57:27.796-0800: 101.953: [GC (Allocation Failure) 2020-11-19T14:57:27.796-0800: 101.953: [DefNew: 140113K->312K(157248K), 0.0029679 secs] 178172K->38372K(506816K), 0.0030819 secs] [Times: user=0.00 sys=0.00, real=0.00 secs] 
2020-11-19T14:57:27.861-0800: 102.018: [GC (Allocation Failure) 2020-11-19T14:57:27.861-0800: 102.018: [DefNew: 140088K->350K(157248K), 0.0026441 secs] 178148K->38409K(506816K), 0.0027540 secs] [Times: user=0.00 sys=0.00, real=0.00 secs] 
2020-11-19T14:57:27.938-0800: 102.094: [GC (Allocation Failure) 2020-11-19T14:57:27.938-0800: 102.094: [DefNew: 140126K->326K(157248K), 0.0025403 secs] 178185K->38386K(506816K), 0.0026350 secs] [Times: user=0.00 sys=0.00, real=0.01 secs] 
2020-11-19T14:57:27.995-0800: 102.151: [GC (Allocation Failure) 2020-11-19T14:57:27.995-0800: 102.151: [DefNew: 140102K->319K(157248K), 0.0024693 secs] 178162K->38380K(506816K), 0.0025627 secs] [Times: user=0.00 sys=0.00, real=0.00 secs] 
2020-11-19T14:57:28.067-0800: 102.224: [GC (Allocation Failure) 2020-11-19T14:57:28.067-0800: 102.224: [DefNew: 140095K->327K(157248K), 0.0025083 secs] 178156K->38387K(506816K), 0.0026074 secs] [Times: user=0.00 sys=0.00, real=0.01 secs] 
2020-11-19T14:57:28.140-0800: 102.297: [GC (Allocation Failure) 2020-11-19T14:57:28.140-0800: 102.297: [DefNew: 140103K->328K(157248K), 0.0029946 secs] 178163K->38388K(506816K), 0.0031507 secs] [Times: user=0.00 sys=0.00, real=0.00 secs] 
2020-11-19T14:57:28.204-0800: 102.361: [GC (Allocation Failure) 2020-11-19T14:57:28.204-0800: 102.361: [DefNew: 140104K->326K(157248K), 0.0025417 secs] 178164K->38386K(506816K), 0.0026368 secs] [Times: user=0.00 sys=0.00, real=0.00 secs] 
2020-11-19T14:57:28.264-0800: 102.421: [GC (Allocation Failure) 2020-11-19T14:57:28.264-0800: 102.421: [DefNew: 140102K->324K(157248K), 0.0028258 secs] 178162K->38384K(506816K), 0.0029882 secs] [Times: user=0.00 sys=0.00, real=0.00 secs] 
2020-11-19T14:57:28.339-0800: 102.495: [GC (Allocation Failure) 2020-11-19T14:57:28.339-0800: 102.495: [DefNew: 140100K->337K(157248K), 0.0025419 secs] 178160K->38397K(506816K), 0.0026262 secs] [Times: user=0.00 sys=0.00, real=0.01 secs] 
2020-11-19T14:57:28.415-0800: 102.572: [GC (Allocation Failure) 2020-11-19T14:57:28.415-0800: 102.572: [DefNew: 140113K->316K(157248K), 0.0027132 secs] 178173K->38377K(506816K), 0.0028059 secs] [Times: user=0.00 sys=0.00, real=0.00 secs] 
2020-11-19T14:57:28.469-0800: 102.626: [GC (Allocation Failure) 2020-11-19T14:57:28.469-0800: 102.626: [DefNew: 140092K->296K(157248K), 0.0024602 secs] 178153K->38357K(506816K), 0.0025726 secs] [Times: user=0.01 sys=0.00, real=0.01 secs] 
2020-11-19T14:57:28.536-0800: 102.692: [GC (Allocation Failure) 2020-11-19T14:57:28.536-0800: 102.693: [DefNew: 140072K->351K(157248K), 0.0026038 secs] 178133K->38411K(506816K), 0.0027818 secs] [Times: user=0.00 sys=0.00, real=0.00 secs] 
2020-11-19T14:57:28.611-0800: 102.768: [GC (Allocation Failure) 2020-11-19T14:57:28.611-0800: 102.768: [DefNew: 140127K->317K(157248K), 0.0031360 secs] 178187K->38377K(506816K), 0.0033251 secs] [Times: user=0.00 sys=0.00, real=0.00 secs] 
2020-11-19T14:57:28.688-0800: 102.845: [GC (Allocation Failure) 2020-11-19T14:57:28.688-0800: 102.845: [DefNew: 140093K->335K(157248K), 0.0025572 secs] 178153K->38395K(506816K), 0.0026415 secs] [Times: user=0.01 sys=0.00, real=0.01 secs] 
2020-11-19T14:57:28.758-0800: 102.915: [GC (Allocation Failure) 2020-11-19T14:57:28.758-0800: 102.915: [DefNew: 140111K->336K(157248K), 0.0027300 secs] 178171K->38396K(506816K), 0.0028270 secs] [Times: user=0.00 sys=0.00, real=0.01 secs] 
2020-11-19T14:57:29.317-0800: 103.474: [GC (Allocation Failure) 2020-11-19T14:57:29.317-0800: 103.474: [DefNew: 140112K->336K(157248K), 0.0027782 secs] 178172K->38396K(506816K), 0.0029234 secs] [Times: user=0.00 sys=0.00, real=0.01 secs] 
2020-11-19T14:57:29.392-0800: 103.548: [GC (Allocation Failure) 2020-11-19T14:57:29.392-0800: 103.548: [DefNew: 140112K->337K(157248K), 0.0025586 secs] 178172K->38397K(506816K), 0.0026886 secs] [Times: user=0.00 sys=0.00, real=0.00 secs] 
2020-11-19T14:57:29.461-0800: 103.618: [GC (Allocation Failure) 2020-11-19T14:57:29.461-0800: 103.618: [DefNew: 140113K->359K(157248K), 0.0026699 secs] 178173K->38420K(506816K), 0.0027600 secs] [Times: user=0.01 sys=0.00, real=0.00 secs] 
2020-11-19T14:57:29.533-0800: 103.690: [GC (Allocation Failure) 2020-11-19T14:57:29.533-0800: 103.690: [DefNew: 140135K->339K(157248K), 0.0028207 secs] 178196K->38400K(506816K), 0.0029320 secs] [Times: user=0.01 sys=0.00, real=0.00 secs] 
2020-11-19T14:57:29.614-0800: 103.771: [GC (Allocation Failure) 2020-11-19T14:57:29.615-0800: 103.771: [DefNew: 140115K->337K(157248K), 0.0026011 secs] 178176K->38398K(506816K), 0.0026873 secs] [Times: user=0.00 sys=0.00, real=0.00 secs] 
2020-11-19T14:57:29.689-0800: 103.846: [GC (Allocation Failure) 2020-11-19T14:57:29.689-0800: 103.846: [DefNew: 140113K->346K(157248K), 0.0026291 secs] 178174K->38407K(506816K), 0.0027725 secs] [Times: user=0.01 sys=0.00, real=0.01 secs] 
2020-11-19T14:57:29.752-0800: 103.909: [GC (Allocation Failure) 2020-11-19T14:57:29.752-0800: 103.909: [DefNew: 140122K->329K(157248K), 0.0024597 secs] 178183K->38390K(506816K), 0.0025756 secs] [Times: user=0.00 sys=0.00, real=0.00 secs] 
2020-11-19T14:57:29.818-0800: 103.975: [GC (Allocation Failure) 2020-11-19T14:57:29.818-0800: 103.975: [DefNew: 140105K->335K(157248K), 0.0023811 secs] 178166K->38395K(506816K), 0.0024880 secs] [Times: user=0.00 sys=0.00, real=0.01 secs] 
2020-11-19T14:57:29.889-0800: 104.046: [GC (Allocation Failure) 2020-11-19T14:57:29.889-0800: 104.046: [DefNew: 140111K->322K(157248K), 0.0023677 secs] 178171K->38382K(506816K), 0.0024467 secs] [Times: user=0.01 sys=0.00, real=0.01 secs] 
2020-11-19T14:57:29.958-0800: 104.115: [GC (Allocation Failure) 2020-11-19T14:57:29.959-0800: 104.115: [DefNew: 140098K->333K(157248K), 0.0027005 secs] 178158K->38393K(506816K), 0.0028349 secs] [Times: user=0.00 sys=0.00, real=0.01 secs] 
2020-11-19T14:57:30.035-0800: 104.192: [GC (Allocation Failure) 2020-11-19T14:57:30.035-0800: 104.192: [DefNew: 140109K->346K(157248K), 0.0024284 secs] 178169K->38406K(506816K), 0.0025282 secs] [Times: user=0.00 sys=0.00, real=0.00 secs] 
2020-11-19T14:57:30.100-0800: 104.256: [GC (Allocation Failure) 2020-11-19T14:57:30.100-0800: 104.256: [DefNew: 140122K->308K(157248K), 0.0027774 secs] 178182K->38368K(506816K), 0.0029465 secs] [Times: user=0.00 sys=0.00, real=0.00 secs] 
2020-11-19T14:57:30.174-0800: 104.331: [GC (Allocation Failure) 2020-11-19T14:57:30.174-0800: 104.331: [DefNew: 140084K->333K(157248K), 0.0024912 secs] 178144K->38393K(506816K), 0.0025722 secs] [Times: user=0.00 sys=0.00, real=0.00 secs] 
2020-11-19T14:57:30.247-0800: 104.404: [GC (Allocation Failure) 2020-11-19T14:57:30.247-0800: 104.404: [DefNew: 140109K->426K(157248K), 0.0028273 secs] 178169K->38487K(506816K), 0.0029514 secs] [Times: user=0.01 sys=0.00, real=0.01 secs] 
2020-11-19T14:57:30.838-0800: 104.995: [GC (Allocation Failure) 2020-11-19T14:57:30.838-0800: 104.995: [DefNew: 140202K->324K(157248K), 0.0025977 secs] 178263K->38385K(506816K), 0.0026943 secs] [Times: user=0.00 sys=0.00, real=0.01 secs] 
2020-11-19T14:57:30.906-0800: 105.062: [GC (Allocation Failure) 2020-11-19T14:57:30.906-0800: 105.063: [DefNew: 140100K->315K(157248K), 0.0025264 secs] 178161K->38376K(506816K), 0.0026148 secs] [Times: user=0.00 sys=0.00, real=0.00 secs] 
2020-11-19T14:57:30.977-0800: 105.134: [GC (Allocation Failure) 2020-11-19T14:57:30.977-0800: 105.134: [DefNew: 140091K->304K(157248K), 0.0025998 secs] 178152K->38364K(506816K), 0.0026869 secs] [Times: user=0.01 sys=0.00, real=0.01 secs] 
2020-11-19T14:57:31.046-0800: 105.202: [GC (Allocation Failure) 2020-11-19T14:57:31.046-0800: 105.203: [DefNew: 140080K->351K(157248K), 0.0026888 secs] 178140K->38412K(506816K), 0.0027809 secs] [Times: user=0.01 sys=0.00, real=0.00 secs] 
2020-11-19T14:57:31.118-0800: 105.275: [GC (Allocation Failure) 2020-11-19T14:57:31.118-0800: 105.275: [DefNew: 140127K->321K(157248K), 0.0025430 secs] 178188K->38381K(506816K), 0.0026322 secs] [Times: user=0.00 sys=0.00, real=0.01 secs] 
2020-11-19T14:57:31.187-0800: 105.344: [GC (Allocation Failure) 2020-11-19T14:57:31.187-0800: 105.344: [DefNew: 140097K->327K(157248K), 0.0027905 secs] 178157K->38387K(506816K), 0.0028864 secs] [Times: user=0.00 sys=0.00, real=0.01 secs] 
2020-11-19T14:57:31.252-0800: 105.409: [GC (Allocation Failure) 2020-11-19T14:57:31.252-0800: 105.409: [DefNew: 140103K->330K(157248K), 0.0025345 secs] 178163K->38391K(506816K), 0.0026421 secs] [Times: user=0.00 sys=0.00, real=0.00 secs] 
2020-11-19T14:57:31.315-0800: 105.472: [GC (Allocation Failure) 2020-11-19T14:57:31.315-0800: 105.472: [DefNew: 140106K->333K(157248K), 0.0024959 secs] 178167K->38393K(506816K), 0.0026018 secs] [Times: user=0.00 sys=0.00, real=0.00 secs] 
2020-11-19T14:57:31.380-0800: 105.537: [GC (Allocation Failure) 2020-11-19T14:57:31.380-0800: 105.537: [DefNew: 140109K->331K(157248K), 0.0028097 secs] 178169K->38391K(506816K), 0.0029108 secs] [Times: user=0.00 sys=0.00, real=0.00 secs] 
2020-11-19T14:57:31.458-0800: 105.614: [GC (Allocation Failure) 2020-11-19T14:57:31.458-0800: 105.614: [DefNew: 140103K->302K(157248K), 0.0027790 secs] 178163K->38363K(506816K), 0.0028916 secs] [Times: user=0.01 sys=0.00, real=0.01 secs] 
2020-11-19T14:57:31.532-0800: 105.689: [GC (Allocation Failure) 2020-11-19T14:57:31.532-0800: 105.689: [DefNew: 140078K->363K(157248K), 0.0026422 secs] 178139K->38423K(506816K), 0.0027259 secs] [Times: user=0.01 sys=0.00, real=0.00 secs] 
2020-11-19T14:57:31.599-0800: 105.755: [GC (Allocation Failure) 2020-11-19T14:57:31.599-0800: 105.755: [DefNew: 140139K->298K(157248K), 0.0024903 secs] 178199K->38358K(506816K), 0.0026574 secs] [Times: user=0.00 sys=0.00, real=0.01 secs] 
2020-11-19T14:57:31.668-0800: 105.825: [GC (Allocation Failure) 2020-11-19T14:57:31.668-0800: 105.825: [DefNew: 140074K->324K(157248K), 0.0025829 secs] 178134K->38386K(506816K), 0.0026878 secs] [Times: user=0.00 sys=0.00, real=0.01 secs] 
2020-11-19T14:57:31.732-0800: 105.889: [GC (Allocation Failure) 2020-11-19T14:57:31.733-0800: 105.889: [DefNew: 140100K->316K(157248K), 0.0026691 secs] 178162K->38377K(506816K), 0.0027823 secs] [Times: user=0.01 sys=0.00, real=0.00 secs] 
2020-11-19T14:57:32.366-0800: 106.523: [GC (Allocation Failure) 2020-11-19T14:57:32.366-0800: 106.523: [DefNew: 140092K->331K(157248K), 0.0025252 secs] 178153K->38393K(506816K), 0.0027450 secs] [Times: user=0.00 sys=0.00, real=0.00 secs] 
2020-11-19T14:57:32.440-0800: 106.597: [GC (Allocation Failure) 2020-11-19T14:57:32.440-0800: 106.597: [DefNew: 140107K->321K(157248K), 0.0024725 secs] 178169K->38383K(506816K), 0.0025601 secs] [Times: user=0.00 sys=0.00, real=0.00 secs] 
2020-11-19T14:57:32.517-0800: 106.673: [GC (Allocation Failure) 2020-11-19T14:57:32.517-0800: 106.673: [DefNew: 140097K->319K(157248K), 0.0025620 secs] 178159K->38381K(506816K), 0.0026952 secs] [Times: user=0.00 sys=0.00, real=0.00 secs] 
2020-11-19T14:57:32.584-0800: 106.741: [GC (Allocation Failure) 2020-11-19T14:57:32.585-0800: 106.741: [DefNew: 140095K->325K(157248K), 0.0025067 secs] 178157K->38388K(506816K), 0.0025772 secs] [Times: user=0.00 sys=0.00, real=0.00 secs] 
2020-11-19T14:57:32.654-0800: 106.811: [GC (Allocation Failure) 2020-11-19T14:57:32.654-0800: 106.811: [DefNew: 140101K->334K(157248K), 0.0026533 secs] 178164K->38397K(506816K), 0.0027454 secs] [Times: user=0.00 sys=0.00, real=0.00 secs] 
2020-11-19T14:57:32.728-0800: 106.885: [GC (Allocation Failure) 2020-11-19T14:57:32.729-0800: 106.885: [DefNew: 140110K->327K(157248K), 0.0028670 secs] 178173K->38390K(506816K), 0.0029571 secs] [Times: user=0.01 sys=0.00, real=0.01 secs] 
2020-11-19T14:57:32.799-0800: 106.956: [GC (Allocation Failure) 2020-11-19T14:57:32.799-0800: 106.956: [DefNew: 140103K->344K(157248K), 0.0025330 secs] 178166K->38406K(506816K), 0.0026675 secs] [Times: user=0.00 sys=0.00, real=0.01 secs] 
2020-11-19T14:57:32.871-0800: 107.028: [GC (Allocation Failure) 2020-11-19T14:57:32.872-0800: 107.028: [DefNew: 140120K->369K(157248K), 0.0025857 secs] 178182K->38431K(506816K), 0.0026668 secs] [Times: user=0.01 sys=0.00, real=0.00 secs] 
2020-11-19T14:57:32.945-0800: 107.102: [GC (Allocation Failure) 2020-11-19T14:57:32.945-0800: 107.102: [DefNew: 140145K->334K(157248K), 0.0027055 secs] 178207K->38397K(506816K), 0.0027998 secs] [Times: user=0.00 sys=0.00, real=0.00 secs] 
2020-11-19T14:57:33.016-0800: 107.173: [GC (Allocation Failure) 2020-11-19T14:57:33.017-0800: 107.173: [DefNew: 140110K->321K(157248K), 0.0025059 secs] 178173K->38384K(506816K), 0.0026712 secs] [Times: user=0.01 sys=0.00, real=0.00 secs] 
2020-11-19T14:57:33.091-0800: 107.248: [GC (Allocation Failure) 2020-11-19T14:57:33.091-0800: 107.248: [DefNew: 140097K->337K(157248K), 0.0025814 secs] 178160K->38400K(506816K), 0.0026674 secs] [Times: user=0.00 sys=0.00, real=0.00 secs] 
2020-11-19T14:57:33.162-0800: 107.319: [GC (Allocation Failure) 2020-11-19T14:57:33.162-0800: 107.319: [DefNew: 140113K->344K(157248K), 0.0036862 secs] 178176K->38407K(506816K), 0.0038557 secs] [Times: user=0.01 sys=0.00, real=0.00 secs] 
2020-11-19T14:57:33.239-0800: 107.396: [GC (Allocation Failure) 2020-11-19T14:57:33.239-0800: 107.396: [DefNew: 140120K->333K(157248K), 0.0025852 secs] 178183K->38396K(506816K), 0.0026796 secs] [Times: user=0.00 sys=0.00, real=0.01 secs] 
2020-11-19T14:57:33.313-0800: 107.470: [GC (Allocation Failure) 2020-11-19T14:57:33.313-0800: 107.470: [DefNew: 140109K->332K(157248K), 0.0027575 secs] 178172K->38395K(506816K), 0.0028896 secs] [Times: user=0.01 sys=0.00, real=0.00 secs] 
2020-11-19T14:57:33.869-0800: 108.026: [GC (Allocation Failure) 2020-11-19T14:57:33.869-0800: 108.026: [DefNew: 140108K->327K(157248K), 0.0026641 secs] 178171K->38390K(506816K), 0.0027992 secs] [Times: user=0.00 sys=0.00, real=0.01 secs] 
2020-11-19T14:57:33.939-0800: 108.096: [GC (Allocation Failure) 2020-11-19T14:57:33.941-0800: 108.097: [DefNew: 140103K->318K(157248K), 0.0026267 secs] 178166K->38381K(506816K), 0.0041674 secs] [Times: user=0.00 sys=0.00, real=0.01 secs] 
2020-11-19T14:57:34.014-0800: 108.171: [GC (Allocation Failure) 2020-11-19T14:57:34.014-0800: 108.171: [DefNew: 140094K->317K(157248K), 0.0030056 secs] 178157K->38380K(506816K), 0.0031440 secs] [Times: user=0.00 sys=0.00, real=0.00 secs] 
2020-11-19T14:57:34.084-0800: 108.241: [GC (Allocation Failure) 2020-11-19T14:57:34.084-0800: 108.241: [DefNew: 140093K->329K(157248K), 0.0030606 secs] 178156K->38392K(506816K), 0.0031577 secs] [Times: user=0.00 sys=0.00, real=0.00 secs] 
2020-11-19T14:57:34.157-0800: 108.314: [GC (Allocation Failure) 2020-11-19T14:57:34.157-0800: 108.314: [DefNew: 140105K->335K(157248K), 0.0027128 secs] 178168K->38398K(506816K), 0.0028141 secs] [Times: user=0.00 sys=0.00, real=0.01 secs] 
2020-11-19T14:57:34.228-0800: 108.385: [GC (Allocation Failure) 2020-11-19T14:57:34.229-0800: 108.385: [DefNew: 140111K->317K(157248K), 0.0024774 secs] 178174K->38380K(506816K), 0.0026306 secs] [Times: user=0.00 sys=0.00, real=0.01 secs] 
2020-11-19T14:57:34.300-0800: 108.457: [GC (Allocation Failure) 2020-11-19T14:57:34.300-0800: 108.457: [DefNew: 140093K->340K(157248K), 0.0026224 secs] 178156K->38403K(506816K), 0.0027124 secs] [Times: user=0.00 sys=0.00, real=0.00 secs] 
2020-11-19T14:57:34.370-0800: 108.527: [GC (Allocation Failure) 2020-11-19T14:57:34.370-0800: 108.527: [DefNew: 140116K->328K(157248K), 0.0028221 secs] 178179K->38391K(506816K), 0.0029510 secs] [Times: user=0.00 sys=0.00, real=0.00 secs] 
2020-11-19T14:57:34.448-0800: 108.605: [GC (Allocation Failure) 2020-11-19T14:57:34.448-0800: 108.605: [DefNew: 140104K->318K(157248K), 0.0026701 secs] 178167K->38381K(506816K), 0.0027625 secs] [Times: user=0.00 sys=0.00, real=0.01 secs] 
2020-11-19T14:57:34.532-0800: 108.689: [GC (Allocation Failure) 2020-11-19T14:57:34.532-0800: 108.689: [DefNew: 140094K->338K(157248K), 0.0025299 secs] 178157K->38401K(506816K), 0.0026157 secs] [Times: user=0.00 sys=0.00, real=0.00 secs] 
2020-11-19T14:57:34.605-0800: 108.762: [GC (Allocation Failure) 2020-11-19T14:57:34.605-0800: 108.762: [DefNew: 140114K->331K(157248K), 0.0036584 secs] 178177K->38394K(506816K), 0.0038249 secs] [Times: user=0.01 sys=0.00, real=0.00 secs] 
2020-11-19T14:57:34.682-0800: 108.838: [GC (Allocation Failure) 2020-11-19T14:57:34.682-0800: 108.838: [DefNew: 140107K->327K(157248K), 0.0027721 secs] 178170K->38391K(506816K), 0.0028621 secs] [Times: user=0.00 sys=0.00, real=0.00 secs] 
2020-11-19T14:57:34.754-0800: 108.911: [GC (Allocation Failure) 2020-11-19T14:57:34.754-0800: 108.911: [DefNew: 140103K->341K(157248K), 0.0026095 secs] 178167K->38404K(506816K), 0.0027314 secs] [Times: user=0.01 sys=0.00, real=0.00 secs] 
2020-11-19T14:57:34.829-0800: 108.986: [GC (Allocation Failure) 2020-11-19T14:57:34.829-0800: 108.986: [DefNew: 140117K->362K(157248K), 0.0027915 secs] 178180K->38426K(506816K), 0.0028813 secs] [Times: user=0.00 sys=0.00, real=0.01 secs] 
2020-11-19T14:57:35.292-0800: 109.449: [GC (Allocation Failure) 2020-11-19T14:57:35.292-0800: 109.449: [DefNew: 140138K->318K(157248K), 0.0029177 secs] 178202K->38382K(506816K), 0.0030168 secs] [Times: user=0.00 sys=0.00, real=0.00 secs] 
2020-11-19T14:57:35.362-0800: 109.519: [GC (Allocation Failure) 2020-11-19T14:57:35.362-0800: 109.519: [DefNew: 140094K->341K(157248K), 0.0027168 secs] 178158K->38406K(506816K), 0.0028068 secs] [Times: user=0.01 sys=0.00, real=0.00 secs] 
2020-11-19T14:57:35.427-0800: 109.584: [GC (Allocation Failure) 2020-11-19T14:57:35.427-0800: 109.584: [DefNew: 140117K->318K(157248K), 0.0025745 secs] 178182K->38383K(506816K), 0.0027569 secs] [Times: user=0.00 sys=0.00, real=0.01 secs] 
2020-11-19T14:57:35.497-0800: 109.654: [GC (Allocation Failure) 2020-11-19T14:57:35.497-0800: 109.654: [DefNew: 140094K->327K(157248K), 0.0026002 secs] 178159K->38392K(506816K), 0.0026960 secs] [Times: user=0.00 sys=0.00, real=0.01 secs] 
2020-11-19T14:57:35.567-0800: 109.724: [GC (Allocation Failure) 2020-11-19T14:57:35.567-0800: 109.724: [DefNew: 140103K->349K(157248K), 0.0025945 secs] 178168K->38414K(506816K), 0.0027184 secs] [Times: user=0.00 sys=0.00, real=0.01 secs] 
2020-11-19T14:57:35.639-0800: 109.795: [GC (Allocation Failure) 2020-11-19T14:57:35.639-0800: 109.795: [DefNew: 140125K->315K(157248K), 0.0026741 secs] 178190K->38380K(506816K), 0.0027883 secs] [Times: user=0.00 sys=0.00, real=0.01 secs] 
2020-11-19T14:57:35.704-0800: 109.861: [GC (Allocation Failure) 2020-11-19T14:57:35.704-0800: 109.861: [DefNew: 140091K->326K(157248K), 0.0029421 secs] 178156K->38391K(506816K), 0.0030503 secs] [Times: user=0.00 sys=0.00, real=0.00 secs] 
2020-11-19T14:57:35.769-0800: 109.926: [GC (Allocation Failure) 2020-11-19T14:57:35.770-0800: 109.926: [DefNew: 140102K->329K(157248K), 0.0025469 secs] 178167K->38394K(506816K), 0.0026578 secs] [Times: user=0.00 sys=0.00, real=0.01 secs] 
2020-11-19T14:57:35.840-0800: 109.997: [GC (Allocation Failure) 2020-11-19T14:57:35.840-0800: 109.997: [DefNew: 140105K->316K(157248K), 0.0025171 secs] 178170K->38381K(506816K), 0.0026410 secs] [Times: user=0.01 sys=0.00, real=0.00 secs] 
2020-11-19T14:57:35.909-0800: 110.066: [GC (Allocation Failure) 2020-11-19T14:57:35.909-0800: 110.066: [DefNew: 140092K->329K(157248K), 0.0025052 secs] 178157K->38395K(506816K), 0.0026505 secs] [Times: user=0.01 sys=0.00, real=0.01 secs] 
2020-11-19T14:57:35.989-0800: 110.146: [GC (Allocation Failure) 2020-11-19T14:57:35.990-0800: 110.146: [DefNew: 140105K->346K(157248K), 0.0028018 secs] 178171K->38412K(506816K), 0.0029010 secs] [Times: user=0.00 sys=0.00, real=0.01 secs] 
2020-11-19T14:57:36.075-0800: 110.232: [GC (Allocation Failure) 2020-11-19T14:57:36.075-0800: 110.232: [DefNew: 140122K->316K(157248K), 0.0037408 secs] 178188K->38381K(506816K), 0.0038412 secs] [Times: user=0.01 sys=0.00, real=0.00 secs] 
2020-11-19T14:57:36.147-0800: 110.304: [GC (Allocation Failure) 2020-11-19T14:57:36.147-0800: 110.304: [DefNew: 140092K->333K(157248K), 0.0027730 secs] 178157K->38399K(506816K), 0.0029193 secs] [Times: user=0.00 sys=0.00, real=0.01 secs] 
2020-11-19T14:57:36.215-0800: 110.372: [GC (Allocation Failure) 2020-11-19T14:57:36.215-0800: 110.372: [DefNew: 140109K->335K(157248K), 0.0026693 secs] 178175K->38401K(506816K), 0.0027869 secs] [Times: user=0.00 sys=0.01, real=0.00 secs] 
2020-11-19T14:57:36.295-0800: 110.452: [GC (Allocation Failure) 2020-11-19T14:57:36.295-0800: 110.452: [DefNew: 140111K->329K(157248K), 0.0024697 secs] 178177K->38394K(506816K), 0.0025524 secs] [Times: user=0.00 sys=0.00, real=0.00 secs] 
2020-11-19T14:57:36.373-0800: 110.530: [GC (Allocation Failure) 2020-11-19T14:57:36.373-0800: 110.530: [DefNew: 140105K->327K(157248K), 0.0026029 secs] 178170K->38392K(506816K), 0.0026906 secs] [Times: user=0.00 sys=0.00, real=0.00 secs] 
2020-11-19T14:57:36.450-0800: 110.606: [GC (Allocation Failure) 2020-11-19T14:57:36.450-0800: 110.607: [DefNew: 140103K->332K(157248K), 0.0025240 secs] 178168K->38398K(506816K), 0.0026091 secs] [Times: user=0.00 sys=0.00, real=0.00 secs] 
2020-11-19T14:57:36.527-0800: 110.684: [GC (Allocation Failure) 2020-11-19T14:57:36.527-0800: 110.684: [DefNew: 140108K->346K(157248K), 0.0025878 secs] 178174K->38412K(506816K), 0.0026732 secs] [Times: user=0.00 sys=0.00, real=0.01 secs] 
2020-11-19T14:57:36.591-0800: 110.748: [GC (Allocation Failure) 2020-11-19T14:57:36.591-0800: 110.748: [DefNew: 140122K->327K(157248K), 0.0025145 secs] 178188K->38393K(506816K), 0.0025894 secs] [Times: user=0.00 sys=0.00, real=0.00 secs] 
2020-11-19T14:57:36.659-0800: 110.816: [GC (Allocation Failure) 2020-11-19T14:57:36.659-0800: 110.816: [DefNew: 140103K->310K(157248K), 0.0024519 secs] 178169K->38376K(506816K), 0.0025427 secs] [Times: user=0.01 sys=0.00, real=0.01 secs] 
2020-11-19T14:57:36.723-0800: 110.880: [GC (Allocation Failure) 2020-11-19T14:57:36.723-0800: 110.880: [DefNew: 140086K->329K(157248K), 0.0024052 secs] 178152K->38395K(506816K), 0.0024863 secs] [Times: user=0.01 sys=0.00, real=0.00 secs] 
2020-11-19T14:57:36.792-0800: 110.948: [GC (Allocation Failure) 2020-11-19T14:57:36.792-0800: 110.948: [DefNew: 140105K->331K(157248K), 0.0024850 secs] 178171K->38396K(506816K), 0.0025853 secs] [Times: user=0.00 sys=0.00, real=0.00 secs] 
2020-11-19T14:57:36.862-0800: 111.018: [GC (Allocation Failure) 2020-11-19T14:57:36.862-0800: 111.018: [DefNew: 140107K->359K(157248K), 0.0028436 secs] 178172K->38424K(506816K), 0.0029523 secs] [Times: user=0.00 sys=0.00, real=0.00 secs] 
2020-11-19T14:57:36.935-0800: 111.092: [GC (Allocation Failure) 2020-11-19T14:57:36.935-0800: 111.092: [DefNew: 140135K->322K(157248K), 0.0023739 secs] 178200K->38388K(506816K), 0.0024548 secs] [Times: user=0.00 sys=0.00, real=0.00 secs] 
2020-11-19T14:57:37.001-0800: 111.157: [GC (Allocation Failure) 2020-11-19T14:57:37.001-0800: 111.157: [DefNew: 140098K->335K(157248K), 0.0026431 secs] 178164K->38400K(506816K), 0.0027328 secs] [Times: user=0.01 sys=0.00, real=0.00 secs] 
2020-11-19T14:57:37.072-0800: 111.228: [GC (Allocation Failure) 2020-11-19T14:57:37.072-0800: 111.228: [DefNew: 140111K->340K(157248K), 0.0024522 secs] 178176K->38406K(506816K), 0.0025325 secs] [Times: user=0.00 sys=0.00, real=0.00 secs] 
2020-11-19T14:57:37.140-0800: 111.296: [GC (Allocation Failure) 2020-11-19T14:57:37.140-0800: 111.296: [DefNew: 140116K->312K(157248K), 0.0024075 secs] 178182K->38378K(506816K), 0.0025071 secs] [Times: user=0.00 sys=0.00, real=0.00 secs] 
2020-11-19T14:57:37.212-0800: 111.368: [GC (Allocation Failure) 2020-11-19T14:57:37.212-0800: 111.368: [DefNew: 140088K->354K(157248K), 0.0027073 secs] 178154K->38420K(506816K), 0.0027951 secs] [Times: user=0.00 sys=0.00, real=0.00 secs] 
2020-11-19T14:57:37.295-0800: 111.452: [GC (Allocation Failure) 2020-11-19T14:57:37.295-0800: 111.452: [DefNew: 140130K->326K(157248K), 0.0026920 secs] 178196K->38392K(506816K), 0.0028006 secs] [Times: user=0.01 sys=0.00, real=0.00 secs] 
2020-11-19T14:57:37.356-0800: 111.512: [GC (Allocation Failure) 2020-11-19T14:57:37.356-0800: 111.512: [DefNew: 140102K->318K(157248K), 0.0028211 secs] 178168K->38384K(506816K), 0.0029567 secs] [Times: user=0.00 sys=0.00, real=0.00 secs] 
2020-11-19T14:57:37.429-0800: 111.586: [GC (Allocation Failure) 2020-11-19T14:57:37.430-0800: 111.586: [DefNew: 140094K->319K(157248K), 0.0026257 secs] 178160K->38385K(506816K), 0.0027945 secs] [Times: user=0.00 sys=0.00, real=0.01 secs] 
2020-11-19T14:57:37.501-0800: 111.657: [GC (Allocation Failure) 2020-11-19T14:57:37.501-0800: 111.657: [DefNew: 140095K->304K(157248K), 0.0028149 secs] 178161K->38370K(506816K), 0.0029203 secs] [Times: user=0.00 sys=0.00, real=0.00 secs] 
2020-11-19T14:57:37.571-0800: 111.728: [GC (Allocation Failure) 2020-11-19T14:57:37.571-0800: 111.728: [DefNew: 140080K->346K(157248K), 0.0025637 secs] 178146K->38412K(506816K), 0.0026544 secs] [Times: user=0.00 sys=0.00, real=0.00 secs] 
2020-11-19T14:57:37.640-0800: 111.796: [GC (Allocation Failure) 2020-11-19T14:57:37.640-0800: 111.796: [DefNew: 140122K->327K(157248K), 0.0023824 secs] 178188K->38393K(506816K), 0.0024786 secs] [Times: user=0.00 sys=0.00, real=0.00 secs] 
2020-11-19T14:57:37.707-0800: 111.864: [GC (Allocation Failure) 2020-11-19T14:57:37.707-0800: 111.864: [DefNew: 140103K->334K(157248K), 0.0024028 secs] 178169K->38400K(506816K), 0.0024802 secs] [Times: user=0.00 sys=0.00, real=0.01 secs] 
2020-11-19T14:57:37.778-0800: 111.935: [GC (Allocation Failure) 2020-11-19T14:57:37.778-0800: 111.935: [DefNew: 140110K->317K(157248K), 0.0027140 secs] 178176K->38383K(506816K), 0.0027997 secs] [Times: user=0.01 sys=0.00, real=0.01 secs] 
2020-11-19T14:57:37.848-0800: 112.005: [GC (Allocation Failure) 2020-11-19T14:57:37.848-0800: 112.005: [DefNew: 140093K->325K(157248K), 0.0028444 secs] 178159K->38391K(506816K), 0.0029294 secs] [Times: user=0.00 sys=0.00, real=0.01 secs] 
2020-11-19T14:57:37.922-0800: 112.078: [GC (Allocation Failure) 2020-11-19T14:57:37.922-0800: 112.078: [DefNew: 140101K->303K(157248K), 0.0023856 secs] 178167K->38369K(506816K), 0.0024674 secs] [Times: user=0.01 sys=0.00, real=0.00 secs] 
2020-11-19T14:57:37.995-0800: 112.152: [GC (Allocation Failure) 2020-11-19T14:57:37.995-0800: 112.152: [DefNew: 140079K->334K(157248K), 0.0028840 secs] 178145K->38400K(506816K), 0.0029912 secs] [Times: user=0.00 sys=0.00, real=0.00 secs] 
2020-11-19T14:57:38.070-0800: 112.227: [GC (Allocation Failure) 2020-11-19T14:57:38.070-0800: 112.227: [DefNew: 140110K->355K(157248K), 0.0032091 secs] 178176K->38421K(506816K), 0.0033205 secs] [Times: user=0.00 sys=0.00, real=0.00 secs] 
2020-11-19T14:57:38.144-0800: 112.301: [GC (Allocation Failure) 2020-11-19T14:57:38.144-0800: 112.301: [DefNew: 140131K->354K(157248K), 0.0024567 secs] 178197K->38420K(506816K), 0.0025343 secs] [Times: user=0.00 sys=0.00, real=0.00 secs] 
2020-11-19T14:57:38.216-0800: 112.373: [GC (Allocation Failure) 2020-11-19T14:57:38.216-0800: 112.373: [DefNew: 140130K->352K(157248K), 0.0026647 secs] 178196K->38418K(506816K), 0.0027560 secs] [Times: user=0.01 sys=0.00, real=0.00 secs] 
2020-11-19T14:57:38.299-0800: 112.456: [GC (Allocation Failure) 2020-11-19T14:57:38.299-0800: 112.456: [DefNew: 140128K->362K(157248K), 0.0028128 secs] 178194K->38428K(506816K), 0.0029138 secs] [Times: user=0.00 sys=0.00, real=0.01 secs] 
2020-11-19T14:57:38.370-0800: 112.526: [GC (Allocation Failure) 2020-11-19T14:57:38.370-0800: 112.526: [DefNew: 140138K->341K(157248K), 0.0026745 secs] 178204K->38407K(506816K), 0.0027820 secs] [Times: user=0.00 sys=0.00, real=0.00 secs] 
2020-11-19T14:57:38.442-0800: 112.599: [GC (Allocation Failure) 2020-11-19T14:57:38.442-0800: 112.599: [DefNew: 140117K->349K(157248K), 0.0027279 secs] 178183K->38415K(506816K), 0.0028389 secs] [Times: user=0.00 sys=0.00, real=0.00 secs] 
2020-11-19T14:57:38.508-0800: 112.664: [GC (Allocation Failure) 2020-11-19T14:57:38.508-0800: 112.664: [DefNew: 140125K->346K(157248K), 0.0025364 secs] 178191K->38412K(506816K), 0.0026268 secs] [Times: user=0.00 sys=0.00, real=0.01 secs] 
2020-11-19T14:57:38.570-0800: 112.727: [GC (Allocation Failure) 2020-11-19T14:57:38.570-0800: 112.727: [DefNew: 140122K->329K(157248K), 0.0026827 secs] 178188K->38395K(506816K), 0.0027898 secs] [Times: user=0.01 sys=0.00, real=0.00 secs] 
2020-11-19T14:57:38.634-0800: 112.791: [GC (Allocation Failure) 2020-11-19T14:57:38.634-0800: 112.791: [DefNew: 140105K->324K(157248K), 0.0027418 secs] 178171K->38390K(506816K), 0.0028497 secs] [Times: user=0.00 sys=0.00, real=0.00 secs] 
2020-11-19T14:57:38.703-0800: 112.859: [GC (Allocation Failure) 2020-11-19T14:57:38.703-0800: 112.859: [DefNew: 140100K->328K(157248K), 0.0028062 secs] 178166K->38394K(506816K), 0.0028937 secs] [Times: user=0.01 sys=0.00, real=0.00 secs] 
2020-11-19T14:57:38.776-0800: 112.932: [GC (Allocation Failure) 2020-11-19T14:57:38.776-0800: 112.932: [DefNew: 140104K->337K(157248K), 0.0028401 secs] 178170K->38403K(506816K), 0.0029360 secs] [Times: user=0.00 sys=0.00, real=0.00 secs] 
2020-11-19T14:57:38.840-0800: 112.997: [GC (Allocation Failure) 2020-11-19T14:57:38.840-0800: 112.997: [DefNew: 140113K->324K(157248K), 0.0027491 secs] 178179K->38391K(506816K), 0.0028480 secs] [Times: user=0.01 sys=0.00, real=0.00 secs] 
2020-11-19T14:57:38.905-0800: 113.062: [GC (Allocation Failure) 2020-11-19T14:57:38.905-0800: 113.062: [DefNew: 140100K->332K(157248K), 0.0027868 secs] 178167K->38398K(506816K), 0.0028808 secs] [Times: user=0.00 sys=0.00, real=0.00 secs] 
2020-11-19T14:57:38.981-0800: 113.137: [GC (Allocation Failure) 2020-11-19T14:57:38.981-0800: 113.137: [DefNew: 140108K->330K(157248K), 0.0028068 secs] 178174K->38396K(506816K), 0.0029006 secs] [Times: user=0.00 sys=0.00, real=0.00 secs] 
2020-11-19T14:57:39.053-0800: 113.209: [GC (Allocation Failure) 2020-11-19T14:57:39.053-0800: 113.209: [DefNew: 140106K->341K(157248K), 0.0028196 secs] 178172K->38407K(506816K), 0.0029085 secs] [Times: user=0.00 sys=0.00, real=0.00 secs] 
2020-11-19T14:57:39.129-0800: 113.286: [GC (Allocation Failure) 2020-11-19T14:57:39.129-0800: 113.286: [DefNew: 140117K->326K(157248K), 0.0028554 secs] 178183K->38392K(506816K), 0.0029552 secs] [Times: user=0.00 sys=0.00, real=0.01 secs] 
2020-11-19T14:57:39.202-0800: 113.358: [GC (Allocation Failure) 2020-11-19T14:57:39.202-0800: 113.358: [DefNew: 140102K->313K(157248K), 0.0027941 secs] 178168K->38380K(506816K), 0.0028833 secs] [Times: user=0.00 sys=0.00, real=0.00 secs] 
2020-11-19T14:57:39.272-0800: 113.429: [GC (Allocation Failure) 2020-11-19T14:57:39.272-0800: 113.429: [DefNew: 140089K->301K(157248K), 0.0027587 secs] 178156K->38368K(506816K), 0.0028525 secs] [Times: user=0.01 sys=0.01, real=0.00 secs] 
2020-11-19T14:57:39.386-0800: 113.543: [GC (Allocation Failure) 2020-11-19T14:57:39.386-0800: 113.543: [DefNew: 140077K->281K(157248K), 0.0026427 secs] 178144K->38348K(506816K), 0.0027427 secs] [Times: user=0.00 sys=0.00, real=0.00 secs] 
2020-11-19T14:57:39.457-0800: 113.613: [GC (Allocation Failure) 2020-11-19T14:57:39.457-0800: 113.613: [DefNew: 140057K->291K(157248K), 0.0027180 secs] 178124K->38364K(506816K), 0.0028070 secs] [Times: user=0.00 sys=0.00, real=0.00 secs] 
2020-11-19T14:57:39.533-0800: 113.689: [GC (Allocation Failure) 2020-11-19T14:57:39.533-0800: 113.689: [DefNew: 140067K->273K(157248K), 0.0027219 secs] 178140K->38348K(506816K), 0.0028133 secs] [Times: user=0.01 sys=0.00, real=0.00 secs] 
2020-11-19T14:57:39.615-0800: 113.772: [GC (Allocation Failure) 2020-11-19T14:57:39.615-0800: 113.772: [DefNew: 140049K->251K(157248K), 0.0026459 secs] 178124K->38328K(506816K), 0.0027412 secs] [Times: user=0.00 sys=0.00, real=0.00 secs] 
Heap
 def new generation   total 157248K, used 109646K [0x00000007a0000000, 0x00000007aaaa0000, 0x00000007aaaa0000)
  eden space 139776K,  78% used [0x00000007a0000000, 0x00000007a6ad4a38, 0x00000007a8880000)
  from space 17472K,   1% used [0x00000007a9990000, 0x00000007a99ceef8, 0x00000007aaaa0000)
  to   space 17472K,   0% used [0x00000007a8880000, 0x00000007a8880000, 0x00000007a9990000)
 tenured generation   total 349568K, used 38076K [0x00000007aaaa0000, 0x00000007c0000000, 0x00000007c0000000)
   the space 349568K,  10% used [0x00000007aaaa0000, 0x00000007acfcf220, 0x00000007acfcf400, 0x00000007c0000000)
 Metaspace       used 32590K, capacity 34744K, committed 36440K, reserved 1081344K
  class space    used 3963K, capacity 4325K, committed 4608K, reserved 1048576K
