Java HotSpot(TM) 64-Bit Server VM (25.261-b12) for bsd-amd64 JRE (1.8.0_261-b12), built on Jun 18 2020 06:38:55 by "java_re" with gcc 4.2.1 Compatible Apple LLVM 10.0.0 (clang-1000.11.45.5)
Memory: 4k page, physical 16777216k(827860k free)

/proc/meminfo:

CommandLine flags: -XX:InitialHeapSize=536870912 -XX:MaxHeapSize=536870912 -XX:MaxNewSize=178958336 -XX:MaxTenuringThreshold=6 -XX:NewSize=178958336 -XX:OldPLABSize=16 -XX:OldSize=357912576 -XX:+PrintGC -XX:+PrintGCDateStamps -XX:+PrintGCDetails -XX:+PrintGCTimeStamps -XX:+UseCompressedClassPointers -XX:+UseCompressedOops -XX:+UseConcMarkSweepGC -XX:+UseParNewGC 
2020-11-19T15:07:28.107-0800: 1.035: [GC (Allocation Failure) 2020-11-19T15:07:28.107-0800: 1.036: [ParNew: 139776K->7023K(157248K), 0.0107224 secs] 139776K->7023K(506816K), 0.0109514 secs] [Times: user=0.08 sys=0.00, real=0.01 secs] 
2020-11-19T15:07:28.783-0800: 1.712: [GC (Allocation Failure) 2020-11-19T15:07:28.783-0800: 1.712: [ParNew: 146799K->12788K(157248K), 0.0133459 secs] 146799K->12788K(506816K), 0.0134410 secs] [Times: user=0.08 sys=0.01, real=0.01 secs] 
2020-11-19T15:07:28.797-0800: 1.726: [GC (CMS Initial Mark) [1 CMS-initial-mark: 0K(349568K)] 15106K(506816K), 0.0032453 secs] [Times: user=0.01 sys=0.00, real=0.01 secs] 
2020-11-19T15:07:28.800-0800: 1.729: [CMS-concurrent-mark-start]
2020-11-19T15:07:28.801-0800: 1.729: [CMS-concurrent-mark: 0.000/0.000 secs] [Times: user=0.00 sys=0.00, real=0.00 secs] 
2020-11-19T15:07:28.801-0800: 1.729: [CMS-concurrent-preclean-start]
2020-11-19T15:07:28.802-0800: 1.730: [CMS-concurrent-preclean: 0.001/0.001 secs] [Times: user=0.01 sys=0.01, real=0.00 secs] 
2020-11-19T15:07:28.802-0800: 1.730: [CMS-concurrent-abortable-preclean-start]
 CMS: abort preclean due to time 2020-11-19T15:07:33.870-0800: 6.799: [CMS-concurrent-abortable-preclean: 2.280/5.069 secs] [Times: user=3.82 sys=0.08, real=5.07 secs] 
2020-11-19T15:07:33.870-0800: 6.799: [GC (CMS Final Remark) [YG occupancy: 80087 K (157248 K)]2020-11-19T15:07:33.870-0800: 6.799: [Rescan (parallel) , 0.0041811 secs]2020-11-19T15:07:33.875-0800: 6.803: [weak refs processing, 0.0000346 secs]2020-11-19T15:07:33.875-0800: 6.803: [class unloading, 0.0036957 secs]2020-11-19T15:07:33.878-0800: 6.807: [scrub symbol table, 0.0022076 secs]2020-11-19T15:07:33.881-0800: 6.809: [scrub string table, 0.0002697 secs][1 CMS-remark: 0K(349568K)] 80087K(506816K), 0.0114204 secs] [Times: user=0.06 sys=0.00, real=0.01 secs] 
2020-11-19T15:07:33.882-0800: 6.810: [CMS-concurrent-sweep-start]
2020-11-19T15:07:33.882-0800: 6.810: [CMS-concurrent-sweep: 0.000/0.000 secs] [Times: user=0.00 sys=0.00, real=0.00 secs] 
2020-11-19T15:07:33.882-0800: 6.810: [CMS-concurrent-reset-start]
2020-11-19T15:07:33.884-0800: 6.813: [CMS-concurrent-reset: 0.002/0.002 secs] [Times: user=0.00 sys=0.00, real=0.00 secs] 
2020-11-19T15:07:42.134-0800: 15.063: [GC (Allocation Failure) 2020-11-19T15:07:42.134-0800: 15.063: [ParNew: 152564K->15310K(157248K), 0.0172153 secs] 152564K->19268K(506816K), 0.0173264 secs] [Times: user=0.07 sys=0.02, real=0.02 secs] 
2020-11-19T15:07:42.547-0800: 15.475: [GC (Allocation Failure) 2020-11-19T15:07:42.547-0800: 15.475: [ParNew: 155086K->17472K(157248K), 0.0169856 secs] 159044K->33026K(506816K), 0.0171752 secs] [Times: user=0.07 sys=0.02, real=0.02 secs] 
2020-11-19T15:07:42.707-0800: 15.635: [GC (Allocation Failure) 2020-11-19T15:07:42.707-0800: 15.635: [ParNew: 157248K->15308K(157248K), 0.0160506 secs] 172802K->48219K(506816K), 0.0161996 secs] [Times: user=0.06 sys=0.02, real=0.02 secs] 
2020-11-19T15:07:42.857-0800: 15.785: [GC (Allocation Failure) 2020-11-19T15:07:42.857-0800: 15.785: [ParNew: 155084K->3848K(157248K), 0.0034285 secs] 187995K->36760K(506816K), 0.0035532 secs] [Times: user=0.05 sys=0.00, real=0.01 secs] 
2020-11-19T15:07:42.990-0800: 15.918: [GC (Allocation Failure) 2020-11-19T15:07:42.990-0800: 15.918: [ParNew: 143624K->983K(157248K), 0.0033547 secs] 176536K->33895K(506816K), 0.0034780 secs] [Times: user=0.05 sys=0.00, real=0.00 secs] 
2020-11-19T15:07:43.124-0800: 16.052: [GC (Allocation Failure) 2020-11-19T15:07:43.124-0800: 16.053: [ParNew: 140759K->610K(157248K), 0.0034299 secs] 173671K->33522K(506816K), 0.0035711 secs] [Times: user=0.05 sys=0.01, real=0.00 secs] 
2020-11-19T15:07:43.260-0800: 16.189: [GC (Allocation Failure) 2020-11-19T15:07:43.260-0800: 16.189: [ParNew: 140386K->736K(157248K), 0.0041039 secs] 173298K->33648K(506816K), 0.0042788 secs] [Times: user=0.05 sys=0.00, real=0.00 secs] 
2020-11-19T15:07:43.392-0800: 16.321: [GC (Allocation Failure) 2020-11-19T15:07:43.392-0800: 16.321: [ParNew: 140512K->736K(157248K), 0.0036936 secs] 173424K->33648K(506816K), 0.0038533 secs] [Times: user=0.05 sys=0.00, real=0.00 secs] 
2020-11-19T15:07:43.522-0800: 16.451: [GC (Allocation Failure) 2020-11-19T15:07:43.522-0800: 16.451: [ParNew: 140512K->725K(157248K), 0.0036499 secs] 173424K->33692K(506816K), 0.0038217 secs] [Times: user=0.05 sys=0.00, real=0.00 secs] 
2020-11-19T15:07:43.665-0800: 16.593: [GC (Allocation Failure) 2020-11-19T15:07:43.665-0800: 16.593: [ParNew: 140501K->806K(157248K), 0.0037835 secs] 173468K->33778K(506816K), 0.0039127 secs] [Times: user=0.05 sys=0.00, real=0.00 secs] 
2020-11-19T15:07:43.805-0800: 16.733: [GC (Allocation Failure) 2020-11-19T15:07:43.805-0800: 16.733: [ParNew: 140582K->589K(157248K), 0.0035328 secs] 173554K->33592K(506816K), 0.0037114 secs] [Times: user=0.05 sys=0.00, real=0.00 secs] 
2020-11-19T15:07:43.931-0800: 16.860: [GC (Allocation Failure) 2020-11-19T15:07:43.931-0800: 16.860: [ParNew: 140365K->608K(157248K), 0.0038673 secs] 173368K->33751K(506816K), 0.0040116 secs] [Times: user=0.05 sys=0.01, real=0.00 secs] 
2020-11-19T15:07:44.066-0800: 16.995: [GC (Allocation Failure) 2020-11-19T15:07:44.066-0800: 16.995: [ParNew: 140384K->515K(157248K), 0.0039900 secs] 173527K->33666K(506816K), 0.0041400 secs] [Times: user=0.06 sys=0.00, real=0.01 secs] 
2020-11-19T15:07:44.194-0800: 17.123: [GC (Allocation Failure) 2020-11-19T15:07:44.194-0800: 17.123: [ParNew: 140291K->520K(157248K), 0.0036146 secs] 173442K->33677K(506816K), 0.0037853 secs] [Times: user=0.05 sys=0.00, real=0.00 secs] 
2020-11-19T15:07:44.321-0800: 17.249: [GC (Allocation Failure) 2020-11-19T15:07:44.321-0800: 17.250: [ParNew: 140296K->529K(157248K), 0.0035397 secs] 173453K->33693K(506816K), 0.0036426 secs] [Times: user=0.05 sys=0.00, real=0.00 secs] 
2020-11-19T15:07:44.441-0800: 17.370: [GC (Allocation Failure) 2020-11-19T15:07:44.442-0800: 17.370: [ParNew: 140305K->441K(157248K), 0.0050713 secs] 173469K->33625K(506816K), 0.0053006 secs] [Times: user=0.06 sys=0.00, real=0.00 secs] 
2020-11-19T15:07:44.584-0800: 17.512: [GC (Allocation Failure) 2020-11-19T15:07:44.584-0800: 17.512: [ParNew: 140217K->568K(157248K), 0.0039827 secs] 173401K->33755K(506816K), 0.0041504 secs] [Times: user=0.05 sys=0.00, real=0.00 secs] 
2020-11-19T15:07:44.695-0800: 17.624: [GC (Allocation Failure) 2020-11-19T15:07:44.695-0800: 17.624: [ParNew: 140344K->559K(157248K), 0.0041583 secs] 173531K->33752K(506816K), 0.0042805 secs] [Times: user=0.06 sys=0.00, real=0.01 secs] 
2020-11-19T15:07:44.812-0800: 17.741: [GC (Allocation Failure) 2020-11-19T15:07:44.812-0800: 17.741: [ParNew: 140335K->534K(157248K), 0.0042207 secs] 173528K->33732K(506816K), 0.0043651 secs] [Times: user=0.05 sys=0.00, real=0.00 secs] 
2020-11-19T15:07:44.921-0800: 17.850: [GC (Allocation Failure) 2020-11-19T15:07:44.921-0800: 17.850: [ParNew: 140310K->545K(157248K), 0.0038064 secs] 173508K->33748K(506816K), 0.0039108 secs] [Times: user=0.05 sys=0.01, real=0.00 secs] 
2020-11-19T15:07:45.041-0800: 17.970: [GC (Allocation Failure) 2020-11-19T15:07:45.042-0800: 17.970: [ParNew: 140321K->462K(157248K), 0.0041642 secs] 173524K->33675K(506816K), 0.0043040 secs] [Times: user=0.04 sys=0.00, real=0.00 secs] 
2020-11-19T15:07:45.136-0800: 18.064: [GC (Allocation Failure) 2020-11-19T15:07:45.136-0800: 18.064: [ParNew: 140238K->469K(157248K), 0.0035522 secs] 173451K->33684K(506816K), 0.0036401 secs] [Times: user=0.05 sys=0.00, real=0.00 secs] 
2020-11-19T15:07:45.233-0800: 18.162: [GC (Allocation Failure) 2020-11-19T15:07:45.233-0800: 18.162: [ParNew: 140245K->527K(157248K), 0.0041890 secs] 173460K->33742K(506816K), 0.0043209 secs] [Times: user=0.06 sys=0.00, real=0.00 secs] 
2020-11-19T15:07:45.332-0800: 18.260: [GC (Allocation Failure) 2020-11-19T15:07:45.332-0800: 18.260: [ParNew: 140303K->507K(157248K), 0.0038614 secs] 173518K->33722K(506816K), 0.0040335 secs] [Times: user=0.06 sys=0.01, real=0.00 secs] 
2020-11-19T15:07:45.414-0800: 18.342: [GC (Allocation Failure) 2020-11-19T15:07:45.414-0800: 18.342: [ParNew: 140283K->504K(157248K), 0.0035955 secs] 173498K->33721K(506816K), 0.0037021 secs] [Times: user=0.05 sys=0.00, real=0.00 secs] 
2020-11-19T15:07:45.503-0800: 18.431: [GC (Allocation Failure) 2020-11-19T15:07:45.503-0800: 18.432: [ParNew: 140280K->535K(157248K), 0.0038411 secs] 173497K->33752K(506816K), 0.0039734 secs] [Times: user=0.06 sys=0.00, real=0.00 secs] 
2020-11-19T15:07:45.601-0800: 18.530: [GC (Allocation Failure) 2020-11-19T15:07:45.601-0800: 18.530: [ParNew: 140311K->462K(157248K), 0.0035437 secs] 173528K->33681K(506816K), 0.0036574 secs] [Times: user=0.04 sys=0.00, real=0.00 secs] 
2020-11-19T15:07:45.693-0800: 18.621: [GC (Allocation Failure) 2020-11-19T15:07:45.693-0800: 18.621: [ParNew: 140238K->488K(157248K), 0.0030428 secs] 173457K->33706K(506816K), 0.0031464 secs] [Times: user=0.04 sys=0.00, real=0.00 secs] 
2020-11-19T15:07:45.770-0800: 18.698: [GC (Allocation Failure) 2020-11-19T15:07:45.770-0800: 18.698: [ParNew: 140264K->529K(157248K), 0.0036810 secs] 173482K->33747K(506816K), 0.0038357 secs] [Times: user=0.05 sys=0.00, real=0.00 secs] 
2020-11-19T15:07:45.851-0800: 18.780: [GC (Allocation Failure) 2020-11-19T15:07:45.851-0800: 18.780: [ParNew: 140305K->524K(157248K), 0.0030611 secs] 173523K->33742K(506816K), 0.0031516 secs] [Times: user=0.05 sys=0.00, real=0.00 secs] 
2020-11-19T15:07:45.927-0800: 18.856: [GC (Allocation Failure) 2020-11-19T15:07:45.927-0800: 18.856: [ParNew: 140300K->527K(157248K), 0.0032750 secs] 173518K->33746K(506816K), 0.0034044 secs] [Times: user=0.05 sys=0.00, real=0.01 secs] 
2020-11-19T15:07:46.024-0800: 18.953: [GC (Allocation Failure) 2020-11-19T15:07:46.024-0800: 18.953: [ParNew: 140303K->442K(157248K), 0.0036018 secs] 173522K->33661K(506816K), 0.0038234 secs] [Times: user=0.05 sys=0.00, real=0.00 secs] 
2020-11-19T15:07:46.109-0800: 19.037: [GC (Allocation Failure) 2020-11-19T15:07:46.109-0800: 19.038: [ParNew: 140218K->460K(157248K), 0.0031712 secs] 173437K->33680K(506816K), 0.0033403 secs] [Times: user=0.04 sys=0.00, real=0.01 secs] 
2020-11-19T15:07:46.198-0800: 19.127: [GC (Allocation Failure) 2020-11-19T15:07:46.198-0800: 19.127: [ParNew: 140236K->369K(157248K), 0.0032908 secs] 173456K->33589K(506816K), 0.0033968 secs] [Times: user=0.04 sys=0.00, real=0.01 secs] 
2020-11-19T15:07:46.281-0800: 19.210: [GC (Allocation Failure) 2020-11-19T15:07:46.281-0800: 19.210: [ParNew: 140145K->489K(157248K), 0.0037492 secs] 173365K->33709K(506816K), 0.0038624 secs] [Times: user=0.05 sys=0.00, real=0.00 secs] 
2020-11-19T15:07:46.361-0800: 19.289: [GC (Allocation Failure) 2020-11-19T15:07:46.361-0800: 19.289: [ParNew: 140265K->481K(157248K), 0.0030327 secs] 173485K->33701K(506816K), 0.0031223 secs] [Times: user=0.05 sys=0.00, real=0.00 secs] 
2020-11-19T15:07:46.443-0800: 19.371: [GC (Allocation Failure) 2020-11-19T15:07:46.443-0800: 19.371: [ParNew: 140257K->560K(157248K), 0.0035931 secs] 173477K->33781K(506816K), 0.0037022 secs] [Times: user=0.05 sys=0.00, real=0.00 secs] 
2020-11-19T15:07:46.518-0800: 19.446: [GC (Allocation Failure) 2020-11-19T15:07:46.518-0800: 19.446: [ParNew: 140336K->510K(157248K), 0.0033216 secs] 173557K->33731K(506816K), 0.0034431 secs] [Times: user=0.05 sys=0.00, real=0.01 secs] 
2020-11-19T15:07:46.600-0800: 19.528: [GC (Allocation Failure) 2020-11-19T15:07:46.600-0800: 19.528: [ParNew: 140286K->536K(157248K), 0.0032386 secs] 173507K->33757K(506816K), 0.0033522 secs] [Times: user=0.05 sys=0.00, real=0.00 secs] 
2020-11-19T15:07:46.677-0800: 19.605: [GC (Allocation Failure) 2020-11-19T15:07:46.677-0800: 19.605: [ParNew: 140312K->493K(157248K), 0.0030040 secs] 173533K->33714K(506816K), 0.0031342 secs] [Times: user=0.05 sys=0.00, real=0.01 secs] 
2020-11-19T15:07:46.763-0800: 19.691: [GC (Allocation Failure) 2020-11-19T15:07:46.763-0800: 19.691: [ParNew: 140269K->506K(157248K), 0.0031545 secs] 173490K->33728K(506816K), 0.0032762 secs] [Times: user=0.04 sys=0.00, real=0.00 secs] 
2020-11-19T15:07:46.851-0800: 19.780: [GC (Allocation Failure) 2020-11-19T15:07:46.851-0800: 19.780: [ParNew: 140282K->342K(157248K), 0.0033047 secs] 173504K->33564K(506816K), 0.0033978 secs] [Times: user=0.02 sys=0.00, real=0.00 secs] 
2020-11-19T15:07:46.937-0800: 19.865: [GC (Allocation Failure) 2020-11-19T15:07:46.937-0800: 19.865: [ParNew: 140118K->498K(157248K), 0.0032112 secs] 173340K->33720K(506816K), 0.0033379 secs] [Times: user=0.04 sys=0.00, real=0.01 secs] 
2020-11-19T15:07:47.023-0800: 19.951: [GC (Allocation Failure) 2020-11-19T15:07:47.023-0800: 19.951: [ParNew: 140274K->493K(157248K), 0.0031491 secs] 173496K->33716K(506816K), 0.0032420 secs] [Times: user=0.04 sys=0.00, real=0.00 secs] 
2020-11-19T15:07:47.101-0800: 20.029: [GC (Allocation Failure) 2020-11-19T15:07:47.101-0800: 20.029: [ParNew: 140269K->504K(157248K), 0.0032879 secs] 173492K->33727K(506816K), 0.0034168 secs] [Times: user=0.05 sys=0.00, real=0.00 secs] 
2020-11-19T15:07:47.190-0800: 20.118: [GC (Allocation Failure) 2020-11-19T15:07:47.190-0800: 20.118: [ParNew: 140280K->515K(157248K), 0.0030832 secs] 173503K->33739K(506816K), 0.0032406 secs] [Times: user=0.04 sys=0.00, real=0.00 secs] 
2020-11-19T15:07:47.274-0800: 20.203: [GC (Allocation Failure) 2020-11-19T15:07:47.274-0800: 20.203: [ParNew: 140291K->519K(157248K), 0.0034097 secs] 173515K->33743K(506816K), 0.0035229 secs] [Times: user=0.05 sys=0.00, real=0.00 secs] 
2020-11-19T15:07:47.349-0800: 20.277: [GC (Allocation Failure) 2020-11-19T15:07:47.349-0800: 20.277: [ParNew: 140288K->488K(157248K), 0.0035436 secs] 173512K->33711K(506816K), 0.0037244 secs] [Times: user=0.05 sys=0.00, real=0.01 secs] 
2020-11-19T15:07:47.439-0800: 20.367: [GC (Allocation Failure) 2020-11-19T15:07:47.439-0800: 20.367: [ParNew: 140264K->453K(157248K), 0.0037166 secs] 173487K->33678K(506816K), 0.0038724 secs] [Times: user=0.04 sys=0.00, real=0.01 secs] 
2020-11-19T15:07:47.517-0800: 20.445: [GC (Allocation Failure) 2020-11-19T15:07:47.517-0800: 20.446: [ParNew: 140229K->485K(157248K), 0.0031067 secs] 173454K->33710K(506816K), 0.0032554 secs] [Times: user=0.05 sys=0.00, real=0.01 secs] 
2020-11-19T15:07:47.602-0800: 20.531: [GC (Allocation Failure) 2020-11-19T15:07:47.602-0800: 20.531: [ParNew: 140261K->520K(157248K), 0.0033998 secs] 173486K->33745K(506816K), 0.0035384 secs] [Times: user=0.05 sys=0.01, real=0.00 secs] 
2020-11-19T15:07:47.677-0800: 20.606: [GC (Allocation Failure) 2020-11-19T15:07:47.678-0800: 20.606: [ParNew: 140296K->504K(157248K), 0.0033542 secs] 173521K->33729K(506816K), 0.0034725 secs] [Times: user=0.05 sys=0.00, real=0.01 secs] 
2020-11-19T15:07:47.761-0800: 20.689: [GC (Allocation Failure) 2020-11-19T15:07:47.761-0800: 20.690: [ParNew: 140280K->515K(157248K), 0.0030915 secs] 173505K->33740K(506816K), 0.0032280 secs] [Times: user=0.05 sys=0.00, real=0.00 secs] 
2020-11-19T15:07:47.843-0800: 20.771: [GC (Allocation Failure) 2020-11-19T15:07:47.843-0800: 20.771: [ParNew: 140291K->503K(157248K), 0.0032065 secs] 173516K->33729K(506816K), 0.0033485 secs] [Times: user=0.04 sys=0.00, real=0.00 secs] 
2020-11-19T15:07:47.922-0800: 20.850: [GC (Allocation Failure) 2020-11-19T15:07:47.922-0800: 20.850: [ParNew: 140279K->537K(157248K), 0.0032171 secs] 173505K->33763K(506816K), 0.0033557 secs] [Times: user=0.04 sys=0.00, real=0.00 secs] 
2020-11-19T15:07:48.012-0800: 20.940: [GC (Allocation Failure) 2020-11-19T15:07:48.012-0800: 20.940: [ParNew: 140313K->545K(157248K), 0.0034027 secs] 173539K->33771K(506816K), 0.0035623 secs] [Times: user=0.04 sys=0.00, real=0.00 secs] 
2020-11-19T15:07:48.110-0800: 21.038: [GC (Allocation Failure) 2020-11-19T15:07:48.110-0800: 21.038: [ParNew: 140321K->516K(157248K), 0.0037441 secs] 173547K->33742K(506816K), 0.0039120 secs] [Times: user=0.04 sys=0.00, real=0.00 secs] 
2020-11-19T15:07:48.189-0800: 21.117: [GC (Allocation Failure) 2020-11-19T15:07:48.189-0800: 21.117: [ParNew: 140292K->450K(157248K), 0.0035827 secs] 173518K->33676K(506816K), 0.0037628 secs] [Times: user=0.04 sys=0.00, real=0.01 secs] 
2020-11-19T15:07:48.278-0800: 21.206: [GC (Allocation Failure) 2020-11-19T15:07:48.278-0800: 21.206: [ParNew: 140226K->530K(157248K), 0.0033348 secs] 173452K->33757K(506816K), 0.0034673 secs] [Times: user=0.05 sys=0.00, real=0.01 secs] 
2020-11-19T15:07:48.357-0800: 21.285: [GC (Allocation Failure) 2020-11-19T15:07:48.357-0800: 21.285: [ParNew: 140306K->500K(157248K), 0.0032950 secs] 173533K->33727K(506816K), 0.0034246 secs] [Times: user=0.05 sys=0.00, real=0.01 secs] 
2020-11-19T15:07:48.437-0800: 21.366: [GC (Allocation Failure) 2020-11-19T15:07:48.438-0800: 21.366: [ParNew: 140276K->507K(157248K), 0.0031446 secs] 173503K->33734K(506816K), 0.0032716 secs] [Times: user=0.04 sys=0.00, real=0.01 secs] 
2020-11-19T15:07:48.519-0800: 21.448: [GC (Allocation Failure) 2020-11-19T15:07:48.520-0800: 21.448: [ParNew: 140283K->485K(157248K), 0.0031977 secs] 173510K->33712K(506816K), 0.0033162 secs] [Times: user=0.04 sys=0.01, real=0.01 secs] 
2020-11-19T15:07:48.605-0800: 21.533: [GC (Allocation Failure) 2020-11-19T15:07:48.605-0800: 21.533: [ParNew: 140261K->561K(157248K), 0.0035232 secs] 173488K->33788K(506816K), 0.0036743 secs] [Times: user=0.04 sys=0.00, real=0.00 secs] 
2020-11-19T15:07:48.691-0800: 21.619: [GC (Allocation Failure) 2020-11-19T15:07:48.691-0800: 21.619: [ParNew: 140337K->503K(157248K), 0.0032132 secs] 173564K->33730K(506816K), 0.0033558 secs] [Times: user=0.04 sys=0.00, real=0.00 secs] 
2020-11-19T15:07:48.773-0800: 21.701: [GC (Allocation Failure) 2020-11-19T15:07:48.773-0800: 21.701: [ParNew: 140279K->499K(157248K), 0.0030039 secs] 173506K->33726K(506816K), 0.0031283 secs] [Times: user=0.04 sys=0.00, real=0.00 secs] 
2020-11-19T15:07:48.849-0800: 21.777: [GC (Allocation Failure) 2020-11-19T15:07:48.849-0800: 21.777: [ParNew: 140275K->465K(157248K), 0.0031068 secs] 173502K->33692K(506816K), 0.0032275 secs] [Times: user=0.04 sys=0.00, real=0.01 secs] 
2020-11-19T15:07:48.917-0800: 21.845: [GC (Allocation Failure) 2020-11-19T15:07:48.917-0800: 21.845: [ParNew: 140241K->504K(157248K), 0.0033296 secs] 173468K->33732K(506816K), 0.0034524 secs] [Times: user=0.04 sys=0.00, real=0.01 secs] 
2020-11-19T15:07:48.985-0800: 21.913: [GC (Allocation Failure) 2020-11-19T15:07:48.985-0800: 21.913: [ParNew: 140280K->475K(157248K), 0.0033291 secs] 173508K->33703K(506816K), 0.0034645 secs] [Times: user=0.04 sys=0.00, real=0.00 secs] 
2020-11-19T15:07:49.067-0800: 21.995: [GC (Allocation Failure) 2020-11-19T15:07:49.067-0800: 21.995: [ParNew: 140251K->474K(157248K), 0.0034062 secs] 173479K->33703K(506816K), 0.0035387 secs] [Times: user=0.04 sys=0.00, real=0.01 secs] 
2020-11-19T15:07:49.132-0800: 22.060: [GC (Allocation Failure) 2020-11-19T15:07:49.132-0800: 22.060: [ParNew: 140250K->513K(157248K), 0.0035536 secs] 173479K->33742K(506816K), 0.0037022 secs] [Times: user=0.04 sys=0.00, real=0.00 secs] 
2020-11-19T15:07:49.194-0800: 22.122: [GC (Allocation Failure) 2020-11-19T15:07:49.194-0800: 22.123: [ParNew: 140289K->469K(157248K), 0.0032788 secs] 173518K->33698K(506816K), 0.0033812 secs] [Times: user=0.04 sys=0.01, real=0.00 secs] 
2020-11-19T15:07:49.265-0800: 22.193: [GC (Allocation Failure) 2020-11-19T15:07:49.265-0800: 22.194: [ParNew: 140245K->515K(157248K), 0.0030859 secs] 173474K->33744K(506816K), 0.0032179 secs] [Times: user=0.03 sys=0.01, real=0.00 secs] 
2020-11-19T15:07:49.339-0800: 22.267: [GC (Allocation Failure) 2020-11-19T15:07:49.339-0800: 22.267: [ParNew: 140291K->492K(157248K), 0.0026534 secs] 173520K->33722K(506816K), 0.0027387 secs] [Times: user=0.03 sys=0.00, real=0.01 secs] 
2020-11-19T15:07:49.413-0800: 22.341: [GC (Allocation Failure) 2020-11-19T15:07:49.413-0800: 22.341: [ParNew: 140268K->486K(157248K), 0.0030820 secs] 173498K->33716K(506816K), 0.0031645 secs] [Times: user=0.04 sys=0.00, real=0.00 secs] 
2020-11-19T15:07:49.484-0800: 22.412: [GC (Allocation Failure) 2020-11-19T15:07:49.484-0800: 22.412: [ParNew: 140262K->457K(157248K), 0.0026920 secs] 173492K->33687K(506816K), 0.0027730 secs] [Times: user=0.03 sys=0.00, real=0.00 secs] 
2020-11-19T15:07:49.562-0800: 22.490: [GC (Allocation Failure) 2020-11-19T15:07:49.562-0800: 22.490: [ParNew: 140233K->492K(157248K), 0.0029396 secs] 173463K->33722K(506816K), 0.0030185 secs] [Times: user=0.03 sys=0.00, real=0.00 secs] 
2020-11-19T15:07:49.635-0800: 22.563: [GC (Allocation Failure) 2020-11-19T15:07:49.635-0800: 22.563: [ParNew: 140268K->491K(157248K), 0.0024627 secs] 173498K->33721K(506816K), 0.0025470 secs] [Times: user=0.03 sys=0.00, real=0.00 secs] 
2020-11-19T15:07:49.705-0800: 22.633: [GC (Allocation Failure) 2020-11-19T15:07:49.705-0800: 22.633: [ParNew: 140267K->576K(157248K), 0.0030033 secs] 173497K->33806K(506816K), 0.0030823 secs] [Times: user=0.03 sys=0.00, real=0.00 secs] 
2020-11-19T15:07:49.787-0800: 22.716: [GC (Allocation Failure) 2020-11-19T15:07:49.787-0800: 22.716: [ParNew: 140352K->530K(157248K), 0.0032348 secs] 173582K->33760K(506816K), 0.0033181 secs] [Times: user=0.03 sys=0.00, real=0.01 secs] 
2020-11-19T15:07:49.864-0800: 22.792: [GC (Allocation Failure) 2020-11-19T15:07:49.864-0800: 22.792: [ParNew: 140306K->445K(157248K), 0.0029055 secs] 173536K->33675K(506816K), 0.0030338 secs] [Times: user=0.03 sys=0.00, real=0.00 secs] 
2020-11-19T15:07:49.933-0800: 22.861: [GC (Allocation Failure) 2020-11-19T15:07:49.933-0800: 22.861: [ParNew: 140221K->489K(157248K), 0.0029888 secs] 173451K->33719K(506816K), 0.0030753 secs] [Times: user=0.03 sys=0.00, real=0.00 secs] 
2020-11-19T15:07:49.999-0800: 22.927: [GC (Allocation Failure) 2020-11-19T15:07:49.999-0800: 22.927: [ParNew: 140265K->483K(157248K), 0.0032297 secs] 173495K->33713K(506816K), 0.0033272 secs] [Times: user=0.04 sys=0.00, real=0.01 secs] 
2020-11-19T15:07:50.106-0800: 23.034: [GC (Allocation Failure) 2020-11-19T15:07:50.106-0800: 23.034: [ParNew: 140259K->532K(157248K), 0.0031944 secs] 173489K->33762K(506816K), 0.0033376 secs] [Times: user=0.03 sys=0.00, real=0.00 secs] 
2020-11-19T15:07:50.179-0800: 23.108: [GC (Allocation Failure) 2020-11-19T15:07:50.179-0800: 23.108: [ParNew: 140308K->505K(157248K), 0.0024981 secs] 173538K->33736K(506816K), 0.0025861 secs] [Times: user=0.02 sys=0.00, real=0.01 secs] 
2020-11-19T15:07:50.242-0800: 23.170: [GC (Allocation Failure) 2020-11-19T15:07:50.242-0800: 23.171: [ParNew: 140281K->488K(157248K), 0.0029237 secs] 173512K->33719K(506816K), 0.0030357 secs] [Times: user=0.03 sys=0.00, real=0.00 secs] 
2020-11-19T15:07:50.312-0800: 23.241: [GC (Allocation Failure) 2020-11-19T15:07:50.312-0800: 23.241: [ParNew: 140264K->474K(157248K), 0.0027934 secs] 173495K->33705K(506816K), 0.0028807 secs] [Times: user=0.03 sys=0.00, real=0.00 secs] 
2020-11-19T15:07:50.386-0800: 23.315: [GC (Allocation Failure) 2020-11-19T15:07:50.387-0800: 23.315: [ParNew: 140250K->495K(157248K), 0.0031390 secs] 173481K->33726K(506816K), 0.0033195 secs] [Times: user=0.04 sys=0.00, real=0.01 secs] 
2020-11-19T15:07:50.454-0800: 23.382: [GC (Allocation Failure) 2020-11-19T15:07:50.454-0800: 23.382: [ParNew: 140271K->495K(157248K), 0.0028940 secs] 173502K->33726K(506816K), 0.0030025 secs] [Times: user=0.03 sys=0.00, real=0.00 secs] 
2020-11-19T15:07:50.521-0800: 23.449: [GC (Allocation Failure) 2020-11-19T15:07:50.521-0800: 23.449: [ParNew: 140271K->494K(157248K), 0.0028262 secs] 173502K->33725K(506816K), 0.0029216 secs] [Times: user=0.03 sys=0.00, real=0.00 secs] 
2020-11-19T15:07:50.596-0800: 23.524: [GC (Allocation Failure) 2020-11-19T15:07:50.596-0800: 23.524: [ParNew: 140270K->485K(157248K), 0.0030060 secs] 173501K->33716K(506816K), 0.0030877 secs] [Times: user=0.03 sys=0.00, real=0.00 secs] 
2020-11-19T15:07:50.670-0800: 23.598: [GC (Allocation Failure) 2020-11-19T15:07:50.670-0800: 23.598: [ParNew: 140261K->520K(157248K), 0.0030056 secs] 173492K->33751K(506816K), 0.0030916 secs] [Times: user=0.03 sys=0.00, real=0.00 secs] 
2020-11-19T15:07:50.735-0800: 23.663: [GC (Allocation Failure) 2020-11-19T15:07:50.735-0800: 23.663: [ParNew: 140296K->528K(157248K), 0.0030664 secs] 173527K->33759K(506816K), 0.0031680 secs] [Times: user=0.03 sys=0.00, real=0.00 secs] 
2020-11-19T15:07:50.804-0800: 23.733: [GC (Allocation Failure) 2020-11-19T15:07:50.804-0800: 23.733: [ParNew: 140304K->466K(157248K), 0.0028058 secs] 173535K->33698K(506816K), 0.0028937 secs] [Times: user=0.03 sys=0.00, real=0.00 secs] 
2020-11-19T15:07:50.876-0800: 23.805: [GC (Allocation Failure) 2020-11-19T15:07:50.876-0800: 23.805: [ParNew: 140242K->510K(157248K), 0.0029746 secs] 173474K->33742K(506816K), 0.0030595 secs] [Times: user=0.04 sys=0.00, real=0.01 secs] 
2020-11-19T15:07:50.945-0800: 23.874: [GC (Allocation Failure) 2020-11-19T15:07:50.945-0800: 23.874: [ParNew: 140286K->487K(157248K), 0.0024792 secs] 173518K->33718K(506816K), 0.0025664 secs] [Times: user=0.02 sys=0.00, real=0.00 secs] 
2020-11-19T15:07:51.020-0800: 23.948: [GC (Allocation Failure) 2020-11-19T15:07:51.020-0800: 23.948: [ParNew: 140263K->487K(157248K), 0.0032110 secs] 173494K->33719K(506816K), 0.0033277 secs] [Times: user=0.03 sys=0.00, real=0.00 secs] 
2020-11-19T15:07:51.105-0800: 24.033: [GC (Allocation Failure) 2020-11-19T15:07:51.105-0800: 24.033: [ParNew: 140263K->469K(157248K), 0.0029186 secs] 173495K->33701K(506816K), 0.0030003 secs] [Times: user=0.03 sys=0.01, real=0.00 secs] 
2020-11-19T15:07:51.180-0800: 24.108: [GC (Allocation Failure) 2020-11-19T15:07:51.180-0800: 24.108: [ParNew: 140245K->459K(157248K), 0.0028951 secs] 173477K->33691K(506816K), 0.0029876 secs] [Times: user=0.03 sys=0.00, real=0.00 secs] 
2020-11-19T15:07:51.252-0800: 24.180: [GC (Allocation Failure) 2020-11-19T15:07:51.252-0800: 24.180: [ParNew: 140235K->481K(157248K), 0.0030561 secs] 173467K->33713K(506816K), 0.0031390 secs] [Times: user=0.04 sys=0.00, real=0.00 secs] 
2020-11-19T15:07:51.326-0800: 24.254: [GC (Allocation Failure) 2020-11-19T15:07:51.326-0800: 24.254: [ParNew: 140257K->438K(157248K), 0.0030917 secs] 173489K->33670K(506816K), 0.0031730 secs] [Times: user=0.03 sys=0.00, real=0.00 secs] 
2020-11-19T15:07:51.397-0800: 24.325: [GC (Allocation Failure) 2020-11-19T15:07:51.397-0800: 24.325: [ParNew: 140214K->476K(157248K), 0.0025415 secs] 173446K->33708K(506816K), 0.0026205 secs] [Times: user=0.03 sys=0.00, real=0.01 secs] 
2020-11-19T15:07:51.465-0800: 24.394: [GC (Allocation Failure) 2020-11-19T15:07:51.465-0800: 24.394: [ParNew: 140252K->466K(157248K), 0.0031053 secs] 173484K->33698K(506816K), 0.0032404 secs] [Times: user=0.03 sys=0.00, real=0.00 secs] 
2020-11-19T15:07:51.533-0800: 24.461: [GC (Allocation Failure) 2020-11-19T15:07:51.533-0800: 24.461: [ParNew: 140242K->510K(157248K), 0.0025152 secs] 173474K->33742K(506816K), 0.0026180 secs] [Times: user=0.03 sys=0.00, real=0.00 secs] 
2020-11-19T15:07:51.609-0800: 24.537: [GC (Allocation Failure) 2020-11-19T15:07:51.609-0800: 24.537: [ParNew: 140286K->548K(157248K), 0.0026343 secs] 173518K->33781K(506816K), 0.0027853 secs] [Times: user=0.03 sys=0.00, real=0.01 secs] 
2020-11-19T15:07:51.674-0800: 24.603: [GC (Allocation Failure) 2020-11-19T15:07:51.674-0800: 24.603: [ParNew: 140324K->456K(157248K), 0.0031205 secs] 173557K->33688K(506816K), 0.0032420 secs] [Times: user=0.03 sys=0.00, real=0.00 secs] 
2020-11-19T15:07:51.740-0800: 24.668: [GC (Allocation Failure) 2020-11-19T15:07:51.740-0800: 24.669: [ParNew: 140232K->491K(157248K), 0.0028746 secs] 173464K->33723K(506816K), 0.0029850 secs] [Times: user=0.03 sys=0.00, real=0.00 secs] 
2020-11-19T15:07:51.814-0800: 24.742: [GC (Allocation Failure) 2020-11-19T15:07:51.814-0800: 24.742: [ParNew: 140267K->487K(157248K), 0.0028607 secs] 173499K->33719K(506816K), 0.0029426 secs] [Times: user=0.03 sys=0.00, real=0.00 secs] 
2020-11-19T15:07:51.891-0800: 24.819: [GC (Allocation Failure) 2020-11-19T15:07:51.891-0800: 24.819: [ParNew: 140263K->443K(157248K), 0.0028086 secs] 173495K->33676K(506816K), 0.0029499 secs] [Times: user=0.03 sys=0.00, real=0.00 secs] 
2020-11-19T15:07:51.959-0800: 24.887: [GC (Allocation Failure) 2020-11-19T15:07:51.959-0800: 24.887: [ParNew: 140219K->483K(157248K), 0.0025282 secs] 173452K->33717K(506816K), 0.0026141 secs] [Times: user=0.03 sys=0.00, real=0.01 secs] 
2020-11-19T15:07:52.031-0800: 24.959: [GC (Allocation Failure) 2020-11-19T15:07:52.031-0800: 24.960: [ParNew: 140259K->465K(157248K), 0.0031695 secs] 173493K->33699K(506816K), 0.0034699 secs] [Times: user=0.03 sys=0.00, real=0.00 secs] 
2020-11-19T15:07:52.124-0800: 25.052: [GC (Allocation Failure) 2020-11-19T15:07:52.124-0800: 25.053: [ParNew: 140241K->486K(157248K), 0.0029490 secs] 173475K->33720K(506816K), 0.0030451 secs] [Times: user=0.03 sys=0.00, real=0.00 secs] 
2020-11-19T15:07:52.201-0800: 25.129: [GC (Allocation Failure) 2020-11-19T15:07:52.201-0800: 25.129: [ParNew: 140262K->497K(157248K), 0.0031531 secs] 173496K->33730K(506816K), 0.0032571 secs] [Times: user=0.04 sys=0.00, real=0.00 secs] 
2020-11-19T15:07:52.268-0800: 25.196: [GC (Allocation Failure) 2020-11-19T15:07:52.268-0800: 25.196: [ParNew: 140273K->502K(157248K), 0.0027438 secs] 173506K->33735K(506816K), 0.0028249 secs] [Times: user=0.03 sys=0.00, real=0.01 secs] 
2020-11-19T15:07:52.336-0800: 25.264: [GC (Allocation Failure) 2020-11-19T15:07:52.336-0800: 25.265: [ParNew: 140278K->529K(157248K), 0.0037090 secs] 173511K->33763K(506816K), 0.0038223 secs] [Times: user=0.03 sys=0.01, real=0.01 secs] 
2020-11-19T15:07:52.409-0800: 25.338: [GC (Allocation Failure) 2020-11-19T15:07:52.410-0800: 25.338: [ParNew: 140305K->530K(157248K), 0.0026403 secs] 173539K->33763K(506816K), 0.0027184 secs] [Times: user=0.03 sys=0.00, real=0.01 secs] 
2020-11-19T15:07:52.486-0800: 25.414: [GC (Allocation Failure) 2020-11-19T15:07:52.486-0800: 25.414: [ParNew: 140306K->473K(157248K), 0.0032131 secs] 173539K->33707K(506816K), 0.0032940 secs] [Times: user=0.03 sys=0.00, real=0.00 secs] 
2020-11-19T15:07:52.553-0800: 25.481: [GC (Allocation Failure) 2020-11-19T15:07:52.553-0800: 25.481: [ParNew: 140249K->517K(157248K), 0.0031237 secs] 173483K->33752K(506816K), 0.0032047 secs] [Times: user=0.03 sys=0.00, real=0.00 secs] 
2020-11-19T15:07:52.629-0800: 25.557: [GC (Allocation Failure) 2020-11-19T15:07:52.629-0800: 25.557: [ParNew: 140293K->529K(157248K), 0.0028612 secs] 173528K->33763K(506816K), 0.0029397 secs] [Times: user=0.03 sys=0.01, real=0.01 secs] 
2020-11-19T15:07:52.708-0800: 25.636: [GC (Allocation Failure) 2020-11-19T15:07:52.708-0800: 25.637: [ParNew: 140305K->498K(157248K), 0.0028575 secs] 173539K->33732K(506816K), 0.0029432 secs] [Times: user=0.03 sys=0.00, real=0.01 secs] 
2020-11-19T15:07:52.783-0800: 25.711: [GC (Allocation Failure) 2020-11-19T15:07:52.783-0800: 25.711: [ParNew: 140274K->505K(157248K), 0.0027556 secs] 173508K->33740K(506816K), 0.0029238 secs] [Times: user=0.03 sys=0.01, real=0.00 secs] 
2020-11-19T15:07:52.849-0800: 25.777: [GC (Allocation Failure) 2020-11-19T15:07:52.849-0800: 25.777: [ParNew: 140281K->516K(157248K), 0.0028432 secs] 173516K->33751K(506816K), 0.0029381 secs] [Times: user=0.03 sys=0.00, real=0.01 secs] 
2020-11-19T15:07:52.909-0800: 25.837: [GC (Allocation Failure) 2020-11-19T15:07:52.909-0800: 25.837: [ParNew: 140292K->504K(157248K), 0.0025728 secs] 173527K->33739K(506816K), 0.0027372 secs] [Times: user=0.03 sys=0.00, real=0.01 secs] 
2020-11-19T15:07:52.981-0800: 25.910: [GC (Allocation Failure) 2020-11-19T15:07:52.982-0800: 25.910: [ParNew: 140280K->525K(157248K), 0.0029167 secs] 173515K->33760K(506816K), 0.0030668 secs] [Times: user=0.04 sys=0.00, real=0.00 secs] 
2020-11-19T15:07:53.055-0800: 25.983: [GC (Allocation Failure) 2020-11-19T15:07:53.055-0800: 25.983: [ParNew: 140301K->484K(157248K), 0.0030871 secs] 173536K->33719K(506816K), 0.0032304 secs] [Times: user=0.03 sys=0.00, real=0.00 secs] 
2020-11-19T15:07:53.132-0800: 26.060: [GC (Allocation Failure) 2020-11-19T15:07:53.132-0800: 26.060: [ParNew: 140260K->495K(157248K), 0.0031770 secs] 173495K->33731K(506816K), 0.0032648 secs] [Times: user=0.03 sys=0.00, real=0.00 secs] 
2020-11-19T15:07:53.204-0800: 26.132: [GC (Allocation Failure) 2020-11-19T15:07:53.204-0800: 26.132: [ParNew: 140271K->517K(157248K), 0.0029230 secs] 173507K->33753K(506816K), 0.0030045 secs] [Times: user=0.03 sys=0.00, real=0.00 secs] 
2020-11-19T15:07:53.281-0800: 26.209: [GC (Allocation Failure) 2020-11-19T15:07:53.281-0800: 26.209: [ParNew: 140293K->491K(157248K), 0.0031152 secs] 173529K->33727K(506816K), 0.0032066 secs] [Times: user=0.03 sys=0.00, real=0.00 secs] 
2020-11-19T15:07:53.350-0800: 26.278: [GC (Allocation Failure) 2020-11-19T15:07:53.350-0800: 26.278: [ParNew: 140267K->480K(157248K), 0.0033409 secs] 173503K->33716K(506816K), 0.0034370 secs] [Times: user=0.03 sys=0.00, real=0.00 secs] 
2020-11-19T15:07:53.426-0800: 26.354: [GC (Allocation Failure) 2020-11-19T15:07:53.426-0800: 26.354: [ParNew: 140256K->546K(157248K), 0.0030084 secs] 173492K->33782K(506816K), 0.0030964 secs] [Times: user=0.03 sys=0.00, real=0.00 secs] 
2020-11-19T15:07:53.495-0800: 26.424: [GC (Allocation Failure) 2020-11-19T15:07:53.496-0800: 26.424: [ParNew: 140322K->489K(157248K), 0.0029765 secs] 173558K->33725K(506816K), 0.0031188 secs] [Times: user=0.03 sys=0.01, real=0.00 secs] 
2020-11-19T15:07:53.568-0800: 26.496: [GC (Allocation Failure) 2020-11-19T15:07:53.568-0800: 26.496: [ParNew: 140265K->545K(157248K), 0.0029680 secs] 173501K->33781K(506816K), 0.0030476 secs] [Times: user=0.03 sys=0.00, real=0.01 secs] 
2020-11-19T15:07:53.638-0800: 26.567: [GC (Allocation Failure) 2020-11-19T15:07:53.638-0800: 26.567: [ParNew: 140321K->481K(157248K), 0.0029340 secs] 173557K->33717K(506816K), 0.0030219 secs] [Times: user=0.03 sys=0.00, real=0.01 secs] 
2020-11-19T15:07:53.712-0800: 26.640: [GC (Allocation Failure) 2020-11-19T15:07:53.712-0800: 26.640: [ParNew: 140257K->512K(157248K), 0.0029162 secs] 173493K->33747K(506816K), 0.0030046 secs] [Times: user=0.03 sys=0.00, real=0.00 secs] 
2020-11-19T15:07:53.781-0800: 26.709: [GC (Allocation Failure) 2020-11-19T15:07:53.781-0800: 26.709: [ParNew: 140288K->502K(157248K), 0.0027971 secs] 173523K->33738K(506816K), 0.0028914 secs] [Times: user=0.03 sys=0.00, real=0.00 secs] 
2020-11-19T15:07:53.851-0800: 26.779: [GC (Allocation Failure) 2020-11-19T15:07:53.851-0800: 26.779: [ParNew: 140278K->516K(157248K), 0.0031864 secs] 173514K->33753K(506816K), 0.0032674 secs] [Times: user=0.03 sys=0.00, real=0.00 secs] 
2020-11-19T15:07:53.933-0800: 26.861: [GC (Allocation Failure) 2020-11-19T15:07:53.933-0800: 26.861: [ParNew: 140292K->537K(157248K), 0.0030273 secs] 173529K->33773K(506816K), 0.0031265 secs] [Times: user=0.03 sys=0.00, real=0.00 secs] 
2020-11-19T15:07:53.998-0800: 26.926: [GC (Allocation Failure) 2020-11-19T15:07:53.998-0800: 26.926: [ParNew: 140313K->472K(157248K), 0.0030881 secs] 173549K->33708K(506816K), 0.0031874 secs] [Times: user=0.04 sys=0.00, real=0.01 secs] 
2020-11-19T15:07:54.065-0800: 26.993: [GC (Allocation Failure) 2020-11-19T15:07:54.065-0800: 26.993: [ParNew: 140248K->485K(157248K), 0.0031961 secs] 173484K->33721K(506816K), 0.0033281 secs] [Times: user=0.03 sys=0.00, real=0.00 secs] 
2020-11-19T15:07:54.146-0800: 27.074: [GC (Allocation Failure) 2020-11-19T15:07:54.146-0800: 27.074: [ParNew: 140261K->478K(157248K), 0.0030862 secs] 173497K->33714K(506816K), 0.0031758 secs] [Times: user=0.03 sys=0.00, real=0.00 secs] 
2020-11-19T15:07:54.216-0800: 27.144: [GC (Allocation Failure) 2020-11-19T15:07:54.216-0800: 27.144: [ParNew: 140254K->473K(157248K), 0.0026436 secs] 173490K->33710K(506816K), 0.0027522 secs] [Times: user=0.03 sys=0.00, real=0.00 secs] 
2020-11-19T15:07:54.294-0800: 27.222: [GC (Allocation Failure) 2020-11-19T15:07:54.294-0800: 27.222: [ParNew: 140249K->526K(157248K), 0.0030481 secs] 173486K->33763K(506816K), 0.0031370 secs] [Times: user=0.03 sys=0.00, real=0.00 secs] 
2020-11-19T15:07:54.368-0800: 27.297: [GC (Allocation Failure) 2020-11-19T15:07:54.368-0800: 27.297: [ParNew: 140302K->494K(157248K), 0.0027513 secs] 173539K->33731K(506816K), 0.0028587 secs] [Times: user=0.03 sys=0.00, real=0.01 secs] 
2020-11-19T15:07:54.442-0800: 27.370: [GC (Allocation Failure) 2020-11-19T15:07:54.442-0800: 27.370: [ParNew: 140270K->509K(157248K), 0.0030060 secs] 173507K->33746K(506816K), 0.0030990 secs] [Times: user=0.03 sys=0.00, real=0.00 secs] 
2020-11-19T15:07:54.520-0800: 27.449: [GC (Allocation Failure) 2020-11-19T15:07:54.521-0800: 27.449: [ParNew: 140285K->537K(157248K), 0.0031633 secs] 173522K->33774K(506816K), 0.0032795 secs] [Times: user=0.03 sys=0.00, real=0.00 secs] 
2020-11-19T15:07:54.589-0800: 27.517: [GC (Allocation Failure) 2020-11-19T15:07:54.589-0800: 27.517: [ParNew: 140313K->523K(157248K), 0.0030630 secs] 173550K->33761K(506816K), 0.0031633 secs] [Times: user=0.04 sys=0.00, real=0.01 secs] 
2020-11-19T15:07:54.656-0800: 27.585: [GC (Allocation Failure) 2020-11-19T15:07:54.657-0800: 27.585: [ParNew: 140299K->419K(157248K), 0.0025732 secs] 173537K->33657K(506816K), 0.0026678 secs] [Times: user=0.03 sys=0.00, real=0.00 secs] 
2020-11-19T15:07:54.724-0800: 27.653: [GC (Allocation Failure) 2020-11-19T15:07:54.724-0800: 27.653: [ParNew: 140195K->462K(157248K), 0.0031297 secs] 173433K->33700K(506816K), 0.0032364 secs] [Times: user=0.04 sys=0.01, real=0.00 secs] 
2020-11-19T15:07:54.801-0800: 27.729: [GC (Allocation Failure) 2020-11-19T15:07:54.801-0800: 27.729: [ParNew: 140238K->538K(157248K), 0.0026968 secs] 173476K->33776K(506816K), 0.0028029 secs] [Times: user=0.03 sys=0.00, real=0.00 secs] 
2020-11-19T15:07:54.877-0800: 27.805: [GC (Allocation Failure) 2020-11-19T15:07:54.877-0800: 27.805: [ParNew: 140314K->490K(157248K), 0.0029633 secs] 173552K->33728K(506816K), 0.0030677 secs] [Times: user=0.03 sys=0.00, real=0.01 secs] 
2020-11-19T15:07:54.953-0800: 27.881: [GC (Allocation Failure) 2020-11-19T15:07:54.953-0800: 27.881: [ParNew: 140266K->526K(157248K), 0.0027045 secs] 173504K->33764K(506816K), 0.0028079 secs] [Times: user=0.03 sys=0.00, real=0.00 secs] 
2020-11-19T15:07:55.029-0800: 27.957: [GC (Allocation Failure) 2020-11-19T15:07:55.029-0800: 27.958: [ParNew: 140302K->506K(157248K), 0.0027269 secs] 173540K->33744K(506816K), 0.0028431 secs] [Times: user=0.03 sys=0.00, real=0.01 secs] 
2020-11-19T15:07:55.101-0800: 28.029: [GC (Allocation Failure) 2020-11-19T15:07:55.101-0800: 28.029: [ParNew: 140282K->542K(157248K), 0.0029809 secs] 173520K->33780K(506816K), 0.0030828 secs] [Times: user=0.04 sys=0.00, real=0.00 secs] 
2020-11-19T15:07:55.189-0800: 28.117: [GC (Allocation Failure) 2020-11-19T15:07:55.189-0800: 28.117: [ParNew: 140318K->503K(157248K), 0.0029937 secs] 173556K->33741K(506816K), 0.0030922 secs] [Times: user=0.03 sys=0.00, real=0.01 secs] 
2020-11-19T15:07:55.260-0800: 28.188: [GC (Allocation Failure) 2020-11-19T15:07:55.260-0800: 28.188: [ParNew: 140279K->517K(157248K), 0.0030365 secs] 173517K->33756K(506816K), 0.0031362 secs] [Times: user=0.03 sys=0.00, real=0.00 secs] 
2020-11-19T15:07:55.330-0800: 28.258: [GC (Allocation Failure) 2020-11-19T15:07:55.330-0800: 28.258: [ParNew: 140293K->511K(157248K), 0.0026438 secs] 173532K->33750K(506816K), 0.0027389 secs] [Times: user=0.03 sys=0.00, real=0.00 secs] 
2020-11-19T15:07:55.398-0800: 28.326: [GC (Allocation Failure) 2020-11-19T15:07:55.398-0800: 28.326: [ParNew: 140287K->511K(157248K), 0.0026956 secs] 173526K->33750K(506816K), 0.0028126 secs] [Times: user=0.03 sys=0.00, real=0.01 secs] 
2020-11-19T15:07:55.468-0800: 28.396: [GC (Allocation Failure) 2020-11-19T15:07:55.468-0800: 28.396: [ParNew: 140287K->452K(157248K), 0.0029921 secs] 173526K->33691K(506816K), 0.0030935 secs] [Times: user=0.03 sys=0.00, real=0.01 secs] 
2020-11-19T15:07:55.536-0800: 28.465: [GC (Allocation Failure) 2020-11-19T15:07:55.537-0800: 28.465: [ParNew: 140228K->480K(157248K), 0.0029185 secs] 173467K->33719K(506816K), 0.0030292 secs] [Times: user=0.03 sys=0.00, real=0.01 secs] 
2020-11-19T15:07:55.603-0800: 28.531: [GC (Allocation Failure) 2020-11-19T15:07:55.603-0800: 28.531: [ParNew: 140256K->507K(157248K), 0.0029212 secs] 173495K->33746K(506816K), 0.0030208 secs] [Times: user=0.03 sys=0.00, real=0.00 secs] 
2020-11-19T15:07:55.668-0800: 28.596: [GC (Allocation Failure) 2020-11-19T15:07:55.668-0800: 28.596: [ParNew: 140283K->497K(157248K), 0.0024314 secs] 173522K->33736K(506816K), 0.0025344 secs] [Times: user=0.03 sys=0.00, real=0.01 secs] 
2020-11-19T15:07:55.743-0800: 28.671: [GC (Allocation Failure) 2020-11-19T15:07:55.743-0800: 28.671: [ParNew: 140273K->491K(157248K), 0.0027630 secs] 173512K->33730K(506816K), 0.0028721 secs] [Times: user=0.03 sys=0.00, real=0.00 secs] 
2020-11-19T15:07:55.826-0800: 28.755: [GC (Allocation Failure) 2020-11-19T15:07:55.826-0800: 28.755: [ParNew: 140267K->517K(157248K), 0.0028639 secs] 173506K->33756K(506816K), 0.0029561 secs] [Times: user=0.03 sys=0.00, real=0.00 secs] 
2020-11-19T15:07:55.906-0800: 28.834: [GC (Allocation Failure) 2020-11-19T15:07:55.906-0800: 28.834: [ParNew: 140293K->504K(157248K), 0.0027599 secs] 173532K->33744K(506816K), 0.0028506 secs] [Times: user=0.03 sys=0.00, real=0.00 secs] 
2020-11-19T15:07:55.974-0800: 28.902: [GC (Allocation Failure) 2020-11-19T15:07:55.974-0800: 28.902: [ParNew: 140280K->468K(157248K), 0.0031354 secs] 173520K->33708K(506816K), 0.0032508 secs] [Times: user=0.03 sys=0.00, real=0.00 secs] 
2020-11-19T15:07:56.042-0800: 28.970: [GC (Allocation Failure) 2020-11-19T15:07:56.042-0800: 28.970: [ParNew: 140244K->481K(157248K), 0.0028965 secs] 173484K->33721K(506816K), 0.0029959 secs] [Times: user=0.03 sys=0.00, real=0.00 secs] 
2020-11-19T15:07:56.117-0800: 29.045: [GC (Allocation Failure) 2020-11-19T15:07:56.117-0800: 29.045: [ParNew: 140257K->519K(157248K), 0.0028945 secs] 173497K->33759K(506816K), 0.0029894 secs] [Times: user=0.03 sys=0.00, real=0.01 secs] 
2020-11-19T15:07:56.201-0800: 29.129: [GC (Allocation Failure) 2020-11-19T15:07:56.201-0800: 29.129: [ParNew: 140295K->506K(157248K), 0.0029890 secs] 173535K->33747K(506816K), 0.0030798 secs] [Times: user=0.03 sys=0.00, real=0.00 secs] 
2020-11-19T15:07:56.273-0800: 29.201: [GC (Allocation Failure) 2020-11-19T15:07:56.273-0800: 29.201: [ParNew: 140282K->567K(157248K), 0.0028638 secs] 173523K->33808K(506816K), 0.0029618 secs] [Times: user=0.03 sys=0.00, real=0.00 secs] 
2020-11-19T15:07:56.343-0800: 29.271: [GC (Allocation Failure) 2020-11-19T15:07:56.343-0800: 29.271: [ParNew: 140343K->476K(157248K), 0.0028226 secs] 173584K->33717K(506816K), 0.0029117 secs] [Times: user=0.03 sys=0.00, real=0.00 secs] 
2020-11-19T15:07:56.413-0800: 29.342: [GC (Allocation Failure) 2020-11-19T15:07:56.414-0800: 29.342: [ParNew: 140252K->481K(157248K), 0.0028701 secs] 173493K->33722K(506816K), 0.0029623 secs] [Times: user=0.03 sys=0.00, real=0.00 secs] 
2020-11-19T15:07:56.482-0800: 29.410: [GC (Allocation Failure) 2020-11-19T15:07:56.482-0800: 29.410: [ParNew: 140257K->477K(157248K), 0.0029059 secs] 173498K->33718K(506816K), 0.0030282 secs] [Times: user=0.04 sys=0.00, real=0.00 secs] 
2020-11-19T15:07:56.551-0800: 29.479: [GC (Allocation Failure) 2020-11-19T15:07:56.551-0800: 29.479: [ParNew: 140253K->483K(157248K), 0.0029285 secs] 173494K->33724K(506816K), 0.0030180 secs] [Times: user=0.03 sys=0.00, real=0.00 secs] 
2020-11-19T15:07:56.620-0800: 29.548: [GC (Allocation Failure) 2020-11-19T15:07:56.620-0800: 29.548: [ParNew: 140259K->505K(157248K), 0.0028505 secs] 173500K->33746K(506816K), 0.0029432 secs] [Times: user=0.03 sys=0.00, real=0.00 secs] 
2020-11-19T15:07:56.690-0800: 29.619: [GC (Allocation Failure) 2020-11-19T15:07:56.690-0800: 29.619: [ParNew: 140281K->469K(157248K), 0.0028360 secs] 173522K->33710K(506816K), 0.0029337 secs] [Times: user=0.03 sys=0.00, real=0.00 secs] 
2020-11-19T15:07:56.759-0800: 29.687: [GC (Allocation Failure) 2020-11-19T15:07:56.759-0800: 29.687: [ParNew: 140245K->534K(157248K), 0.0027813 secs] 173486K->33776K(506816K), 0.0028761 secs] [Times: user=0.03 sys=0.00, real=0.01 secs] 
2020-11-19T15:07:56.826-0800: 29.754: [GC (Allocation Failure) 2020-11-19T15:07:56.826-0800: 29.754: [ParNew: 140310K->486K(157248K), 0.0027973 secs] 173552K->33729K(506816K), 0.0028875 secs] [Times: user=0.03 sys=0.00, real=0.00 secs] 
2020-11-19T15:07:56.899-0800: 29.827: [GC (Allocation Failure) 2020-11-19T15:07:56.899-0800: 29.827: [ParNew: 140262K->473K(157248K), 0.0027967 secs] 173505K->33715K(506816K), 0.0028869 secs] [Times: user=0.04 sys=0.00, real=0.01 secs] 
2020-11-19T15:07:56.966-0800: 29.895: [GC (Allocation Failure) 2020-11-19T15:07:56.966-0800: 29.895: [ParNew: 140249K->500K(157248K), 0.0028914 secs] 173491K->33742K(506816K), 0.0029824 secs] [Times: user=0.03 sys=0.00, real=0.00 secs] 
2020-11-19T15:07:57.031-0800: 29.959: [GC (Allocation Failure) 2020-11-19T15:07:57.031-0800: 29.959: [ParNew: 140276K->479K(157248K), 0.0026718 secs] 173518K->33721K(506816K), 0.0027897 secs] [Times: user=0.03 sys=0.00, real=0.00 secs] 
2020-11-19T15:07:57.100-0800: 30.029: [GC (Allocation Failure) 2020-11-19T15:07:57.101-0800: 30.029: [ParNew: 140255K->482K(157248K), 0.0028231 secs] 173497K->33726K(506816K), 0.0029169 secs] [Times: user=0.04 sys=0.00, real=0.00 secs] 
2020-11-19T15:07:57.189-0800: 30.117: [GC (Allocation Failure) 2020-11-19T15:07:57.189-0800: 30.117: [ParNew: 140258K->534K(157248K), 0.0030091 secs] 173502K->33778K(506816K), 0.0030994 secs] [Times: user=0.03 sys=0.00, real=0.01 secs] 
2020-11-19T15:07:57.254-0800: 30.183: [GC (Allocation Failure) 2020-11-19T15:07:57.255-0800: 30.183: [ParNew: 140310K->522K(157248K), 0.0028300 secs] 173554K->33767K(506816K), 0.0029261 secs] [Times: user=0.03 sys=0.00, real=0.00 secs] 
2020-11-19T15:07:57.315-0800: 30.243: [GC (Allocation Failure) 2020-11-19T15:07:57.315-0800: 30.243: [ParNew: 140298K->482K(157248K), 0.0028237 secs] 173543K->33727K(506816K), 0.0029206 secs] [Times: user=0.03 sys=0.00, real=0.00 secs] 
2020-11-19T15:07:57.382-0800: 30.310: [GC (Allocation Failure) 2020-11-19T15:07:57.382-0800: 30.310: [ParNew: 140258K->507K(157248K), 0.0023594 secs] 173503K->33752K(506816K), 0.0024554 secs] [Times: user=0.03 sys=0.00, real=0.00 secs] 
2020-11-19T15:07:57.449-0800: 30.377: [GC (Allocation Failure) 2020-11-19T15:07:57.449-0800: 30.377: [ParNew: 140283K->506K(157248K), 0.0026850 secs] 173528K->33751K(506816K), 0.0027764 secs] [Times: user=0.03 sys=0.00, real=0.01 secs] 
2020-11-19T15:07:57.520-0800: 30.448: [GC (Allocation Failure) 2020-11-19T15:07:57.520-0800: 30.448: [ParNew: 140282K->507K(157248K), 0.0024760 secs] 173527K->33752K(506816K), 0.0025669 secs] [Times: user=0.03 sys=0.01, real=0.00 secs] 
2020-11-19T15:07:57.594-0800: 30.522: [GC (Allocation Failure) 2020-11-19T15:07:57.594-0800: 30.522: [ParNew: 140283K->494K(157248K), 0.0028161 secs] 173528K->33740K(506816K), 0.0028978 secs] [Times: user=0.03 sys=0.00, real=0.00 secs] 
2020-11-19T15:07:57.670-0800: 30.598: [GC (Allocation Failure) 2020-11-19T15:07:57.670-0800: 30.598: [ParNew: 140270K->557K(157248K), 0.0028390 secs] 173516K->33803K(506816K), 0.0029291 secs] [Times: user=0.03 sys=0.00, real=0.00 secs] 
2020-11-19T15:07:57.746-0800: 30.675: [GC (Allocation Failure) 2020-11-19T15:07:57.747-0800: 30.675: [ParNew: 140333K->539K(157248K), 0.0027855 secs] 173579K->33785K(506816K), 0.0028770 secs] [Times: user=0.03 sys=0.00, real=0.00 secs] 
2020-11-19T15:07:57.818-0800: 30.746: [GC (Allocation Failure) 2020-11-19T15:07:57.818-0800: 30.747: [ParNew: 140315K->441K(157248K), 0.0028373 secs] 173561K->33687K(506816K), 0.0029253 secs] [Times: user=0.03 sys=0.00, real=0.01 secs] 
2020-11-19T15:07:57.895-0800: 30.823: [GC (Allocation Failure) 2020-11-19T15:07:57.895-0800: 30.823: [ParNew: 140217K->475K(157248K), 0.0028172 secs] 173463K->33720K(506816K), 0.0029049 secs] [Times: user=0.03 sys=0.00, real=0.00 secs] 
2020-11-19T15:07:57.968-0800: 30.896: [GC (Allocation Failure) 2020-11-19T15:07:57.968-0800: 30.896: [ParNew: 140251K->529K(157248K), 0.0028828 secs] 173496K->33775K(506816K), 0.0029784 secs] [Times: user=0.03 sys=0.00, real=0.01 secs] 
2020-11-19T15:07:58.041-0800: 30.970: [GC (Allocation Failure) 2020-11-19T15:07:58.042-0800: 30.970: [ParNew: 140305K->519K(157248K), 0.0027493 secs] 173551K->33765K(506816K), 0.0028435 secs] [Times: user=0.03 sys=0.00, real=0.00 secs] 
2020-11-19T15:07:58.117-0800: 31.045: [GC (Allocation Failure) 2020-11-19T15:07:58.117-0800: 31.045: [ParNew: 140295K->478K(157248K), 0.0028276 secs] 173541K->33724K(506816K), 0.0029209 secs] [Times: user=0.03 sys=0.00, real=0.01 secs] 
2020-11-19T15:07:58.204-0800: 31.132: [GC (Allocation Failure) 2020-11-19T15:07:58.204-0800: 31.132: [ParNew: 140254K->497K(157248K), 0.0029091 secs] 173500K->33743K(506816K), 0.0030066 secs] [Times: user=0.03 sys=0.00, real=0.00 secs] 
2020-11-19T15:07:58.281-0800: 31.209: [GC (Allocation Failure) 2020-11-19T15:07:58.281-0800: 31.209: [ParNew: 140273K->582K(157248K), 0.0028350 secs] 173519K->33828K(506816K), 0.0029369 secs] [Times: user=0.03 sys=0.00, real=0.00 secs] 
2020-11-19T15:07:58.353-0800: 31.281: [GC (Allocation Failure) 2020-11-19T15:07:58.353-0800: 31.281: [ParNew: 140358K->521K(157248K), 0.0028516 secs] 173604K->33767K(506816K), 0.0029567 secs] [Times: user=0.03 sys=0.00, real=0.00 secs] 
2020-11-19T15:07:58.418-0800: 31.346: [GC (Allocation Failure) 2020-11-19T15:07:58.418-0800: 31.346: [ParNew: 140297K->530K(157248K), 0.0027865 secs] 173543K->33776K(506816K), 0.0028940 secs] [Times: user=0.03 sys=0.00, real=0.01 secs] 
2020-11-19T15:07:58.489-0800: 31.417: [GC (Allocation Failure) 2020-11-19T15:07:58.489-0800: 31.417: [ParNew: 140306K->520K(157248K), 0.0025517 secs] 173552K->33766K(506816K), 0.0026504 secs] [Times: user=0.02 sys=0.00, real=0.01 secs] 
2020-11-19T15:07:58.564-0800: 31.492: [GC (Allocation Failure) 2020-11-19T15:07:58.564-0800: 31.492: [ParNew: 140296K->513K(157248K), 0.0026766 secs] 173542K->33759K(506816K), 0.0027705 secs] [Times: user=0.03 sys=0.00, real=0.00 secs] 
2020-11-19T15:07:58.631-0800: 31.559: [GC (Allocation Failure) 2020-11-19T15:07:58.631-0800: 31.559: [ParNew: 140289K->487K(157248K), 0.0028961 secs] 173535K->33733K(506816K), 0.0029962 secs] [Times: user=0.03 sys=0.00, real=0.00 secs] 
2020-11-19T15:07:58.704-0800: 31.632: [GC (Allocation Failure) 2020-11-19T15:07:58.704-0800: 31.632: [ParNew: 140263K->514K(157248K), 0.0028157 secs] 173509K->33760K(506816K), 0.0029060 secs] [Times: user=0.03 sys=0.00, real=0.00 secs] 
2020-11-19T15:07:58.780-0800: 31.708: [GC (Allocation Failure) 2020-11-19T15:07:58.780-0800: 31.708: [ParNew: 140290K->546K(157248K), 0.0027705 secs] 173536K->33794K(506816K), 0.0028716 secs] [Times: user=0.03 sys=0.00, real=0.00 secs] 
2020-11-19T15:07:58.849-0800: 31.777: [GC (Allocation Failure) 2020-11-19T15:07:58.849-0800: 31.777: [ParNew: 140322K->510K(157248K), 0.0028766 secs] 173570K->33757K(506816K), 0.0029884 secs] [Times: user=0.03 sys=0.00, real=0.01 secs] 
2020-11-19T15:07:58.915-0800: 31.843: [GC (Allocation Failure) 2020-11-19T15:07:58.915-0800: 31.843: [ParNew: 140286K->492K(157248K), 0.0028304 secs] 173533K->33740K(506816K), 0.0029246 secs] [Times: user=0.03 sys=0.00, real=0.00 secs] 
2020-11-19T15:07:58.978-0800: 31.906: [GC (Allocation Failure) 2020-11-19T15:07:58.978-0800: 31.907: [ParNew: 140268K->516K(157248K), 0.0028423 secs] 173516K->33763K(506816K), 0.0029703 secs] [Times: user=0.03 sys=0.00, real=0.01 secs] 
2020-11-19T15:07:59.045-0800: 31.973: [GC (Allocation Failure) 2020-11-19T15:07:59.045-0800: 31.973: [ParNew: 140292K->492K(157248K), 0.0029025 secs] 173539K->33739K(506816K), 0.0030033 secs] [Times: user=0.04 sys=0.00, real=0.00 secs] 
2020-11-19T15:07:59.119-0800: 32.047: [GC (Allocation Failure) 2020-11-19T15:07:59.119-0800: 32.047: [ParNew: 140268K->476K(157248K), 0.0027847 secs] 173515K->33725K(506816K), 0.0028774 secs] [Times: user=0.03 sys=0.00, real=0.01 secs] 
2020-11-19T15:07:59.204-0800: 32.132: [GC (Allocation Failure) 2020-11-19T15:07:59.204-0800: 32.132: [ParNew: 140252K->493K(157248K), 0.0028692 secs] 173501K->33741K(506816K), 0.0029628 secs] [Times: user=0.03 sys=0.00, real=0.00 secs] 
2020-11-19T15:07:59.281-0800: 32.209: [GC (Allocation Failure) 2020-11-19T15:07:59.281-0800: 32.209: [ParNew: 140269K->521K(157248K), 0.0028585 secs] 173517K->33770K(506816K), 0.0029533 secs] [Times: user=0.03 sys=0.00, real=0.00 secs] 
2020-11-19T15:07:59.356-0800: 32.284: [GC (Allocation Failure) 2020-11-19T15:07:59.356-0800: 32.284: [ParNew: 140297K->517K(157248K), 0.0028075 secs] 173546K->33765K(506816K), 0.0029004 secs] [Times: user=0.03 sys=0.00, real=0.00 secs] 
2020-11-19T15:07:59.426-0800: 32.354: [GC (Allocation Failure) 2020-11-19T15:07:59.426-0800: 32.354: [ParNew: 140293K->497K(157248K), 0.0025177 secs] 173541K->33745K(506816K), 0.0026261 secs] [Times: user=0.03 sys=0.00, real=0.00 secs] 
2020-11-19T15:07:59.503-0800: 32.431: [GC (Allocation Failure) 2020-11-19T15:07:59.503-0800: 32.431: [ParNew: 140273K->499K(157248K), 0.0024651 secs] 173521K->33748K(506816K), 0.0025539 secs] [Times: user=0.02 sys=0.00, real=0.00 secs] 
2020-11-19T15:07:59.578-0800: 32.506: [GC (Allocation Failure) 2020-11-19T15:07:59.578-0800: 32.507: [ParNew: 140275K->479K(157248K), 0.0026474 secs] 173524K->33727K(506816K), 0.0027387 secs] [Times: user=0.03 sys=0.00, real=0.01 secs] 
2020-11-19T15:07:59.651-0800: 32.579: [GC (Allocation Failure) 2020-11-19T15:07:59.651-0800: 32.579: [ParNew: 140255K->453K(157248K), 0.0027697 secs] 173503K->33702K(506816K), 0.0028596 secs] [Times: user=0.03 sys=0.00, real=0.00 secs] 
2020-11-19T15:07:59.726-0800: 32.654: [GC (Allocation Failure) 2020-11-19T15:07:59.726-0800: 32.654: [ParNew: 140229K->485K(157248K), 0.0028146 secs] 173478K->33733K(506816K), 0.0029205 secs] [Times: user=0.03 sys=0.00, real=0.00 secs] 
2020-11-19T15:07:59.801-0800: 32.729: [GC (Allocation Failure) 2020-11-19T15:07:59.801-0800: 32.729: [ParNew: 140261K->526K(157248K), 0.0025195 secs] 173509K->33775K(506816K), 0.0026048 secs] [Times: user=0.02 sys=0.00, real=0.00 secs] 
2020-11-19T15:07:59.870-0800: 32.798: [GC (Allocation Failure) 2020-11-19T15:07:59.870-0800: 32.798: [ParNew: 140302K->512K(157248K), 0.0028179 secs] 173551K->33761K(506816K), 0.0029033 secs] [Times: user=0.03 sys=0.00, real=0.00 secs] 
2020-11-19T15:07:59.937-0800: 32.865: [GC (Allocation Failure) 2020-11-19T15:07:59.937-0800: 32.865: [ParNew: 140288K->535K(157248K), 0.0029314 secs] 173537K->33784K(506816K), 0.0030177 secs] [Times: user=0.03 sys=0.00, real=0.01 secs] 
2020-11-19T15:08:00.002-0800: 32.930: [GC (Allocation Failure) 2020-11-19T15:08:00.002-0800: 32.930: [ParNew: 140311K->415K(157248K), 0.0028135 secs] 173560K->33663K(506816K), 0.0029147 secs] [Times: user=0.03 sys=0.00, real=0.00 secs] 
2020-11-19T15:08:00.071-0800: 32.999: [GC (Allocation Failure) 2020-11-19T15:08:00.071-0800: 32.999: [ParNew: 140191K->478K(157248K), 0.0028751 secs] 173439K->33727K(506816K), 0.0029760 secs] [Times: user=0.03 sys=0.00, real=0.00 secs] 
2020-11-19T15:08:00.137-0800: 33.065: [GC (Allocation Failure) 2020-11-19T15:08:00.137-0800: 33.065: [ParNew: 140254K->508K(157248K), 0.0028870 secs] 173503K->33757K(506816K), 0.0029873 secs] [Times: user=0.03 sys=0.00, real=0.01 secs] 
2020-11-19T15:08:00.213-0800: 33.141: [GC (Allocation Failure) 2020-11-19T15:08:00.213-0800: 33.141: [ParNew: 140284K->563K(157248K), 0.0027829 secs] 173533K->33812K(506816K), 0.0028801 secs] [Times: user=0.03 sys=0.00, real=0.00 secs] 
2020-11-19T15:08:00.281-0800: 33.209: [GC (Allocation Failure) 2020-11-19T15:08:00.281-0800: 33.209: [ParNew: 140339K->419K(157248K), 0.0027957 secs] 173588K->33669K(506816K), 0.0028973 secs] [Times: user=0.03 sys=0.00, real=0.00 secs] 
2020-11-19T15:08:00.350-0800: 33.278: [GC (Allocation Failure) 2020-11-19T15:08:00.350-0800: 33.278: [ParNew: 140195K->482K(157248K), 0.0028510 secs] 173445K->33733K(506816K), 0.0029626 secs] [Times: user=0.03 sys=0.00, real=0.00 secs] 
2020-11-19T15:08:00.422-0800: 33.350: [GC (Allocation Failure) 2020-11-19T15:08:00.422-0800: 33.350: [ParNew: 140258K->458K(157248K), 0.0028011 secs] 173509K->33709K(506816K), 0.0029270 secs] [Times: user=0.03 sys=0.00, real=0.00 secs] 
2020-11-19T15:08:00.498-0800: 33.426: [GC (Allocation Failure) 2020-11-19T15:08:00.498-0800: 33.426: [ParNew: 140234K->455K(157248K), 0.0028957 secs] 173485K->33705K(506816K), 0.0029808 secs] [Times: user=0.03 sys=0.00, real=0.01 secs] 
2020-11-19T15:08:00.572-0800: 33.500: [GC (Allocation Failure) 2020-11-19T15:08:00.572-0800: 33.500: [ParNew: 140231K->472K(157248K), 0.0027227 secs] 173481K->33722K(506816K), 0.0028184 secs] [Times: user=0.04 sys=0.00, real=0.00 secs] 
2020-11-19T15:08:00.644-0800: 33.572: [GC (Allocation Failure) 2020-11-19T15:08:00.644-0800: 33.572: [ParNew: 140248K->491K(157248K), 0.0024452 secs] 173498K->33742K(506816K), 0.0025382 secs] [Times: user=0.03 sys=0.00, real=0.00 secs] 
2020-11-19T15:08:00.716-0800: 33.644: [GC (Allocation Failure) 2020-11-19T15:08:00.716-0800: 33.644: [ParNew: 140267K->520K(157248K), 0.0024528 secs] 173518K->33771K(506816K), 0.0025439 secs] [Times: user=0.03 sys=0.01, real=0.00 secs] 
2020-11-19T15:08:00.790-0800: 33.718: [GC (Allocation Failure) 2020-11-19T15:08:00.790-0800: 33.718: [ParNew: 140296K->560K(157248K), 0.0028366 secs] 173547K->33812K(506816K), 0.0029403 secs] [Times: user=0.03 sys=0.00, real=0.00 secs] 
2020-11-19T15:08:00.861-0800: 33.789: [GC (Allocation Failure) 2020-11-19T15:08:00.861-0800: 33.789: [ParNew: 140336K->535K(157248K), 0.0025061 secs] 173588K->33788K(506816K), 0.0025954 secs] [Times: user=0.03 sys=0.00, real=0.00 secs] 
2020-11-19T15:08:00.928-0800: 33.856: [GC (Allocation Failure) 2020-11-19T15:08:00.928-0800: 33.856: [ParNew: 140311K->497K(157248K), 0.0029136 secs] 173564K->33755K(506816K), 0.0030138 secs] [Times: user=0.03 sys=0.01, real=0.01 secs] 
2020-11-19T15:08:00.998-0800: 33.926: [GC (Allocation Failure) 2020-11-19T15:08:00.998-0800: 33.926: [ParNew: 140273K->483K(157248K), 0.0028778 secs] 173531K->33749K(506816K), 0.0029665 secs] [Times: user=0.03 sys=0.00, real=0.01 secs] 
2020-11-19T15:08:01.073-0800: 34.001: [GC (Allocation Failure) 2020-11-19T15:08:01.073-0800: 34.001: [ParNew: 140259K->440K(157248K), 0.0024031 secs] 173525K->33714K(506816K), 0.0024970 secs] [Times: user=0.03 sys=0.00, real=0.00 secs] 
2020-11-19T15:08:01.140-0800: 34.068: [GC (Allocation Failure) 2020-11-19T15:08:01.140-0800: 34.068: [ParNew: 140216K->431K(157248K), 0.0026541 secs] 173490K->33719K(506816K), 0.0027446 secs] [Times: user=0.03 sys=0.00, real=0.00 secs] 
2020-11-19T15:08:01.281-0800: 34.209: [GC (Allocation Failure) 2020-11-19T15:08:01.281-0800: 34.209: [ParNew: 140207K->361K(157248K), 0.0028126 secs] 173495K->33662K(506816K), 0.0028988 secs] [Times: user=0.03 sys=0.00, real=0.00 secs] 
2020-11-19T15:08:01.364-0800: 34.292: [GC (Allocation Failure) 2020-11-19T15:08:01.364-0800: 34.292: [ParNew: 140137K->328K(157248K), 0.0026038 secs] 173438K->33656K(506816K), 0.0026915 secs] [Times: user=0.03 sys=0.00, real=0.00 secs] 
2020-11-19T15:08:14.512-0800: 47.440: [GC (Allocation Failure) 2020-11-19T15:08:14.512-0800: 47.440: [ParNew: 140104K->301K(157248K), 0.0025846 secs] 173432K->33657K(506816K), 0.0026664 secs] [Times: user=0.03 sys=0.00, real=0.00 secs] 
2020-11-19T15:08:14.612-0800: 47.539: [GC (Allocation Failure) 2020-11-19T15:08:14.612-0800: 47.540: [ParNew: 140077K->195K(157248K), 0.0029016 secs] 173433K->33590K(506816K), 0.0029901 secs] [Times: user=0.03 sys=0.00, real=0.00 secs] 
2020-11-19T15:08:14.694-0800: 47.622: [GC (Allocation Failure) 2020-11-19T15:08:14.695-0800: 47.622: [ParNew: 139971K->213K(157248K), 0.0028524 secs] 173366K->33636K(506816K), 0.0029364 secs] [Times: user=0.03 sys=0.00, real=0.00 secs] 
2020-11-19T15:08:14.772-0800: 47.700: [GC (Allocation Failure) 2020-11-19T15:08:14.772-0800: 47.700: [ParNew: 139989K->159K(157248K), 0.0025105 secs] 173412K->33614K(506816K), 0.0025913 secs] [Times: user=0.02 sys=0.00, real=0.00 secs] 
2020-11-19T15:08:14.859-0800: 47.787: [GC (Allocation Failure) 2020-11-19T15:08:14.859-0800: 47.787: [ParNew: 139935K->137K(157248K), 0.0026413 secs] 173390K->33596K(506816K), 0.0027269 secs] [Times: user=0.03 sys=0.00, real=0.01 secs] 
2020-11-19T15:08:15.666-0800: 48.594: [GC (Allocation Failure) 2020-11-19T15:08:15.666-0800: 48.594: [ParNew: 139913K->192K(157248K), 0.0028262 secs] 173372K->33652K(506816K), 0.0029106 secs] [Times: user=0.03 sys=0.00, real=0.00 secs] 
2020-11-19T15:08:15.736-0800: 48.664: [GC (Allocation Failure) 2020-11-19T15:08:15.737-0800: 48.664: [ParNew: 139968K->230K(157248K), 0.0029317 secs] 173428K->33690K(506816K), 0.0030999 secs] [Times: user=0.03 sys=0.00, real=0.01 secs] 
2020-11-19T15:08:15.802-0800: 48.729: [GC (Allocation Failure) 2020-11-19T15:08:15.802-0800: 48.729: [ParNew: 140006K->256K(157248K), 0.0025495 secs] 173466K->33716K(506816K), 0.0026266 secs] [Times: user=0.02 sys=0.00, real=0.00 secs] 
2020-11-19T15:08:15.871-0800: 48.799: [GC (Allocation Failure) 2020-11-19T15:08:15.871-0800: 48.799: [ParNew: 140032K->240K(157248K), 0.0030010 secs] 173492K->33700K(506816K), 0.0030862 secs] [Times: user=0.03 sys=0.00, real=0.00 secs] 
2020-11-19T15:08:15.958-0800: 48.886: [GC (Allocation Failure) 2020-11-19T15:08:15.959-0800: 48.886: [ParNew: 140016K->216K(157248K), 0.0024064 secs] 173476K->33676K(506816K), 0.0025059 secs] [Times: user=0.03 sys=0.00, real=0.01 secs] 
2020-11-19T15:08:16.929-0800: 49.857: [GC (Allocation Failure) 2020-11-19T15:08:16.929-0800: 49.857: [ParNew: 139992K->248K(157248K), 0.0029927 secs] 173452K->33708K(506816K), 0.0030731 secs] [Times: user=0.03 sys=0.00, real=0.01 secs] 
2020-11-19T15:08:17.004-0800: 49.931: [GC (Allocation Failure) 2020-11-19T15:08:17.004-0800: 49.931: [ParNew: 140024K->278K(157248K), 0.0029920 secs] 173484K->33738K(506816K), 0.0031074 secs] [Times: user=0.03 sys=0.00, real=0.00 secs] 
2020-11-19T15:08:17.067-0800: 49.995: [GC (Allocation Failure) 2020-11-19T15:08:17.067-0800: 49.995: [ParNew: 140054K->359K(157248K), 0.0026186 secs] 173514K->33819K(506816K), 0.0027031 secs] [Times: user=0.03 sys=0.00, real=0.01 secs] 
2020-11-19T15:08:17.139-0800: 50.066: [GC (Allocation Failure) 2020-11-19T15:08:17.139-0800: 50.066: [ParNew: 140135K->366K(157248K), 0.0024842 secs] 173595K->33826K(506816K), 0.0025872 secs] [Times: user=0.03 sys=0.00, real=0.01 secs] 
2020-11-19T15:08:17.205-0800: 50.133: [GC (Allocation Failure) 2020-11-19T15:08:17.205-0800: 50.133: [ParNew: 140142K->344K(157248K), 0.0028879 secs] 173602K->33804K(506816K), 0.0029846 secs] [Times: user=0.04 sys=0.00, real=0.00 secs] 
2020-11-19T15:08:17.271-0800: 50.199: [GC (Allocation Failure) 2020-11-19T15:08:17.271-0800: 50.199: [ParNew: 140120K->386K(157248K), 0.0028086 secs] 173580K->33846K(506816K), 0.0028935 secs] [Times: user=0.04 sys=0.00, real=0.00 secs] 
2020-11-19T15:08:17.345-0800: 50.273: [GC (Allocation Failure) 2020-11-19T15:08:17.345-0800: 50.273: [ParNew: 140162K->376K(157248K), 0.0027663 secs] 173622K->33837K(506816K), 0.0028474 secs] [Times: user=0.03 sys=0.00, real=0.00 secs] 
2020-11-19T15:08:17.420-0800: 50.348: [GC (Allocation Failure) 2020-11-19T15:08:17.420-0800: 50.348: [ParNew: 140152K->357K(157248K), 0.0027616 secs] 173613K->33818K(506816K), 0.0028434 secs] [Times: user=0.03 sys=0.00, real=0.00 secs] 
2020-11-19T15:08:17.497-0800: 50.425: [GC (Allocation Failure) 2020-11-19T15:08:17.497-0800: 50.425: [ParNew: 140133K->410K(157248K), 0.0027483 secs] 173594K->33871K(506816K), 0.0028314 secs] [Times: user=0.03 sys=0.00, real=0.01 secs] 
2020-11-19T15:08:17.565-0800: 50.493: [GC (Allocation Failure) 2020-11-19T15:08:17.565-0800: 50.493: [ParNew: 140186K->269K(157248K), 0.0028198 secs] 173647K->33730K(506816K), 0.0029021 secs] [Times: user=0.03 sys=0.00, real=0.00 secs] 
2020-11-19T15:08:17.645-0800: 50.573: [GC (Allocation Failure) 2020-11-19T15:08:17.646-0800: 50.573: [ParNew: 140045K->327K(157248K), 0.0026506 secs] 173506K->33790K(506816K), 0.0027325 secs] [Times: user=0.03 sys=0.00, real=0.00 secs] 
2020-11-19T15:08:18.348-0800: 51.276: [GC (Allocation Failure) 2020-11-19T15:08:18.348-0800: 51.276: [ParNew: 140103K->350K(157248K), 0.0026652 secs] 173566K->33814K(506816K), 0.0027445 secs] [Times: user=0.03 sys=0.00, real=0.01 secs] 
2020-11-19T15:08:18.397-0800: 51.325: [GC (Allocation Failure) 2020-11-19T15:08:18.397-0800: 51.325: [ParNew: 140126K->355K(157248K), 0.0029110 secs] 173590K->33818K(506816K), 0.0029996 secs] [Times: user=0.03 sys=0.00, real=0.01 secs] 
2020-11-19T15:08:18.467-0800: 51.395: [GC (Allocation Failure) 2020-11-19T15:08:18.467-0800: 51.395: [ParNew: 140131K->378K(157248K), 0.0027437 secs] 173594K->33841K(506816K), 0.0028322 secs] [Times: user=0.04 sys=0.00, real=0.01 secs] 
2020-11-19T15:08:18.536-0800: 51.463: [GC (Allocation Failure) 2020-11-19T15:08:18.536-0800: 51.463: [ParNew: 140154K->399K(157248K), 0.0025125 secs] 173617K->33863K(506816K), 0.0025934 secs] [Times: user=0.03 sys=0.00, real=0.00 secs] 
2020-11-19T15:08:18.614-0800: 51.541: [GC (Allocation Failure) 2020-11-19T15:08:18.614-0800: 51.541: [ParNew: 140175K->357K(157248K), 0.0027368 secs] 173639K->33821K(506816K), 0.0028392 secs] [Times: user=0.03 sys=0.00, real=0.00 secs] 
2020-11-19T15:08:18.676-0800: 51.603: [GC (Allocation Failure) 2020-11-19T15:08:18.676-0800: 51.603: [ParNew: 140133K->359K(157248K), 0.0027963 secs] 173597K->33822K(506816K), 0.0029005 secs] [Times: user=0.03 sys=0.00, real=0.00 secs] 
2020-11-19T15:08:18.723-0800: 51.651: [GC (Allocation Failure) 2020-11-19T15:08:18.723-0800: 51.651: [ParNew: 140135K->403K(157248K), 0.0026659 secs] 173598K->33867K(506816K), 0.0027517 secs] [Times: user=0.03 sys=0.00, real=0.00 secs] 
2020-11-19T15:08:18.801-0800: 51.729: [GC (Allocation Failure) 2020-11-19T15:08:18.802-0800: 51.729: [ParNew: 140179K->356K(157248K), 0.0027433 secs] 173643K->33820K(506816K), 0.0028272 secs] [Times: user=0.03 sys=0.00, real=0.00 secs] 
2020-11-19T15:08:18.848-0800: 51.776: [GC (Allocation Failure) 2020-11-19T15:08:18.848-0800: 51.776: [ParNew: 140132K->380K(157248K), 0.0028564 secs] 173596K->33844K(506816K), 0.0029477 secs] [Times: user=0.04 sys=0.00, real=0.01 secs] 
2020-11-19T15:08:18.925-0800: 51.852: [GC (Allocation Failure) 2020-11-19T15:08:18.925-0800: 51.852: [ParNew: 140156K->354K(157248K), 0.0027263 secs] 173620K->33818K(506816K), 0.0028056 secs] [Times: user=0.03 sys=0.00, real=0.00 secs] 
2020-11-19T15:08:18.996-0800: 51.924: [GC (Allocation Failure) 2020-11-19T15:08:18.996-0800: 51.924: [ParNew: 140130K->383K(157248K), 0.0029377 secs] 173594K->33848K(506816K), 0.0030257 secs] [Times: user=0.03 sys=0.00, real=0.00 secs] 
2020-11-19T15:08:19.066-0800: 51.993: [GC (Allocation Failure) 2020-11-19T15:08:19.066-0800: 51.994: [ParNew: 140159K->345K(157248K), 0.0030868 secs] 173624K->33810K(506816K), 0.0031751 secs] [Times: user=0.03 sys=0.00, real=0.00 secs] 
2020-11-19T15:08:19.139-0800: 52.067: [GC (Allocation Failure) 2020-11-19T15:08:19.140-0800: 52.067: [ParNew: 140121K->342K(157248K), 0.0026456 secs] 173586K->33806K(506816K), 0.0027317 secs] [Times: user=0.03 sys=0.00, real=0.01 secs] 
2020-11-19T15:08:19.700-0800: 52.628: [GC (Allocation Failure) 2020-11-19T15:08:19.700-0800: 52.628: [ParNew: 140118K->314K(157248K), 0.0027747 secs] 173582K->33827K(506816K), 0.0028679 secs] [Times: user=0.03 sys=0.00, real=0.00 secs] 
2020-11-19T15:08:19.769-0800: 52.697: [GC (Allocation Failure) 2020-11-19T15:08:19.769-0800: 52.697: [ParNew: 140090K->271K(157248K), 0.0027254 secs] 173603K->33784K(506816K), 0.0028146 secs] [Times: user=0.03 sys=0.00, real=0.01 secs] 
2020-11-19T15:08:19.840-0800: 52.768: [GC (Allocation Failure) 2020-11-19T15:08:19.840-0800: 52.768: [ParNew: 140047K->350K(157248K), 0.0028064 secs] 173560K->33863K(506816K), 0.0028910 secs] [Times: user=0.03 sys=0.00, real=0.00 secs] 
2020-11-19T15:08:19.907-0800: 52.835: [GC (Allocation Failure) 2020-11-19T15:08:19.907-0800: 52.835: [ParNew: 140126K->376K(157248K), 0.0028447 secs] 173639K->33889K(506816K), 0.0029271 secs] [Times: user=0.03 sys=0.00, real=0.01 secs] 
2020-11-19T15:08:19.986-0800: 52.914: [GC (Allocation Failure) 2020-11-19T15:08:19.986-0800: 52.914: [ParNew: 140152K->379K(157248K), 0.0029691 secs] 173665K->33892K(506816K), 0.0030604 secs] [Times: user=0.03 sys=0.00, real=0.00 secs] 
2020-11-19T15:08:20.041-0800: 52.969: [GC (Allocation Failure) 2020-11-19T15:08:20.041-0800: 52.969: [ParNew: 140155K->375K(157248K), 0.0031392 secs] 173668K->33888K(506816K), 0.0032602 secs] [Times: user=0.03 sys=0.00, real=0.00 secs] 
2020-11-19T15:08:20.121-0800: 53.048: [GC (Allocation Failure) 2020-11-19T15:08:20.121-0800: 53.049: [ParNew: 140151K->397K(157248K), 0.0027942 secs] 173664K->33910K(506816K), 0.0029856 secs] [Times: user=0.03 sys=0.00, real=0.00 secs] 
2020-11-19T15:08:20.194-0800: 53.122: [GC (Allocation Failure) 2020-11-19T15:08:20.194-0800: 53.122: [ParNew: 140173K->329K(157248K), 0.0029125 secs] 173686K->33843K(506816K), 0.0029926 secs] [Times: user=0.03 sys=0.00, real=0.00 secs] 
2020-11-19T15:08:20.271-0800: 53.199: [GC (Allocation Failure) 2020-11-19T15:08:20.271-0800: 53.199: [ParNew: 140105K->350K(157248K), 0.0030478 secs] 173619K->33863K(506816K), 0.0031342 secs] [Times: user=0.03 sys=0.01, real=0.00 secs] 
2020-11-19T15:08:20.354-0800: 53.281: [GC (Allocation Failure) 2020-11-19T15:08:20.354-0800: 53.281: [ParNew: 140126K->404K(157248K), 0.0028717 secs] 173639K->33917K(506816K), 0.0029544 secs] [Times: user=0.04 sys=0.00, real=0.00 secs] 
2020-11-19T15:08:20.434-0800: 53.362: [GC (Allocation Failure) 2020-11-19T15:08:20.434-0800: 53.362: [ParNew: 140180K->364K(157248K), 0.0028605 secs] 173693K->33878K(506816K), 0.0029916 secs] [Times: user=0.03 sys=0.00, real=0.00 secs] 
2020-11-19T15:08:20.505-0800: 53.433: [GC (Allocation Failure) 2020-11-19T15:08:20.505-0800: 53.433: [ParNew: 140140K->403K(157248K), 0.0027710 secs] 173654K->33916K(506816K), 0.0028856 secs] [Times: user=0.03 sys=0.00, real=0.00 secs] 
2020-11-19T15:08:20.569-0800: 53.496: [GC (Allocation Failure) 2020-11-19T15:08:20.569-0800: 53.496: [ParNew: 140179K->367K(157248K), 0.0027582 secs] 173692K->33880K(506816K), 0.0028542 secs] [Times: user=0.02 sys=0.00, real=0.01 secs] 
2020-11-19T15:08:20.644-0800: 53.572: [GC (Allocation Failure) 2020-11-19T15:08:20.644-0800: 53.572: [ParNew: 140143K->318K(157248K), 0.0029959 secs] 173656K->33831K(506816K), 0.0030758 secs] [Times: user=0.03 sys=0.00, real=0.00 secs] 
2020-11-19T15:08:21.161-0800: 54.088: [GC (Allocation Failure) 2020-11-19T15:08:21.161-0800: 54.088: [ParNew: 140094K->359K(157248K), 0.0027114 secs] 173607K->33872K(506816K), 0.0027896 secs] [Times: user=0.03 sys=0.00, real=0.00 secs] 
2020-11-19T15:08:21.237-0800: 54.164: [GC (Allocation Failure) 2020-11-19T15:08:21.237-0800: 54.164: [ParNew: 140135K->418K(157248K), 0.0022555 secs] 173648K->33931K(506816K), 0.0023456 secs] [Times: user=0.03 sys=0.00, real=0.00 secs] 
2020-11-19T15:08:21.314-0800: 54.242: [GC (Allocation Failure) 2020-11-19T15:08:21.314-0800: 54.242: [ParNew: 140194K->408K(157248K), 0.0027894 secs] 173707K->33922K(506816K), 0.0028691 secs] [Times: user=0.03 sys=0.00, real=0.00 secs] 
2020-11-19T15:08:21.384-0800: 54.311: [GC (Allocation Failure) 2020-11-19T15:08:21.384-0800: 54.311: [ParNew: 140184K->362K(157248K), 0.0028188 secs] 173698K->33876K(506816K), 0.0029205 secs] [Times: user=0.03 sys=0.00, real=0.00 secs] 
2020-11-19T15:08:21.443-0800: 54.371: [GC (Allocation Failure) 2020-11-19T15:08:21.444-0800: 54.371: [ParNew: 140138K->415K(157248K), 0.0025332 secs] 173652K->33929K(506816K), 0.0026216 secs] [Times: user=0.03 sys=0.00, real=0.00 secs] 
2020-11-19T15:08:21.517-0800: 54.445: [GC (Allocation Failure) 2020-11-19T15:08:21.517-0800: 54.445: [ParNew: 140191K->319K(157248K), 0.0030673 secs] 173705K->33833K(506816K), 0.0031468 secs] [Times: user=0.03 sys=0.00, real=0.01 secs] 
2020-11-19T15:08:21.591-0800: 54.519: [GC (Allocation Failure) 2020-11-19T15:08:21.591-0800: 54.519: [ParNew: 140095K->379K(157248K), 0.0027197 secs] 173609K->33893K(506816K), 0.0028008 secs] [Times: user=0.03 sys=0.00, real=0.00 secs] 
2020-11-19T15:08:21.669-0800: 54.597: [GC (Allocation Failure) 2020-11-19T15:08:21.669-0800: 54.597: [ParNew: 140155K->375K(157248K), 0.0023433 secs] 173669K->33890K(506816K), 0.0024287 secs] [Times: user=0.03 sys=0.00, real=0.01 secs] 
2020-11-19T15:08:21.731-0800: 54.659: [GC (Allocation Failure) 2020-11-19T15:08:21.731-0800: 54.659: [ParNew: 140151K->455K(157248K), 0.0026801 secs] 173666K->33969K(506816K), 0.0027820 secs] [Times: user=0.03 sys=0.00, real=0.00 secs] 
2020-11-19T15:08:21.794-0800: 54.722: [GC (Allocation Failure) 2020-11-19T15:08:21.794-0800: 54.722: [ParNew: 140231K->462K(157248K), 0.0027336 secs] 173745K->33976K(506816K), 0.0029497 secs] [Times: user=0.02 sys=0.01, real=0.00 secs] 
2020-11-19T15:08:21.871-0800: 54.799: [GC (Allocation Failure) 2020-11-19T15:08:21.871-0800: 54.799: [ParNew: 140238K->485K(157248K), 0.0026793 secs] 173752K->33999K(506816K), 0.0027777 secs] [Times: user=0.03 sys=0.00, real=0.00 secs] 
2020-11-19T15:08:21.934-0800: 54.862: [GC (Allocation Failure) 2020-11-19T15:08:21.934-0800: 54.862: [ParNew: 140261K->458K(157248K), 0.0028620 secs] 173775K->33972K(506816K), 0.0029448 secs] [Times: user=0.03 sys=0.00, real=0.00 secs] 
2020-11-19T15:08:22.005-0800: 54.933: [GC (Allocation Failure) 2020-11-19T15:08:22.005-0800: 54.933: [ParNew: 140234K->485K(157248K), 0.0024972 secs] 173748K->34000K(506816K), 0.0025784 secs] [Times: user=0.02 sys=0.00, real=0.00 secs] 
2020-11-19T15:08:22.556-0800: 55.484: [GC (Allocation Failure) 2020-11-19T15:08:22.557-0800: 55.484: [ParNew: 140261K->452K(157248K), 0.0029690 secs] 173776K->33967K(506816K), 0.0031608 secs] [Times: user=0.03 sys=0.00, real=0.01 secs] 
2020-11-19T15:08:22.629-0800: 55.557: [GC (Allocation Failure) 2020-11-19T15:08:22.629-0800: 55.557: [ParNew: 140228K->494K(157248K), 0.0029540 secs] 173743K->34009K(506816K), 0.0030575 secs] [Times: user=0.03 sys=0.00, real=0.01 secs] 
2020-11-19T15:08:22.697-0800: 55.625: [GC (Allocation Failure) 2020-11-19T15:08:22.698-0800: 55.625: [ParNew: 140270K->495K(157248K), 0.0025678 secs] 173785K->34010K(506816K), 0.0026546 secs] [Times: user=0.03 sys=0.00, real=0.01 secs] 
2020-11-19T15:08:22.763-0800: 55.691: [GC (Allocation Failure) 2020-11-19T15:08:22.763-0800: 55.691: [ParNew: 140271K->489K(157248K), 0.0026994 secs] 173786K->34005K(506816K), 0.0027827 secs] [Times: user=0.03 sys=0.00, real=0.00 secs] 
2020-11-19T15:08:22.839-0800: 55.767: [GC (Allocation Failure) 2020-11-19T15:08:22.839-0800: 55.767: [ParNew: 140265K->485K(157248K), 0.0027120 secs] 173781K->34000K(506816K), 0.0027938 secs] [Times: user=0.03 sys=0.00, real=0.01 secs] 
2020-11-19T15:08:22.914-0800: 55.842: [GC (Allocation Failure) 2020-11-19T15:08:22.914-0800: 55.842: [ParNew: 140261K->506K(157248K), 0.0027727 secs] 173776K->34021K(506816K), 0.0028549 secs] [Times: user=0.03 sys=0.00, real=0.00 secs] 
2020-11-19T15:08:22.987-0800: 55.914: [GC (Allocation Failure) 2020-11-19T15:08:22.987-0800: 55.914: [ParNew: 140282K->514K(157248K), 0.0024274 secs] 173797K->34029K(506816K), 0.0025075 secs] [Times: user=0.03 sys=0.00, real=0.00 secs] 
2020-11-19T15:08:23.061-0800: 55.989: [GC (Allocation Failure) 2020-11-19T15:08:23.061-0800: 55.989: [ParNew: 140290K->467K(157248K), 0.0024709 secs] 173805K->33982K(506816K), 0.0026243 secs] [Times: user=0.02 sys=0.00, real=0.00 secs] 
2020-11-19T15:08:23.129-0800: 56.057: [GC (Allocation Failure) 2020-11-19T15:08:23.129-0800: 56.057: [ParNew: 140243K->511K(157248K), 0.0029178 secs] 173758K->34027K(506816K), 0.0030013 secs] [Times: user=0.04 sys=0.00, real=0.01 secs] 
2020-11-19T15:08:23.200-0800: 56.127: [GC (Allocation Failure) 2020-11-19T15:08:23.200-0800: 56.127: [ParNew: 140287K->504K(157248K), 0.0029509 secs] 173803K->34020K(506816K), 0.0030334 secs] [Times: user=0.03 sys=0.00, real=0.00 secs] 
2020-11-19T15:08:23.269-0800: 56.197: [GC (Allocation Failure) 2020-11-19T15:08:23.269-0800: 56.197: [ParNew: 140280K->506K(157248K), 0.0030129 secs] 173796K->34022K(506816K), 0.0031710 secs] [Times: user=0.03 sys=0.00, real=0.01 secs] 
2020-11-19T15:08:23.344-0800: 56.271: [GC (Allocation Failure) 2020-11-19T15:08:23.344-0800: 56.271: [ParNew: 140282K->462K(157248K), 0.0029620 secs] 173798K->33978K(506816K), 0.0030762 secs] [Times: user=0.03 sys=0.00, real=0.00 secs] 
2020-11-19T15:08:23.412-0800: 56.340: [GC (Allocation Failure) 2020-11-19T15:08:23.412-0800: 56.340: [ParNew: 140238K->462K(157248K), 0.0028285 secs] 173754K->33977K(506816K), 0.0029144 secs] [Times: user=0.03 sys=0.00, real=0.00 secs] 
2020-11-19T15:08:23.485-0800: 56.413: [GC (Allocation Failure) 2020-11-19T15:08:23.486-0800: 56.413: [ParNew: 140238K->588K(157248K), 0.0025927 secs] 173753K->34104K(506816K), 0.0026818 secs] [Times: user=0.03 sys=0.00, real=0.00 secs] 
2020-11-19T15:08:23.555-0800: 56.483: [GC (Allocation Failure) 2020-11-19T15:08:23.555-0800: 56.483: [ParNew: 140364K->451K(157248K), 0.0029927 secs] 173880K->33967K(506816K), 0.0030720 secs] [Times: user=0.03 sys=0.00, real=0.00 secs] 
2020-11-19T15:08:24.181-0800: 57.109: [GC (Allocation Failure) 2020-11-19T15:08:24.181-0800: 57.109: [ParNew: 140227K->510K(157248K), 0.0027496 secs] 173743K->34026K(506816K), 0.0028418 secs] [Times: user=0.03 sys=0.00, real=0.00 secs] 
2020-11-19T15:08:24.252-0800: 57.179: [GC (Allocation Failure) 2020-11-19T15:08:24.252-0800: 57.179: [ParNew: 140286K->518K(157248K), 0.0027919 secs] 173802K->34034K(506816K), 0.0028820 secs] [Times: user=0.03 sys=0.00, real=0.00 secs] 
2020-11-19T15:08:24.320-0800: 57.248: [GC (Allocation Failure) 2020-11-19T15:08:24.320-0800: 57.248: [ParNew: 140294K->444K(157248K), 0.0029793 secs] 173810K->33960K(506816K), 0.0031490 secs] [Times: user=0.03 sys=0.00, real=0.00 secs] 
2020-11-19T15:08:24.389-0800: 57.317: [GC (Allocation Failure) 2020-11-19T15:08:24.389-0800: 57.317: [ParNew: 140220K->490K(157248K), 0.0025747 secs] 173736K->34006K(506816K), 0.0027193 secs] [Times: user=0.03 sys=0.00, real=0.01 secs] 
2020-11-19T15:08:24.453-0800: 57.380: [GC (Allocation Failure) 2020-11-19T15:08:24.453-0800: 57.380: [ParNew: 140266K->489K(157248K), 0.0028777 secs] 173782K->34005K(506816K), 0.0029828 secs] [Times: user=0.03 sys=0.00, real=0.00 secs] 
2020-11-19T15:08:24.526-0800: 57.454: [GC (Allocation Failure) 2020-11-19T15:08:24.526-0800: 57.454: [ParNew: 140265K->479K(157248K), 0.0027766 secs] 173781K->33996K(506816K), 0.0028631 secs] [Times: user=0.03 sys=0.00, real=0.00 secs] 
2020-11-19T15:08:24.593-0800: 57.520: [GC (Allocation Failure) 2020-11-19T15:08:24.593-0800: 57.520: [ParNew: 140255K->485K(157248K), 0.0026416 secs] 173772K->34002K(506816K), 0.0027329 secs] [Times: user=0.03 sys=0.00, real=0.00 secs] 
2020-11-19T15:08:24.667-0800: 57.595: [GC (Allocation Failure) 2020-11-19T15:08:24.667-0800: 57.595: [ParNew: 140261K->512K(157248K), 0.0025852 secs] 173778K->34030K(506816K), 0.0026680 secs] [Times: user=0.03 sys=0.00, real=0.01 secs] 
2020-11-19T15:08:24.740-0800: 57.668: [GC (Allocation Failure) 2020-11-19T15:08:24.740-0800: 57.668: [ParNew: 140288K->504K(157248K), 0.0028371 secs] 173806K->34022K(506816K), 0.0029601 secs] [Times: user=0.03 sys=0.00, real=0.00 secs] 
2020-11-19T15:08:24.817-0800: 57.744: [GC (Allocation Failure) 2020-11-19T15:08:24.817-0800: 57.744: [ParNew: 140280K->539K(157248K), 0.0028864 secs] 173798K->34056K(506816K), 0.0037330 secs] [Times: user=0.03 sys=0.00, real=0.01 secs] 
2020-11-19T15:08:24.893-0800: 57.821: [GC (Allocation Failure) 2020-11-19T15:08:24.893-0800: 57.821: [ParNew: 140315K->514K(157248K), 0.0028108 secs] 173832K->34031K(506816K), 0.0029002 secs] [Times: user=0.04 sys=0.00, real=0.00 secs] 
2020-11-19T15:08:24.970-0800: 57.898: [GC (Allocation Failure) 2020-11-19T15:08:24.970-0800: 57.898: [ParNew: 140290K->577K(157248K), 0.0025280 secs] 173807K->34094K(506816K), 0.0026211 secs] [Times: user=0.03 sys=0.01, real=0.00 secs] 
2020-11-19T15:08:25.043-0800: 57.970: [GC (Allocation Failure) 2020-11-19T15:08:25.043-0800: 57.970: [ParNew: 140353K->520K(157248K), 0.0029934 secs] 173870K->34037K(506816K), 0.0030904 secs] [Times: user=0.03 sys=0.00, real=0.00 secs] 
2020-11-19T15:08:25.113-0800: 58.041: [GC (Allocation Failure) 2020-11-19T15:08:25.113-0800: 58.041: [ParNew: 140296K->526K(157248K), 0.0029327 secs] 173813K->34044K(506816K), 0.0030441 secs] [Times: user=0.03 sys=0.00, real=0.00 secs] 
2020-11-19T15:08:25.659-0800: 58.587: [GC (Allocation Failure) 2020-11-19T15:08:25.659-0800: 58.587: [ParNew: 140302K->491K(157248K), 0.0026961 secs] 173820K->34009K(506816K), 0.0027823 secs] [Times: user=0.03 sys=0.00, real=0.01 secs] 
2020-11-19T15:08:25.730-0800: 58.657: [GC (Allocation Failure) 2020-11-19T15:08:25.730-0800: 58.657: [ParNew: 140267K->512K(157248K), 0.0030559 secs] 173785K->34030K(506816K), 0.0031478 secs] [Times: user=0.03 sys=0.00, real=0.00 secs] 
2020-11-19T15:08:25.804-0800: 58.731: [GC (Allocation Failure) 2020-11-19T15:08:25.804-0800: 58.731: [ParNew: 140288K->486K(157248K), 0.0027795 secs] 173806K->34004K(506816K), 0.0028683 secs] [Times: user=0.03 sys=0.00, real=0.00 secs] 
2020-11-19T15:08:25.871-0800: 58.799: [GC (Allocation Failure) 2020-11-19T15:08:25.871-0800: 58.799: [ParNew: 140262K->509K(157248K), 0.0028824 secs] 173780K->34027K(506816K), 0.0029877 secs] [Times: user=0.03 sys=0.00, real=0.00 secs] 
2020-11-19T15:08:25.946-0800: 58.874: [GC (Allocation Failure) 2020-11-19T15:08:25.947-0800: 58.874: [ParNew: 140285K->515K(157248K), 0.0028104 secs] 173803K->34034K(506816K), 0.0029722 secs] [Times: user=0.03 sys=0.00, real=0.00 secs] 
2020-11-19T15:08:26.014-0800: 58.941: [GC (Allocation Failure) 2020-11-19T15:08:26.014-0800: 58.941: [ParNew: 140291K->525K(157248K), 0.0034255 secs] 173810K->34043K(506816K), 0.0035608 secs] [Times: user=0.03 sys=0.00, real=0.00 secs] 
2020-11-19T15:08:26.091-0800: 59.019: [GC (Allocation Failure) 2020-11-19T15:08:26.091-0800: 59.019: [ParNew: 140301K->483K(157248K), 0.0028590 secs] 173819K->34002K(506816K), 0.0029514 secs] [Times: user=0.03 sys=0.00, real=0.00 secs] 
2020-11-19T15:08:26.165-0800: 59.092: [GC (Allocation Failure) 2020-11-19T15:08:26.165-0800: 59.092: [ParNew: 140259K->458K(157248K), 0.0031325 secs] 173778K->33977K(506816K), 0.0032470 secs] [Times: user=0.03 sys=0.00, real=0.00 secs] 
2020-11-19T15:08:26.234-0800: 59.161: [GC (Allocation Failure) 2020-11-19T15:08:26.234-0800: 59.161: [ParNew: 140234K->538K(157248K), 0.0027778 secs] 173753K->34057K(506816K), 0.0029599 secs] [Times: user=0.03 sys=0.01, real=0.00 secs] 
2020-11-19T15:08:26.301-0800: 59.229: [GC (Allocation Failure) 2020-11-19T15:08:26.301-0800: 59.229: [ParNew: 140314K->509K(157248K), 0.0028039 secs] 173833K->34028K(506816K), 0.0029225 secs] [Times: user=0.03 sys=0.00, real=0.00 secs] 
2020-11-19T15:08:26.371-0800: 59.299: [GC (Allocation Failure) 2020-11-19T15:08:26.371-0800: 59.299: [ParNew: 140285K->462K(157248K), 0.0030261 secs] 173804K->33981K(506816K), 0.0031128 secs] [Times: user=0.03 sys=0.00, real=0.00 secs] 
2020-11-19T15:08:26.439-0800: 59.366: [GC (Allocation Failure) 2020-11-19T15:08:26.439-0800: 59.366: [ParNew: 140238K->495K(157248K), 0.0028699 secs] 173757K->34014K(506816K), 0.0029738 secs] [Times: user=0.03 sys=0.00, real=0.01 secs] 
2020-11-19T15:08:26.508-0800: 59.435: [GC (Allocation Failure) 2020-11-19T15:08:26.508-0800: 59.435: [ParNew: 140271K->516K(157248K), 0.0029029 secs] 173790K->34036K(506816K), 0.0029892 secs] [Times: user=0.03 sys=0.00, real=0.01 secs] 
2020-11-19T15:08:26.583-0800: 59.510: [GC (Allocation Failure) 2020-11-19T15:08:26.583-0800: 59.511: [ParNew: 140292K->516K(157248K), 0.0030445 secs] 173812K->34036K(506816K), 0.0031566 secs] [Times: user=0.03 sys=0.00, real=0.00 secs] 
2020-11-19T15:08:27.127-0800: 60.055: [GC (Allocation Failure) 2020-11-19T15:08:27.127-0800: 60.055: [ParNew: 140292K->522K(157248K), 0.0027414 secs] 173812K->34042K(506816K), 0.0028357 secs] [Times: user=0.03 sys=0.00, real=0.01 secs] 
2020-11-19T15:08:27.194-0800: 60.121: [GC (Allocation Failure) 2020-11-19T15:08:27.194-0800: 60.122: [ParNew: 140298K->547K(157248K), 0.0029079 secs] 173818K->34067K(506816K), 0.0030201 secs] [Times: user=0.04 sys=0.00, real=0.00 secs] 
2020-11-19T15:08:27.260-0800: 60.188: [GC (Allocation Failure) 2020-11-19T15:08:27.260-0800: 60.188: [ParNew: 140323K->449K(157248K), 0.0026333 secs] 173843K->33969K(506816K), 0.0027238 secs] [Times: user=0.03 sys=0.00, real=0.00 secs] 
2020-11-19T15:08:27.335-0800: 60.262: [GC (Allocation Failure) 2020-11-19T15:08:27.335-0800: 60.262: [ParNew: 140225K->466K(157248K), 0.0024979 secs] 173745K->33986K(506816K), 0.0026353 secs] [Times: user=0.03 sys=0.00, real=0.00 secs] 
2020-11-19T15:08:27.405-0800: 60.333: [GC (Allocation Failure) 2020-11-19T15:08:27.405-0800: 60.333: [ParNew: 140242K->494K(157248K), 0.0029330 secs] 173762K->34014K(506816K), 0.0030239 secs] [Times: user=0.04 sys=0.01, real=0.00 secs] 
2020-11-19T15:08:27.479-0800: 60.407: [GC (Allocation Failure) 2020-11-19T15:08:27.479-0800: 60.407: [ParNew: 140270K->495K(157248K), 0.0026805 secs] 173790K->34015K(506816K), 0.0028168 secs] [Times: user=0.03 sys=0.00, real=0.01 secs] 
2020-11-19T15:08:27.550-0800: 60.477: [GC (Allocation Failure) 2020-11-19T15:08:27.550-0800: 60.477: [ParNew: 140271K->493K(157248K), 0.0027842 secs] 173791K->34014K(506816K), 0.0028992 secs] [Times: user=0.03 sys=0.00, real=0.00 secs] 
2020-11-19T15:08:27.621-0800: 60.548: [GC (Allocation Failure) 2020-11-19T15:08:27.621-0800: 60.548: [ParNew: 140269K->512K(157248K), 0.0027973 secs] 173790K->34033K(506816K), 0.0028863 secs] [Times: user=0.03 sys=0.00, real=0.00 secs] 
2020-11-19T15:08:27.693-0800: 60.621: [GC (Allocation Failure) 2020-11-19T15:08:27.693-0800: 60.621: [ParNew: 140288K->489K(157248K), 0.0024055 secs] 173809K->34010K(506816K), 0.0024944 secs] [Times: user=0.03 sys=0.00, real=0.00 secs] 
2020-11-19T15:08:27.767-0800: 60.694: [GC (Allocation Failure) 2020-11-19T15:08:27.767-0800: 60.694: [ParNew: 140265K->515K(157248K), 0.0026691 secs] 173786K->34035K(506816K), 0.0027668 secs] [Times: user=0.03 sys=0.01, real=0.00 secs] 
2020-11-19T15:08:27.834-0800: 60.761: [GC (Allocation Failure) 2020-11-19T15:08:27.834-0800: 60.761: [ParNew: 140291K->482K(157248K), 0.0029857 secs] 173811K->34002K(506816K), 0.0031047 secs] [Times: user=0.03 sys=0.00, real=0.00 secs] 
2020-11-19T15:08:27.911-0800: 60.838: [GC (Allocation Failure) 2020-11-19T15:08:27.911-0800: 60.839: [ParNew: 140258K->488K(157248K), 0.0027949 secs] 173778K->34009K(506816K), 0.0028824 secs] [Times: user=0.03 sys=0.00, real=0.00 secs] 
2020-11-19T15:08:27.984-0800: 60.912: [GC (Allocation Failure) 2020-11-19T15:08:27.984-0800: 60.912: [ParNew: 140264K->517K(157248K), 0.0034078 secs] 173785K->34038K(506816K), 0.0035072 secs] [Times: user=0.03 sys=0.01, real=0.00 secs] 
2020-11-19T15:08:28.053-0800: 60.980: [GC (Allocation Failure) 2020-11-19T15:08:28.053-0800: 60.980: [ParNew: 140293K->495K(157248K), 0.0026332 secs] 173814K->34016K(506816K), 0.0027450 secs] [Times: user=0.03 sys=0.00, real=0.00 secs] 
2020-11-19T15:08:28.611-0800: 61.538: [GC (Allocation Failure) 2020-11-19T15:08:28.611-0800: 61.539: [ParNew: 140271K->422K(157248K), 0.0031711 secs] 173792K->33943K(506816K), 0.0033567 secs] [Times: user=0.03 sys=0.00, real=0.00 secs] 
2020-11-19T15:08:28.681-0800: 61.609: [GC (Allocation Failure) 2020-11-19T15:08:28.681-0800: 61.609: [ParNew: 140198K->466K(157248K), 0.0028573 secs] 173719K->33989K(506816K), 0.0030149 secs] [Times: user=0.03 sys=0.00, real=0.00 secs] 
2020-11-19T15:08:28.750-0800: 61.677: [GC (Allocation Failure) 2020-11-19T15:08:28.750-0800: 61.677: [ParNew: 140242K->483K(157248K), 0.0025157 secs] 173765K->34005K(506816K), 0.0027344 secs] [Times: user=0.03 sys=0.00, real=0.00 secs] 
2020-11-19T15:08:28.815-0800: 61.742: [GC (Allocation Failure) 2020-11-19T15:08:28.815-0800: 61.742: [ParNew: 140259K->465K(157248K), 0.0025152 secs] 173781K->33987K(506816K), 0.0026108 secs] [Times: user=0.02 sys=0.00, real=0.00 secs] 
2020-11-19T15:08:28.884-0800: 61.811: [GC (Allocation Failure) 2020-11-19T15:08:28.884-0800: 61.811: [ParNew: 140241K->456K(157248K), 0.0026601 secs] 173763K->33978K(506816K), 0.0027575 secs] [Times: user=0.03 sys=0.00, real=0.00 secs] 
2020-11-19T15:08:28.952-0800: 61.880: [GC (Allocation Failure) 2020-11-19T15:08:28.952-0800: 61.880: [ParNew: 140232K->483K(157248K), 0.0028922 secs] 173754K->34006K(506816K), 0.0030219 secs] [Times: user=0.03 sys=0.00, real=0.00 secs] 
2020-11-19T15:08:29.026-0800: 61.954: [GC (Allocation Failure) 2020-11-19T15:08:29.026-0800: 61.954: [ParNew: 140259K->503K(157248K), 0.0026224 secs] 173782K->34027K(506816K), 0.0027201 secs] [Times: user=0.03 sys=0.00, real=0.00 secs] 
2020-11-19T15:08:29.100-0800: 62.028: [GC (Allocation Failure) 2020-11-19T15:08:29.100-0800: 62.028: [ParNew: 140279K->489K(157248K), 0.0024239 secs] 173803K->34013K(506816K), 0.0025160 secs] [Times: user=0.03 sys=0.00, real=0.00 secs] 
2020-11-19T15:08:29.167-0800: 62.095: [GC (Allocation Failure) 2020-11-19T15:08:29.167-0800: 62.095: [ParNew: 140265K->472K(157248K), 0.0030453 secs] 173789K->33996K(506816K), 0.0032535 secs] [Times: user=0.03 sys=0.00, real=0.01 secs] 
2020-11-19T15:08:29.242-0800: 62.169: [GC (Allocation Failure) 2020-11-19T15:08:29.242-0800: 62.170: [ParNew: 140248K->502K(157248K), 0.0026219 secs] 173772K->34025K(506816K), 0.0027173 secs] [Times: user=0.03 sys=0.00, real=0.00 secs] 
2020-11-19T15:08:29.310-0800: 62.237: [GC (Allocation Failure) 2020-11-19T15:08:29.310-0800: 62.237: [ParNew: 140278K->530K(157248K), 0.0029847 secs] 173801K->34053K(506816K), 0.0031541 secs] [Times: user=0.03 sys=0.01, real=0.00 secs] 
2020-11-19T15:08:29.378-0800: 62.305: [GC (Allocation Failure) 2020-11-19T15:08:29.378-0800: 62.305: [ParNew: 140306K->550K(157248K), 0.0029054 secs] 173829K->34074K(506816K), 0.0029963 secs] [Times: user=0.03 sys=0.01, real=0.01 secs] 
2020-11-19T15:08:29.461-0800: 62.389: [GC (Allocation Failure) 2020-11-19T15:08:29.461-0800: 62.389: [ParNew: 140326K->514K(157248K), 0.0028813 secs] 173850K->34038K(506816K), 0.0029722 secs] [Times: user=0.03 sys=0.00, real=0.00 secs] 
2020-11-19T15:08:29.529-0800: 62.457: [GC (Allocation Failure) 2020-11-19T15:08:29.529-0800: 62.457: [ParNew: 140290K->510K(157248K), 0.0027851 secs] 173814K->34034K(506816K), 0.0028971 secs] [Times: user=0.03 sys=0.00, real=0.01 secs] 
2020-11-19T15:08:29.602-0800: 62.530: [GC (Allocation Failure) 2020-11-19T15:08:29.602-0800: 62.530: [ParNew: 140286K->511K(157248K), 0.0024439 secs] 173810K->34036K(506816K), 0.0025412 secs] [Times: user=0.03 sys=0.00, real=0.00 secs] 
2020-11-19T15:08:29.676-0800: 62.604: [GC (Allocation Failure) 2020-11-19T15:08:29.676-0800: 62.604: [ParNew: 140287K->527K(157248K), 0.0028027 secs] 173812K->34051K(506816K), 0.0028945 secs] [Times: user=0.03 sys=0.00, real=0.00 secs] 
2020-11-19T15:08:29.749-0800: 62.676: [GC (Allocation Failure) 2020-11-19T15:08:29.749-0800: 62.676: [ParNew: 140303K->485K(157248K), 0.0027759 secs] 173827K->34010K(506816K), 0.0028689 secs] [Times: user=0.03 sys=0.00, real=0.01 secs] 
2020-11-19T15:08:29.816-0800: 62.744: [GC (Allocation Failure) 2020-11-19T15:08:29.816-0800: 62.744: [ParNew: 140261K->480K(157248K), 0.0028094 secs] 173786K->34004K(506816K), 0.0029054 secs] [Times: user=0.03 sys=0.00, real=0.00 secs] 
2020-11-19T15:08:29.882-0800: 62.809: [GC (Allocation Failure) 2020-11-19T15:08:29.882-0800: 62.810: [ParNew: 140256K->521K(157248K), 0.0030457 secs] 173780K->34045K(506816K), 0.0032168 secs] [Times: user=0.03 sys=0.00, real=0.00 secs] 
2020-11-19T15:08:29.950-0800: 62.878: [GC (Allocation Failure) 2020-11-19T15:08:29.950-0800: 62.878: [ParNew: 140297K->509K(157248K), 0.0028029 secs] 173821K->34033K(506816K), 0.0029243 secs] [Times: user=0.03 sys=0.00, real=0.00 secs] 
2020-11-19T15:08:30.021-0800: 62.949: [GC (Allocation Failure) 2020-11-19T15:08:30.021-0800: 62.949: [ParNew: 140285K->470K(157248K), 0.0033389 secs] 173809K->33995K(506816K), 0.0034299 secs] [Times: user=0.03 sys=0.00, real=0.00 secs] 
2020-11-19T15:08:30.106-0800: 63.033: [GC (Allocation Failure) 2020-11-19T15:08:30.106-0800: 63.033: [ParNew: 140246K->481K(157248K), 0.0031171 secs] 173771K->34006K(506816K), 0.0032113 secs] [Times: user=0.03 sys=0.00, real=0.00 secs] 
2020-11-19T15:08:30.183-0800: 63.110: [GC (Allocation Failure) 2020-11-19T15:08:30.183-0800: 63.110: [ParNew: 140257K->473K(157248K), 0.0028399 secs] 173782K->33998K(506816K), 0.0029459 secs] [Times: user=0.03 sys=0.00, real=0.00 secs] 
2020-11-19T15:08:30.257-0800: 63.184: [GC (Allocation Failure) 2020-11-19T15:08:30.257-0800: 63.184: [ParNew: 140249K->488K(157248K), 0.0027332 secs] 173774K->34012K(506816K), 0.0028293 secs] [Times: user=0.03 sys=0.00, real=0.00 secs] 
2020-11-19T15:08:30.333-0800: 63.260: [GC (Allocation Failure) 2020-11-19T15:08:30.333-0800: 63.260: [ParNew: 140264K->525K(157248K), 0.0031777 secs] 173788K->34049K(506816K), 0.0032682 secs] [Times: user=0.03 sys=0.00, real=0.00 secs] 
2020-11-19T15:08:30.406-0800: 63.333: [GC (Allocation Failure) 2020-11-19T15:08:30.406-0800: 63.333: [ParNew: 140301K->538K(157248K), 0.0027914 secs] 173825K->34063K(506816K), 0.0028903 secs] [Times: user=0.04 sys=0.00, real=0.00 secs] 
2020-11-19T15:08:30.474-0800: 63.402: [GC (Allocation Failure) 2020-11-19T15:08:30.475-0800: 63.402: [ParNew: 140314K->522K(157248K), 0.0027586 secs] 173839K->34046K(506816K), 0.0029605 secs] [Times: user=0.03 sys=0.00, real=0.00 secs] 
2020-11-19T15:08:30.541-0800: 63.468: [GC (Allocation Failure) 2020-11-19T15:08:30.541-0800: 63.468: [ParNew: 140298K->542K(157248K), 0.0028380 secs] 173822K->34066K(506816K), 0.0029489 secs] [Times: user=0.03 sys=0.00, real=0.00 secs] 
2020-11-19T15:08:31.534-0800: 64.461: [GC (Allocation Failure) 2020-11-19T15:08:31.534-0800: 64.461: [ParNew: 140318K->490K(157248K), 0.0028135 secs] 173842K->34014K(506816K), 0.0029197 secs] [Times: user=0.03 sys=0.01, real=0.00 secs] 
2020-11-19T15:08:31.603-0800: 64.530: [GC (Allocation Failure) 2020-11-19T15:08:31.603-0800: 64.530: [ParNew: 140266K->492K(157248K), 0.0027918 secs] 173790K->34016K(506816K), 0.0029379 secs] [Times: user=0.03 sys=0.00, real=0.00 secs] 
2020-11-19T15:08:31.676-0800: 64.603: [GC (Allocation Failure) 2020-11-19T15:08:31.676-0800: 64.603: [ParNew: 140268K->492K(157248K), 0.0028297 secs] 173792K->34016K(506816K), 0.0029198 secs] [Times: user=0.03 sys=0.00, real=0.00 secs] 
2020-11-19T15:08:31.749-0800: 64.677: [GC (Allocation Failure) 2020-11-19T15:08:31.750-0800: 64.677: [ParNew: 140268K->508K(157248K), 0.0024487 secs] 173792K->34033K(506816K), 0.0026087 secs] [Times: user=0.02 sys=0.00, real=0.01 secs] 
2020-11-19T15:08:31.824-0800: 64.752: [GC (Allocation Failure) 2020-11-19T15:08:31.824-0800: 64.752: [ParNew: 140284K->464K(157248K), 0.0023960 secs] 173809K->33989K(506816K), 0.0024882 secs] [Times: user=0.02 sys=0.00, real=0.00 secs] 
2020-11-19T15:08:31.899-0800: 64.827: [GC (Allocation Failure) 2020-11-19T15:08:31.899-0800: 64.827: [ParNew: 140240K->502K(157248K), 0.0027869 secs] 173765K->34027K(506816K), 0.0028774 secs] [Times: user=0.03 sys=0.00, real=0.01 secs] 
2020-11-19T15:08:31.973-0800: 64.901: [GC (Allocation Failure) 2020-11-19T15:08:31.973-0800: 64.901: [ParNew: 140278K->508K(157248K), 0.0032061 secs] 173803K->34033K(506816K), 0.0034186 secs] [Times: user=0.03 sys=0.00, real=0.00 secs] 
2020-11-19T15:08:32.053-0800: 64.981: [GC (Allocation Failure) 2020-11-19T15:08:32.053-0800: 64.981: [ParNew: 140284K->527K(157248K), 0.0028840 secs] 173809K->34052K(506816K), 0.0029940 secs] [Times: user=0.03 sys=0.00, real=0.00 secs] 
2020-11-19T15:08:32.129-0800: 65.057: [GC (Allocation Failure) 2020-11-19T15:08:32.129-0800: 65.057: [ParNew: 140303K->499K(157248K), 0.0032221 secs] 173828K->34024K(506816K), 0.0033540 secs] [Times: user=0.03 sys=0.00, real=0.01 secs] 
2020-11-19T15:08:32.203-0800: 65.130: [GC (Allocation Failure) 2020-11-19T15:08:32.203-0800: 65.130: [ParNew: 140275K->500K(157248K), 0.0027254 secs] 173800K->34025K(506816K), 0.0028160 secs] [Times: user=0.03 sys=0.00, real=0.00 secs] 
2020-11-19T15:08:32.272-0800: 65.199: [GC (Allocation Failure) 2020-11-19T15:08:32.272-0800: 65.199: [ParNew: 140276K->506K(157248K), 0.0026806 secs] 173801K->34030K(506816K), 0.0027779 secs] [Times: user=0.03 sys=0.00, real=0.00 secs] 
2020-11-19T15:08:32.339-0800: 65.267: [GC (Allocation Failure) 2020-11-19T15:08:32.339-0800: 65.267: [ParNew: 140282K->529K(157248K), 0.0026402 secs] 173806K->34054K(506816K), 0.0027351 secs] [Times: user=0.03 sys=0.00, real=0.01 secs] 
2020-11-19T15:08:32.408-0800: 65.335: [GC (Allocation Failure) 2020-11-19T15:08:32.408-0800: 65.336: [ParNew: 140305K->502K(157248K), 0.0029575 secs] 173830K->34027K(506816K), 0.0030923 secs] [Times: user=0.04 sys=0.00, real=0.01 secs] 
2020-11-19T15:08:32.865-0800: 65.792: [GC (Allocation Failure) 2020-11-19T15:08:32.865-0800: 65.792: [ParNew: 140278K->520K(157248K), 0.0028534 secs] 173803K->34045K(506816K), 0.0030395 secs] [Times: user=0.03 sys=0.00, real=0.00 secs] 
2020-11-19T15:08:32.931-0800: 65.858: [GC (Allocation Failure) 2020-11-19T15:08:32.931-0800: 65.859: [ParNew: 140296K->484K(157248K), 0.0023537 secs] 173821K->34010K(506816K), 0.0025361 secs] [Times: user=0.03 sys=0.01, real=0.00 secs] 
2020-11-19T15:08:33.002-0800: 65.929: [GC (Allocation Failure) 2020-11-19T15:08:33.002-0800: 65.929: [ParNew: 140260K->498K(157248K), 0.0027504 secs] 173786K->34024K(506816K), 0.0028857 secs] [Times: user=0.03 sys=0.00, real=0.00 secs] 
2020-11-19T15:08:33.072-0800: 65.999: [GC (Allocation Failure) 2020-11-19T15:08:33.072-0800: 66.000: [ParNew: 140274K->490K(157248K), 0.0027703 secs] 173800K->34017K(506816K), 0.0028680 secs] [Times: user=0.03 sys=0.00, real=0.00 secs] 
2020-11-19T15:08:33.143-0800: 66.071: [GC (Allocation Failure) 2020-11-19T15:08:33.143-0800: 66.071: [ParNew: 140266K->543K(157248K), 0.0027885 secs] 173793K->34070K(506816K), 0.0029701 secs] [Times: user=0.03 sys=0.00, real=0.00 secs] 
2020-11-19T15:08:33.209-0800: 66.136: [GC (Allocation Failure) 2020-11-19T15:08:33.209-0800: 66.137: [ParNew: 140319K->474K(157248K), 0.0031087 secs] 173846K->34001K(506816K), 0.0032999 secs] [Times: user=0.03 sys=0.00, real=0.01 secs] 
2020-11-19T15:08:33.280-0800: 66.207: [GC (Allocation Failure) 2020-11-19T15:08:33.280-0800: 66.207: [ParNew: 140250K->521K(157248K), 0.0026866 secs] 173777K->34049K(506816K), 0.0027792 secs] [Times: user=0.03 sys=0.00, real=0.00 secs] 
2020-11-19T15:08:33.350-0800: 66.278: [GC (Allocation Failure) 2020-11-19T15:08:33.351-0800: 66.278: [ParNew: 140297K->470K(157248K), 0.0024722 secs] 173825K->33998K(506816K), 0.0025829 secs] [Times: user=0.03 sys=0.00, real=0.00 secs] 
2020-11-19T15:08:33.429-0800: 66.356: [GC (Allocation Failure) 2020-11-19T15:08:33.429-0800: 66.356: [ParNew: 140246K->445K(157248K), 0.0027011 secs] 173774K->33973K(506816K), 0.0027923 secs] [Times: user=0.03 sys=0.00, real=0.01 secs] 
2020-11-19T15:08:33.498-0800: 66.426: [GC (Allocation Failure) 2020-11-19T15:08:33.498-0800: 66.426: [ParNew: 140221K->489K(157248K), 0.0027655 secs] 173749K->34017K(506816K), 0.0028799 secs] [Times: user=0.03 sys=0.00, real=0.01 secs] 
2020-11-19T15:08:33.568-0800: 66.496: [GC (Allocation Failure) 2020-11-19T15:08:33.568-0800: 66.496: [ParNew: 140265K->512K(157248K), 0.0028346 secs] 173793K->34040K(506816K), 0.0029335 secs] [Times: user=0.03 sys=0.00, real=0.01 secs] 
2020-11-19T15:08:33.637-0800: 66.565: [GC (Allocation Failure) 2020-11-19T15:08:33.638-0800: 66.565: [ParNew: 140288K->500K(157248K), 0.0024204 secs] 173816K->34028K(506816K), 0.0025112 secs] [Times: user=0.02 sys=0.00, real=0.01 secs] 
2020-11-19T15:08:33.712-0800: 66.639: [GC (Allocation Failure) 2020-11-19T15:08:33.712-0800: 66.639: [ParNew: 140276K->460K(157248K), 0.0025861 secs] 173804K->33988K(506816K), 0.0026745 secs] [Times: user=0.03 sys=0.00, real=0.00 secs] 
2020-11-19T15:08:33.778-0800: 66.706: [GC (Allocation Failure) 2020-11-19T15:08:33.778-0800: 66.706: [ParNew: 140236K->538K(157248K), 0.0027374 secs] 173764K->34066K(506816K), 0.0028350 secs] [Times: user=0.03 sys=0.00, real=0.01 secs] 
2020-11-19T15:08:33.842-0800: 66.770: [GC (Allocation Failure) 2020-11-19T15:08:33.842-0800: 66.770: [ParNew: 140314K->526K(157248K), 0.0029516 secs] 173842K->34054K(506816K), 0.0030633 secs] [Times: user=0.03 sys=0.00, real=0.00 secs] 
2020-11-19T15:08:33.922-0800: 66.849: [GC (Allocation Failure) 2020-11-19T15:08:33.922-0800: 66.849: [ParNew: 140302K->483K(157248K), 0.0029704 secs] 173830K->34012K(506816K), 0.0031452 secs] [Times: user=0.03 sys=0.00, real=0.00 secs] 
2020-11-19T15:08:33.991-0800: 66.918: [GC (Allocation Failure) 2020-11-19T15:08:33.991-0800: 66.919: [ParNew: 140259K->475K(157248K), 0.0027228 secs] 173788K->34003K(506816K), 0.0028568 secs] [Times: user=0.03 sys=0.00, real=0.00 secs] 
2020-11-19T15:08:34.071-0800: 66.998: [GC (Allocation Failure) 2020-11-19T15:08:34.071-0800: 66.999: [ParNew: 140251K->504K(157248K), 0.0035076 secs] 173779K->34033K(506816K), 0.0036473 secs] [Times: user=0.03 sys=0.00, real=0.00 secs] 
2020-11-19T15:08:34.145-0800: 67.072: [GC (Allocation Failure) 2020-11-19T15:08:34.145-0800: 67.072: [ParNew: 140280K->512K(157248K), 0.0024220 secs] 173809K->34040K(506816K), 0.0025156 secs] [Times: user=0.02 sys=0.00, real=0.00 secs] 
2020-11-19T15:08:34.214-0800: 67.141: [GC (Allocation Failure) 2020-11-19T15:08:34.214-0800: 67.141: [ParNew: 140288K->538K(157248K), 0.0027948 secs] 173816K->34066K(506816K), 0.0029068 secs] [Times: user=0.03 sys=0.00, real=0.00 secs] 
2020-11-19T15:08:34.281-0800: 67.209: [GC (Allocation Failure) 2020-11-19T15:08:34.281-0800: 67.209: [ParNew: 140314K->517K(157248K), 0.0029430 secs] 173842K->34045K(506816K), 0.0030917 secs] [Times: user=0.04 sys=0.00, real=0.00 secs] 
2020-11-19T15:08:34.348-0800: 67.275: [GC (Allocation Failure) 2020-11-19T15:08:34.348-0800: 67.275: [ParNew: 140293K->421K(157248K), 0.0027323 secs] 173821K->33949K(506816K), 0.0028281 secs] [Times: user=0.03 sys=0.00, real=0.01 secs] 
2020-11-19T15:08:34.420-0800: 67.347: [GC (Allocation Failure) 2020-11-19T15:08:34.420-0800: 67.347: [ParNew: 140197K->495K(157248K), 0.0024450 secs] 173725K->34023K(506816K), 0.0025359 secs] [Times: user=0.03 sys=0.01, real=0.00 secs] 
2020-11-19T15:08:34.494-0800: 67.422: [GC (Allocation Failure) 2020-11-19T15:08:34.494-0800: 67.422: [ParNew: 140271K->531K(157248K), 0.0025421 secs] 173799K->34060K(506816K), 0.0026582 secs] [Times: user=0.03 sys=0.00, real=0.00 secs] 
2020-11-19T15:08:34.560-0800: 67.487: [GC (Allocation Failure) 2020-11-19T15:08:34.560-0800: 67.488: [ParNew: 140307K->499K(157248K), 0.0028206 secs] 173836K->34029K(506816K), 0.0029313 secs] [Times: user=0.03 sys=0.00, real=0.00 secs] 
2020-11-19T15:08:34.628-0800: 67.556: [GC (Allocation Failure) 2020-11-19T15:08:34.628-0800: 67.556: [ParNew: 140275K->500K(157248K), 0.0029813 secs] 173805K->34029K(506816K), 0.0031820 secs] [Times: user=0.03 sys=0.00, real=0.01 secs] 
2020-11-19T15:08:34.694-0800: 67.621: [GC (Allocation Failure) 2020-11-19T15:08:34.694-0800: 67.621: [ParNew: 140276K->500K(157248K), 0.0027528 secs] 173805K->34030K(506816K), 0.0029343 secs] [Times: user=0.03 sys=0.00, real=0.00 secs] 
2020-11-19T15:08:34.763-0800: 67.690: [GC (Allocation Failure) 2020-11-19T15:08:34.763-0800: 67.690: [ParNew: 140276K->436K(157248K), 0.0031234 secs] 173806K->33966K(506816K), 0.0032848 secs] [Times: user=0.03 sys=0.00, real=0.00 secs] 
2020-11-19T15:08:34.838-0800: 67.765: [GC (Allocation Failure) 2020-11-19T15:08:34.838-0800: 67.765: [ParNew: 140212K->524K(157248K), 0.0028405 secs] 173742K->34054K(506816K), 0.0029653 secs] [Times: user=0.03 sys=0.00, real=0.01 secs] 
2020-11-19T15:08:34.917-0800: 67.845: [GC (Allocation Failure) 2020-11-19T15:08:34.917-0800: 67.845: [ParNew: 140300K->490K(157248K), 0.0028809 secs] 173830K->34020K(506816K), 0.0029985 secs] [Times: user=0.04 sys=0.00, real=0.01 secs] 
2020-11-19T15:08:34.986-0800: 67.913: [GC (Allocation Failure) 2020-11-19T15:08:34.986-0800: 67.913: [ParNew: 140266K->508K(157248K), 0.0029018 secs] 173796K->34038K(506816K), 0.0030125 secs] [Times: user=0.03 sys=0.00, real=0.00 secs] 
2020-11-19T15:08:35.058-0800: 67.985: [GC (Allocation Failure) 2020-11-19T15:08:35.058-0800: 67.986: [ParNew: 140284K->480K(157248K), 0.0029381 secs] 173814K->34011K(506816K), 0.0031182 secs] [Times: user=0.03 sys=0.00, real=0.01 secs] 
2020-11-19T15:08:35.130-0800: 68.057: [GC (Allocation Failure) 2020-11-19T15:08:35.130-0800: 68.057: [ParNew: 140256K->509K(157248K), 0.0036835 secs] 173787K->34040K(506816K), 0.0039871 secs] [Times: user=0.03 sys=0.00, real=0.00 secs] 
2020-11-19T15:08:35.202-0800: 68.130: [GC (Allocation Failure) 2020-11-19T15:08:35.202-0800: 68.130: [ParNew: 140285K->484K(157248K), 0.0030011 secs] 173816K->34015K(506816K), 0.0030972 secs] [Times: user=0.04 sys=0.00, real=0.00 secs] 
2020-11-19T15:08:35.269-0800: 68.197: [GC (Allocation Failure) 2020-11-19T15:08:35.269-0800: 68.197: [ParNew: 140260K->558K(157248K), 0.0028619 secs] 173791K->34090K(506816K), 0.0029574 secs] [Times: user=0.03 sys=0.00, real=0.01 secs] 
2020-11-19T15:08:35.339-0800: 68.266: [GC (Allocation Failure) 2020-11-19T15:08:35.339-0800: 68.266: [ParNew: 140334K->507K(157248K), 0.0026784 secs] 173866K->34040K(506816K), 0.0028099 secs] [Times: user=0.02 sys=0.00, real=0.01 secs] 
2020-11-19T15:08:35.406-0800: 68.333: [GC (Allocation Failure) 2020-11-19T15:08:35.406-0800: 68.334: [ParNew: 140283K->494K(157248K), 0.0026851 secs] 173816K->34026K(506816K), 0.0027719 secs] [Times: user=0.03 sys=0.00, real=0.00 secs] 
2020-11-19T15:08:35.473-0800: 68.401: [GC (Allocation Failure) 2020-11-19T15:08:35.474-0800: 68.401: [ParNew: 140270K->520K(157248K), 0.0028437 secs] 173802K->34052K(506816K), 0.0029567 secs] [Times: user=0.03 sys=0.00, real=0.00 secs] 
2020-11-19T15:08:35.545-0800: 68.472: [GC (Allocation Failure) 2020-11-19T15:08:35.545-0800: 68.473: [ParNew: 140296K->529K(157248K), 0.0025335 secs] 173828K->34061K(506816K), 0.0026890 secs] [Times: user=0.03 sys=0.00, real=0.00 secs] 
2020-11-19T15:08:35.618-0800: 68.546: [GC (Allocation Failure) 2020-11-19T15:08:35.619-0800: 68.546: [ParNew: 140305K->501K(157248K), 0.0028362 secs] 173837K->34033K(506816K), 0.0029309 secs] [Times: user=0.03 sys=0.00, real=0.01 secs] 
2020-11-19T15:08:35.691-0800: 68.618: [GC (Allocation Failure) 2020-11-19T15:08:35.691-0800: 68.618: [ParNew: 140277K->543K(157248K), 0.0029121 secs] 173809K->34076K(506816K), 0.0030206 secs] [Times: user=0.03 sys=0.00, real=0.00 secs] 
2020-11-19T15:08:35.762-0800: 68.689: [GC (Allocation Failure) 2020-11-19T15:08:35.762-0800: 68.689: [ParNew: 140319K->469K(157248K), 0.0027845 secs] 173852K->34002K(506816K), 0.0028967 secs] [Times: user=0.03 sys=0.00, real=0.00 secs] 
2020-11-19T15:08:35.832-0800: 68.759: [GC (Allocation Failure) 2020-11-19T15:08:35.832-0800: 68.759: [ParNew: 140245K->512K(157248K), 0.0029469 secs] 173778K->34045K(506816K), 0.0030367 secs] [Times: user=0.03 sys=0.00, real=0.00 secs] 
2020-11-19T15:08:35.915-0800: 68.842: [GC (Allocation Failure) 2020-11-19T15:08:35.915-0800: 68.843: [ParNew: 140288K->493K(157248K), 0.0028745 secs] 173821K->34026K(506816K), 0.0029615 secs] [Times: user=0.03 sys=0.00, real=0.00 secs] 
2020-11-19T15:08:35.988-0800: 68.915: [GC (Allocation Failure) 2020-11-19T15:08:35.988-0800: 68.916: [ParNew: 140269K->498K(157248K), 0.0033902 secs] 173802K->34031K(506816K), 0.0034874 secs] [Times: user=0.03 sys=0.00, real=0.01 secs] 
2020-11-19T15:08:36.059-0800: 68.987: [GC (Allocation Failure) 2020-11-19T15:08:36.059-0800: 68.987: [ParNew: 140274K->503K(157248K), 0.0029141 secs] 173807K->34036K(506816K), 0.0031026 secs] [Times: user=0.02 sys=0.00, real=0.01 secs] 
2020-11-19T15:08:36.130-0800: 69.058: [GC (Allocation Failure) 2020-11-19T15:08:36.130-0800: 69.058: [ParNew: 140279K->461K(157248K), 0.0028632 secs] 173812K->33994K(506816K), 0.0029927 secs] [Times: user=0.03 sys=0.00, real=0.00 secs] 
2020-11-19T15:08:36.199-0800: 69.126: [GC (Allocation Failure) 2020-11-19T15:08:36.199-0800: 69.126: [ParNew: 140237K->530K(157248K), 0.0027843 secs] 173770K->34062K(506816K), 0.0028789 secs] [Times: user=0.03 sys=0.00, real=0.01 secs] 
2020-11-19T15:08:36.273-0800: 69.200: [GC (Allocation Failure) 2020-11-19T15:08:36.273-0800: 69.200: [ParNew: 140306K->483K(157248K), 0.0027538 secs] 173838K->34016K(506816K), 0.0028501 secs] [Times: user=0.03 sys=0.00, real=0.00 secs] 
2020-11-19T15:08:36.345-0800: 69.272: [GC (Allocation Failure) 2020-11-19T15:08:36.345-0800: 69.272: [ParNew: 140259K->483K(157248K), 0.0024998 secs] 173792K->34016K(506816K), 0.0025857 secs] [Times: user=0.03 sys=0.00, real=0.00 secs] 
2020-11-19T15:08:36.414-0800: 69.341: [GC (Allocation Failure) 2020-11-19T15:08:36.414-0800: 69.341: [ParNew: 140259K->571K(157248K), 0.0027663 secs] 173792K->34105K(506816K), 0.0028771 secs] [Times: user=0.03 sys=0.00, real=0.00 secs] 
2020-11-19T15:08:36.481-0800: 69.409: [GC (Allocation Failure) 2020-11-19T15:08:36.481-0800: 69.409: [ParNew: 140347K->526K(157248K), 0.0027914 secs] 173881K->34061K(506816K), 0.0029368 secs] [Times: user=0.03 sys=0.00, real=0.00 secs] 
2020-11-19T15:08:36.553-0800: 69.480: [GC (Allocation Failure) 2020-11-19T15:08:36.553-0800: 69.480: [ParNew: 140302K->558K(157248K), 0.0029959 secs] 173837K->34092K(506816K), 0.0030931 secs] [Times: user=0.03 sys=0.00, real=0.00 secs] 
2020-11-19T15:08:36.626-0800: 69.553: [GC (Allocation Failure) 2020-11-19T15:08:36.626-0800: 69.553: [ParNew: 140334K->491K(157248K), 0.0024919 secs] 173868K->34025K(506816K), 0.0026023 secs] [Times: user=0.03 sys=0.00, real=0.00 secs] 
2020-11-19T15:08:36.695-0800: 69.622: [GC (Allocation Failure) 2020-11-19T15:08:36.695-0800: 69.623: [ParNew: 140267K->518K(157248K), 0.0029906 secs] 173801K->34053K(506816K), 0.0030774 secs] [Times: user=0.03 sys=0.00, real=0.00 secs] 
2020-11-19T15:08:36.769-0800: 69.696: [GC (Allocation Failure) 2020-11-19T15:08:36.769-0800: 69.696: [ParNew: 140294K->571K(157248K), 0.0028129 secs] 173829K->34106K(506816K), 0.0029758 secs] [Times: user=0.03 sys=0.00, real=0.01 secs] 
2020-11-19T15:08:36.838-0800: 69.765: [GC (Allocation Failure) 2020-11-19T15:08:36.838-0800: 69.765: [ParNew: 140347K->455K(157248K), 0.0023976 secs] 173882K->33990K(506816K), 0.0024916 secs] [Times: user=0.03 sys=0.00, real=0.01 secs] 
2020-11-19T15:08:36.902-0800: 69.830: [GC (Allocation Failure) 2020-11-19T15:08:36.902-0800: 69.830: [ParNew: 140231K->487K(157248K), 0.0028656 secs] 173766K->34022K(506816K), 0.0030154 secs] [Times: user=0.03 sys=0.00, real=0.00 secs] 
2020-11-19T15:08:36.968-0800: 69.895: [GC (Allocation Failure) 2020-11-19T15:08:36.968-0800: 69.895: [ParNew: 140263K->489K(157248K), 0.0028509 secs] 173798K->34024K(506816K), 0.0030215 secs] [Times: user=0.03 sys=0.00, real=0.01 secs] 
2020-11-19T15:08:37.037-0800: 69.964: [GC (Allocation Failure) 2020-11-19T15:08:37.037-0800: 69.964: [ParNew: 140265K->514K(157248K), 0.0027627 secs] 173800K->34049K(506816K), 0.0028510 secs] [Times: user=0.03 sys=0.00, real=0.01 secs] 
2020-11-19T15:08:37.109-0800: 70.036: [GC (Allocation Failure) 2020-11-19T15:08:37.109-0800: 70.036: [ParNew: 140290K->493K(157248K), 0.0027675 secs] 173825K->34028K(506816K), 0.0028769 secs] [Times: user=0.03 sys=0.00, real=0.01 secs] 
2020-11-19T15:08:37.174-0800: 70.102: [GC (Allocation Failure) 2020-11-19T15:08:37.174-0800: 70.102: [ParNew: 140269K->546K(157248K), 0.0025095 secs] 173804K->34085K(506816K), 0.0026998 secs] [Times: user=0.02 sys=0.00, real=0.00 secs] 
2020-11-19T15:08:37.246-0800: 70.173: [GC (Allocation Failure) 2020-11-19T15:08:37.246-0800: 70.173: [ParNew: 140322K->431K(157248K), 0.0027181 secs] 173861K->33971K(506816K), 0.0028126 secs] [Times: user=0.03 sys=0.00, real=0.00 secs] 
2020-11-19T15:08:37.316-0800: 70.243: [GC (Allocation Failure) 2020-11-19T15:08:37.316-0800: 70.243: [ParNew: 140207K->460K(157248K), 0.0027564 secs] 173747K->34008K(506816K), 0.0028511 secs] [Times: user=0.03 sys=0.00, real=0.00 secs] 
2020-11-19T15:08:37.383-0800: 70.310: [GC (Allocation Failure) 2020-11-19T15:08:37.383-0800: 70.310: [ParNew: 140236K->480K(157248K), 0.0027725 secs] 173784K->34030K(506816K), 0.0028647 secs] [Times: user=0.03 sys=0.00, real=0.00 secs] 
2020-11-19T15:08:37.455-0800: 70.382: [GC (Allocation Failure) 2020-11-19T15:08:37.455-0800: 70.382: [ParNew: 140256K->488K(157248K), 0.0029509 secs] 173806K->34041K(506816K), 0.0030394 secs] [Times: user=0.03 sys=0.00, real=0.00 secs] 
2020-11-19T15:08:37.527-0800: 70.454: [GC (Allocation Failure) 2020-11-19T15:08:37.527-0800: 70.454: [ParNew: 140264K->470K(157248K), 0.0027788 secs] 173817K->34025K(506816K), 0.0028642 secs] [Times: user=0.03 sys=0.00, real=0.01 secs] 
2020-11-19T15:08:37.594-0800: 70.522: [GC (Allocation Failure) 2020-11-19T15:08:37.594-0800: 70.522: [ParNew: 140246K->458K(157248K), 0.0026654 secs] 173801K->34022K(506816K), 0.0027471 secs] [Times: user=0.03 sys=0.00, real=0.00 secs] 
2020-11-19T15:08:37.663-0800: 70.591: [GC (Allocation Failure) 2020-11-19T15:08:37.664-0800: 70.591: [ParNew: 140234K->423K(157248K), 0.0030038 secs] 173798K->34003K(506816K), 0.0030889 secs] [Times: user=0.03 sys=0.00, real=0.00 secs] 
2020-11-19T15:08:37.733-0800: 70.661: [GC (Allocation Failure) 2020-11-19T15:08:37.733-0800: 70.661: [ParNew: 140199K->408K(157248K), 0.0028264 secs] 173779K->34001K(506816K), 0.0029222 secs] [Times: user=0.03 sys=0.00, real=0.00 secs] 
2020-11-19T15:08:37.805-0800: 70.732: [GC (Allocation Failure) 2020-11-19T15:08:37.805-0800: 70.732: [ParNew: 140184K->366K(157248K), 0.0029070 secs] 173777K->33981K(506816K), 0.0030028 secs] [Times: user=0.03 sys=0.00, real=0.00 secs] 
2020-11-19T15:08:37.888-0800: 70.815: [GC (Allocation Failure) 2020-11-19T15:08:37.888-0800: 70.815: [ParNew: 140142K->351K(157248K), 0.0027034 secs] 173757K->33979K(506816K), 0.0028025 secs] [Times: user=0.03 sys=0.00, real=0.01 secs] 
Heap
 par new generation   total 157248K, used 74368K [0x00000007a0000000, 0x00000007aaaa0000, 0x00000007aaaa0000)
  eden space 139776K,  52% used [0x00000007a0000000, 0x00000007a4848208, 0x00000007a8880000)
  from space 17472K,   2% used [0x00000007a9990000, 0x00000007a99e7f30, 0x00000007aaaa0000)
  to   space 17472K,   0% used [0x00000007a8880000, 0x00000007a8880000, 0x00000007a9990000)
 concurrent mark-sweep generation total 349568K, used 33627K [0x00000007aaaa0000, 0x00000007c0000000, 0x00000007c0000000)
 Metaspace       used 33042K, capacity 36194K, committed 36428K, reserved 1081344K
  class space    used 4117K, capacity 4590K, committed 4716K, reserved 1048576K
